-- The C compiler identification is GNU 11.4.0
-- The CXX compiler identification is Clang 14.0.0
-- Detecting C compiler ABI info
-- Detecting C compiler ABI info - done
-- Check for working C compiler: /usr/lib/ccache/cc - skipped
-- Detecting C compile features
-- Detecting C compile features - done
-- Detecting CXX compiler ABI info
-- Detecting CXX compiler ABI info - done
-- Check for working CXX compiler: /usr/bin/clang++ - skipped
-- Detecting CXX compile features
-- Detecting CXX compile features - done
-- Found ament_cmake: 1.3.11 (/opt/ros/humble/share/ament_cmake/cmake)
-- Found Python3: /usr/bin/python3 (found version "3.10.12") found components: Interpreter 
-- Found rclcpp: 16.0.11 (/opt/ros/humble/share/rclcpp/cmake)
-- Found rosidl_generator_c: 3.1.6 (/opt/ros/humble/share/rosidl_generator_c/cmake)
-- Found rosidl_adapter: 3.1.6 (/opt/ros/humble/share/rosidl_adapter/cmake)
-- Found rosidl_generator_cpp: 3.1.6 (/opt/ros/humble/share/rosidl_generator_cpp/cmake)
-- Using all available rosidl_typesupport_c: rosidl_typesupport_fastrtps_c;rosidl_typesupport_introspection_c
-- Using all available rosidl_typesupport_cpp: rosidl_typesupport_fastrtps_cpp;rosidl_typesupport_introspection_cpp
-- Found rmw_implementation_cmake: 6.1.2 (/opt/ros/humble/share/rmw_implementation_cmake/cmake)
-- Found rmw_fastrtps_cpp: 6.2.7 (/opt/ros/humble/share/rmw_fastrtps_cpp/cmake)
-- Found OpenSSL: /usr/lib/x86_64-linux-gnu/libcrypto.so (found version "3.0.2")  
-- Found FastRTPS: /opt/ros/humble/include  
-- Using RMW implementation 'rmw_fastrtps_cpp' as default
-- Looking for pthread.h
-- Looking for pthread.h - found
-- Performing Test CMAKE_HAVE_LIBC_PTHREAD
-- Performing Test CMAKE_HAVE_LIBC_PTHREAD - Success
-- Found Threads: TRUE  
-- Found std_srvs: 4.2.4 (/opt/ros/humble/share/std_srvs/cmake)
-- Found sensor_msgs: 4.2.4 (/opt/ros/humble/share/sensor_msgs/cmake)
-- Found OpenGL: /usr/lib/x86_64-linux-gnu/libOpenGL.so   
-- Found keyboard_msgs: 1.0.0 (/home/gadzz/tubitak_ws/install/keyboard_msgs/share/keyboard_msgs/cmake)
-- Found mavros_msgs: 2.9.0 (/opt/ros/humble/share/mavros_msgs/cmake)
-- Found keyboard: 1.0.0 (/home/gadzz/ardu_ws/install/keyboard/share/keyboard/cmake)
-- Found Boost: /usr/lib/x86_64-linux-gnu/cmake/Boost-1.74.0/BoostConfig.cmake (found version "1.74.0") found components: system 
-- Found ament_lint_auto: 0.12.11 (/opt/ros/humble/share/ament_lint_auto/cmake)
-- Added test 'cppcheck' to perform static code analysis on C / C++ code
-- Configured cppcheck include dirs: /home/gadzz/tubitak_ws/src/mission_center/include;/home/gadzz/tubitak_ws/src/mission_center/third_party/imgui
-- Configured cppcheck exclude dirs and/or files: 
-- Added test 'lint_cmake' to check CMake code style
-- Added test 'uncrustify' to check C / C++ code style
-- Configured uncrustify additional arguments: 
-- Added test 'xmllint' to check XML markup files
-- Configuring done
-- Generating done
-- Build files have been written to: /home/gadzz/tubitak_ws/build/mission_center
[ 18%] [32mBuilding CXX object CMakeFiles/safety_node.dir/src/safety_node.cpp.o[0m
[ 18%] [32mBuilding CXX object CMakeFiles/trajectory_streamer.dir/src/trajectory_streamer.cpp.o[0m
[ 18%] [32mBuilding CXX object CMakeFiles/uav_mission.dir/src/uav_mission.cpp.o[0m
[ 25%] [32m[1mLinking CXX executable trajectory_streamer[0m
[ 25%] Built target trajectory_streamer
[ 31%] [32m[1mLinking CXX executable safety_node[0m
[ 31%] Built target safety_node
[ 37%] [32m[1mLinking CXX shared library libuav_mission.so[0m
[ 37%] Built target uav_mission
[ 43%] [32mBuilding CXX object CMakeFiles/ui_node.dir/third_party/imgui/imgui_draw.cpp.o[0m
[ 62%] [32mBuilding CXX object CMakeFiles/ui_node.dir/third_party/imgui/imgui.cpp.o[0m
[ 62%] [32mBuilding CXX object CMakeFiles/ui_node.dir/src/ui_node.cpp.o[0m
[ 68%] [32mBuilding CXX object CMakeFiles/ui_node.dir/third_party/imgui/imgui_tables.cpp.o[0m
[ 75%] [32mBuilding CXX object CMakeFiles/ui_node.dir/third_party/imgui/imgui_widgets.cpp.o[0m
[ 81%] [32mBuilding CXX object CMakeFiles/ui_node.dir/third_party/imgui/backends/imgui_impl_glfw.cpp.o[0m
[ 62%] [32mBuilding CXX object CMakeFiles/pilot_node.dir/src/pilot_node.cpp.o[0m
[ 87%] [32mBuilding CXX object CMakeFiles/ui_node.dir/third_party/imgui/backends/imgui_impl_opengl3.cpp.o[0m
[ 93%] [32m[1mLinking CXX executable ui_node[0m
[100%] [32m[1mLinking CXX executable pilot_node[0m
[100%] Built target pilot_node
