[0.071s] DEBUG:colcon:Command line arguments: ['/usr/bin/colcon', 'build']
[0.071s] DEBUG:colcon:Parsed command line arguments: Namespace(log_base=None, log_level=None, verb_name='build', build_base='build', install_base='install', merge_install=False, symlink_install=False, test_result_base=None, continue_on_error=False, executor='parallel', parallel_workers=8, event_handlers=None, ignore_user_meta=False, metas=['./colcon.meta'], base_paths=['.'], packages_ignore=None, packages_ignore_regex=None, paths=None, packages_up_to=None, packages_up_to_regex=None, packages_above=None, packages_above_and_dependencies=None, packages_above_depth=None, packages_select_by_dep=None, packages_skip_by_dep=None, packages_skip_up_to=None, packages_select_build_failed=False, packages_skip_build_finished=False, packages_select_test_failures=False, packages_skip_test_passed=False, packages_select=None, packages_skip=None, packages_select_regex=None, packages_skip_regex=None, packages_start=None, packages_end=None, allow_overriding=[], cmake_args=None, cmake_target=None, cmake_target_skip_unavailable=False, cmake_clean_cache=False, cmake_clean_first=False, cmake_force_configure=False, ament_cmake_args=None, catkin_cmake_args=None, catkin_skip_building_tests=False, mixin_files=None, mixin=None, verb_parser=<colcon_mixin.mixin.mixin_argument.MixinArgumentDecorator object at 0x728aecf53400>, verb_extension=<colcon_core.verb.build.BuildVerb object at 0x728aed09c220>, main=<bound method BuildVerb.main of <colcon_core.verb.build.BuildVerb object at 0x728aed09c220>>, mixin_verb=('build',))
[0.178s] Level 1:colcon.colcon_core.package_discovery:discover_packages(colcon_meta) check parameters
[0.178s] Level 1:colcon.colcon_core.package_discovery:discover_packages(recursive) check parameters
[0.178s] Level 1:colcon.colcon_core.package_discovery:discover_packages(ignore) check parameters
[0.178s] Level 1:colcon.colcon_core.package_discovery:discover_packages(path) check parameters
[0.178s] Level 1:colcon.colcon_core.package_discovery:discover_packages(colcon_meta) discover
[0.178s] Level 1:colcon.colcon_core.package_discovery:discover_packages(recursive) discover
[0.178s] INFO:colcon.colcon_core.package_discovery:Crawling recursively for packages in '/home/gadzz/tubitak_ws'
[0.178s] Level 1:colcon.colcon_core.package_identification:_identify(.) by extensions ['ignore', 'ignore_ament_install']
[0.178s] Level 1:colcon.colcon_core.package_identification:_identify(.) by extension 'ignore'
[0.178s] Level 1:colcon.colcon_core.package_identification:_identify(.) by extension 'ignore_ament_install'
[0.178s] Level 1:colcon.colcon_core.package_identification:_identify(.) by extensions ['colcon_pkg']
[0.178s] Level 1:colcon.colcon_core.package_identification:_identify(.) by extension 'colcon_pkg'
[0.178s] Level 1:colcon.colcon_core.package_identification:_identify(.) by extensions ['colcon_meta']
[0.178s] Level 1:colcon.colcon_core.package_identification:_identify(.) by extension 'colcon_meta'
[0.178s] Level 1:colcon.colcon_core.package_identification:_identify(.) by extensions ['ros']
[0.178s] Level 1:colcon.colcon_core.package_identification:_identify(.) by extension 'ros'
[0.185s] Level 1:colcon.colcon_core.package_identification:_identify(.) by extensions ['cmake', 'python']
[0.185s] Level 1:colcon.colcon_core.package_identification:_identify(.) by extension 'cmake'
[0.185s] Level 1:colcon.colcon_core.package_identification:_identify(.) by extension 'python'
[0.185s] Level 1:colcon.colcon_core.package_identification:_identify(.) by extensions ['python_setup_py']
[0.185s] Level 1:colcon.colcon_core.package_identification:_identify(.) by extension 'python_setup_py'
[0.185s] Level 1:colcon.colcon_core.package_identification:_identify(build) by extensions ['ignore', 'ignore_ament_install']
[0.185s] Level 1:colcon.colcon_core.package_identification:_identify(build) by extension 'ignore'
[0.185s] Level 1:colcon.colcon_core.package_identification:_identify(build) ignored
[0.185s] Level 1:colcon.colcon_core.package_identification:_identify(install) by extensions ['ignore', 'ignore_ament_install']
[0.186s] Level 1:colcon.colcon_core.package_identification:_identify(install) by extension 'ignore'
[0.186s] Level 1:colcon.colcon_core.package_identification:_identify(install) ignored
[0.186s] Level 1:colcon.colcon_core.package_identification:_identify(log) by extensions ['ignore', 'ignore_ament_install']
[0.186s] Level 1:colcon.colcon_core.package_identification:_identify(log) by extension 'ignore'
[0.186s] Level 1:colcon.colcon_core.package_identification:_identify(log) ignored
[0.186s] Level 1:colcon.colcon_core.package_identification:_identify(src) by extensions ['ignore', 'ignore_ament_install']
[0.186s] Level 1:colcon.colcon_core.package_identification:_identify(src) by extension 'ignore'
[0.186s] Level 1:colcon.colcon_core.package_identification:_identify(src) by extension 'ignore_ament_install'
[0.186s] Level 1:colcon.colcon_core.package_identification:_identify(src) by extensions ['colcon_pkg']
[0.186s] Level 1:colcon.colcon_core.package_identification:_identify(src) by extension 'colcon_pkg'
[0.186s] Level 1:colcon.colcon_core.package_identification:_identify(src) by extensions ['colcon_meta']
[0.186s] Level 1:colcon.colcon_core.package_identification:_identify(src) by extension 'colcon_meta'
[0.186s] Level 1:colcon.colcon_core.package_identification:_identify(src) by extensions ['ros']
[0.186s] Level 1:colcon.colcon_core.package_identification:_identify(src) by extension 'ros'
[0.186s] Level 1:colcon.colcon_core.package_identification:_identify(src) by extensions ['cmake', 'python']
[0.186s] Level 1:colcon.colcon_core.package_identification:_identify(src) by extension 'cmake'
[0.186s] Level 1:colcon.colcon_core.package_identification:_identify(src) by extension 'python'
[0.186s] Level 1:colcon.colcon_core.package_identification:_identify(src) by extensions ['python_setup_py']
[0.186s] Level 1:colcon.colcon_core.package_identification:_identify(src) by extension 'python_setup_py'
[0.186s] Level 1:colcon.colcon_core.package_identification:_identify(src/mission_center) by extensions ['ignore', 'ignore_ament_install']
[0.186s] Level 1:colcon.colcon_core.package_identification:_identify(src/mission_center) by extension 'ignore'
[0.186s] Level 1:colcon.colcon_core.package_identification:_identify(src/mission_center) by extension 'ignore_ament_install'
[0.186s] Level 1:colcon.colcon_core.package_identification:_identify(src/mission_center) by extensions ['colcon_pkg']
[0.186s] Level 1:colcon.colcon_core.package_identification:_identify(src/mission_center) by extension 'colcon_pkg'
[0.186s] Level 1:colcon.colcon_core.package_identification:_identify(src/mission_center) by extensions ['colcon_meta']
[0.186s] Level 1:colcon.colcon_core.package_identification:_identify(src/mission_center) by extension 'colcon_meta'
[0.186s] Level 1:colcon.colcon_core.package_identification:_identify(src/mission_center) by extensions ['ros']
[0.186s] Level 1:colcon.colcon_core.package_identification:_identify(src/mission_center) by extension 'ros'
[0.188s] DEBUG:colcon.colcon_core.package_identification:Package 'src/mission_center' with type 'ros.ament_cmake' and name 'mission_center'
[0.188s] Level 1:colcon.colcon_core.package_identification:_identify(src/ros2-keyboard) by extensions ['ignore', 'ignore_ament_install']
[0.188s] Level 1:colcon.colcon_core.package_identification:_identify(src/ros2-keyboard) by extension 'ignore'
[0.188s] Level 1:colcon.colcon_core.package_identification:_identify(src/ros2-keyboard) by extension 'ignore_ament_install'
[0.188s] Level 1:colcon.colcon_core.package_identification:_identify(src/ros2-keyboard) by extensions ['colcon_pkg']
[0.188s] Level 1:colcon.colcon_core.package_identification:_identify(src/ros2-keyboard) by extension 'colcon_pkg'
[0.188s] Level 1:colcon.colcon_core.package_identification:_identify(src/ros2-keyboard) by extensions ['colcon_meta']
[0.188s] Level 1:colcon.colcon_core.package_identification:_identify(src/ros2-keyboard) by extension 'colcon_meta'
[0.188s] Level 1:colcon.colcon_core.package_identification:_identify(src/ros2-keyboard) by extensions ['ros']
[0.188s] Level 1:colcon.colcon_core.package_identification:_identify(src/ros2-keyboard) by extension 'ros'
[0.188s] Level 1:colcon.colcon_core.package_identification:_identify(src/ros2-keyboard) by extensions ['cmake', 'python']
[0.188s] Level 1:colcon.colcon_core.package_identification:_identify(src/ros2-keyboard) by extension 'cmake'
[0.188s] Level 1:colcon.colcon_core.package_identification:_identify(src/ros2-keyboard) by extension 'python'
[0.189s] Level 1:colcon.colcon_core.package_identification:_identify(src/ros2-keyboard) by extensions ['python_setup_py']
[0.189s] Level 1:colcon.colcon_core.package_identification:_identify(src/ros2-keyboard) by extension 'python_setup_py'
[0.189s] Level 1:colcon.colcon_core.package_identification:_identify(src/ros2-keyboard/keyboard) by extensions ['ignore', 'ignore_ament_install']
[0.189s] Level 1:colcon.colcon_core.package_identification:_identify(src/ros2-keyboard/keyboard) by extension 'ignore'
[0.189s] Level 1:colcon.colcon_core.package_identification:_identify(src/ros2-keyboard/keyboard) by extension 'ignore_ament_install'
[0.189s] Level 1:colcon.colcon_core.package_identification:_identify(src/ros2-keyboard/keyboard) by extensions ['colcon_pkg']
[0.189s] Level 1:colcon.colcon_core.package_identification:_identify(src/ros2-keyboard/keyboard) by extension 'colcon_pkg'
[0.189s] Level 1:colcon.colcon_core.package_identification:_identify(src/ros2-keyboard/keyboard) by extensions ['colcon_meta']
[0.189s] Level 1:colcon.colcon_core.package_identification:_identify(src/ros2-keyboard/keyboard) by extension 'colcon_meta'
[0.189s] Level 1:colcon.colcon_core.package_identification:_identify(src/ros2-keyboard/keyboard) by extensions ['ros']
[0.189s] Level 1:colcon.colcon_core.package_identification:_identify(src/ros2-keyboard/keyboard) by extension 'ros'
[0.189s] DEBUG:colcon.colcon_core.package_identification:Package 'src/ros2-keyboard/keyboard' with type 'ros.ament_cmake' and name 'keyboard'
[0.189s] Level 1:colcon.colcon_core.package_identification:_identify(src/ros2-keyboard/keyboard_msgs) by extensions ['ignore', 'ignore_ament_install']
[0.189s] Level 1:colcon.colcon_core.package_identification:_identify(src/ros2-keyboard/keyboard_msgs) by extension 'ignore'
[0.189s] Level 1:colcon.colcon_core.package_identification:_identify(src/ros2-keyboard/keyboard_msgs) by extension 'ignore_ament_install'
[0.189s] Level 1:colcon.colcon_core.package_identification:_identify(src/ros2-keyboard/keyboard_msgs) by extensions ['colcon_pkg']
[0.189s] Level 1:colcon.colcon_core.package_identification:_identify(src/ros2-keyboard/keyboard_msgs) by extension 'colcon_pkg'
[0.190s] Level 1:colcon.colcon_core.package_identification:_identify(src/ros2-keyboard/keyboard_msgs) by extensions ['colcon_meta']
[0.190s] Level 1:colcon.colcon_core.package_identification:_identify(src/ros2-keyboard/keyboard_msgs) by extension 'colcon_meta'
[0.190s] Level 1:colcon.colcon_core.package_identification:_identify(src/ros2-keyboard/keyboard_msgs) by extensions ['ros']
[0.190s] Level 1:colcon.colcon_core.package_identification:_identify(src/ros2-keyboard/keyboard_msgs) by extension 'ros'
[0.190s] DEBUG:colcon.colcon_core.package_identification:Package 'src/ros2-keyboard/keyboard_msgs' with type 'ros.ament_cmake' and name 'keyboard_msgs'
[0.190s] Level 1:colcon.colcon_core.package_discovery:discover_packages(recursive) using defaults
[0.190s] Level 1:colcon.colcon_core.package_discovery:discover_packages(ignore) discover
[0.190s] Level 1:colcon.colcon_core.package_discovery:discover_packages(ignore) using defaults
[0.190s] Level 1:colcon.colcon_core.package_discovery:discover_packages(path) discover
[0.190s] Level 1:colcon.colcon_core.package_discovery:discover_packages(path) using defaults
[0.211s] Level 1:colcon.colcon_core.package_discovery:discover_packages(prefix_path) check parameters
[0.211s] Level 1:colcon.colcon_core.package_discovery:discover_packages(prefix_path) discover
[0.213s] DEBUG:colcon.colcon_installed_package_information.package_discovery:Found 27 installed packages in /home/gadzz/ardu_ws/install
[0.213s] DEBUG:colcon.colcon_installed_package_information.package_discovery:Found 298 installed packages in /opt/ros/humble
[0.214s] Level 1:colcon.colcon_core.package_discovery:discover_packages(prefix_path) using defaults
[0.239s] Level 5:colcon.colcon_core.verb:set package 'keyboard_msgs' build argument 'cmake_args' from command line to 'None'
[0.239s] Level 5:colcon.colcon_core.verb:set package 'keyboard_msgs' build argument 'cmake_target' from command line to 'None'
[0.239s] Level 5:colcon.colcon_core.verb:set package 'keyboard_msgs' build argument 'cmake_target_skip_unavailable' from command line to 'False'
[0.239s] Level 5:colcon.colcon_core.verb:set package 'keyboard_msgs' build argument 'cmake_clean_cache' from command line to 'False'
[0.239s] Level 5:colcon.colcon_core.verb:set package 'keyboard_msgs' build argument 'cmake_clean_first' from command line to 'False'
[0.239s] Level 5:colcon.colcon_core.verb:set package 'keyboard_msgs' build argument 'cmake_force_configure' from command line to 'False'
[0.239s] Level 5:colcon.colcon_core.verb:set package 'keyboard_msgs' build argument 'ament_cmake_args' from command line to 'None'
[0.239s] Level 5:colcon.colcon_core.verb:set package 'keyboard_msgs' build argument 'catkin_cmake_args' from command line to 'None'
[0.239s] Level 5:colcon.colcon_core.verb:set package 'keyboard_msgs' build argument 'catkin_skip_building_tests' from command line to 'False'
[0.239s] DEBUG:colcon.colcon_core.verb:Building package 'keyboard_msgs' with the following arguments: {'ament_cmake_args': None, 'build_base': '/home/gadzz/tubitak_ws/build/keyboard_msgs', 'catkin_cmake_args': None, 'catkin_skip_building_tests': False, 'cmake_args': None, 'cmake_clean_cache': False, 'cmake_clean_first': False, 'cmake_force_configure': False, 'cmake_target': None, 'cmake_target_skip_unavailable': False, 'install_base': '/home/gadzz/tubitak_ws/install/keyboard_msgs', 'merge_install': False, 'path': '/home/gadzz/tubitak_ws/src/ros2-keyboard/keyboard_msgs', 'symlink_install': False, 'test_result_base': None}
[0.239s] Level 5:colcon.colcon_core.verb:set package 'keyboard' build argument 'cmake_args' from command line to 'None'
[0.239s] Level 5:colcon.colcon_core.verb:set package 'keyboard' build argument 'cmake_target' from command line to 'None'
[0.239s] Level 5:colcon.colcon_core.verb:set package 'keyboard' build argument 'cmake_target_skip_unavailable' from command line to 'False'
[0.239s] Level 5:colcon.colcon_core.verb:set package 'keyboard' build argument 'cmake_clean_cache' from command line to 'False'
[0.239s] Level 5:colcon.colcon_core.verb:set package 'keyboard' build argument 'cmake_clean_first' from command line to 'False'
[0.239s] Level 5:colcon.colcon_core.verb:set package 'keyboard' build argument 'cmake_force_configure' from command line to 'False'
[0.239s] Level 5:colcon.colcon_core.verb:set package 'keyboard' build argument 'ament_cmake_args' from command line to 'None'
[0.239s] Level 5:colcon.colcon_core.verb:set package 'keyboard' build argument 'catkin_cmake_args' from command line to 'None'
[0.239s] Level 5:colcon.colcon_core.verb:set package 'keyboard' build argument 'catkin_skip_building_tests' from command line to 'False'
[0.239s] DEBUG:colcon.colcon_core.verb:Building package 'keyboard' with the following arguments: {'ament_cmake_args': None, 'build_base': '/home/gadzz/tubitak_ws/build/keyboard', 'catkin_cmake_args': None, 'catkin_skip_building_tests': False, 'cmake_args': None, 'cmake_clean_cache': False, 'cmake_clean_first': False, 'cmake_force_configure': False, 'cmake_target': None, 'cmake_target_skip_unavailable': False, 'install_base': '/home/gadzz/tubitak_ws/install/keyboard', 'merge_install': False, 'path': '/home/gadzz/tubitak_ws/src/ros2-keyboard/keyboard', 'symlink_install': False, 'test_result_base': None}
[0.240s] Level 5:colcon.colcon_core.verb:set package 'mission_center' build argument 'cmake_args' from command line to 'None'
[0.240s] Level 5:colcon.colcon_core.verb:set package 'mission_center' build argument 'cmake_target' from command line to 'None'
[0.240s] Level 5:colcon.colcon_core.verb:set package 'mission_center' build argument 'cmake_target_skip_unavailable' from command line to 'False'
[0.240s] Level 5:colcon.colcon_core.verb:set package 'mission_center' build argument 'cmake_clean_cache' from command line to 'False'
[0.240s] Level 5:colcon.colcon_core.verb:set package 'mission_center' build argument 'cmake_clean_first' from command line to 'False'
[0.240s] Level 5:colcon.colcon_core.verb:set package 'mission_center' build argument 'cmake_force_configure' from command line to 'False'
[0.240s] Level 5:colcon.colcon_core.verb:set package 'mission_center' build argument 'ament_cmake_args' from command line to 'None'
[0.240s] Level 5:colcon.colcon_core.verb:set package 'mission_center' build argument 'catkin_cmake_args' from command line to 'None'
[0.240s] Level 5:colcon.colcon_core.verb:set package 'mission_center' build argument 'catkin_skip_building_tests' from command line to 'False'
[0.240s] DEBUG:colcon.colcon_core.verb:Building package 'mission_center' with the following arguments: {'ament_cmake_args': None, 'build_base': '/home/gadzz/tubitak_ws/build/mission_center', 'catkin_cmake_args': None, 'catkin_skip_building_tests': False, 'cmake_args': None, 'cmake_clean_cache': False, 'cmake_clean_first': False, 'cmake_force_configure': False, 'cmake_target': None, 'cmake_target_skip_unavailable': False, 'install_base': '/home/gadzz/tubitak_ws/install/mission_center', 'merge_install': False, 'path': '/home/gadzz/tubitak_ws/src/mission_center', 'symlink_install': False, 'test_result_base': None}
[0.240s] INFO:colcon.colcon_core.executor:Executing jobs using 'parallel' executor
[0.241s] DEBUG:colcon.colcon_parallel_executor.executor.parallel:run_until_complete
[0.241s] INFO:colcon.colcon_ros.task.ament_cmake.build:Building ROS package in '/home/gadzz/tubitak_ws/src/ros2-keyboard/keyboard_msgs' with build type 'ament_cmake'
[0.241s] INFO:colcon.colcon_cmake.task.cmake.build:Building CMake package in '/home/gadzz/tubitak_ws/src/ros2-keyboard/keyboard_msgs'
[0.242s] INFO:colcon.colcon_core.plugin_system:Skipping extension 'colcon_core.shell.bat': Not used on non-Windows systems
[0.242s] INFO:colcon.colcon_core.shell:Skip shell extension 'powershell' for command environment: Not usable outside of PowerShell
[0.243s] DEBUG:colcon.colcon_core.shell:Skip shell extension 'dsv' for command environment
[0.252s] DEBUG:colcon.colcon_core.event_handler.log_command:Invoking command in '/home/gadzz/tubitak_ws/build/keyboard_msgs': CMAKE_PREFIX_PATH=${CMAKE_PREFIX_PATH}:/opt/ros/humble /usr/bin/cmake /home/gadzz/tubitak_ws/src/ros2-keyboard/keyboard_msgs -DCMAKE_INSTALL_PREFIX=/home/gadzz/tubitak_ws/install/keyboard_msgs
[1.369s] DEBUG:colcon.colcon_core.event_handler.log_command:Invoked command in '/home/gadzz/tubitak_ws/build/keyboard_msgs' returned '0': CMAKE_PREFIX_PATH=${CMAKE_PREFIX_PATH}:/opt/ros/humble /usr/bin/cmake /home/gadzz/tubitak_ws/src/ros2-keyboard/keyboard_msgs -DCMAKE_INSTALL_PREFIX=/home/gadzz/tubitak_ws/install/keyboard_msgs
[1.370s] DEBUG:colcon.colcon_core.event_handler.log_command:Invoking command in '/home/gadzz/tubitak_ws/build/keyboard_msgs': CMAKE_PREFIX_PATH=${CMAKE_PREFIX_PATH}:/opt/ros/humble /usr/bin/cmake --build /home/gadzz/tubitak_ws/build/keyboard_msgs -- -j8 -l8
[7.076s] DEBUG:colcon.colcon_core.event_handler.log_command:Invoked command in '/home/gadzz/tubitak_ws/build/keyboard_msgs' returned '0': CMAKE_PREFIX_PATH=${CMAKE_PREFIX_PATH}:/opt/ros/humble /usr/bin/cmake --build /home/gadzz/tubitak_ws/build/keyboard_msgs -- -j8 -l8
[7.083s] DEBUG:colcon.colcon_core.event_handler.log_command:Invoking command in '/home/gadzz/tubitak_ws/build/keyboard_msgs': CMAKE_PREFIX_PATH=${CMAKE_PREFIX_PATH}:/opt/ros/humble /usr/bin/cmake --install /home/gadzz/tubitak_ws/build/keyboard_msgs
[7.131s] Level 1:colcon.colcon_core.environment:create_environment_scripts_only(keyboard_msgs)
[7.131s] DEBUG:colcon.colcon_core.event_handler.log_command:Invoked command in '/home/gadzz/tubitak_ws/build/keyboard_msgs' returned '0': CMAKE_PREFIX_PATH=${CMAKE_PREFIX_PATH}:/opt/ros/humble /usr/bin/cmake --install /home/gadzz/tubitak_ws/build/keyboard_msgs
[7.133s] Level 1:colcon.colcon_core.environment:checking '/home/gadzz/tubitak_ws/install/keyboard_msgs' for CMake module files
[7.133s] Level 1:colcon.colcon_core.environment:checking '/home/gadzz/tubitak_ws/install/keyboard_msgs' for CMake config files
[7.133s] Level 1:colcon.colcon_core.shell:create_environment_hook('keyboard_msgs', 'cmake_prefix_path')
[7.133s] INFO:colcon.colcon_core.shell:Creating environment hook '/home/gadzz/tubitak_ws/install/keyboard_msgs/share/keyboard_msgs/hook/cmake_prefix_path.ps1'
[7.134s] INFO:colcon.colcon_core.shell:Creating environment descriptor '/home/gadzz/tubitak_ws/install/keyboard_msgs/share/keyboard_msgs/hook/cmake_prefix_path.dsv'
[7.134s] INFO:colcon.colcon_core.shell:Creating environment hook '/home/gadzz/tubitak_ws/install/keyboard_msgs/share/keyboard_msgs/hook/cmake_prefix_path.sh'
[7.134s] Level 1:colcon.colcon_core.environment:checking '/home/gadzz/tubitak_ws/install/keyboard_msgs/lib'
[7.135s] Level 1:colcon.colcon_core.shell:create_environment_hook('keyboard_msgs', 'ld_library_path_lib')
[7.135s] INFO:colcon.colcon_core.shell:Creating environment hook '/home/gadzz/tubitak_ws/install/keyboard_msgs/share/keyboard_msgs/hook/ld_library_path_lib.ps1'
[7.135s] INFO:colcon.colcon_core.shell:Creating environment descriptor '/home/gadzz/tubitak_ws/install/keyboard_msgs/share/keyboard_msgs/hook/ld_library_path_lib.dsv'
[7.135s] INFO:colcon.colcon_core.shell:Creating environment hook '/home/gadzz/tubitak_ws/install/keyboard_msgs/share/keyboard_msgs/hook/ld_library_path_lib.sh'
[7.135s] Level 1:colcon.colcon_core.environment:checking '/home/gadzz/tubitak_ws/install/keyboard_msgs/bin'
[7.135s] Level 1:colcon.colcon_core.environment:checking '/home/gadzz/tubitak_ws/install/keyboard_msgs/lib/pkgconfig/keyboard_msgs.pc'
[7.135s] Level 1:colcon.colcon_core.environment:checking '/home/gadzz/tubitak_ws/install/keyboard_msgs/lib/python3.10/site-packages'
[7.136s] Level 1:colcon.colcon_core.environment:checking '/home/gadzz/tubitak_ws/install/keyboard_msgs/bin'
[7.136s] INFO:colcon.colcon_core.shell:Creating package script '/home/gadzz/tubitak_ws/install/keyboard_msgs/share/keyboard_msgs/package.ps1'
[7.136s] INFO:colcon.colcon_core.shell:Creating package descriptor '/home/gadzz/tubitak_ws/install/keyboard_msgs/share/keyboard_msgs/package.dsv'
[7.137s] INFO:colcon.colcon_core.shell:Creating package script '/home/gadzz/tubitak_ws/install/keyboard_msgs/share/keyboard_msgs/package.sh'
[7.137s] INFO:colcon.colcon_core.shell:Creating package script '/home/gadzz/tubitak_ws/install/keyboard_msgs/share/keyboard_msgs/package.bash'
[7.137s] INFO:colcon.colcon_core.shell:Creating package script '/home/gadzz/tubitak_ws/install/keyboard_msgs/share/keyboard_msgs/package.zsh'
[7.138s] Level 1:colcon.colcon_core.environment:create_file_with_runtime_dependencies(/home/gadzz/tubitak_ws/install/keyboard_msgs/share/colcon-core/packages/keyboard_msgs)
[7.138s] Level 1:colcon.colcon_core.environment:create_environment_scripts_only(keyboard_msgs)
[7.138s] Level 1:colcon.colcon_core.environment:checking '/home/gadzz/tubitak_ws/install/keyboard_msgs' for CMake module files
[7.139s] Level 1:colcon.colcon_core.environment:checking '/home/gadzz/tubitak_ws/install/keyboard_msgs' for CMake config files
[7.139s] Level 1:colcon.colcon_core.shell:create_environment_hook('keyboard_msgs', 'cmake_prefix_path')
[7.139s] INFO:colcon.colcon_core.shell:Creating environment hook '/home/gadzz/tubitak_ws/install/keyboard_msgs/share/keyboard_msgs/hook/cmake_prefix_path.ps1'
[7.139s] INFO:colcon.colcon_core.shell:Creating environment descriptor '/home/gadzz/tubitak_ws/install/keyboard_msgs/share/keyboard_msgs/hook/cmake_prefix_path.dsv'
[7.139s] INFO:colcon.colcon_core.shell:Creating environment hook '/home/gadzz/tubitak_ws/install/keyboard_msgs/share/keyboard_msgs/hook/cmake_prefix_path.sh'
[7.139s] Level 1:colcon.colcon_core.environment:checking '/home/gadzz/tubitak_ws/install/keyboard_msgs/lib'
[7.140s] Level 1:colcon.colcon_core.shell:create_environment_hook('keyboard_msgs', 'ld_library_path_lib')
[7.140s] INFO:colcon.colcon_core.shell:Creating environment hook '/home/gadzz/tubitak_ws/install/keyboard_msgs/share/keyboard_msgs/hook/ld_library_path_lib.ps1'
[7.140s] INFO:colcon.colcon_core.shell:Creating environment descriptor '/home/gadzz/tubitak_ws/install/keyboard_msgs/share/keyboard_msgs/hook/ld_library_path_lib.dsv'
[7.140s] INFO:colcon.colcon_core.shell:Creating environment hook '/home/gadzz/tubitak_ws/install/keyboard_msgs/share/keyboard_msgs/hook/ld_library_path_lib.sh'
[7.140s] Level 1:colcon.colcon_core.environment:checking '/home/gadzz/tubitak_ws/install/keyboard_msgs/bin'
[7.140s] Level 1:colcon.colcon_core.environment:checking '/home/gadzz/tubitak_ws/install/keyboard_msgs/lib/pkgconfig/keyboard_msgs.pc'
[7.140s] Level 1:colcon.colcon_core.environment:checking '/home/gadzz/tubitak_ws/install/keyboard_msgs/lib/python3.10/site-packages'
[7.141s] Level 1:colcon.colcon_core.environment:checking '/home/gadzz/tubitak_ws/install/keyboard_msgs/bin'
[7.141s] INFO:colcon.colcon_core.shell:Creating package script '/home/gadzz/tubitak_ws/install/keyboard_msgs/share/keyboard_msgs/package.ps1'
[7.141s] INFO:colcon.colcon_core.shell:Creating package descriptor '/home/gadzz/tubitak_ws/install/keyboard_msgs/share/keyboard_msgs/package.dsv'
[7.141s] INFO:colcon.colcon_core.shell:Creating package script '/home/gadzz/tubitak_ws/install/keyboard_msgs/share/keyboard_msgs/package.sh'
[7.142s] INFO:colcon.colcon_core.shell:Creating package script '/home/gadzz/tubitak_ws/install/keyboard_msgs/share/keyboard_msgs/package.bash'
[7.142s] INFO:colcon.colcon_core.shell:Creating package script '/home/gadzz/tubitak_ws/install/keyboard_msgs/share/keyboard_msgs/package.zsh'
[7.142s] Level 1:colcon.colcon_core.environment:create_file_with_runtime_dependencies(/home/gadzz/tubitak_ws/install/keyboard_msgs/share/colcon-core/packages/keyboard_msgs)
[7.142s] INFO:colcon.colcon_ros.task.ament_cmake.build:Building ROS package in '/home/gadzz/tubitak_ws/src/ros2-keyboard/keyboard' with build type 'ament_cmake'
[7.142s] INFO:colcon.colcon_cmake.task.cmake.build:Building CMake package in '/home/gadzz/tubitak_ws/src/ros2-keyboard/keyboard'
[7.142s] INFO:colcon.colcon_core.shell:Skip shell extension 'powershell' for command environment: Not usable outside of PowerShell
[7.142s] DEBUG:colcon.colcon_core.shell:Skip shell extension 'dsv' for command environment
[7.148s] INFO:colcon.colcon_ros.task.ament_cmake.build:Building ROS package in '/home/gadzz/tubitak_ws/src/mission_center' with build type 'ament_cmake'
[7.148s] INFO:colcon.colcon_cmake.task.cmake.build:Building CMake package in '/home/gadzz/tubitak_ws/src/mission_center'
[7.148s] INFO:colcon.colcon_core.shell:Skip shell extension 'powershell' for command environment: Not usable outside of PowerShell
[7.148s] DEBUG:colcon.colcon_core.shell:Skip shell extension 'dsv' for command environment
[7.160s] DEBUG:colcon.colcon_core.event_handler.log_command:Invoking command in '/home/gadzz/tubitak_ws/build/keyboard': AMENT_PREFIX_PATH=/home/gadzz/tubitak_ws/install/keyboard_msgs:${AMENT_PREFIX_PATH} CMAKE_PREFIX_PATH=/home/gadzz/tubitak_ws/install/keyboard_msgs:/home/gadzz/ardu_ws/install/sdformat_urdf:/home/gadzz/ardu_ws/install/sdformat_test_files:/home/gadzz/ardu_ws/install/ros_ign_interfaces:/home/gadzz/ardu_ws/install/ros_ign_gazebo:/home/gadzz/ardu_ws/install/ros_gz_sim:/home/gadzz/ardu_ws/install/ros_gz_interfaces:/home/gadzz/ardu_ws/install/micro_ros_agent:/home/gadzz/ardu_ws/install/keyboard:/home/gadzz/ardu_ws/install/keyboard_msgs:/home/gadzz/ardu_ws/install/ardupilot_sitl_models:/home/gadzz/ardu_ws/install/ardupilot_msgs:/home/gadzz/ardu_ws/install/ardupilot_gz_gazebo:/home/gadzz/ardu_ws/install/ardupilot_gz_description:/home/gadzz/ardu_ws/install/ardupilot_gz_application:/home/gadzz/ardu_ws/install/ardupilot_gazebo:/opt/ros/humble LD_LIBRARY_PATH=/home/gadzz/tubitak_ws/install/keyboard_msgs/lib:${LD_LIBRARY_PATH} PYTHONPATH=/home/gadzz/tubitak_ws/install/keyboard_msgs/local/lib/python3.10/dist-packages:${PYTHONPATH} /usr/bin/cmake /home/gadzz/tubitak_ws/src/ros2-keyboard/keyboard -DCMAKE_INSTALL_PREFIX=/home/gadzz/tubitak_ws/install/keyboard
[7.162s] DEBUG:colcon.colcon_core.event_handler.log_command:Invoking command in '/home/gadzz/tubitak_ws/build/mission_center': AMENT_PREFIX_PATH=/home/gadzz/tubitak_ws/install/keyboard_msgs:${AMENT_PREFIX_PATH} CMAKE_PREFIX_PATH=/home/gadzz/tubitak_ws/install/keyboard_msgs:/home/gadzz/ardu_ws/install/sdformat_urdf:/home/gadzz/ardu_ws/install/sdformat_test_files:/home/gadzz/ardu_ws/install/ros_ign_interfaces:/home/gadzz/ardu_ws/install/ros_ign_gazebo:/home/gadzz/ardu_ws/install/ros_gz_sim:/home/gadzz/ardu_ws/install/ros_gz_interfaces:/home/gadzz/ardu_ws/install/micro_ros_agent:/home/gadzz/ardu_ws/install/keyboard:/home/gadzz/ardu_ws/install/keyboard_msgs:/home/gadzz/ardu_ws/install/ardupilot_sitl_models:/home/gadzz/ardu_ws/install/ardupilot_msgs:/home/gadzz/ardu_ws/install/ardupilot_gz_gazebo:/home/gadzz/ardu_ws/install/ardupilot_gz_description:/home/gadzz/ardu_ws/install/ardupilot_gz_application:/home/gadzz/ardu_ws/install/ardupilot_gazebo:/opt/ros/humble LD_LIBRARY_PATH=/home/gadzz/tubitak_ws/install/keyboard_msgs/lib:${LD_LIBRARY_PATH} PYTHONPATH=/home/gadzz/tubitak_ws/install/keyboard_msgs/local/lib/python3.10/dist-packages:${PYTHONPATH} /usr/bin/cmake --build /home/gadzz/tubitak_ws/build/mission_center -- -j8 -l8
[7.230s] DEBUG:colcon.colcon_core.event_handler.log_command:Invoked command in '/home/gadzz/tubitak_ws/build/mission_center' returned '0': AMENT_PREFIX_PATH=/home/gadzz/tubitak_ws/install/keyboard_msgs:${AMENT_PREFIX_PATH} CMAKE_PREFIX_PATH=/home/gadzz/tubitak_ws/install/keyboard_msgs:/home/gadzz/ardu_ws/install/sdformat_urdf:/home/gadzz/ardu_ws/install/sdformat_test_files:/home/gadzz/ardu_ws/install/ros_ign_interfaces:/home/gadzz/ardu_ws/install/ros_ign_gazebo:/home/gadzz/ardu_ws/install/ros_gz_sim:/home/gadzz/ardu_ws/install/ros_gz_interfaces:/home/gadzz/ardu_ws/install/micro_ros_agent:/home/gadzz/ardu_ws/install/keyboard:/home/gadzz/ardu_ws/install/keyboard_msgs:/home/gadzz/ardu_ws/install/ardupilot_sitl_models:/home/gadzz/ardu_ws/install/ardupilot_msgs:/home/gadzz/ardu_ws/install/ardupilot_gz_gazebo:/home/gadzz/ardu_ws/install/ardupilot_gz_description:/home/gadzz/ardu_ws/install/ardupilot_gz_application:/home/gadzz/ardu_ws/install/ardupilot_gazebo:/opt/ros/humble LD_LIBRARY_PATH=/home/gadzz/tubitak_ws/install/keyboard_msgs/lib:${LD_LIBRARY_PATH} PYTHONPATH=/home/gadzz/tubitak_ws/install/keyboard_msgs/local/lib/python3.10/dist-packages:${PYTHONPATH} /usr/bin/cmake --build /home/gadzz/tubitak_ws/build/mission_center -- -j8 -l8
[7.232s] DEBUG:colcon.colcon_core.event_handler.log_command:Invoking command in '/home/gadzz/tubitak_ws/build/mission_center': AMENT_PREFIX_PATH=/home/gadzz/tubitak_ws/install/keyboard_msgs:${AMENT_PREFIX_PATH} CMAKE_PREFIX_PATH=/home/gadzz/tubitak_ws/install/keyboard_msgs:/home/gadzz/ardu_ws/install/sdformat_urdf:/home/gadzz/ardu_ws/install/sdformat_test_files:/home/gadzz/ardu_ws/install/ros_ign_interfaces:/home/gadzz/ardu_ws/install/ros_ign_gazebo:/home/gadzz/ardu_ws/install/ros_gz_sim:/home/gadzz/ardu_ws/install/ros_gz_interfaces:/home/gadzz/ardu_ws/install/micro_ros_agent:/home/gadzz/ardu_ws/install/keyboard:/home/gadzz/ardu_ws/install/keyboard_msgs:/home/gadzz/ardu_ws/install/ardupilot_sitl_models:/home/gadzz/ardu_ws/install/ardupilot_msgs:/home/gadzz/ardu_ws/install/ardupilot_gz_gazebo:/home/gadzz/ardu_ws/install/ardupilot_gz_description:/home/gadzz/ardu_ws/install/ardupilot_gz_application:/home/gadzz/ardu_ws/install/ardupilot_gazebo:/opt/ros/humble LD_LIBRARY_PATH=/home/gadzz/tubitak_ws/install/keyboard_msgs/lib:${LD_LIBRARY_PATH} PYTHONPATH=/home/gadzz/tubitak_ws/install/keyboard_msgs/local/lib/python3.10/dist-packages:${PYTHONPATH} /usr/bin/cmake --install /home/gadzz/tubitak_ws/build/mission_center
[7.239s] Level 1:colcon.colcon_core.environment:create_environment_scripts_only(mission_center)
[7.239s] Level 1:colcon.colcon_core.environment:checking '/home/gadzz/tubitak_ws/install/mission_center' for CMake module files
[7.239s] DEBUG:colcon.colcon_core.event_handler.log_command:Invoked command in '/home/gadzz/tubitak_ws/build/mission_center' returned '0': AMENT_PREFIX_PATH=/home/gadzz/tubitak_ws/install/keyboard_msgs:${AMENT_PREFIX_PATH} CMAKE_PREFIX_PATH=/home/gadzz/tubitak_ws/install/keyboard_msgs:/home/gadzz/ardu_ws/install/sdformat_urdf:/home/gadzz/ardu_ws/install/sdformat_test_files:/home/gadzz/ardu_ws/install/ros_ign_interfaces:/home/gadzz/ardu_ws/install/ros_ign_gazebo:/home/gadzz/ardu_ws/install/ros_gz_sim:/home/gadzz/ardu_ws/install/ros_gz_interfaces:/home/gadzz/ardu_ws/install/micro_ros_agent:/home/gadzz/ardu_ws/install/keyboard:/home/gadzz/ardu_ws/install/keyboard_msgs:/home/gadzz/ardu_ws/install/ardupilot_sitl_models:/home/gadzz/ardu_ws/install/ardupilot_msgs:/home/gadzz/ardu_ws/install/ardupilot_gz_gazebo:/home/gadzz/ardu_ws/install/ardupilot_gz_description:/home/gadzz/ardu_ws/install/ardupilot_gz_application:/home/gadzz/ardu_ws/install/ardupilot_gazebo:/opt/ros/humble LD_LIBRARY_PATH=/home/gadzz/tubitak_ws/install/keyboard_msgs/lib:${LD_LIBRARY_PATH} PYTHONPATH=/home/gadzz/tubitak_ws/install/keyboard_msgs/local/lib/python3.10/dist-packages:${PYTHONPATH} /usr/bin/cmake --install /home/gadzz/tubitak_ws/build/mission_center
[7.240s] Level 1:colcon.colcon_core.environment:checking '/home/gadzz/tubitak_ws/install/mission_center' for CMake config files
[7.240s] Level 1:colcon.colcon_core.shell:create_environment_hook('mission_center', 'cmake_prefix_path')
[7.240s] INFO:colcon.colcon_core.shell:Creating environment hook '/home/gadzz/tubitak_ws/install/mission_center/share/mission_center/hook/cmake_prefix_path.ps1'
[7.240s] INFO:colcon.colcon_core.shell:Creating environment descriptor '/home/gadzz/tubitak_ws/install/mission_center/share/mission_center/hook/cmake_prefix_path.dsv'
[7.240s] INFO:colcon.colcon_core.shell:Creating environment hook '/home/gadzz/tubitak_ws/install/mission_center/share/mission_center/hook/cmake_prefix_path.sh'
[7.241s] Level 1:colcon.colcon_core.environment:checking '/home/gadzz/tubitak_ws/install/mission_center/lib'
[7.241s] Level 1:colcon.colcon_core.shell:create_environment_hook('mission_center', 'ld_library_path_lib')
[7.241s] INFO:colcon.colcon_core.shell:Creating environment hook '/home/gadzz/tubitak_ws/install/mission_center/share/mission_center/hook/ld_library_path_lib.ps1'
[7.241s] INFO:colcon.colcon_core.shell:Creating environment descriptor '/home/gadzz/tubitak_ws/install/mission_center/share/mission_center/hook/ld_library_path_lib.dsv'
[7.242s] INFO:colcon.colcon_core.shell:Creating environment hook '/home/gadzz/tubitak_ws/install/mission_center/share/mission_center/hook/ld_library_path_lib.sh'
[7.242s] Level 1:colcon.colcon_core.environment:checking '/home/gadzz/tubitak_ws/install/mission_center/bin'
[7.242s] Level 1:colcon.colcon_core.environment:checking '/home/gadzz/tubitak_ws/install/mission_center/lib/pkgconfig/mission_center.pc'
[7.242s] Level 1:colcon.colcon_core.environment:checking '/home/gadzz/tubitak_ws/install/mission_center/lib/python3.10/site-packages'
[7.242s] Level 1:colcon.colcon_core.environment:checking '/home/gadzz/tubitak_ws/install/mission_center/bin'
[7.242s] INFO:colcon.colcon_core.shell:Creating package script '/home/gadzz/tubitak_ws/install/mission_center/share/mission_center/package.ps1'
[7.243s] INFO:colcon.colcon_core.shell:Creating package descriptor '/home/gadzz/tubitak_ws/install/mission_center/share/mission_center/package.dsv'
[7.243s] INFO:colcon.colcon_core.shell:Creating package script '/home/gadzz/tubitak_ws/install/mission_center/share/mission_center/package.sh'
[7.243s] INFO:colcon.colcon_core.shell:Creating package script '/home/gadzz/tubitak_ws/install/mission_center/share/mission_center/package.bash'
[7.243s] INFO:colcon.colcon_core.shell:Creating package script '/home/gadzz/tubitak_ws/install/mission_center/share/mission_center/package.zsh'
[7.244s] Level 1:colcon.colcon_core.environment:create_file_with_runtime_dependencies(/home/gadzz/tubitak_ws/install/mission_center/share/colcon-core/packages/mission_center)
[7.244s] Level 1:colcon.colcon_core.environment:create_environment_scripts_only(mission_center)
[7.244s] Level 1:colcon.colcon_core.environment:checking '/home/gadzz/tubitak_ws/install/mission_center' for CMake module files
[7.244s] Level 1:colcon.colcon_core.environment:checking '/home/gadzz/tubitak_ws/install/mission_center' for CMake config files
[7.244s] Level 1:colcon.colcon_core.shell:create_environment_hook('mission_center', 'cmake_prefix_path')
[7.244s] INFO:colcon.colcon_core.shell:Creating environment hook '/home/gadzz/tubitak_ws/install/mission_center/share/mission_center/hook/cmake_prefix_path.ps1'
[7.245s] INFO:colcon.colcon_core.shell:Creating environment descriptor '/home/gadzz/tubitak_ws/install/mission_center/share/mission_center/hook/cmake_prefix_path.dsv'
[7.245s] INFO:colcon.colcon_core.shell:Creating environment hook '/home/gadzz/tubitak_ws/install/mission_center/share/mission_center/hook/cmake_prefix_path.sh'
[7.245s] Level 1:colcon.colcon_core.environment:checking '/home/gadzz/tubitak_ws/install/mission_center/lib'
[7.245s] Level 1:colcon.colcon_core.shell:create_environment_hook('mission_center', 'ld_library_path_lib')
[7.245s] INFO:colcon.colcon_core.shell:Creating environment hook '/home/gadzz/tubitak_ws/install/mission_center/share/mission_center/hook/ld_library_path_lib.ps1'
[7.246s] INFO:colcon.colcon_core.shell:Creating environment descriptor '/home/gadzz/tubitak_ws/install/mission_center/share/mission_center/hook/ld_library_path_lib.dsv'
[7.246s] INFO:colcon.colcon_core.shell:Creating environment hook '/home/gadzz/tubitak_ws/install/mission_center/share/mission_center/hook/ld_library_path_lib.sh'
[7.246s] Level 1:colcon.colcon_core.environment:checking '/home/gadzz/tubitak_ws/install/mission_center/bin'
[7.246s] Level 1:colcon.colcon_core.environment:checking '/home/gadzz/tubitak_ws/install/mission_center/lib/pkgconfig/mission_center.pc'
[7.246s] Level 1:colcon.colcon_core.environment:checking '/home/gadzz/tubitak_ws/install/mission_center/lib/python3.10/site-packages'
[7.246s] Level 1:colcon.colcon_core.environment:checking '/home/gadzz/tubitak_ws/install/mission_center/bin'
[7.247s] INFO:colcon.colcon_core.shell:Creating package script '/home/gadzz/tubitak_ws/install/mission_center/share/mission_center/package.ps1'
[7.247s] INFO:colcon.colcon_core.shell:Creating package descriptor '/home/gadzz/tubitak_ws/install/mission_center/share/mission_center/package.dsv'
[7.247s] INFO:colcon.colcon_core.shell:Creating package script '/home/gadzz/tubitak_ws/install/mission_center/share/mission_center/package.sh'
[7.247s] INFO:colcon.colcon_core.shell:Creating package script '/home/gadzz/tubitak_ws/install/mission_center/share/mission_center/package.bash'
[7.248s] INFO:colcon.colcon_core.shell:Creating package script '/home/gadzz/tubitak_ws/install/mission_center/share/mission_center/package.zsh'
[7.248s] Level 1:colcon.colcon_core.environment:create_file_with_runtime_dependencies(/home/gadzz/tubitak_ws/install/mission_center/share/colcon-core/packages/mission_center)
[7.960s] DEBUG:colcon.colcon_core.event_handler.log_command:Invoked command in '/home/gadzz/tubitak_ws/build/keyboard' returned '0': AMENT_PREFIX_PATH=/home/gadzz/tubitak_ws/install/keyboard_msgs:${AMENT_PREFIX_PATH} CMAKE_PREFIX_PATH=/home/gadzz/tubitak_ws/install/keyboard_msgs:/home/gadzz/ardu_ws/install/sdformat_urdf:/home/gadzz/ardu_ws/install/sdformat_test_files:/home/gadzz/ardu_ws/install/ros_ign_interfaces:/home/gadzz/ardu_ws/install/ros_ign_gazebo:/home/gadzz/ardu_ws/install/ros_gz_sim:/home/gadzz/ardu_ws/install/ros_gz_interfaces:/home/gadzz/ardu_ws/install/micro_ros_agent:/home/gadzz/ardu_ws/install/keyboard:/home/gadzz/ardu_ws/install/keyboard_msgs:/home/gadzz/ardu_ws/install/ardupilot_sitl_models:/home/gadzz/ardu_ws/install/ardupilot_msgs:/home/gadzz/ardu_ws/install/ardupilot_gz_gazebo:/home/gadzz/ardu_ws/install/ardupilot_gz_description:/home/gadzz/ardu_ws/install/ardupilot_gz_application:/home/gadzz/ardu_ws/install/ardupilot_gazebo:/opt/ros/humble LD_LIBRARY_PATH=/home/gadzz/tubitak_ws/install/keyboard_msgs/lib:${LD_LIBRARY_PATH} PYTHONPATH=/home/gadzz/tubitak_ws/install/keyboard_msgs/local/lib/python3.10/dist-packages:${PYTHONPATH} /usr/bin/cmake /home/gadzz/tubitak_ws/src/ros2-keyboard/keyboard -DCMAKE_INSTALL_PREFIX=/home/gadzz/tubitak_ws/install/keyboard
[7.961s] DEBUG:colcon.colcon_core.event_handler.log_command:Invoking command in '/home/gadzz/tubitak_ws/build/keyboard': AMENT_PREFIX_PATH=/home/gadzz/tubitak_ws/install/keyboard_msgs:${AMENT_PREFIX_PATH} CMAKE_PREFIX_PATH=/home/gadzz/tubitak_ws/install/keyboard_msgs:/home/gadzz/ardu_ws/install/sdformat_urdf:/home/gadzz/ardu_ws/install/sdformat_test_files:/home/gadzz/ardu_ws/install/ros_ign_interfaces:/home/gadzz/ardu_ws/install/ros_ign_gazebo:/home/gadzz/ardu_ws/install/ros_gz_sim:/home/gadzz/ardu_ws/install/ros_gz_interfaces:/home/gadzz/ardu_ws/install/micro_ros_agent:/home/gadzz/ardu_ws/install/keyboard:/home/gadzz/ardu_ws/install/keyboard_msgs:/home/gadzz/ardu_ws/install/ardupilot_sitl_models:/home/gadzz/ardu_ws/install/ardupilot_msgs:/home/gadzz/ardu_ws/install/ardupilot_gz_gazebo:/home/gadzz/ardu_ws/install/ardupilot_gz_description:/home/gadzz/ardu_ws/install/ardupilot_gz_application:/home/gadzz/ardu_ws/install/ardupilot_gazebo:/opt/ros/humble LD_LIBRARY_PATH=/home/gadzz/tubitak_ws/install/keyboard_msgs/lib:${LD_LIBRARY_PATH} PYTHONPATH=/home/gadzz/tubitak_ws/install/keyboard_msgs/local/lib/python3.10/dist-packages:${PYTHONPATH} /usr/bin/cmake --build /home/gadzz/tubitak_ws/build/keyboard -- -j8 -l8
[8.165s] DEBUG:colcon.colcon_core.event_handler.log_command:Invoked command in '/home/gadzz/tubitak_ws/build/keyboard' returned '0': AMENT_PREFIX_PATH=/home/gadzz/tubitak_ws/install/keyboard_msgs:${AMENT_PREFIX_PATH} CMAKE_PREFIX_PATH=/home/gadzz/tubitak_ws/install/keyboard_msgs:/home/gadzz/ardu_ws/install/sdformat_urdf:/home/gadzz/ardu_ws/install/sdformat_test_files:/home/gadzz/ardu_ws/install/ros_ign_interfaces:/home/gadzz/ardu_ws/install/ros_ign_gazebo:/home/gadzz/ardu_ws/install/ros_gz_sim:/home/gadzz/ardu_ws/install/ros_gz_interfaces:/home/gadzz/ardu_ws/install/micro_ros_agent:/home/gadzz/ardu_ws/install/keyboard:/home/gadzz/ardu_ws/install/keyboard_msgs:/home/gadzz/ardu_ws/install/ardupilot_sitl_models:/home/gadzz/ardu_ws/install/ardupilot_msgs:/home/gadzz/ardu_ws/install/ardupilot_gz_gazebo:/home/gadzz/ardu_ws/install/ardupilot_gz_description:/home/gadzz/ardu_ws/install/ardupilot_gz_application:/home/gadzz/ardu_ws/install/ardupilot_gazebo:/opt/ros/humble LD_LIBRARY_PATH=/home/gadzz/tubitak_ws/install/keyboard_msgs/lib:${LD_LIBRARY_PATH} PYTHONPATH=/home/gadzz/tubitak_ws/install/keyboard_msgs/local/lib/python3.10/dist-packages:${PYTHONPATH} /usr/bin/cmake --build /home/gadzz/tubitak_ws/build/keyboard -- -j8 -l8
[8.166s] DEBUG:colcon.colcon_core.event_handler.log_command:Invoking command in '/home/gadzz/tubitak_ws/build/keyboard': AMENT_PREFIX_PATH=/home/gadzz/tubitak_ws/install/keyboard_msgs:${AMENT_PREFIX_PATH} CMAKE_PREFIX_PATH=/home/gadzz/tubitak_ws/install/keyboard_msgs:/home/gadzz/ardu_ws/install/sdformat_urdf:/home/gadzz/ardu_ws/install/sdformat_test_files:/home/gadzz/ardu_ws/install/ros_ign_interfaces:/home/gadzz/ardu_ws/install/ros_ign_gazebo:/home/gadzz/ardu_ws/install/ros_gz_sim:/home/gadzz/ardu_ws/install/ros_gz_interfaces:/home/gadzz/ardu_ws/install/micro_ros_agent:/home/gadzz/ardu_ws/install/keyboard:/home/gadzz/ardu_ws/install/keyboard_msgs:/home/gadzz/ardu_ws/install/ardupilot_sitl_models:/home/gadzz/ardu_ws/install/ardupilot_msgs:/home/gadzz/ardu_ws/install/ardupilot_gz_gazebo:/home/gadzz/ardu_ws/install/ardupilot_gz_description:/home/gadzz/ardu_ws/install/ardupilot_gz_application:/home/gadzz/ardu_ws/install/ardupilot_gazebo:/opt/ros/humble LD_LIBRARY_PATH=/home/gadzz/tubitak_ws/install/keyboard_msgs/lib:${LD_LIBRARY_PATH} PYTHONPATH=/home/gadzz/tubitak_ws/install/keyboard_msgs/local/lib/python3.10/dist-packages:${PYTHONPATH} /usr/bin/cmake --install /home/gadzz/tubitak_ws/build/keyboard
[8.174s] Level 1:colcon.colcon_core.environment:create_environment_scripts_only(keyboard)
[8.174s] Level 1:colcon.colcon_core.environment:checking '/home/gadzz/tubitak_ws/install/keyboard' for CMake module files
[8.174s] DEBUG:colcon.colcon_core.event_handler.log_command:Invoked command in '/home/gadzz/tubitak_ws/build/keyboard' returned '0': AMENT_PREFIX_PATH=/home/gadzz/tubitak_ws/install/keyboard_msgs:${AMENT_PREFIX_PATH} CMAKE_PREFIX_PATH=/home/gadzz/tubitak_ws/install/keyboard_msgs:/home/gadzz/ardu_ws/install/sdformat_urdf:/home/gadzz/ardu_ws/install/sdformat_test_files:/home/gadzz/ardu_ws/install/ros_ign_interfaces:/home/gadzz/ardu_ws/install/ros_ign_gazebo:/home/gadzz/ardu_ws/install/ros_gz_sim:/home/gadzz/ardu_ws/install/ros_gz_interfaces:/home/gadzz/ardu_ws/install/micro_ros_agent:/home/gadzz/ardu_ws/install/keyboard:/home/gadzz/ardu_ws/install/keyboard_msgs:/home/gadzz/ardu_ws/install/ardupilot_sitl_models:/home/gadzz/ardu_ws/install/ardupilot_msgs:/home/gadzz/ardu_ws/install/ardupilot_gz_gazebo:/home/gadzz/ardu_ws/install/ardupilot_gz_description:/home/gadzz/ardu_ws/install/ardupilot_gz_application:/home/gadzz/ardu_ws/install/ardupilot_gazebo:/opt/ros/humble LD_LIBRARY_PATH=/home/gadzz/tubitak_ws/install/keyboard_msgs/lib:${LD_LIBRARY_PATH} PYTHONPATH=/home/gadzz/tubitak_ws/install/keyboard_msgs/local/lib/python3.10/dist-packages:${PYTHONPATH} /usr/bin/cmake --install /home/gadzz/tubitak_ws/build/keyboard
[8.175s] Level 1:colcon.colcon_core.environment:checking '/home/gadzz/tubitak_ws/install/keyboard' for CMake config files
[8.175s] Level 1:colcon.colcon_core.shell:create_environment_hook('keyboard', 'cmake_prefix_path')
[8.175s] INFO:colcon.colcon_core.shell:Creating environment hook '/home/gadzz/tubitak_ws/install/keyboard/share/keyboard/hook/cmake_prefix_path.ps1'
[8.175s] INFO:colcon.colcon_core.shell:Creating environment descriptor '/home/gadzz/tubitak_ws/install/keyboard/share/keyboard/hook/cmake_prefix_path.dsv'
[8.175s] INFO:colcon.colcon_core.shell:Creating environment hook '/home/gadzz/tubitak_ws/install/keyboard/share/keyboard/hook/cmake_prefix_path.sh'
[8.176s] Level 1:colcon.colcon_core.environment:checking '/home/gadzz/tubitak_ws/install/keyboard/lib'
[8.176s] Level 1:colcon.colcon_core.environment:checking '/home/gadzz/tubitak_ws/install/keyboard/bin'
[8.176s] Level 1:colcon.colcon_core.environment:checking '/home/gadzz/tubitak_ws/install/keyboard/lib/pkgconfig/keyboard.pc'
[8.176s] Level 1:colcon.colcon_core.environment:checking '/home/gadzz/tubitak_ws/install/keyboard/lib/python3.10/site-packages'
[8.176s] Level 1:colcon.colcon_core.environment:checking '/home/gadzz/tubitak_ws/install/keyboard/bin'
[8.176s] INFO:colcon.colcon_core.shell:Creating package script '/home/gadzz/tubitak_ws/install/keyboard/share/keyboard/package.ps1'
[8.176s] INFO:colcon.colcon_core.shell:Creating package descriptor '/home/gadzz/tubitak_ws/install/keyboard/share/keyboard/package.dsv'
[8.177s] INFO:colcon.colcon_core.shell:Creating package script '/home/gadzz/tubitak_ws/install/keyboard/share/keyboard/package.sh'
[8.177s] INFO:colcon.colcon_core.shell:Creating package script '/home/gadzz/tubitak_ws/install/keyboard/share/keyboard/package.bash'
[8.177s] INFO:colcon.colcon_core.shell:Creating package script '/home/gadzz/tubitak_ws/install/keyboard/share/keyboard/package.zsh'
[8.177s] Level 1:colcon.colcon_core.environment:create_file_with_runtime_dependencies(/home/gadzz/tubitak_ws/install/keyboard/share/colcon-core/packages/keyboard)
[8.178s] Level 1:colcon.colcon_core.environment:create_environment_scripts_only(keyboard)
[8.178s] Level 1:colcon.colcon_core.environment:checking '/home/gadzz/tubitak_ws/install/keyboard' for CMake module files
[8.178s] Level 1:colcon.colcon_core.environment:checking '/home/gadzz/tubitak_ws/install/keyboard' for CMake config files
[8.178s] Level 1:colcon.colcon_core.shell:create_environment_hook('keyboard', 'cmake_prefix_path')
[8.178s] INFO:colcon.colcon_core.shell:Creating environment hook '/home/gadzz/tubitak_ws/install/keyboard/share/keyboard/hook/cmake_prefix_path.ps1'
[8.178s] INFO:colcon.colcon_core.shell:Creating environment descriptor '/home/gadzz/tubitak_ws/install/keyboard/share/keyboard/hook/cmake_prefix_path.dsv'
[8.179s] INFO:colcon.colcon_core.shell:Creating environment hook '/home/gadzz/tubitak_ws/install/keyboard/share/keyboard/hook/cmake_prefix_path.sh'
[8.179s] Level 1:colcon.colcon_core.environment:checking '/home/gadzz/tubitak_ws/install/keyboard/lib'
[8.179s] Level 1:colcon.colcon_core.environment:checking '/home/gadzz/tubitak_ws/install/keyboard/bin'
[8.179s] Level 1:colcon.colcon_core.environment:checking '/home/gadzz/tubitak_ws/install/keyboard/lib/pkgconfig/keyboard.pc'
[8.179s] Level 1:colcon.colcon_core.environment:checking '/home/gadzz/tubitak_ws/install/keyboard/lib/python3.10/site-packages'
[8.179s] Level 1:colcon.colcon_core.environment:checking '/home/gadzz/tubitak_ws/install/keyboard/bin'
[8.179s] INFO:colcon.colcon_core.shell:Creating package script '/home/gadzz/tubitak_ws/install/keyboard/share/keyboard/package.ps1'
[8.180s] INFO:colcon.colcon_core.shell:Creating package descriptor '/home/gadzz/tubitak_ws/install/keyboard/share/keyboard/package.dsv'
[8.180s] INFO:colcon.colcon_core.shell:Creating package script '/home/gadzz/tubitak_ws/install/keyboard/share/keyboard/package.sh'
[8.180s] INFO:colcon.colcon_core.shell:Creating package script '/home/gadzz/tubitak_ws/install/keyboard/share/keyboard/package.bash'
[8.180s] INFO:colcon.colcon_core.shell:Creating package script '/home/gadzz/tubitak_ws/install/keyboard/share/keyboard/package.zsh'
[8.180s] Level 1:colcon.colcon_core.environment:create_file_with_runtime_dependencies(/home/gadzz/tubitak_ws/install/keyboard/share/colcon-core/packages/keyboard)
[8.181s] DEBUG:colcon.colcon_parallel_executor.executor.parallel:closing loop
[8.181s] DEBUG:colcon.colcon_parallel_executor.executor.parallel:loop closed
[8.181s] DEBUG:colcon.colcon_parallel_executor.executor.parallel:run_until_complete finished with '0'
[8.181s] DEBUG:colcon.colcon_core.event_reactor:joining thread
[8.188s] INFO:colcon.colcon_core.plugin_system:Skipping extension 'colcon_notification.desktop_notification.terminal_notifier': Not used on non-Darwin systems
[8.188s] INFO:colcon.colcon_core.plugin_system:Skipping extension 'colcon_notification.desktop_notification.win32': Not used on non-Windows systems
[8.188s] INFO:colcon.colcon_notification.desktop_notification:Sending desktop notification using 'notify2'
[8.189s] DEBUG:colcon.colcon_notification.desktop_notification.notify2:Failed to initialize notify2: org.freedesktop.DBus.Error.ServiceUnknown: The name org.freedesktop.Notifications was not provided by any .service files
[8.189s] DEBUG:colcon.colcon_core.event_reactor:joined thread
[8.190s] INFO:colcon.colcon_core.shell:Creating prefix script '/home/gadzz/tubitak_ws/install/local_setup.ps1'
[8.190s] INFO:colcon.colcon_core.shell:Creating prefix util module '/home/gadzz/tubitak_ws/install/_local_setup_util_ps1.py'
[8.191s] INFO:colcon.colcon_core.shell:Creating prefix chain script '/home/gadzz/tubitak_ws/install/setup.ps1'
[8.192s] INFO:colcon.colcon_core.shell:Creating prefix script '/home/gadzz/tubitak_ws/install/local_setup.sh'
[8.192s] INFO:colcon.colcon_core.shell:Creating prefix util module '/home/gadzz/tubitak_ws/install/_local_setup_util_sh.py'
[8.193s] INFO:colcon.colcon_core.shell:Creating prefix chain script '/home/gadzz/tubitak_ws/install/setup.sh'
[8.194s] INFO:colcon.colcon_core.shell:Creating prefix script '/home/gadzz/tubitak_ws/install/local_setup.bash'
[8.194s] INFO:colcon.colcon_core.shell:Creating prefix chain script '/home/gadzz/tubitak_ws/install/setup.bash'
[8.195s] INFO:colcon.colcon_core.shell:Creating prefix script '/home/gadzz/tubitak_ws/install/local_setup.zsh'
[8.195s] INFO:colcon.colcon_core.shell:Creating prefix chain script '/home/gadzz/tubitak_ws/install/setup.zsh'
