In file included from [01m[K/home/gadzz/vtol_ws/src/mission_center/src/uav_mission.cpp:1[m[K:
[01m[K/home/gadzz/vtol_ws/src/mission_center/include/mission_center/uav_mission.hpp:[m[K In member function ‘[01m[Kbool UAV_Mission::killPilotCb(std::shared_ptr<std_srvs::srv::Empty_Request_<std::allocator<void> > >, std::shared_ptr<std_srvs::srv::Empty_Response_<std::allocator<void> > >)[m[K’:
[01m[K/home/gadzz/vtol_ws/src/mission_center/include/mission_center/uav_mission.hpp:108:73:[m[K [01;35m[Kwarning: [m[Kunused parameter ‘[01m[Krequest[m[K’ [[01;35m[K-Wunused-parameter[m[K]
  108 |   bool killPilotCb([01;35m[Kconst std::shared_ptr<std_srvs::srv::Empty::Request> request[m[K,
      |                    [01;35m[K~~~~~~~~~~~~~~~~~~~~~~~~~~~~~~~~~~~~~~~~~~~~~~~~~~~~~^~~~~~~[m[K
[01m[K/home/gadzz/vtol_ws/src/mission_center/include/mission_center/uav_mission.hpp:109:68:[m[K [01;35m[Kwarning: [m[Kunused parameter ‘[01m[Kresponse[m[K’ [[01;35m[K-Wunused-parameter[m[K]
  109 |                    [01;35m[Kstd::shared_ptr<std_srvs::srv::Empty::Response> response[m[K) {
      |                    [01;35m[K~~~~~~~~~~~~~~~~~~~~~~~~~~~~~~~~~~~~~~~~~~~~~~~~^~~~~~~~[m[K
[01m[K/home/gadzz/vtol_ws/src/mission_center/src/uav_mission.cpp:[m[K In member function ‘[01m[Kbool UAV_Mission::restartMission(std::shared_ptr<std_srvs::srv::Empty_Request_<std::allocator<void> > >, std::shared_ptr<std_srvs::srv::Empty_Response_<std::allocator<void> > >)[m[K’:
[01m[K/home/gadzz/vtol_ws/src/mission_center/src/uav_mission.cpp:78:58:[m[K [01;35m[Kwarning: [m[Kunused parameter ‘[01m[Krequest[m[K’ [[01;35m[K-Wunused-parameter[m[K]
   78 |     [01;35m[Kconst std::shared_ptr<std_srvs::srv::Empty::Request> request[m[K,
      |     [01;35m[K~~~~~~~~~~~~~~~~~~~~~~~~~~~~~~~~~~~~~~~~~~~~~~~~~~~~~^~~~~~~[m[K
[01m[K/home/gadzz/vtol_ws/src/mission_center/src/uav_mission.cpp:79:53:[m[K [01;35m[Kwarning: [m[Kunused parameter ‘[01m[Kresponse[m[K’ [[01;35m[K-Wunused-parameter[m[K]
   79 |     [01;35m[Kstd::shared_ptr<std_srvs::srv::Empty::Response> response[m[K) {
      |     [01;35m[K~~~~~~~~~~~~~~~~~~~~~~~~~~~~~~~~~~~~~~~~~~~~~~~~^~~~~~~~[m[K
[01m[K/home/gadzz/vtol_ws/src/mission_center/src/uav_mission.cpp:[m[K In member function ‘[01m[Kvoid UAV_Mission::switch_mode(std::string)[m[K’:
[01m[K/home/gadzz/vtol_ws/src/mission_center/src/uav_mission.cpp:185:11:[m[K [01;35m[Kwarning: [m[Kunused variable ‘[01m[Kcount[m[K’ [[01;35m[K-Wunused-variable[m[K]
  185 |   uint8_t [01;35m[Kcount[m[K = 0;
      |           [01;35m[K^~~~~[m[K
[01m[K/home/gadzz/vtol_ws/src/mission_center/src/uav_mission.cpp:172:43:[m[K [01;35m[Kwarning: [m[Kunused parameter ‘[01m[Kmode[m[K’ [[01;35m[K-Wunused-parameter[m[K]
  172 | void UAV_Mission::switch_mode([01;35m[Kstd::string mode[m[K) {
      |                               [01;35m[K~~~~~~~~~~~~^~~~[m[K
[01m[K/home/gadzz/vtol_ws/src/mission_center/src/uav_mission.cpp:[m[K In member function ‘[01m[Kvoid UAV_Mission::arm_throttle()[m[K’:
[01m[K/home/gadzz/vtol_ws/src/mission_center/src/uav_mission.cpp:249:9:[m[K [01;35m[Kwarning: [m[Kunused variable ‘[01m[KgotTopic[m[K’ [[01;35m[K-Wunused-variable[m[K]
  249 |     int [01;35m[KgotTopic[m[K = getTopicVal(flags, "/fmu/out/vehicle_control_mode",
      |         [01;35m[K^~~~~~~~[m[K
In file included from [01m[K/opt/ros/humble/include/rclcpp/rclcpp/logging.hpp:24[m[K,
                 from [01m[K/home/gadzz/vtol_ws/src/mission_center/include/mission_center/uav_mission.hpp:12[m[K,
                 from [01m[K/home/gadzz/vtol_ws/src/mission_center/src/uav_mission.cpp:1[m[K:
[01m[K/home/gadzz/vtol_ws/src/mission_center/src/uav_mission.cpp:[m[K In lambda function:
[01m[K/home/gadzz/vtol_ws/src/mission_center/src/uav_mission.cpp:266:22:[m[K [01;35m[Kwarning: [m[Kformat ‘[01m[K%f[m[K’ expects argument of type ‘[01m[Kdouble[m[K’, but argument 5 has type ‘[01m[Kint[m[K’ [[01;35m[K-Wformat=[m[K]
  266 |                      [01;35m[K"Publishing position target: (%.2f, %.2f, %.2f) for hover"[m[K,
      |                      [01;35m[K^~~~~~~~~~~~~~~~~~~~~~~~~~~~~~~~~~~~~~~~~~~~~~~~~~~~~~~~~~[m[K
  267 |                      [32m[K0[m[K, 0, height * -1);
      |                      [32m[K~[m[K
      |                      [32m[K|[m[K
      |                      [32m[Kint[m[K
[01m[K/home/gadzz/vtol_ws/src/mission_center/src/uav_mission.cpp:266:55:[m[K [01;36m[Knote: [m[Kformat string is defined here
  266 |                      "Publishing position target: ([01;36m[K%.2f[m[K, %.2f, %.2f) for hover",
      |                                                    [01;36m[K~~~^[m[K
      |                                                       [01;36m[K|[m[K
      |                                                       [01;36m[Kdouble[m[K
      |                                                    [32m[K%.2d[m[K
In file included from [01m[K/opt/ros/humble/include/rclcpp/rclcpp/logging.hpp:24[m[K,
                 from [01m[K/home/gadzz/vtol_ws/src/mission_center/include/mission_center/uav_mission.hpp:12[m[K,
                 from [01m[K/home/gadzz/vtol_ws/src/mission_center/src/uav_mission.cpp:1[m[K:
[01m[K/home/gadzz/vtol_ws/src/mission_center/src/uav_mission.cpp:266:22:[m[K [01;35m[Kwarning: [m[Kformat ‘[01m[K%f[m[K’ expects argument of type ‘[01m[Kdouble[m[K’, but argument 6 has type ‘[01m[Kint[m[K’ [[01;35m[K-Wformat=[m[K]
  266 |                      [01;35m[K"Publishing position target: (%.2f, %.2f, %.2f) for hover"[m[K,
      |                      [01;35m[K^~~~~~~~~~~~~~~~~~~~~~~~~~~~~~~~~~~~~~~~~~~~~~~~~~~~~~~~~~[m[K
  267 |                      0, [32m[K0[m[K, height * -1);
      |                         [32m[K~[m[K
      |                         [32m[K|[m[K
      |                         [32m[Kint[m[K
[01m[K/home/gadzz/vtol_ws/src/mission_center/src/uav_mission.cpp:266:61:[m[K [01;36m[Knote: [m[Kformat string is defined here
  266 |                      "Publishing position target: (%.2f, [01;36m[K%.2f[m[K, %.2f) for hover",
      |                                                          [01;36m[K~~~^[m[K
      |                                                             [01;36m[K|[m[K
      |                                                             [01;36m[Kdouble[m[K
      |                                                          [32m[K%.2d[m[K
[01m[K/home/gadzz/vtol_ws/src/mission_center/src/uav_mission.cpp:[m[K In member function ‘[01m[Kbool UAV_Mission::init()[m[K’:
[01m[K/home/gadzz/vtol_ws/src/mission_center/src/uav_mission.cpp:333:8:[m[K [01;35m[Kwarning: [m[Kvariable ‘[01m[Kqos_profile[m[K’ set but not used [[01;35m[K-Wunused-but-set-variable[m[K]
  333 |   auto [01;35m[Kqos_profile[m[K = rclcpp::QoS(rclcpp::QoSInitialization::from_rmw(qos), qos);
      |        [01;35m[K^~~~~~~~~~~[m[K
/home/gadzz/vtol_ws/src/mission_center/src/uav_mission.cpp: In instantiation of ‘[01m[Kbool UAV_Mission::getTopicVal(T&, const string&, std::chrono::seconds) [with T = px4_msgs::msg::VehicleStatus_<std::allocator<void> >; std::string = std::__cxx11::basic_string<char>; std::chrono::seconds = std::chrono::duration<long int>][m[K’:
[01m[K/home/gadzz/vtol_ws/src/mission_center/src/uav_mission.cpp:144:21:[m[K   required from here
[01m[K/home/gadzz/vtol_ws/src/mission_center/src/uav_mission.cpp:91:21:[m[K [01;35m[Kwarning: [m[Kvariable ‘[01m[Kqos[m[K’ set but not used [[01;35m[K-Wunused-but-set-variable[m[K]
   91 |   rmw_qos_profile_t [01;35m[Kqos[m[K = rmw_qos_profile_default;
      |                     [01;35m[K^~~[m[K
/home/gadzz/vtol_ws/src/mission_center/src/uav_mission.cpp: In instantiation of ‘[01m[Kbool UAV_Mission::getTopicVal(T&, const string&, std::chrono::seconds) [with T = px4_msgs::msg::VehicleControlMode_<std::allocator<void> >; std::string = std::__cxx11::basic_string<char>; std::chrono::seconds = std::chrono::duration<long int>][m[K’:
[01m[K/home/gadzz/vtol_ws/src/mission_center/src/uav_mission.cpp:249:31:[m[K   required from here
[01m[K/home/gadzz/vtol_ws/src/mission_center/src/uav_mission.cpp:91:21:[m[K [01;35m[Kwarning: [m[Kvariable ‘[01m[Kqos[m[K’ set but not used [[01;35m[K-Wunused-but-set-variable[m[K]
In file included from [01m[K/home/gadzz/vtol_ws/src/mission_center/src/pilot_node.cpp:1[m[K:
[01m[K/home/gadzz/vtol_ws/src/mission_center/include/mission_center/uav_mission.hpp:[m[K In member function ‘[01m[Kbool UAV_Mission::killPilotCb(std::shared_ptr<std_srvs::srv::Empty_Request_<std::allocator<void> > >, std::shared_ptr<std_srvs::srv::Empty_Response_<std::allocator<void> > >)[m[K’:
[01m[K/home/gadzz/vtol_ws/src/mission_center/include/mission_center/uav_mission.hpp:108:73:[m[K [01;35m[Kwarning: [m[Kunused parameter ‘[01m[Krequest[m[K’ [[01;35m[K-Wunused-parameter[m[K]
  108 |   bool killPilotCb([01;35m[Kconst std::shared_ptr<std_srvs::srv::Empty::Request> request[m[K,
      |                    [01;35m[K~~~~~~~~~~~~~~~~~~~~~~~~~~~~~~~~~~~~~~~~~~~~~~~~~~~~~^~~~~~~[m[K
[01m[K/home/gadzz/vtol_ws/src/mission_center/include/mission_center/uav_mission.hpp:109:68:[m[K [01;35m[Kwarning: [m[Kunused parameter ‘[01m[Kresponse[m[K’ [[01;35m[K-Wunused-parameter[m[K]
  109 |                    [01;35m[Kstd::shared_ptr<std_srvs::srv::Empty::Response> response[m[K) {
      |                    [01;35m[K~~~~~~~~~~~~~~~~~~~~~~~~~~~~~~~~~~~~~~~~~~~~~~~~^~~~~~~~[m[K
[01m[K/home/gadzz/vtol_ws/src/mission_center/src/pilot_node.cpp:[m[K In member function ‘[01m[Kbool PilotNode::killPilotCb(std::shared_ptr<std_srvs::srv::Empty_Request_<std::allocator<void> > >, std::shared_ptr<std_srvs::srv::Empty_Response_<std::allocator<void> > >)[m[K’:
[01m[K/home/gadzz/vtol_ws/src/mission_center/src/pilot_node.cpp:24:73:[m[K [01;35m[Kwarning: [m[Kunused parameter ‘[01m[Krequest[m[K’ [[01;35m[K-Wunused-parameter[m[K]
   24 |   bool killPilotCb([01;35m[Kconst std::shared_ptr<std_srvs::srv::Empty::Request> request[m[K,
      |                    [01;35m[K~~~~~~~~~~~~~~~~~~~~~~~~~~~~~~~~~~~~~~~~~~~~~~~~~~~~~^~~~~~~[m[K
[01m[K/home/gadzz/vtol_ws/src/mission_center/src/pilot_node.cpp:25:68:[m[K [01;35m[Kwarning: [m[Kunused parameter ‘[01m[Kresponse[m[K’ [[01;35m[K-Wunused-parameter[m[K]
   25 |                    [01;35m[Kstd::shared_ptr<std_srvs::srv::Empty::Response> response[m[K) {
      |                    [01;35m[K~~~~~~~~~~~~~~~~~~~~~~~~~~~~~~~~~~~~~~~~~~~~~~~~^~~~~~~~[m[K
