[0.036s] Invoking command in '/home/gadzz/vtol_ws/build/mission_center': CMAKE_PREFIX_PATH=/home/gadzz/vtol_ws/install/keyboard_msgs:/home/gadzz/vtol_ws/install/px4_ros_com:/home/gadzz/vtol_ws/install/px4_msgs:/home/gadzz/vtol_ws/install/mission_center:/home/gadzz/vtol_ws/install/keyboard:/home/gadzz/ardu_ws/install/test_ros_gz_bridge:/home/gadzz/ardu_ws/install/ros_ign:/home/gadzz/ardu_ws/install/ros_ign_gazebo_demos:/home/gadzz/ardu_ws/install/ros_gz:/home/gadzz/ardu_ws/install/ros_gz_sim_demos:/home/gadzz/ardu_ws/install/ardupilot_gz_bringup:/home/gadzz/ardu_ws/install/sdformat_urdf:/home/gadzz/ardu_ws/install/sdformat_test_files:/home/gadzz/ardu_ws/install/ros_ign_interfaces:/home/gadzz/ardu_ws/install/ros_ign_image:/home/gadzz/ardu_ws/install/ros_ign_gazebo:/home/gadzz/ardu_ws/install/ros_ign_bridge:/home/gadzz/ardu_ws/install/ros_gz_sim:/home/gadzz/ardu_ws/install/ros_gz_image:/home/gadzz/ardu_ws/install/ros_gz_bridge:/home/gadzz/ardu_ws/install/ros_gz_interfaces:/home/gadzz/ardu_ws/install/ardupilot_sitl:/home/gadzz/ardu_ws/install/micro_ros_agent:/home/gadzz/ardu_ws/install/keyboard:/home/gadzz/ardu_ws/install/keyboard_msgs:/home/gadzz/ardu_ws/install/ardupilot_sitl_models:/home/gadzz/ardu_ws/install/ardupilot_msgs:/home/gadzz/ardu_ws/install/ardupilot_gz_gazebo:/home/gadzz/ardu_ws/install/ardupilot_gz_description:/home/gadzz/ardu_ws/install/ardupilot_gz_application:/home/gadzz/ardu_ws/install/ardupilot_gazebo:/home/gadzz/ardu_ws/install/ardupilot_dds_tests:/opt/ros/humble LD_LIBRARY_PATH=/home/gadzz/vtol_ws/install/keyboard_msgs/lib:/home/gadzz/vtol_ws/install/px4_ros_com/lib:/home/gadzz/vtol_ws/install/px4_msgs/lib:/home/gadzz/vtol_ws/install/mission_center/lib:/home/gadzz/ardu_ws/install/sdformat_urdf/lib:/home/gadzz/ardu_ws/install/ros_ign_interfaces/lib:/home/gadzz/ardu_ws/install/ros_gz_sim/lib:/home/gadzz/ardu_ws/install/ros_gz_bridge/lib:/home/gadzz/ardu_ws/install/ros_gz_interfaces/lib:/home/gadzz/ardu_ws/install/micro_ros_agent/lib:/home/gadzz/ardu_ws/install/keyboard_msgs/lib:/home/gadzz/ardu_ws/install/ardupilot_msgs/lib:/opt/ros/humble/opt/rviz_ogre_vendor/lib:/opt/ros/humble/lib/x86_64-linux-gnu:/opt/ros/humble/lib /usr/bin/cmake --build /home/gadzz/vtol_ws/build/mission_center -- -j8 -l8
[0.181s] [  7%] [32mBuilding CXX object CMakeFiles/uav_mission.dir/src/uav_mission.cpp.o[0m
[0.194s] [ 21%] Built target safety_node
[5.618s] In file included from [01m[K/home/gadzz/vtol_ws/src/mission_center/src/uav_mission.cpp:1[m[K:
[5.618s] [01m[K/home/gadzz/vtol_ws/src/mission_center/include/mission_center/uav_mission.hpp:[m[K In member function ‘[01m[Kbool UAV_Mission::killPilotCb(std::shared_ptr<std_srvs::srv::Empty_Request_<std::allocator<void> > >, std::shared_ptr<std_srvs::srv::Empty_Response_<std::allocator<void> > >)[m[K’:
[5.618s] [01m[K/home/gadzz/vtol_ws/src/mission_center/include/mission_center/uav_mission.hpp:81:73:[m[K [01;35m[Kwarning: [m[Kunused parameter ‘[01m[Krequest[m[K’ [[01;35m[K-Wunused-parameter[m[K]
[5.619s]    81 |   bool killPilotCb([01;35m[Kconst std::shared_ptr<std_srvs::srv::Empty::Request> request[m[K,
[5.619s]       |                    [01;35m[K~~~~~~~~~~~~~~~~~~~~~~~~~~~~~~~~~~~~~~~~~~~~~~~~~~~~~^~~~~~~[m[K
[5.619s] [01m[K/home/gadzz/vtol_ws/src/mission_center/include/mission_center/uav_mission.hpp:82:68:[m[K [01;35m[Kwarning: [m[Kunused parameter ‘[01m[Kresponse[m[K’ [[01;35m[K-Wunused-parameter[m[K]
[5.619s]    82 |                    [01;35m[Kstd::shared_ptr<std_srvs::srv::Empty::Response> response[m[K) {
[5.619s]       |                    [01;35m[K~~~~~~~~~~~~~~~~~~~~~~~~~~~~~~~~~~~~~~~~~~~~~~~~^~~~~~~~[m[K
[5.619s] [01m[K/home/gadzz/vtol_ws/src/mission_center/src/uav_mission.cpp:[m[K In constructor ‘[01m[KUAV_Mission::UAV_Mission(rclcpp::Node::SharedPtr)[m[K’:
[5.619s] [01m[K/home/gadzz/vtol_ws/src/mission_center/src/uav_mission.cpp:19:50:[m[K [01;35m[Kwarning: [m[Kunused parameter ‘[01m[Knode[m[K’ [[01;35m[K-Wunused-parameter[m[K]
[5.619s]    19 | UAV_Mission::UAV_Mission([01;35m[Krclcpp::Node::SharedPtr node[m[K) {
[5.619s]       |                          [01;35m[K~~~~~~~~~~~~~~~~~~~~~~~~^~~~[m[K
[5.619s] [01m[K/home/gadzz/vtol_ws/src/mission_center/src/uav_mission.cpp:[m[K At global scope:
[5.619s] [01m[K/home/gadzz/vtol_ws/src/mission_center/src/uav_mission.cpp:46:1:[m[K [01;31m[Kerror: [m[K‘[01m[Kbo[m[K’ does not name a type
[5.619s]    46 | [01;31m[Kbo[m[K // ol UAV_Mission::restartMission(
[5.619s]       | [01;31m[K^~[m[K
[5.619s] [01m[K/home/gadzz/vtol_ws/src/mission_center/src/uav_mission.cpp:52:1:[m[K [01;31m[Kerror: [m[Kexpected declaration before ‘[01m[K}[m[K’ token
[5.619s]    52 | [01;31m[K}[m[K
[5.619s]       | [01;31m[K^[m[K
[5.619s] [01m[K/home/gadzz/vtol_ws/src/mission_center/src/uav_mission.cpp:54:1:[m[K [01;31m[Kerror: [m[K‘[01m[Kte[m[K’ does not name a type; did you mean ‘[01m[Ktm[m[K’?
[5.620s]    54 | [01;31m[Kte[m[K     // mplate <class T>
[5.620s]       | [01;31m[K^~[m[K
[5.620s]       | [32m[Ktm[m[K
[5.620s] [01m[K/home/gadzz/vtol_ws/src/mission_center/src/uav_mission.cpp:90:1:[m[K [01;31m[Kerror: [m[Kexpected declaration before ‘[01m[K}[m[K’ token
[5.620s]    90 | [01;31m[K}[m[K
[5.620s]       | [01;31m[K^[m[K
[5.620s] [01m[K/home/gadzz/vtol_ws/src/mission_center/src/uav_mission.cpp:92:1:[m[K [01;31m[Kerror: [m[K‘[01m[Kvo[m[K’ does not name a type; did you mean ‘[01m[Kvoid[m[K’?
[5.620s]    92 | [01;31m[Kvo[m[K // id UAV_Mission::switch_mode(std::string mode) {
[5.620s]       | [01;31m[K^~[m[K
[5.620s]       | [32m[Kvoid[m[K
[5.620s] [01m[K/home/gadzz/vtol_ws/src/mission_center/src/uav_mission.cpp:130:1:[m[K [01;31m[Kerror: [m[Kexpected declaration before ‘[01m[K}[m[K’ token
[5.620s]   130 | [01;31m[K}[m[K
[5.620s]       | [01;31m[K^[m[K
[5.620s] [01m[K/home/gadzz/vtol_ws/src/mission_center/src/uav_mission.cpp:132:1:[m[K [01;31m[Kerror: [m[K‘[01m[Kvo[m[K’ does not name a type; did you mean ‘[01m[Kvoid[m[K’?
[5.620s]   132 | [01;31m[Kvo[m[K // id UAV_Mission::land() {
[5.620s]       | [01;31m[K^~[m[K
[5.620s]       | [32m[Kvoid[m[K
[5.620s] [01m[K/home/gadzz/vtol_ws/src/mission_center/src/uav_mission.cpp:135:1:[m[K [01;31m[Kerror: [m[Kexpected declaration before ‘[01m[K}[m[K’ token
[5.620s]   135 | [01;31m[K}[m[K
[5.621s]       | [01;31m[K^[m[K
[5.621s] [01m[K/home/gadzz/vtol_ws/src/mission_center/src/uav_mission.cpp:137:1:[m[K [01;31m[Kerror: [m[K‘[01m[Kvo[m[K’ does not name a type; did you mean ‘[01m[Kvoid[m[K’?
[5.621s]   137 | [01;31m[Kvo[m[K // id UAV_Mission::arm_throttle() {
[5.621s]       | [01;31m[K^~[m[K
[5.621s]       | [32m[Kvoid[m[K
[5.621s] [01m[K/home/gadzz/vtol_ws/src/mission_center/src/uav_mission.cpp:172:1:[m[K [01;31m[Kerror: [m[Kexpected declaration before ‘[01m[K}[m[K’ token
[5.621s]   172 | [01;31m[K}[m[K
[5.621s]       | [01;31m[K^[m[K
[5.621s] [01m[K/home/gadzz/vtol_ws/src/mission_center/src/uav_mission.cpp:173:1:[m[K [01;31m[Kerror: [m[K‘[01m[Kvo[m[K’ does not name a type; did you mean ‘[01m[Kvoid[m[K’?
[5.621s]   173 | [01;31m[Kvo[m[K // id UAV_Mission::takeoff(double height) {
[5.621s]       | [01;31m[K^~[m[K
[5.621s]       | [32m[Kvoid[m[K
[5.621s] [01m[K/home/gadzz/vtol_ws/src/mission_center/src/uav_mission.cpp:202:1:[m[K [01;31m[Kerror: [m[Kexpected declaration before ‘[01m[K}[m[K’ token
[5.621s]   202 | [01;31m[K}[m[K
[5.621s]       | [01;31m[K^[m[K
[5.621s] [01m[K/home/gadzz/vtol_ws/src/mission_center/src/uav_mission.cpp:203:1:[m[K [01;31m[Kerror: [m[K‘[01m[Kbo[m[K’ does not name a type
[5.621s]   203 | [01;31m[Kbo[m[K // ol UAV_Mission::init() {
[5.621s]       | [01;31m[K^~[m[K
[5.621s] [01m[K/home/gadzz/vtol_ws/src/mission_center/src/uav_mission.cpp:293:1:[m[K [01;31m[Kerror: [m[Kexpected declaration before ‘[01m[K}[m[K’ token
[5.621s]   293 | [01;31m[K}[m[K
[5.621s]       | [01;31m[K^[m[K
[5.621s] gmake[2]: *** [CMakeFiles/uav_mission.dir/build.make:76: CMakeFiles/uav_mission.dir/src/uav_mission.cpp.o] Error 1
[5.621s] gmake[1]: *** [CMakeFiles/Makefile2:143: CMakeFiles/uav_mission.dir/all] Error 2
[5.621s] gmake: *** [Makefile:146: all] Error 2
[5.623s] Invoked command in '/home/gadzz/vtol_ws/build/mission_center' returned '2': CMAKE_PREFIX_PATH=/home/gadzz/vtol_ws/install/keyboard_msgs:/home/gadzz/vtol_ws/install/px4_ros_com:/home/gadzz/vtol_ws/install/px4_msgs:/home/gadzz/vtol_ws/install/mission_center:/home/gadzz/vtol_ws/install/keyboard:/home/gadzz/ardu_ws/install/test_ros_gz_bridge:/home/gadzz/ardu_ws/install/ros_ign:/home/gadzz/ardu_ws/install/ros_ign_gazebo_demos:/home/gadzz/ardu_ws/install/ros_gz:/home/gadzz/ardu_ws/install/ros_gz_sim_demos:/home/gadzz/ardu_ws/install/ardupilot_gz_bringup:/home/gadzz/ardu_ws/install/sdformat_urdf:/home/gadzz/ardu_ws/install/sdformat_test_files:/home/gadzz/ardu_ws/install/ros_ign_interfaces:/home/gadzz/ardu_ws/install/ros_ign_image:/home/gadzz/ardu_ws/install/ros_ign_gazebo:/home/gadzz/ardu_ws/install/ros_ign_bridge:/home/gadzz/ardu_ws/install/ros_gz_sim:/home/gadzz/ardu_ws/install/ros_gz_image:/home/gadzz/ardu_ws/install/ros_gz_bridge:/home/gadzz/ardu_ws/install/ros_gz_interfaces:/home/gadzz/ardu_ws/install/ardupilot_sitl:/home/gadzz/ardu_ws/install/micro_ros_agent:/home/gadzz/ardu_ws/install/keyboard:/home/gadzz/ardu_ws/install/keyboard_msgs:/home/gadzz/ardu_ws/install/ardupilot_sitl_models:/home/gadzz/ardu_ws/install/ardupilot_msgs:/home/gadzz/ardu_ws/install/ardupilot_gz_gazebo:/home/gadzz/ardu_ws/install/ardupilot_gz_description:/home/gadzz/ardu_ws/install/ardupilot_gz_application:/home/gadzz/ardu_ws/install/ardupilot_gazebo:/home/gadzz/ardu_ws/install/ardupilot_dds_tests:/opt/ros/humble LD_LIBRARY_PATH=/home/gadzz/vtol_ws/install/keyboard_msgs/lib:/home/gadzz/vtol_ws/install/px4_ros_com/lib:/home/gadzz/vtol_ws/install/px4_msgs/lib:/home/gadzz/vtol_ws/install/mission_center/lib:/home/gadzz/ardu_ws/install/sdformat_urdf/lib:/home/gadzz/ardu_ws/install/ros_ign_interfaces/lib:/home/gadzz/ardu_ws/install/ros_gz_sim/lib:/home/gadzz/ardu_ws/install/ros_gz_bridge/lib:/home/gadzz/ardu_ws/install/ros_gz_interfaces/lib:/home/gadzz/ardu_ws/install/micro_ros_agent/lib:/home/gadzz/ardu_ws/install/keyboard_msgs/lib:/home/gadzz/ardu_ws/install/ardupilot_msgs/lib:/opt/ros/humble/opt/rviz_ogre_vendor/lib:/opt/ros/humble/lib/x86_64-linux-gnu:/opt/ros/humble/lib /usr/bin/cmake --build /home/gadzz/vtol_ws/build/mission_center -- -j8 -l8
