[0.157s] DEBUG:colcon:Command line arguments: ['/usr/bin/colcon', 'build']
[0.158s] DEBUG:colcon:Parsed command line arguments: Namespace(log_base=None, log_level=None, verb_name='build', build_base='build', install_base='install', merge_install=False, symlink_install=False, test_result_base=None, continue_on_error=False, executor='parallel', parallel_workers=8, event_handlers=None, ignore_user_meta=False, metas=['./colcon.meta'], base_paths=['.'], packages_ignore=None, packages_ignore_regex=None, paths=None, packages_up_to=None, packages_up_to_regex=None, packages_above=None, packages_above_and_dependencies=None, packages_above_depth=None, packages_select_by_dep=None, packages_skip_by_dep=None, packages_skip_up_to=None, packages_select_build_failed=False, packages_skip_build_finished=False, packages_select_test_failures=False, packages_skip_test_passed=False, packages_select=None, packages_skip=None, packages_select_regex=None, packages_skip_regex=None, packages_start=None, packages_end=None, allow_overriding=[], cmake_args=None, cmake_target=None, cmake_target_skip_unavailable=False, cmake_clean_cache=False, cmake_clean_first=False, cmake_force_configure=False, ament_cmake_args=None, catkin_cmake_args=None, catkin_skip_building_tests=False, mixin_files=None, mixin=None, verb_parser=<colcon_mixin.mixin.mixin_argument.MixinArgumentDecorator object at 0x78c4bc46fac0>, verb_extension=<colcon_core.verb.build.BuildVerb object at 0x78c4bc5a4ee0>, main=<bound method BuildVerb.main of <colcon_core.verb.build.BuildVerb object at 0x78c4bc5a4ee0>>, mixin_verb=('build',))
[0.395s] Level 1:colcon.colcon_core.package_discovery:discover_packages(colcon_meta) check parameters
[0.395s] Level 1:colcon.colcon_core.package_discovery:discover_packages(recursive) check parameters
[0.395s] Level 1:colcon.colcon_core.package_discovery:discover_packages(ignore) check parameters
[0.395s] Level 1:colcon.colcon_core.package_discovery:discover_packages(path) check parameters
[0.395s] Level 1:colcon.colcon_core.package_discovery:discover_packages(colcon_meta) discover
[0.395s] Level 1:colcon.colcon_core.package_discovery:discover_packages(recursive) discover
[0.395s] INFO:colcon.colcon_core.package_discovery:Crawling recursively for packages in '/home/gadzz/tubitak_ws'
[0.396s] Level 1:colcon.colcon_core.package_identification:_identify(.) by extensions ['ignore', 'ignore_ament_install']
[0.396s] Level 1:colcon.colcon_core.package_identification:_identify(.) by extension 'ignore'
[0.396s] Level 1:colcon.colcon_core.package_identification:_identify(.) by extension 'ignore_ament_install'
[0.396s] Level 1:colcon.colcon_core.package_identification:_identify(.) by extensions ['colcon_pkg']
[0.396s] Level 1:colcon.colcon_core.package_identification:_identify(.) by extension 'colcon_pkg'
[0.396s] Level 1:colcon.colcon_core.package_identification:_identify(.) by extensions ['colcon_meta']
[0.396s] Level 1:colcon.colcon_core.package_identification:_identify(.) by extension 'colcon_meta'
[0.396s] Level 1:colcon.colcon_core.package_identification:_identify(.) by extensions ['ros']
[0.396s] Level 1:colcon.colcon_core.package_identification:_identify(.) by extension 'ros'
[0.412s] Level 1:colcon.colcon_core.package_identification:_identify(.) by extensions ['cmake', 'python']
[0.412s] Level 1:colcon.colcon_core.package_identification:_identify(.) by extension 'cmake'
[0.412s] Level 1:colcon.colcon_core.package_identification:_identify(.) by extension 'python'
[0.412s] Level 1:colcon.colcon_core.package_identification:_identify(.) by extensions ['python_setup_py']
[0.412s] Level 1:colcon.colcon_core.package_identification:_identify(.) by extension 'python_setup_py'
[0.412s] Level 1:colcon.colcon_core.package_identification:_identify(build) by extensions ['ignore', 'ignore_ament_install']
[0.412s] Level 1:colcon.colcon_core.package_identification:_identify(build) by extension 'ignore'
[0.412s] Level 1:colcon.colcon_core.package_identification:_identify(build) ignored
[0.412s] Level 1:colcon.colcon_core.package_identification:_identify(install) by extensions ['ignore', 'ignore_ament_install']
[0.412s] Level 1:colcon.colcon_core.package_identification:_identify(install) by extension 'ignore'
[0.412s] Level 1:colcon.colcon_core.package_identification:_identify(install) ignored
[0.412s] Level 1:colcon.colcon_core.package_identification:_identify(log) by extensions ['ignore', 'ignore_ament_install']
[0.413s] Level 1:colcon.colcon_core.package_identification:_identify(log) by extension 'ignore'
[0.413s] Level 1:colcon.colcon_core.package_identification:_identify(log) ignored
[0.413s] Level 1:colcon.colcon_core.package_identification:_identify(src) by extensions ['ignore', 'ignore_ament_install']
[0.413s] Level 1:colcon.colcon_core.package_identification:_identify(src) by extension 'ignore'
[0.413s] Level 1:colcon.colcon_core.package_identification:_identify(src) by extension 'ignore_ament_install'
[0.413s] Level 1:colcon.colcon_core.package_identification:_identify(src) by extensions ['colcon_pkg']
[0.413s] Level 1:colcon.colcon_core.package_identification:_identify(src) by extension 'colcon_pkg'
[0.413s] Level 1:colcon.colcon_core.package_identification:_identify(src) by extensions ['colcon_meta']
[0.413s] Level 1:colcon.colcon_core.package_identification:_identify(src) by extension 'colcon_meta'
[0.413s] Level 1:colcon.colcon_core.package_identification:_identify(src) by extensions ['ros']
[0.413s] Level 1:colcon.colcon_core.package_identification:_identify(src) by extension 'ros'
[0.413s] Level 1:colcon.colcon_core.package_identification:_identify(src) by extensions ['cmake', 'python']
[0.413s] Level 1:colcon.colcon_core.package_identification:_identify(src) by extension 'cmake'
[0.413s] Level 1:colcon.colcon_core.package_identification:_identify(src) by extension 'python'
[0.413s] Level 1:colcon.colcon_core.package_identification:_identify(src) by extensions ['python_setup_py']
[0.413s] Level 1:colcon.colcon_core.package_identification:_identify(src) by extension 'python_setup_py'
[0.413s] Level 1:colcon.colcon_core.package_identification:_identify(src/mission_center) by extensions ['ignore', 'ignore_ament_install']
[0.413s] Level 1:colcon.colcon_core.package_identification:_identify(src/mission_center) by extension 'ignore'
[0.413s] Level 1:colcon.colcon_core.package_identification:_identify(src/mission_center) by extension 'ignore_ament_install'
[0.413s] Level 1:colcon.colcon_core.package_identification:_identify(src/mission_center) by extensions ['colcon_pkg']
[0.413s] Level 1:colcon.colcon_core.package_identification:_identify(src/mission_center) by extension 'colcon_pkg'
[0.413s] Level 1:colcon.colcon_core.package_identification:_identify(src/mission_center) by extensions ['colcon_meta']
[0.413s] Level 1:colcon.colcon_core.package_identification:_identify(src/mission_center) by extension 'colcon_meta'
[0.413s] Level 1:colcon.colcon_core.package_identification:_identify(src/mission_center) by extensions ['ros']
[0.413s] Level 1:colcon.colcon_core.package_identification:_identify(src/mission_center) by extension 'ros'
[0.419s] DEBUG:colcon.colcon_core.package_identification:Package 'src/mission_center' with type 'ros.ament_cmake' and name 'mission_center'
[0.420s] Level 1:colcon.colcon_core.package_identification:_identify(src/ros2-keyboard) by extensions ['ignore', 'ignore_ament_install']
[0.420s] Level 1:colcon.colcon_core.package_identification:_identify(src/ros2-keyboard) by extension 'ignore'
[0.420s] Level 1:colcon.colcon_core.package_identification:_identify(src/ros2-keyboard) by extension 'ignore_ament_install'
[0.420s] Level 1:colcon.colcon_core.package_identification:_identify(src/ros2-keyboard) by extensions ['colcon_pkg']
[0.420s] Level 1:colcon.colcon_core.package_identification:_identify(src/ros2-keyboard) by extension 'colcon_pkg'
[0.420s] Level 1:colcon.colcon_core.package_identification:_identify(src/ros2-keyboard) by extensions ['colcon_meta']
[0.420s] Level 1:colcon.colcon_core.package_identification:_identify(src/ros2-keyboard) by extension 'colcon_meta'
[0.420s] Level 1:colcon.colcon_core.package_identification:_identify(src/ros2-keyboard) by extensions ['ros']
[0.420s] Level 1:colcon.colcon_core.package_identification:_identify(src/ros2-keyboard) by extension 'ros'
[0.420s] Level 1:colcon.colcon_core.package_identification:_identify(src/ros2-keyboard) by extensions ['cmake', 'python']
[0.420s] Level 1:colcon.colcon_core.package_identification:_identify(src/ros2-keyboard) by extension 'cmake'
[0.420s] Level 1:colcon.colcon_core.package_identification:_identify(src/ros2-keyboard) by extension 'python'
[0.420s] Level 1:colcon.colcon_core.package_identification:_identify(src/ros2-keyboard) by extensions ['python_setup_py']
[0.420s] Level 1:colcon.colcon_core.package_identification:_identify(src/ros2-keyboard) by extension 'python_setup_py'
[0.420s] Level 1:colcon.colcon_core.package_identification:_identify(src/ros2-keyboard/keyboard) by extensions ['ignore', 'ignore_ament_install']
[0.420s] Level 1:colcon.colcon_core.package_identification:_identify(src/ros2-keyboard/keyboard) by extension 'ignore'
[0.420s] Level 1:colcon.colcon_core.package_identification:_identify(src/ros2-keyboard/keyboard) by extension 'ignore_ament_install'
[0.421s] Level 1:colcon.colcon_core.package_identification:_identify(src/ros2-keyboard/keyboard) by extensions ['colcon_pkg']
[0.421s] Level 1:colcon.colcon_core.package_identification:_identify(src/ros2-keyboard/keyboard) by extension 'colcon_pkg'
[0.421s] Level 1:colcon.colcon_core.package_identification:_identify(src/ros2-keyboard/keyboard) by extensions ['colcon_meta']
[0.421s] Level 1:colcon.colcon_core.package_identification:_identify(src/ros2-keyboard/keyboard) by extension 'colcon_meta'
[0.421s] Level 1:colcon.colcon_core.package_identification:_identify(src/ros2-keyboard/keyboard) by extensions ['ros']
[0.421s] Level 1:colcon.colcon_core.package_identification:_identify(src/ros2-keyboard/keyboard) by extension 'ros'
[0.421s] DEBUG:colcon.colcon_core.package_identification:Package 'src/ros2-keyboard/keyboard' with type 'ros.ament_cmake' and name 'keyboard'
[0.422s] Level 1:colcon.colcon_core.package_identification:_identify(src/ros2-keyboard/keyboard_msgs) by extensions ['ignore', 'ignore_ament_install']
[0.422s] Level 1:colcon.colcon_core.package_identification:_identify(src/ros2-keyboard/keyboard_msgs) by extension 'ignore'
[0.422s] Level 1:colcon.colcon_core.package_identification:_identify(src/ros2-keyboard/keyboard_msgs) by extension 'ignore_ament_install'
[0.422s] Level 1:colcon.colcon_core.package_identification:_identify(src/ros2-keyboard/keyboard_msgs) by extensions ['colcon_pkg']
[0.422s] Level 1:colcon.colcon_core.package_identification:_identify(src/ros2-keyboard/keyboard_msgs) by extension 'colcon_pkg'
[0.422s] Level 1:colcon.colcon_core.package_identification:_identify(src/ros2-keyboard/keyboard_msgs) by extensions ['colcon_meta']
[0.422s] Level 1:colcon.colcon_core.package_identification:_identify(src/ros2-keyboard/keyboard_msgs) by extension 'colcon_meta'
[0.422s] Level 1:colcon.colcon_core.package_identification:_identify(src/ros2-keyboard/keyboard_msgs) by extensions ['ros']
[0.422s] Level 1:colcon.colcon_core.package_identification:_identify(src/ros2-keyboard/keyboard_msgs) by extension 'ros'
[0.423s] DEBUG:colcon.colcon_core.package_identification:Package 'src/ros2-keyboard/keyboard_msgs' with type 'ros.ament_cmake' and name 'keyboard_msgs'
[0.424s] Level 1:colcon.colcon_core.package_identification:_identify(terrain) by extensions ['ignore', 'ignore_ament_install']
[0.424s] Level 1:colcon.colcon_core.package_identification:_identify(terrain) by extension 'ignore'
[0.424s] Level 1:colcon.colcon_core.package_identification:_identify(terrain) by extension 'ignore_ament_install'
[0.424s] Level 1:colcon.colcon_core.package_identification:_identify(terrain) by extensions ['colcon_pkg']
[0.424s] Level 1:colcon.colcon_core.package_identification:_identify(terrain) by extension 'colcon_pkg'
[0.424s] Level 1:colcon.colcon_core.package_identification:_identify(terrain) by extensions ['colcon_meta']
[0.424s] Level 1:colcon.colcon_core.package_identification:_identify(terrain) by extension 'colcon_meta'
[0.424s] Level 1:colcon.colcon_core.package_identification:_identify(terrain) by extensions ['ros']
[0.424s] Level 1:colcon.colcon_core.package_identification:_identify(terrain) by extension 'ros'
[0.424s] Level 1:colcon.colcon_core.package_identification:_identify(terrain) by extensions ['cmake', 'python']
[0.424s] Level 1:colcon.colcon_core.package_identification:_identify(terrain) by extension 'cmake'
[0.424s] Level 1:colcon.colcon_core.package_identification:_identify(terrain) by extension 'python'
[0.424s] Level 1:colcon.colcon_core.package_identification:_identify(terrain) by extensions ['python_setup_py']
[0.424s] Level 1:colcon.colcon_core.package_identification:_identify(terrain) by extension 'python_setup_py'
[0.424s] Level 1:colcon.colcon_core.package_discovery:discover_packages(recursive) using defaults
[0.424s] Level 1:colcon.colcon_core.package_discovery:discover_packages(ignore) discover
[0.424s] Level 1:colcon.colcon_core.package_discovery:discover_packages(ignore) using defaults
[0.424s] Level 1:colcon.colcon_core.package_discovery:discover_packages(path) discover
[0.424s] Level 1:colcon.colcon_core.package_discovery:discover_packages(path) using defaults
[0.483s] Level 1:colcon.colcon_core.package_discovery:discover_packages(prefix_path) check parameters
[0.483s] Level 1:colcon.colcon_core.package_discovery:discover_packages(prefix_path) discover
[0.488s] DEBUG:colcon.colcon_installed_package_information.package_discovery:Found 27 installed packages in /home/gadzz/ardu_ws/install
[0.491s] DEBUG:colcon.colcon_installed_package_information.package_discovery:Found 298 installed packages in /opt/ros/humble
[0.493s] Level 1:colcon.colcon_core.package_discovery:discover_packages(prefix_path) using defaults
[0.549s] Level 5:colcon.colcon_core.verb:set package 'keyboard_msgs' build argument 'cmake_args' from command line to 'None'
[0.549s] Level 5:colcon.colcon_core.verb:set package 'keyboard_msgs' build argument 'cmake_target' from command line to 'None'
[0.550s] Level 5:colcon.colcon_core.verb:set package 'keyboard_msgs' build argument 'cmake_target_skip_unavailable' from command line to 'False'
[0.550s] Level 5:colcon.colcon_core.verb:set package 'keyboard_msgs' build argument 'cmake_clean_cache' from command line to 'False'
[0.550s] Level 5:colcon.colcon_core.verb:set package 'keyboard_msgs' build argument 'cmake_clean_first' from command line to 'False'
[0.550s] Level 5:colcon.colcon_core.verb:set package 'keyboard_msgs' build argument 'cmake_force_configure' from command line to 'False'
[0.550s] Level 5:colcon.colcon_core.verb:set package 'keyboard_msgs' build argument 'ament_cmake_args' from command line to 'None'
[0.550s] Level 5:colcon.colcon_core.verb:set package 'keyboard_msgs' build argument 'catkin_cmake_args' from command line to 'None'
[0.550s] Level 5:colcon.colcon_core.verb:set package 'keyboard_msgs' build argument 'catkin_skip_building_tests' from command line to 'False'
[0.550s] DEBUG:colcon.colcon_core.verb:Building package 'keyboard_msgs' with the following arguments: {'ament_cmake_args': None, 'build_base': '/home/gadzz/tubitak_ws/build/keyboard_msgs', 'catkin_cmake_args': None, 'catkin_skip_building_tests': False, 'cmake_args': None, 'cmake_clean_cache': False, 'cmake_clean_first': False, 'cmake_force_configure': False, 'cmake_target': None, 'cmake_target_skip_unavailable': False, 'install_base': '/home/gadzz/tubitak_ws/install/keyboard_msgs', 'merge_install': False, 'path': '/home/gadzz/tubitak_ws/src/ros2-keyboard/keyboard_msgs', 'symlink_install': False, 'test_result_base': None}
[0.551s] Level 5:colcon.colcon_core.verb:set package 'keyboard' build argument 'cmake_args' from command line to 'None'
[0.551s] Level 5:colcon.colcon_core.verb:set package 'keyboard' build argument 'cmake_target' from command line to 'None'
[0.551s] Level 5:colcon.colcon_core.verb:set package 'keyboard' build argument 'cmake_target_skip_unavailable' from command line to 'False'
[0.551s] Level 5:colcon.colcon_core.verb:set package 'keyboard' build argument 'cmake_clean_cache' from command line to 'False'
[0.551s] Level 5:colcon.colcon_core.verb:set package 'keyboard' build argument 'cmake_clean_first' from command line to 'False'
[0.551s] Level 5:colcon.colcon_core.verb:set package 'keyboard' build argument 'cmake_force_configure' from command line to 'False'
[0.551s] Level 5:colcon.colcon_core.verb:set package 'keyboard' build argument 'ament_cmake_args' from command line to 'None'
[0.551s] Level 5:colcon.colcon_core.verb:set package 'keyboard' build argument 'catkin_cmake_args' from command line to 'None'
[0.551s] Level 5:colcon.colcon_core.verb:set package 'keyboard' build argument 'catkin_skip_building_tests' from command line to 'False'
[0.551s] DEBUG:colcon.colcon_core.verb:Building package 'keyboard' with the following arguments: {'ament_cmake_args': None, 'build_base': '/home/gadzz/tubitak_ws/build/keyboard', 'catkin_cmake_args': None, 'catkin_skip_building_tests': False, 'cmake_args': None, 'cmake_clean_cache': False, 'cmake_clean_first': False, 'cmake_force_configure': False, 'cmake_target': None, 'cmake_target_skip_unavailable': False, 'install_base': '/home/gadzz/tubitak_ws/install/keyboard', 'merge_install': False, 'path': '/home/gadzz/tubitak_ws/src/ros2-keyboard/keyboard', 'symlink_install': False, 'test_result_base': None}
[0.552s] Level 5:colcon.colcon_core.verb:set package 'mission_center' build argument 'cmake_args' from command line to 'None'
[0.552s] Level 5:colcon.colcon_core.verb:set package 'mission_center' build argument 'cmake_target' from command line to 'None'
[0.552s] Level 5:colcon.colcon_core.verb:set package 'mission_center' build argument 'cmake_target_skip_unavailable' from command line to 'False'
[0.552s] Level 5:colcon.colcon_core.verb:set package 'mission_center' build argument 'cmake_clean_cache' from command line to 'False'
[0.552s] Level 5:colcon.colcon_core.verb:set package 'mission_center' build argument 'cmake_clean_first' from command line to 'False'
[0.552s] Level 5:colcon.colcon_core.verb:set package 'mission_center' build argument 'cmake_force_configure' from command line to 'False'
[0.552s] Level 5:colcon.colcon_core.verb:set package 'mission_center' build argument 'ament_cmake_args' from command line to 'None'
[0.552s] Level 5:colcon.colcon_core.verb:set package 'mission_center' build argument 'catkin_cmake_args' from command line to 'None'
[0.552s] Level 5:colcon.colcon_core.verb:set package 'mission_center' build argument 'catkin_skip_building_tests' from command line to 'False'
[0.552s] DEBUG:colcon.colcon_core.verb:Building package 'mission_center' with the following arguments: {'ament_cmake_args': None, 'build_base': '/home/gadzz/tubitak_ws/build/mission_center', 'catkin_cmake_args': None, 'catkin_skip_building_tests': False, 'cmake_args': None, 'cmake_clean_cache': False, 'cmake_clean_first': False, 'cmake_force_configure': False, 'cmake_target': None, 'cmake_target_skip_unavailable': False, 'install_base': '/home/gadzz/tubitak_ws/install/mission_center', 'merge_install': False, 'path': '/home/gadzz/tubitak_ws/src/mission_center', 'symlink_install': False, 'test_result_base': None}
[0.552s] INFO:colcon.colcon_core.executor:Executing jobs using 'parallel' executor
[0.556s] DEBUG:colcon.colcon_parallel_executor.executor.parallel:run_until_complete
[0.557s] INFO:colcon.colcon_ros.task.ament_cmake.build:Building ROS package in '/home/gadzz/tubitak_ws/src/ros2-keyboard/keyboard_msgs' with build type 'ament_cmake'
[0.557s] INFO:colcon.colcon_cmake.task.cmake.build:Building CMake package in '/home/gadzz/tubitak_ws/src/ros2-keyboard/keyboard_msgs'
[0.562s] INFO:colcon.colcon_core.plugin_system:Skipping extension 'colcon_core.shell.bat': Not used on non-Windows systems
[0.563s] INFO:colcon.colcon_core.shell:Skip shell extension 'powershell' for command environment: Not usable outside of PowerShell
[0.563s] DEBUG:colcon.colcon_core.shell:Skip shell extension 'dsv' for command environment
[0.584s] DEBUG:colcon.colcon_core.event_handler.log_command:Invoking command in '/home/gadzz/tubitak_ws/build/keyboard_msgs': CMAKE_PREFIX_PATH=${CMAKE_PREFIX_PATH}:/home/gadzz/ardu_ws/install/ardupilot_dds_tests:/opt/ros/humble /usr/bin/cmake --build /home/gadzz/tubitak_ws/build/keyboard_msgs -- -j8 -l8
[1.829s] DEBUG:colcon.colcon_core.event_handler.log_command:Invoked command in '/home/gadzz/tubitak_ws/build/keyboard_msgs' returned '0': CMAKE_PREFIX_PATH=${CMAKE_PREFIX_PATH}:/home/gadzz/ardu_ws/install/ardupilot_dds_tests:/opt/ros/humble /usr/bin/cmake --build /home/gadzz/tubitak_ws/build/keyboard_msgs -- -j8 -l8
[1.856s] DEBUG:colcon.colcon_core.event_handler.log_command:Invoking command in '/home/gadzz/tubitak_ws/build/keyboard_msgs': CMAKE_PREFIX_PATH=${CMAKE_PREFIX_PATH}:/home/gadzz/ardu_ws/install/ardupilot_dds_tests:/opt/ros/humble /usr/bin/cmake --install /home/gadzz/tubitak_ws/build/keyboard_msgs
[1.953s] Level 1:colcon.colcon_core.environment:create_environment_scripts_only(keyboard_msgs)
[1.953s] DEBUG:colcon.colcon_core.event_handler.log_command:Invoked command in '/home/gadzz/tubitak_ws/build/keyboard_msgs' returned '0': CMAKE_PREFIX_PATH=${CMAKE_PREFIX_PATH}:/home/gadzz/ardu_ws/install/ardupilot_dds_tests:/opt/ros/humble /usr/bin/cmake --install /home/gadzz/tubitak_ws/build/keyboard_msgs
[1.956s] Level 1:colcon.colcon_core.environment:checking '/home/gadzz/tubitak_ws/install/keyboard_msgs' for CMake module files
[1.956s] Level 1:colcon.colcon_core.environment:checking '/home/gadzz/tubitak_ws/install/keyboard_msgs' for CMake config files
[1.957s] Level 1:colcon.colcon_core.shell:create_environment_hook('keyboard_msgs', 'cmake_prefix_path')
[1.957s] INFO:colcon.colcon_core.shell:Creating environment hook '/home/gadzz/tubitak_ws/install/keyboard_msgs/share/keyboard_msgs/hook/cmake_prefix_path.ps1'
[1.958s] INFO:colcon.colcon_core.shell:Creating environment descriptor '/home/gadzz/tubitak_ws/install/keyboard_msgs/share/keyboard_msgs/hook/cmake_prefix_path.dsv'
[1.959s] INFO:colcon.colcon_core.shell:Creating environment hook '/home/gadzz/tubitak_ws/install/keyboard_msgs/share/keyboard_msgs/hook/cmake_prefix_path.sh'
[1.960s] Level 1:colcon.colcon_core.environment:checking '/home/gadzz/tubitak_ws/install/keyboard_msgs/lib'
[1.960s] Level 1:colcon.colcon_core.shell:create_environment_hook('keyboard_msgs', 'ld_library_path_lib')
[1.961s] INFO:colcon.colcon_core.shell:Creating environment hook '/home/gadzz/tubitak_ws/install/keyboard_msgs/share/keyboard_msgs/hook/ld_library_path_lib.ps1'
[1.962s] INFO:colcon.colcon_core.shell:Creating environment descriptor '/home/gadzz/tubitak_ws/install/keyboard_msgs/share/keyboard_msgs/hook/ld_library_path_lib.dsv'
[1.963s] INFO:colcon.colcon_core.shell:Creating environment hook '/home/gadzz/tubitak_ws/install/keyboard_msgs/share/keyboard_msgs/hook/ld_library_path_lib.sh'
[1.964s] Level 1:colcon.colcon_core.environment:checking '/home/gadzz/tubitak_ws/install/keyboard_msgs/bin'
[1.964s] Level 1:colcon.colcon_core.environment:checking '/home/gadzz/tubitak_ws/install/keyboard_msgs/lib/pkgconfig/keyboard_msgs.pc'
[1.964s] Level 1:colcon.colcon_core.environment:checking '/home/gadzz/tubitak_ws/install/keyboard_msgs/lib/python3.10/site-packages'
[1.965s] Level 1:colcon.colcon_core.environment:checking '/home/gadzz/tubitak_ws/install/keyboard_msgs/bin'
[1.965s] INFO:colcon.colcon_core.shell:Creating package script '/home/gadzz/tubitak_ws/install/keyboard_msgs/share/keyboard_msgs/package.ps1'
[1.966s] INFO:colcon.colcon_core.shell:Creating package descriptor '/home/gadzz/tubitak_ws/install/keyboard_msgs/share/keyboard_msgs/package.dsv'
[1.967s] INFO:colcon.colcon_core.shell:Creating package script '/home/gadzz/tubitak_ws/install/keyboard_msgs/share/keyboard_msgs/package.sh'
[1.968s] INFO:colcon.colcon_core.shell:Creating package script '/home/gadzz/tubitak_ws/install/keyboard_msgs/share/keyboard_msgs/package.bash'
[1.968s] INFO:colcon.colcon_core.shell:Creating package script '/home/gadzz/tubitak_ws/install/keyboard_msgs/share/keyboard_msgs/package.zsh'
[1.969s] Level 1:colcon.colcon_core.environment:create_file_with_runtime_dependencies(/home/gadzz/tubitak_ws/install/keyboard_msgs/share/colcon-core/packages/keyboard_msgs)
[1.971s] Level 1:colcon.colcon_core.environment:create_environment_scripts_only(keyboard_msgs)
[1.971s] Level 1:colcon.colcon_core.environment:checking '/home/gadzz/tubitak_ws/install/keyboard_msgs' for CMake module files
[1.972s] Level 1:colcon.colcon_core.environment:checking '/home/gadzz/tubitak_ws/install/keyboard_msgs' for CMake config files
[1.973s] Level 1:colcon.colcon_core.shell:create_environment_hook('keyboard_msgs', 'cmake_prefix_path')
[1.973s] INFO:colcon.colcon_core.shell:Creating environment hook '/home/gadzz/tubitak_ws/install/keyboard_msgs/share/keyboard_msgs/hook/cmake_prefix_path.ps1'
[1.974s] INFO:colcon.colcon_core.shell:Creating environment descriptor '/home/gadzz/tubitak_ws/install/keyboard_msgs/share/keyboard_msgs/hook/cmake_prefix_path.dsv'
[1.974s] INFO:colcon.colcon_core.shell:Creating environment hook '/home/gadzz/tubitak_ws/install/keyboard_msgs/share/keyboard_msgs/hook/cmake_prefix_path.sh'
[1.975s] Level 1:colcon.colcon_core.environment:checking '/home/gadzz/tubitak_ws/install/keyboard_msgs/lib'
[1.975s] Level 1:colcon.colcon_core.shell:create_environment_hook('keyboard_msgs', 'ld_library_path_lib')
[1.976s] INFO:colcon.colcon_core.shell:Creating environment hook '/home/gadzz/tubitak_ws/install/keyboard_msgs/share/keyboard_msgs/hook/ld_library_path_lib.ps1'
[1.977s] INFO:colcon.colcon_core.shell:Creating environment descriptor '/home/gadzz/tubitak_ws/install/keyboard_msgs/share/keyboard_msgs/hook/ld_library_path_lib.dsv'
[1.977s] INFO:colcon.colcon_core.shell:Creating environment hook '/home/gadzz/tubitak_ws/install/keyboard_msgs/share/keyboard_msgs/hook/ld_library_path_lib.sh'
[1.978s] Level 1:colcon.colcon_core.environment:checking '/home/gadzz/tubitak_ws/install/keyboard_msgs/bin'
[1.978s] Level 1:colcon.colcon_core.environment:checking '/home/gadzz/tubitak_ws/install/keyboard_msgs/lib/pkgconfig/keyboard_msgs.pc'
[1.978s] Level 1:colcon.colcon_core.environment:checking '/home/gadzz/tubitak_ws/install/keyboard_msgs/lib/python3.10/site-packages'
[1.978s] Level 1:colcon.colcon_core.environment:checking '/home/gadzz/tubitak_ws/install/keyboard_msgs/bin'
[1.979s] INFO:colcon.colcon_core.shell:Creating package script '/home/gadzz/tubitak_ws/install/keyboard_msgs/share/keyboard_msgs/package.ps1'
[1.981s] INFO:colcon.colcon_core.shell:Creating package descriptor '/home/gadzz/tubitak_ws/install/keyboard_msgs/share/keyboard_msgs/package.dsv'
[1.982s] INFO:colcon.colcon_core.shell:Creating package script '/home/gadzz/tubitak_ws/install/keyboard_msgs/share/keyboard_msgs/package.sh'
[1.984s] INFO:colcon.colcon_core.shell:Creating package script '/home/gadzz/tubitak_ws/install/keyboard_msgs/share/keyboard_msgs/package.bash'
[1.985s] INFO:colcon.colcon_core.shell:Creating package script '/home/gadzz/tubitak_ws/install/keyboard_msgs/share/keyboard_msgs/package.zsh'
[1.986s] Level 1:colcon.colcon_core.environment:create_file_with_runtime_dependencies(/home/gadzz/tubitak_ws/install/keyboard_msgs/share/colcon-core/packages/keyboard_msgs)
[1.987s] INFO:colcon.colcon_ros.task.ament_cmake.build:Building ROS package in '/home/gadzz/tubitak_ws/src/ros2-keyboard/keyboard' with build type 'ament_cmake'
[1.987s] INFO:colcon.colcon_cmake.task.cmake.build:Building CMake package in '/home/gadzz/tubitak_ws/src/ros2-keyboard/keyboard'
[1.988s] INFO:colcon.colcon_core.shell:Skip shell extension 'powershell' for command environment: Not usable outside of PowerShell
[1.988s] DEBUG:colcon.colcon_core.shell:Skip shell extension 'dsv' for command environment
[1.999s] INFO:colcon.colcon_ros.task.ament_cmake.build:Building ROS package in '/home/gadzz/tubitak_ws/src/mission_center' with build type 'ament_cmake'
[2.000s] INFO:colcon.colcon_cmake.task.cmake.build:Building CMake package in '/home/gadzz/tubitak_ws/src/mission_center'
[2.001s] INFO:colcon.colcon_core.shell:Skip shell extension 'powershell' for command environment: Not usable outside of PowerShell
[2.001s] DEBUG:colcon.colcon_core.shell:Skip shell extension 'dsv' for command environment
[2.028s] DEBUG:colcon.colcon_core.event_handler.log_command:Invoking command in '/home/gadzz/tubitak_ws/build/keyboard': AMENT_PREFIX_PATH=/home/gadzz/tubitak_ws/install/keyboard_msgs:${AMENT_PREFIX_PATH} CMAKE_PREFIX_PATH=/home/gadzz/tubitak_ws/install/keyboard_msgs:/home/gadzz/ardu_ws/install/test_ros_gz_bridge:/home/gadzz/ardu_ws/install/ros_ign:/home/gadzz/ardu_ws/install/ros_ign_gazebo_demos:/home/gadzz/ardu_ws/install/ros_gz:/home/gadzz/ardu_ws/install/ros_gz_sim_demos:/home/gadzz/ardu_ws/install/ardupilot_gz_bringup:/home/gadzz/ardu_ws/install/sdformat_urdf:/home/gadzz/ardu_ws/install/sdformat_test_files:/home/gadzz/ardu_ws/install/ros_ign_interfaces:/home/gadzz/ardu_ws/install/ros_ign_image:/home/gadzz/ardu_ws/install/ros_ign_gazebo:/home/gadzz/ardu_ws/install/ros_ign_bridge:/home/gadzz/ardu_ws/install/ros_gz_sim:/home/gadzz/ardu_ws/install/ros_gz_image:/home/gadzz/ardu_ws/install/ros_gz_bridge:/home/gadzz/ardu_ws/install/ros_gz_interfaces:/home/gadzz/ardu_ws/install/ardupilot_sitl:/home/gadzz/ardu_ws/install/micro_ros_agent:/home/gadzz/ardu_ws/install/keyboard:/home/gadzz/ardu_ws/install/keyboard_msgs:/home/gadzz/ardu_ws/install/ardupilot_sitl_models:/home/gadzz/ardu_ws/install/ardupilot_msgs:/home/gadzz/ardu_ws/install/ardupilot_gz_gazebo:/home/gadzz/ardu_ws/install/ardupilot_gz_description:/home/gadzz/ardu_ws/install/ardupilot_gz_application:/home/gadzz/ardu_ws/install/ardupilot_gazebo:/home/gadzz/ardu_ws/install/ardupilot_dds_tests:/opt/ros/humble LD_LIBRARY_PATH=/home/gadzz/tubitak_ws/install/keyboard_msgs/lib:${LD_LIBRARY_PATH} PYTHONPATH=/home/gadzz/tubitak_ws/install/keyboard_msgs/local/lib/python3.10/dist-packages:${PYTHONPATH} /usr/bin/cmake --build /home/gadzz/tubitak_ws/build/keyboard -- -j8 -l8
[2.031s] DEBUG:colcon.colcon_core.event_handler.log_command:Invoking command in '/home/gadzz/tubitak_ws/build/mission_center': AMENT_PREFIX_PATH=/home/gadzz/tubitak_ws/install/keyboard_msgs:${AMENT_PREFIX_PATH} CMAKE_PREFIX_PATH=/home/gadzz/tubitak_ws/install/keyboard_msgs:/home/gadzz/ardu_ws/install/test_ros_gz_bridge:/home/gadzz/ardu_ws/install/ros_ign:/home/gadzz/ardu_ws/install/ros_ign_gazebo_demos:/home/gadzz/ardu_ws/install/ros_gz:/home/gadzz/ardu_ws/install/ros_gz_sim_demos:/home/gadzz/ardu_ws/install/ardupilot_gz_bringup:/home/gadzz/ardu_ws/install/sdformat_urdf:/home/gadzz/ardu_ws/install/sdformat_test_files:/home/gadzz/ardu_ws/install/ros_ign_interfaces:/home/gadzz/ardu_ws/install/ros_ign_image:/home/gadzz/ardu_ws/install/ros_ign_gazebo:/home/gadzz/ardu_ws/install/ros_ign_bridge:/home/gadzz/ardu_ws/install/ros_gz_sim:/home/gadzz/ardu_ws/install/ros_gz_image:/home/gadzz/ardu_ws/install/ros_gz_bridge:/home/gadzz/ardu_ws/install/ros_gz_interfaces:/home/gadzz/ardu_ws/install/ardupilot_sitl:/home/gadzz/ardu_ws/install/micro_ros_agent:/home/gadzz/ardu_ws/install/keyboard:/home/gadzz/ardu_ws/install/keyboard_msgs:/home/gadzz/ardu_ws/install/ardupilot_sitl_models:/home/gadzz/ardu_ws/install/ardupilot_msgs:/home/gadzz/ardu_ws/install/ardupilot_gz_gazebo:/home/gadzz/ardu_ws/install/ardupilot_gz_description:/home/gadzz/ardu_ws/install/ardupilot_gz_application:/home/gadzz/ardu_ws/install/ardupilot_gazebo:/home/gadzz/ardu_ws/install/ardupilot_dds_tests:/opt/ros/humble LD_LIBRARY_PATH=/home/gadzz/tubitak_ws/install/keyboard_msgs/lib:${LD_LIBRARY_PATH} PYTHONPATH=/home/gadzz/tubitak_ws/install/keyboard_msgs/local/lib/python3.10/dist-packages:${PYTHONPATH} /usr/bin/cmake --build /home/gadzz/tubitak_ws/build/mission_center -- -j8 -l8
[2.161s] DEBUG:colcon.colcon_core.event_handler.log_command:Invoked command in '/home/gadzz/tubitak_ws/build/keyboard' returned '0': AMENT_PREFIX_PATH=/home/gadzz/tubitak_ws/install/keyboard_msgs:${AMENT_PREFIX_PATH} CMAKE_PREFIX_PATH=/home/gadzz/tubitak_ws/install/keyboard_msgs:/home/gadzz/ardu_ws/install/test_ros_gz_bridge:/home/gadzz/ardu_ws/install/ros_ign:/home/gadzz/ardu_ws/install/ros_ign_gazebo_demos:/home/gadzz/ardu_ws/install/ros_gz:/home/gadzz/ardu_ws/install/ros_gz_sim_demos:/home/gadzz/ardu_ws/install/ardupilot_gz_bringup:/home/gadzz/ardu_ws/install/sdformat_urdf:/home/gadzz/ardu_ws/install/sdformat_test_files:/home/gadzz/ardu_ws/install/ros_ign_interfaces:/home/gadzz/ardu_ws/install/ros_ign_image:/home/gadzz/ardu_ws/install/ros_ign_gazebo:/home/gadzz/ardu_ws/install/ros_ign_bridge:/home/gadzz/ardu_ws/install/ros_gz_sim:/home/gadzz/ardu_ws/install/ros_gz_image:/home/gadzz/ardu_ws/install/ros_gz_bridge:/home/gadzz/ardu_ws/install/ros_gz_interfaces:/home/gadzz/ardu_ws/install/ardupilot_sitl:/home/gadzz/ardu_ws/install/micro_ros_agent:/home/gadzz/ardu_ws/install/keyboard:/home/gadzz/ardu_ws/install/keyboard_msgs:/home/gadzz/ardu_ws/install/ardupilot_sitl_models:/home/gadzz/ardu_ws/install/ardupilot_msgs:/home/gadzz/ardu_ws/install/ardupilot_gz_gazebo:/home/gadzz/ardu_ws/install/ardupilot_gz_description:/home/gadzz/ardu_ws/install/ardupilot_gz_application:/home/gadzz/ardu_ws/install/ardupilot_gazebo:/home/gadzz/ardu_ws/install/ardupilot_dds_tests:/opt/ros/humble LD_LIBRARY_PATH=/home/gadzz/tubitak_ws/install/keyboard_msgs/lib:${LD_LIBRARY_PATH} PYTHONPATH=/home/gadzz/tubitak_ws/install/keyboard_msgs/local/lib/python3.10/dist-packages:${PYTHONPATH} /usr/bin/cmake --build /home/gadzz/tubitak_ws/build/keyboard -- -j8 -l8
[2.165s] DEBUG:colcon.colcon_core.event_handler.log_command:Invoking command in '/home/gadzz/tubitak_ws/build/keyboard': AMENT_PREFIX_PATH=/home/gadzz/tubitak_ws/install/keyboard_msgs:${AMENT_PREFIX_PATH} CMAKE_PREFIX_PATH=/home/gadzz/tubitak_ws/install/keyboard_msgs:/home/gadzz/ardu_ws/install/test_ros_gz_bridge:/home/gadzz/ardu_ws/install/ros_ign:/home/gadzz/ardu_ws/install/ros_ign_gazebo_demos:/home/gadzz/ardu_ws/install/ros_gz:/home/gadzz/ardu_ws/install/ros_gz_sim_demos:/home/gadzz/ardu_ws/install/ardupilot_gz_bringup:/home/gadzz/ardu_ws/install/sdformat_urdf:/home/gadzz/ardu_ws/install/sdformat_test_files:/home/gadzz/ardu_ws/install/ros_ign_interfaces:/home/gadzz/ardu_ws/install/ros_ign_image:/home/gadzz/ardu_ws/install/ros_ign_gazebo:/home/gadzz/ardu_ws/install/ros_ign_bridge:/home/gadzz/ardu_ws/install/ros_gz_sim:/home/gadzz/ardu_ws/install/ros_gz_image:/home/gadzz/ardu_ws/install/ros_gz_bridge:/home/gadzz/ardu_ws/install/ros_gz_interfaces:/home/gadzz/ardu_ws/install/ardupilot_sitl:/home/gadzz/ardu_ws/install/micro_ros_agent:/home/gadzz/ardu_ws/install/keyboard:/home/gadzz/ardu_ws/install/keyboard_msgs:/home/gadzz/ardu_ws/install/ardupilot_sitl_models:/home/gadzz/ardu_ws/install/ardupilot_msgs:/home/gadzz/ardu_ws/install/ardupilot_gz_gazebo:/home/gadzz/ardu_ws/install/ardupilot_gz_description:/home/gadzz/ardu_ws/install/ardupilot_gz_application:/home/gadzz/ardu_ws/install/ardupilot_gazebo:/home/gadzz/ardu_ws/install/ardupilot_dds_tests:/opt/ros/humble LD_LIBRARY_PATH=/home/gadzz/tubitak_ws/install/keyboard_msgs/lib:${LD_LIBRARY_PATH} PYTHONPATH=/home/gadzz/tubitak_ws/install/keyboard_msgs/local/lib/python3.10/dist-packages:${PYTHONPATH} /usr/bin/cmake --install /home/gadzz/tubitak_ws/build/keyboard
[2.190s] Level 1:colcon.colcon_core.environment:create_environment_scripts_only(keyboard)
[2.191s] Level 1:colcon.colcon_core.environment:checking '/home/gadzz/tubitak_ws/install/keyboard' for CMake module files
[2.192s] DEBUG:colcon.colcon_core.event_handler.log_command:Invoked command in '/home/gadzz/tubitak_ws/build/keyboard' returned '0': AMENT_PREFIX_PATH=/home/gadzz/tubitak_ws/install/keyboard_msgs:${AMENT_PREFIX_PATH} CMAKE_PREFIX_PATH=/home/gadzz/tubitak_ws/install/keyboard_msgs:/home/gadzz/ardu_ws/install/test_ros_gz_bridge:/home/gadzz/ardu_ws/install/ros_ign:/home/gadzz/ardu_ws/install/ros_ign_gazebo_demos:/home/gadzz/ardu_ws/install/ros_gz:/home/gadzz/ardu_ws/install/ros_gz_sim_demos:/home/gadzz/ardu_ws/install/ardupilot_gz_bringup:/home/gadzz/ardu_ws/install/sdformat_urdf:/home/gadzz/ardu_ws/install/sdformat_test_files:/home/gadzz/ardu_ws/install/ros_ign_interfaces:/home/gadzz/ardu_ws/install/ros_ign_image:/home/gadzz/ardu_ws/install/ros_ign_gazebo:/home/gadzz/ardu_ws/install/ros_ign_bridge:/home/gadzz/ardu_ws/install/ros_gz_sim:/home/gadzz/ardu_ws/install/ros_gz_image:/home/gadzz/ardu_ws/install/ros_gz_bridge:/home/gadzz/ardu_ws/install/ros_gz_interfaces:/home/gadzz/ardu_ws/install/ardupilot_sitl:/home/gadzz/ardu_ws/install/micro_ros_agent:/home/gadzz/ardu_ws/install/keyboard:/home/gadzz/ardu_ws/install/keyboard_msgs:/home/gadzz/ardu_ws/install/ardupilot_sitl_models:/home/gadzz/ardu_ws/install/ardupilot_msgs:/home/gadzz/ardu_ws/install/ardupilot_gz_gazebo:/home/gadzz/ardu_ws/install/ardupilot_gz_description:/home/gadzz/ardu_ws/install/ardupilot_gz_application:/home/gadzz/ardu_ws/install/ardupilot_gazebo:/home/gadzz/ardu_ws/install/ardupilot_dds_tests:/opt/ros/humble LD_LIBRARY_PATH=/home/gadzz/tubitak_ws/install/keyboard_msgs/lib:${LD_LIBRARY_PATH} PYTHONPATH=/home/gadzz/tubitak_ws/install/keyboard_msgs/local/lib/python3.10/dist-packages:${PYTHONPATH} /usr/bin/cmake --install /home/gadzz/tubitak_ws/build/keyboard
[2.193s] Level 1:colcon.colcon_core.environment:checking '/home/gadzz/tubitak_ws/install/keyboard' for CMake config files
[2.194s] Level 1:colcon.colcon_core.shell:create_environment_hook('keyboard', 'cmake_prefix_path')
[2.194s] INFO:colcon.colcon_core.shell:Creating environment hook '/home/gadzz/tubitak_ws/install/keyboard/share/keyboard/hook/cmake_prefix_path.ps1'
[2.196s] INFO:colcon.colcon_core.shell:Creating environment descriptor '/home/gadzz/tubitak_ws/install/keyboard/share/keyboard/hook/cmake_prefix_path.dsv'
[2.197s] INFO:colcon.colcon_core.shell:Creating environment hook '/home/gadzz/tubitak_ws/install/keyboard/share/keyboard/hook/cmake_prefix_path.sh'
[2.200s] Level 1:colcon.colcon_core.environment:checking '/home/gadzz/tubitak_ws/install/keyboard/lib'
[2.200s] Level 1:colcon.colcon_core.environment:checking '/home/gadzz/tubitak_ws/install/keyboard/bin'
[2.200s] Level 1:colcon.colcon_core.environment:checking '/home/gadzz/tubitak_ws/install/keyboard/lib/pkgconfig/keyboard.pc'
[2.201s] Level 1:colcon.colcon_core.environment:checking '/home/gadzz/tubitak_ws/install/keyboard/lib/python3.10/site-packages'
[2.201s] Level 1:colcon.colcon_core.environment:checking '/home/gadzz/tubitak_ws/install/keyboard/bin'
[2.203s] INFO:colcon.colcon_core.shell:Creating package script '/home/gadzz/tubitak_ws/install/keyboard/share/keyboard/package.ps1'
[2.205s] INFO:colcon.colcon_core.shell:Creating package descriptor '/home/gadzz/tubitak_ws/install/keyboard/share/keyboard/package.dsv'
[2.206s] INFO:colcon.colcon_core.shell:Creating package script '/home/gadzz/tubitak_ws/install/keyboard/share/keyboard/package.sh'
[2.207s] INFO:colcon.colcon_core.shell:Creating package script '/home/gadzz/tubitak_ws/install/keyboard/share/keyboard/package.bash'
[2.208s] INFO:colcon.colcon_core.shell:Creating package script '/home/gadzz/tubitak_ws/install/keyboard/share/keyboard/package.zsh'
[2.208s] Level 1:colcon.colcon_core.environment:create_file_with_runtime_dependencies(/home/gadzz/tubitak_ws/install/keyboard/share/colcon-core/packages/keyboard)
[2.209s] Level 1:colcon.colcon_core.environment:create_environment_scripts_only(keyboard)
[2.209s] Level 1:colcon.colcon_core.environment:checking '/home/gadzz/tubitak_ws/install/keyboard' for CMake module files
[2.210s] Level 1:colcon.colcon_core.environment:checking '/home/gadzz/tubitak_ws/install/keyboard' for CMake config files
[2.210s] Level 1:colcon.colcon_core.shell:create_environment_hook('keyboard', 'cmake_prefix_path')
[2.210s] INFO:colcon.colcon_core.shell:Creating environment hook '/home/gadzz/tubitak_ws/install/keyboard/share/keyboard/hook/cmake_prefix_path.ps1'
[2.211s] INFO:colcon.colcon_core.shell:Creating environment descriptor '/home/gadzz/tubitak_ws/install/keyboard/share/keyboard/hook/cmake_prefix_path.dsv'
[2.212s] INFO:colcon.colcon_core.shell:Creating environment hook '/home/gadzz/tubitak_ws/install/keyboard/share/keyboard/hook/cmake_prefix_path.sh'
[2.214s] Level 1:colcon.colcon_core.environment:checking '/home/gadzz/tubitak_ws/install/keyboard/lib'
[2.215s] Level 1:colcon.colcon_core.environment:checking '/home/gadzz/tubitak_ws/install/keyboard/bin'
[2.215s] Level 1:colcon.colcon_core.environment:checking '/home/gadzz/tubitak_ws/install/keyboard/lib/pkgconfig/keyboard.pc'
[2.216s] Level 1:colcon.colcon_core.environment:checking '/home/gadzz/tubitak_ws/install/keyboard/lib/python3.10/site-packages'
[2.216s] Level 1:colcon.colcon_core.environment:checking '/home/gadzz/tubitak_ws/install/keyboard/bin'
[2.217s] INFO:colcon.colcon_core.shell:Creating package script '/home/gadzz/tubitak_ws/install/keyboard/share/keyboard/package.ps1'
[2.218s] INFO:colcon.colcon_core.shell:Creating package descriptor '/home/gadzz/tubitak_ws/install/keyboard/share/keyboard/package.dsv'
[2.219s] INFO:colcon.colcon_core.shell:Creating package script '/home/gadzz/tubitak_ws/install/keyboard/share/keyboard/package.sh'
[2.220s] INFO:colcon.colcon_core.shell:Creating package script '/home/gadzz/tubitak_ws/install/keyboard/share/keyboard/package.bash'
[2.222s] INFO:colcon.colcon_core.shell:Creating package script '/home/gadzz/tubitak_ws/install/keyboard/share/keyboard/package.zsh'
[2.225s] Level 1:colcon.colcon_core.environment:create_file_with_runtime_dependencies(/home/gadzz/tubitak_ws/install/keyboard/share/colcon-core/packages/keyboard)
[47.786s] DEBUG:colcon.colcon_core.event_handler.log_command:Invoked command in '/home/gadzz/tubitak_ws/build/mission_center' returned '0': AMENT_PREFIX_PATH=/home/gadzz/tubitak_ws/install/keyboard_msgs:${AMENT_PREFIX_PATH} CMAKE_PREFIX_PATH=/home/gadzz/tubitak_ws/install/keyboard_msgs:/home/gadzz/ardu_ws/install/test_ros_gz_bridge:/home/gadzz/ardu_ws/install/ros_ign:/home/gadzz/ardu_ws/install/ros_ign_gazebo_demos:/home/gadzz/ardu_ws/install/ros_gz:/home/gadzz/ardu_ws/install/ros_gz_sim_demos:/home/gadzz/ardu_ws/install/ardupilot_gz_bringup:/home/gadzz/ardu_ws/install/sdformat_urdf:/home/gadzz/ardu_ws/install/sdformat_test_files:/home/gadzz/ardu_ws/install/ros_ign_interfaces:/home/gadzz/ardu_ws/install/ros_ign_image:/home/gadzz/ardu_ws/install/ros_ign_gazebo:/home/gadzz/ardu_ws/install/ros_ign_bridge:/home/gadzz/ardu_ws/install/ros_gz_sim:/home/gadzz/ardu_ws/install/ros_gz_image:/home/gadzz/ardu_ws/install/ros_gz_bridge:/home/gadzz/ardu_ws/install/ros_gz_interfaces:/home/gadzz/ardu_ws/install/ardupilot_sitl:/home/gadzz/ardu_ws/install/micro_ros_agent:/home/gadzz/ardu_ws/install/keyboard:/home/gadzz/ardu_ws/install/keyboard_msgs:/home/gadzz/ardu_ws/install/ardupilot_sitl_models:/home/gadzz/ardu_ws/install/ardupilot_msgs:/home/gadzz/ardu_ws/install/ardupilot_gz_gazebo:/home/gadzz/ardu_ws/install/ardupilot_gz_description:/home/gadzz/ardu_ws/install/ardupilot_gz_application:/home/gadzz/ardu_ws/install/ardupilot_gazebo:/home/gadzz/ardu_ws/install/ardupilot_dds_tests:/opt/ros/humble LD_LIBRARY_PATH=/home/gadzz/tubitak_ws/install/keyboard_msgs/lib:${LD_LIBRARY_PATH} PYTHONPATH=/home/gadzz/tubitak_ws/install/keyboard_msgs/local/lib/python3.10/dist-packages:${PYTHONPATH} /usr/bin/cmake --build /home/gadzz/tubitak_ws/build/mission_center -- -j8 -l8
[47.791s] DEBUG:colcon.colcon_core.event_handler.log_command:Invoking command in '/home/gadzz/tubitak_ws/build/mission_center': AMENT_PREFIX_PATH=/home/gadzz/tubitak_ws/install/keyboard_msgs:${AMENT_PREFIX_PATH} CMAKE_PREFIX_PATH=/home/gadzz/tubitak_ws/install/keyboard_msgs:/home/gadzz/ardu_ws/install/test_ros_gz_bridge:/home/gadzz/ardu_ws/install/ros_ign:/home/gadzz/ardu_ws/install/ros_ign_gazebo_demos:/home/gadzz/ardu_ws/install/ros_gz:/home/gadzz/ardu_ws/install/ros_gz_sim_demos:/home/gadzz/ardu_ws/install/ardupilot_gz_bringup:/home/gadzz/ardu_ws/install/sdformat_urdf:/home/gadzz/ardu_ws/install/sdformat_test_files:/home/gadzz/ardu_ws/install/ros_ign_interfaces:/home/gadzz/ardu_ws/install/ros_ign_image:/home/gadzz/ardu_ws/install/ros_ign_gazebo:/home/gadzz/ardu_ws/install/ros_ign_bridge:/home/gadzz/ardu_ws/install/ros_gz_sim:/home/gadzz/ardu_ws/install/ros_gz_image:/home/gadzz/ardu_ws/install/ros_gz_bridge:/home/gadzz/ardu_ws/install/ros_gz_interfaces:/home/gadzz/ardu_ws/install/ardupilot_sitl:/home/gadzz/ardu_ws/install/micro_ros_agent:/home/gadzz/ardu_ws/install/keyboard:/home/gadzz/ardu_ws/install/keyboard_msgs:/home/gadzz/ardu_ws/install/ardupilot_sitl_models:/home/gadzz/ardu_ws/install/ardupilot_msgs:/home/gadzz/ardu_ws/install/ardupilot_gz_gazebo:/home/gadzz/ardu_ws/install/ardupilot_gz_description:/home/gadzz/ardu_ws/install/ardupilot_gz_application:/home/gadzz/ardu_ws/install/ardupilot_gazebo:/home/gadzz/ardu_ws/install/ardupilot_dds_tests:/opt/ros/humble LD_LIBRARY_PATH=/home/gadzz/tubitak_ws/install/keyboard_msgs/lib:${LD_LIBRARY_PATH} PYTHONPATH=/home/gadzz/tubitak_ws/install/keyboard_msgs/local/lib/python3.10/dist-packages:${PYTHONPATH} /usr/bin/cmake --install /home/gadzz/tubitak_ws/build/mission_center
[47.848s] Level 1:colcon.colcon_core.environment:create_environment_scripts_only(mission_center)
[47.849s] Level 1:colcon.colcon_core.environment:checking '/home/gadzz/tubitak_ws/install/mission_center' for CMake module files
[47.850s] DEBUG:colcon.colcon_core.event_handler.log_command:Invoked command in '/home/gadzz/tubitak_ws/build/mission_center' returned '0': AMENT_PREFIX_PATH=/home/gadzz/tubitak_ws/install/keyboard_msgs:${AMENT_PREFIX_PATH} CMAKE_PREFIX_PATH=/home/gadzz/tubitak_ws/install/keyboard_msgs:/home/gadzz/ardu_ws/install/test_ros_gz_bridge:/home/gadzz/ardu_ws/install/ros_ign:/home/gadzz/ardu_ws/install/ros_ign_gazebo_demos:/home/gadzz/ardu_ws/install/ros_gz:/home/gadzz/ardu_ws/install/ros_gz_sim_demos:/home/gadzz/ardu_ws/install/ardupilot_gz_bringup:/home/gadzz/ardu_ws/install/sdformat_urdf:/home/gadzz/ardu_ws/install/sdformat_test_files:/home/gadzz/ardu_ws/install/ros_ign_interfaces:/home/gadzz/ardu_ws/install/ros_ign_image:/home/gadzz/ardu_ws/install/ros_ign_gazebo:/home/gadzz/ardu_ws/install/ros_ign_bridge:/home/gadzz/ardu_ws/install/ros_gz_sim:/home/gadzz/ardu_ws/install/ros_gz_image:/home/gadzz/ardu_ws/install/ros_gz_bridge:/home/gadzz/ardu_ws/install/ros_gz_interfaces:/home/gadzz/ardu_ws/install/ardupilot_sitl:/home/gadzz/ardu_ws/install/micro_ros_agent:/home/gadzz/ardu_ws/install/keyboard:/home/gadzz/ardu_ws/install/keyboard_msgs:/home/gadzz/ardu_ws/install/ardupilot_sitl_models:/home/gadzz/ardu_ws/install/ardupilot_msgs:/home/gadzz/ardu_ws/install/ardupilot_gz_gazebo:/home/gadzz/ardu_ws/install/ardupilot_gz_description:/home/gadzz/ardu_ws/install/ardupilot_gz_application:/home/gadzz/ardu_ws/install/ardupilot_gazebo:/home/gadzz/ardu_ws/install/ardupilot_dds_tests:/opt/ros/humble LD_LIBRARY_PATH=/home/gadzz/tubitak_ws/install/keyboard_msgs/lib:${LD_LIBRARY_PATH} PYTHONPATH=/home/gadzz/tubitak_ws/install/keyboard_msgs/local/lib/python3.10/dist-packages:${PYTHONPATH} /usr/bin/cmake --install /home/gadzz/tubitak_ws/build/mission_center
[47.851s] Level 1:colcon.colcon_core.environment:checking '/home/gadzz/tubitak_ws/install/mission_center' for CMake config files
[47.852s] Level 1:colcon.colcon_core.shell:create_environment_hook('mission_center', 'cmake_prefix_path')
[47.852s] INFO:colcon.colcon_core.shell:Creating environment hook '/home/gadzz/tubitak_ws/install/mission_center/share/mission_center/hook/cmake_prefix_path.ps1'
[47.854s] INFO:colcon.colcon_core.shell:Creating environment descriptor '/home/gadzz/tubitak_ws/install/mission_center/share/mission_center/hook/cmake_prefix_path.dsv'
[47.856s] INFO:colcon.colcon_core.shell:Creating environment hook '/home/gadzz/tubitak_ws/install/mission_center/share/mission_center/hook/cmake_prefix_path.sh'
[47.857s] Level 1:colcon.colcon_core.environment:checking '/home/gadzz/tubitak_ws/install/mission_center/lib'
[47.857s] Level 1:colcon.colcon_core.shell:create_environment_hook('mission_center', 'ld_library_path_lib')
[47.858s] INFO:colcon.colcon_core.shell:Creating environment hook '/home/gadzz/tubitak_ws/install/mission_center/share/mission_center/hook/ld_library_path_lib.ps1'
[47.858s] INFO:colcon.colcon_core.shell:Creating environment descriptor '/home/gadzz/tubitak_ws/install/mission_center/share/mission_center/hook/ld_library_path_lib.dsv'
[47.859s] INFO:colcon.colcon_core.shell:Creating environment hook '/home/gadzz/tubitak_ws/install/mission_center/share/mission_center/hook/ld_library_path_lib.sh'
[47.860s] Level 1:colcon.colcon_core.environment:checking '/home/gadzz/tubitak_ws/install/mission_center/bin'
[47.860s] Level 1:colcon.colcon_core.environment:checking '/home/gadzz/tubitak_ws/install/mission_center/lib/pkgconfig/mission_center.pc'
[47.860s] Level 1:colcon.colcon_core.environment:checking '/home/gadzz/tubitak_ws/install/mission_center/lib/python3.10/site-packages'
[47.860s] Level 1:colcon.colcon_core.environment:checking '/home/gadzz/tubitak_ws/install/mission_center/bin'
[47.861s] INFO:colcon.colcon_core.shell:Creating package script '/home/gadzz/tubitak_ws/install/mission_center/share/mission_center/package.ps1'
[47.862s] INFO:colcon.colcon_core.shell:Creating package descriptor '/home/gadzz/tubitak_ws/install/mission_center/share/mission_center/package.dsv'
[47.863s] INFO:colcon.colcon_core.shell:Creating package script '/home/gadzz/tubitak_ws/install/mission_center/share/mission_center/package.sh'
[47.864s] INFO:colcon.colcon_core.shell:Creating package script '/home/gadzz/tubitak_ws/install/mission_center/share/mission_center/package.bash'
[47.866s] INFO:colcon.colcon_core.shell:Creating package script '/home/gadzz/tubitak_ws/install/mission_center/share/mission_center/package.zsh'
[47.866s] Level 1:colcon.colcon_core.environment:create_file_with_runtime_dependencies(/home/gadzz/tubitak_ws/install/mission_center/share/colcon-core/packages/mission_center)
[47.867s] Level 1:colcon.colcon_core.environment:create_environment_scripts_only(mission_center)
[47.868s] Level 1:colcon.colcon_core.environment:checking '/home/gadzz/tubitak_ws/install/mission_center' for CMake module files
[47.869s] Level 1:colcon.colcon_core.environment:checking '/home/gadzz/tubitak_ws/install/mission_center' for CMake config files
[47.869s] Level 1:colcon.colcon_core.shell:create_environment_hook('mission_center', 'cmake_prefix_path')
[47.870s] INFO:colcon.colcon_core.shell:Creating environment hook '/home/gadzz/tubitak_ws/install/mission_center/share/mission_center/hook/cmake_prefix_path.ps1'
[47.871s] INFO:colcon.colcon_core.shell:Creating environment descriptor '/home/gadzz/tubitak_ws/install/mission_center/share/mission_center/hook/cmake_prefix_path.dsv'
[47.873s] INFO:colcon.colcon_core.shell:Creating environment hook '/home/gadzz/tubitak_ws/install/mission_center/share/mission_center/hook/cmake_prefix_path.sh'
[47.875s] Level 1:colcon.colcon_core.environment:checking '/home/gadzz/tubitak_ws/install/mission_center/lib'
[47.875s] Level 1:colcon.colcon_core.shell:create_environment_hook('mission_center', 'ld_library_path_lib')
[47.875s] INFO:colcon.colcon_core.shell:Creating environment hook '/home/gadzz/tubitak_ws/install/mission_center/share/mission_center/hook/ld_library_path_lib.ps1'
[47.876s] INFO:colcon.colcon_core.shell:Creating environment descriptor '/home/gadzz/tubitak_ws/install/mission_center/share/mission_center/hook/ld_library_path_lib.dsv'
[47.877s] INFO:colcon.colcon_core.shell:Creating environment hook '/home/gadzz/tubitak_ws/install/mission_center/share/mission_center/hook/ld_library_path_lib.sh'
[47.877s] Level 1:colcon.colcon_core.environment:checking '/home/gadzz/tubitak_ws/install/mission_center/bin'
[47.877s] Level 1:colcon.colcon_core.environment:checking '/home/gadzz/tubitak_ws/install/mission_center/lib/pkgconfig/mission_center.pc'
[47.878s] Level 1:colcon.colcon_core.environment:checking '/home/gadzz/tubitak_ws/install/mission_center/lib/python3.10/site-packages'
[47.878s] Level 1:colcon.colcon_core.environment:checking '/home/gadzz/tubitak_ws/install/mission_center/bin'
[47.878s] INFO:colcon.colcon_core.shell:Creating package script '/home/gadzz/tubitak_ws/install/mission_center/share/mission_center/package.ps1'
[47.879s] INFO:colcon.colcon_core.shell:Creating package descriptor '/home/gadzz/tubitak_ws/install/mission_center/share/mission_center/package.dsv'
[47.880s] INFO:colcon.colcon_core.shell:Creating package script '/home/gadzz/tubitak_ws/install/mission_center/share/mission_center/package.sh'
[47.880s] INFO:colcon.colcon_core.shell:Creating package script '/home/gadzz/tubitak_ws/install/mission_center/share/mission_center/package.bash'
[47.881s] INFO:colcon.colcon_core.shell:Creating package script '/home/gadzz/tubitak_ws/install/mission_center/share/mission_center/package.zsh'
[47.882s] Level 1:colcon.colcon_core.environment:create_file_with_runtime_dependencies(/home/gadzz/tubitak_ws/install/mission_center/share/colcon-core/packages/mission_center)
[47.883s] DEBUG:colcon.colcon_parallel_executor.executor.parallel:closing loop
[47.883s] DEBUG:colcon.colcon_parallel_executor.executor.parallel:loop closed
[47.883s] DEBUG:colcon.colcon_parallel_executor.executor.parallel:run_until_complete finished with '0'
[47.883s] DEBUG:colcon.colcon_core.event_reactor:joining thread
[47.895s] INFO:colcon.colcon_core.plugin_system:Skipping extension 'colcon_notification.desktop_notification.terminal_notifier': Not used on non-Darwin systems
[47.895s] INFO:colcon.colcon_core.plugin_system:Skipping extension 'colcon_notification.desktop_notification.win32': Not used on non-Windows systems
[47.895s] INFO:colcon.colcon_notification.desktop_notification:Sending desktop notification using 'notify2'
[47.898s] DEBUG:colcon.colcon_notification.desktop_notification.notify2:Failed to initialize notify2: org.freedesktop.DBus.Error.ServiceUnknown: The name org.freedesktop.Notifications was not provided by any .service files
[47.898s] DEBUG:colcon.colcon_core.event_reactor:joined thread
[47.900s] INFO:colcon.colcon_core.shell:Creating prefix script '/home/gadzz/tubitak_ws/install/local_setup.ps1'
[47.902s] INFO:colcon.colcon_core.shell:Creating prefix util module '/home/gadzz/tubitak_ws/install/_local_setup_util_ps1.py'
[47.904s] INFO:colcon.colcon_core.shell:Creating prefix chain script '/home/gadzz/tubitak_ws/install/setup.ps1'
[47.907s] INFO:colcon.colcon_core.shell:Creating prefix script '/home/gadzz/tubitak_ws/install/local_setup.sh'
[47.909s] INFO:colcon.colcon_core.shell:Creating prefix util module '/home/gadzz/tubitak_ws/install/_local_setup_util_sh.py'
[47.910s] INFO:colcon.colcon_core.shell:Creating prefix chain script '/home/gadzz/tubitak_ws/install/setup.sh'
[47.911s] INFO:colcon.colcon_core.shell:Creating prefix script '/home/gadzz/tubitak_ws/install/local_setup.bash'
[47.912s] INFO:colcon.colcon_core.shell:Creating prefix chain script '/home/gadzz/tubitak_ws/install/setup.bash'
[47.914s] INFO:colcon.colcon_core.shell:Creating prefix script '/home/gadzz/tubitak_ws/install/local_setup.zsh'
[47.915s] INFO:colcon.colcon_core.shell:Creating prefix chain script '/home/gadzz/tubitak_ws/install/setup.zsh'
