[0.027s] Invoking command in '/home/gadzz/Workspace/VTOL-MissionCenter/build/keyboard': AMENT_PREFIX_PATH=/home/gadzz/Workspace/VTOL-MissionCenter/install/keyboard_msgs:${AMENT_PREFIX_PATH} CMAKE_PREFIX_PATH=/home/gadzz/Workspace/VTOL-MissionCenter/install/keyboard_msgs:/opt/ros/humble LD_LIBRARY_PATH=/home/gadzz/Workspace/VTOL-MissionCenter/install/keyboard_msgs/lib:${LD_LIBRARY_PATH} PYTHONPATH=/home/gadzz/Workspace/VTOL-MissionCenter/install/keyboard_msgs/local/lib/python3.10/dist-packages:${PYTHONPATH} /usr/bin/cmake --build /home/gadzz/Workspace/VTOL-MissionCenter/build/keyboard -- -j8 -l8
[0.147s] [100%] Built target keyboard
[0.186s] Invoked command in '/home/gadzz/Workspace/VTOL-MissionCenter/build/keyboard' returned '0': AMENT_PREFIX_PATH=/home/gadzz/Workspace/VTOL-MissionCenter/install/keyboard_msgs:${AMENT_PREFIX_PATH} CMAKE_PREFIX_PATH=/home/gadzz/Workspace/VTOL-MissionCenter/install/keyboard_msgs:/opt/ros/humble LD_LIBRARY_PATH=/home/gadzz/Workspace/VTOL-MissionCenter/install/keyboard_msgs/lib:${LD_LIBRARY_PATH} PYTHONPATH=/home/gadzz/Workspace/VTOL-MissionCenter/install/keyboard_msgs/local/lib/python3.10/dist-packages:${PYTHONPATH} /usr/bin/cmake --build /home/gadzz/Workspace/VTOL-MissionCenter/build/keyboard -- -j8 -l8
[0.187s] Invoking command in '/home/gadzz/Workspace/VTOL-MissionCenter/build/keyboard': AMENT_PREFIX_PATH=/home/gadzz/Workspace/VTOL-MissionCenter/install/keyboard_msgs:${AMENT_PREFIX_PATH} CMAKE_PREFIX_PATH=/home/gadzz/Workspace/VTOL-MissionCenter/install/keyboard_msgs:/opt/ros/humble LD_LIBRARY_PATH=/home/gadzz/Workspace/VTOL-MissionCenter/install/keyboard_msgs/lib:${LD_LIBRARY_PATH} PYTHONPATH=/home/gadzz/Workspace/VTOL-MissionCenter/install/keyboard_msgs/local/lib/python3.10/dist-packages:${PYTHONPATH} /usr/bin/cmake --install /home/gadzz/Workspace/VTOL-MissionCenter/build/keyboard
[0.200s] -- Install configuration: "Release"
[0.201s] -- Up-to-date: /home/gadzz/Workspace/VTOL-MissionCenter/install/keyboard/lib/keyboard/keyboard
[0.201s] -- Up-to-date: /home/gadzz/Workspace/VTOL-MissionCenter/install/keyboard/lib/keyboard/keyboard_to_joy.py
[0.201s] -- Up-to-date: /home/gadzz/Workspace/VTOL-MissionCenter/install/keyboard/share/keyboard/config
[0.201s] -- Up-to-date: /home/gadzz/Workspace/VTOL-MissionCenter/install/keyboard/share/keyboard/config/example_config.yaml
[0.201s] -- Up-to-date: /home/gadzz/Workspace/VTOL-MissionCenter/install/keyboard/share/ament_index/resource_index/package_run_dependencies/keyboard
[0.202s] -- Up-to-date: /home/gadzz/Workspace/VTOL-MissionCenter/install/keyboard/share/ament_index/resource_index/parent_prefix_path/keyboard
[0.202s] -- Up-to-date: /home/gadzz/Workspace/VTOL-MissionCenter/install/keyboard/share/keyboard/environment/ament_prefix_path.sh
[0.202s] -- Up-to-date: /home/gadzz/Workspace/VTOL-MissionCenter/install/keyboard/share/keyboard/environment/ament_prefix_path.dsv
[0.202s] -- Up-to-date: /home/gadzz/Workspace/VTOL-MissionCenter/install/keyboard/share/keyboard/environment/path.sh
[0.202s] -- Up-to-date: /home/gadzz/Workspace/VTOL-MissionCenter/install/keyboard/share/keyboard/environment/path.dsv
[0.202s] -- Up-to-date: /home/gadzz/Workspace/VTOL-MissionCenter/install/keyboard/share/keyboard/local_setup.bash
[0.202s] -- Up-to-date: /home/gadzz/Workspace/VTOL-MissionCenter/install/keyboard/share/keyboard/local_setup.sh
[0.202s] -- Up-to-date: /home/gadzz/Workspace/VTOL-MissionCenter/install/keyboard/share/keyboard/local_setup.zsh
[0.202s] -- Up-to-date: /home/gadzz/Workspace/VTOL-MissionCenter/install/keyboard/share/keyboard/local_setup.dsv
[0.202s] -- Installing: /home/gadzz/Workspace/VTOL-MissionCenter/install/keyboard/share/keyboard/package.dsv
[0.202s] -- Up-to-date: /home/gadzz/Workspace/VTOL-MissionCenter/install/keyboard/share/ament_index/resource_index/packages/keyboard
[0.202s] -- Up-to-date: /home/gadzz/Workspace/VTOL-MissionCenter/install/keyboard/share/keyboard/cmake/keyboardConfig.cmake
[0.203s] -- Up-to-date: /home/gadzz/Workspace/VTOL-MissionCenter/install/keyboard/share/keyboard/cmake/keyboardConfig-version.cmake
[0.203s] -- Up-to-date: /home/gadzz/Workspace/VTOL-MissionCenter/install/keyboard/share/keyboard/package.xml
[0.208s] Invoked command in '/home/gadzz/Workspace/VTOL-MissionCenter/build/keyboard' returned '0': AMENT_PREFIX_PATH=/home/gadzz/Workspace/VTOL-MissionCenter/install/keyboard_msgs:${AMENT_PREFIX_PATH} CMAKE_PREFIX_PATH=/home/gadzz/Workspace/VTOL-MissionCenter/install/keyboard_msgs:/opt/ros/humble LD_LIBRARY_PATH=/home/gadzz/Workspace/VTOL-MissionCenter/install/keyboard_msgs/lib:${LD_LIBRARY_PATH} PYTHONPATH=/home/gadzz/Workspace/VTOL-MissionCenter/install/keyboard_msgs/local/lib/python3.10/dist-packages:${PYTHONPATH} /usr/bin/cmake --install /home/gadzz/Workspace/VTOL-MissionCenter/build/keyboard
