[0.032s] Invoking command in '/home/gadzz/vtol_ws/build/keyboard_msgs': CMAKE_PREFIX_PATH=${CMAKE_PREFIX_PATH}:/home/gadzz/ardu_ws/install/ardupilot_dds_tests:/opt/ros/humble /usr/bin/cmake --build /home/gadzz/vtol_ws/build/keyboard_msgs -- -j8 -l8
[0.093s] [35m[1mConsolidate compiler generated dependencies of target keyboard_msgs__rosidl_generator_c[0m
[0.114s] [  6%] Built target keyboard_msgs__cpp
[0.114s] [ 12%] Built target keyboard_msgs__rosidl_generator_c
[0.132s] [35m[1mConsolidate compiler generated dependencies of target keyboard_msgs__rosidl_typesupport_cpp[0m
[0.132s] [35m[1mConsolidate compiler generated dependencies of target keyboard_msgs__rosidl_typesupport_c[0m
[0.132s] [ 12%] Built target ament_cmake_python_copy_keyboard_msgs
[0.134s] [35m[1mConsolidate compiler generated dependencies of target keyboard_msgs__rosidl_typesupport_introspection_c[0m
[0.135s] [35m[1mConsolidate compiler generated dependencies of target keyboard_msgs__rosidl_typesupport_fastrtps_cpp[0m
[0.139s] [35m[1mConsolidate compiler generated dependencies of target keyboard_msgs__rosidl_typesupport_introspection_cpp[0m
[0.154s] [35m[1mConsolidate compiler generated dependencies of target keyboard_msgs__rosidl_typesupport_fastrtps_c[0m
[0.164s] [ 22%] Built target keyboard_msgs__rosidl_typesupport_c
[0.164s] [ 32%] Built target keyboard_msgs__rosidl_typesupport_cpp
[0.168s] [ 41%] Built target keyboard_msgs__rosidl_typesupport_introspection_c
[0.171s] [ 51%] Built target keyboard_msgs__rosidl_typesupport_introspection_cpp
[0.179s] [ 61%] Built target keyboard_msgs__rosidl_typesupport_fastrtps_cpp
[0.186s] [ 70%] Built target keyboard_msgs__rosidl_typesupport_fastrtps_c
[0.221s] [ 70%] Built target keyboard_msgs
[0.269s] [ 74%] Built target keyboard_msgs__py
[0.289s] [35m[1mConsolidate compiler generated dependencies of target keyboard_msgs__rosidl_generator_py[0m
[0.309s] [ 80%] Built target keyboard_msgs__rosidl_generator_py
[0.323s] [35m[1mConsolidate compiler generated dependencies of target keyboard_msgs__rosidl_typesupport_c__pyext[0m
[0.323s] [35m[1mConsolidate compiler generated dependencies of target keyboard_msgs__rosidl_typesupport_fastrtps_c__pyext[0m
[0.324s] [35m[1mConsolidate compiler generated dependencies of target keyboard_msgs__rosidl_typesupport_introspection_c__pyext[0m
[0.343s] [100%] Built target keyboard_msgs__rosidl_typesupport_c__pyext
[0.343s] [100%] Built target keyboard_msgs__rosidl_typesupport_fastrtps_c__pyext
[0.344s] [100%] Built target keyboard_msgs__rosidl_typesupport_introspection_c__pyext
[0.461s] running egg_info
[0.483s] writing keyboard_msgs.egg-info/PKG-INFO
[0.484s] writing dependency_links to keyboard_msgs.egg-info/dependency_links.txt
[0.485s] writing top-level names to keyboard_msgs.egg-info/top_level.txt
[0.562s] reading manifest file 'keyboard_msgs.egg-info/SOURCES.txt'
[0.565s] writing manifest file 'keyboard_msgs.egg-info/SOURCES.txt'
[0.676s] [100%] Built target ament_cmake_python_build_keyboard_msgs_egg
[0.742s] Invoked command in '/home/gadzz/vtol_ws/build/keyboard_msgs' returned '0': CMAKE_PREFIX_PATH=${CMAKE_PREFIX_PATH}:/home/gadzz/ardu_ws/install/ardupilot_dds_tests:/opt/ros/humble /usr/bin/cmake --build /home/gadzz/vtol_ws/build/keyboard_msgs -- -j8 -l8
[0.786s] Invoking command in '/home/gadzz/vtol_ws/build/keyboard_msgs': CMAKE_PREFIX_PATH=${CMAKE_PREFIX_PATH}:/home/gadzz/ardu_ws/install/ardupilot_dds_tests:/opt/ros/humble /usr/bin/cmake --install /home/gadzz/vtol_ws/build/keyboard_msgs
[0.795s] -- Install configuration: ""
[0.795s] -- Up-to-date: /home/gadzz/vtol_ws/install/keyboard_msgs/share/ament_index/resource_index/rosidl_interfaces/keyboard_msgs
[0.795s] -- Up-to-date: /home/gadzz/vtol_ws/install/keyboard_msgs/include/keyboard_msgs/keyboard_msgs
[0.795s] -- Up-to-date: /home/gadzz/vtol_ws/install/keyboard_msgs/include/keyboard_msgs/keyboard_msgs/msg
[0.795s] -- Up-to-date: /home/gadzz/vtol_ws/install/keyboard_msgs/include/keyboard_msgs/keyboard_msgs/msg/rosidl_generator_c__visibility_control.h
[0.795s] -- Up-to-date: /home/gadzz/vtol_ws/install/keyboard_msgs/include/keyboard_msgs/keyboard_msgs/msg/detail
[0.795s] -- Up-to-date: /home/gadzz/vtol_ws/install/keyboard_msgs/include/keyboard_msgs/keyboard_msgs/msg/detail/key__functions.c
[0.796s] -- Up-to-date: /home/gadzz/vtol_ws/install/keyboard_msgs/include/keyboard_msgs/keyboard_msgs/msg/detail/key__type_support.h
[0.796s] -- Up-to-date: /home/gadzz/vtol_ws/install/keyboard_msgs/include/keyboard_msgs/keyboard_msgs/msg/detail/key__functions.h
[0.796s] -- Up-to-date: /home/gadzz/vtol_ws/install/keyboard_msgs/include/keyboard_msgs/keyboard_msgs/msg/detail/key__struct.h
[0.796s] -- Up-to-date: /home/gadzz/vtol_ws/install/keyboard_msgs/include/keyboard_msgs/keyboard_msgs/msg/key.h
[0.796s] -- Up-to-date: /home/gadzz/vtol_ws/install/keyboard_msgs/share/keyboard_msgs/environment/library_path.sh
[0.796s] -- Up-to-date: /home/gadzz/vtol_ws/install/keyboard_msgs/share/keyboard_msgs/environment/library_path.dsv
[0.796s] -- Up-to-date: /home/gadzz/vtol_ws/install/keyboard_msgs/lib/libkeyboard_msgs__rosidl_generator_c.so
[0.796s] -- Up-to-date: /home/gadzz/vtol_ws/install/keyboard_msgs/include/keyboard_msgs/keyboard_msgs
[0.796s] -- Up-to-date: /home/gadzz/vtol_ws/install/keyboard_msgs/include/keyboard_msgs/keyboard_msgs/msg
[0.797s] -- Up-to-date: /home/gadzz/vtol_ws/install/keyboard_msgs/include/keyboard_msgs/keyboard_msgs/msg/detail
[0.797s] -- Up-to-date: /home/gadzz/vtol_ws/install/keyboard_msgs/include/keyboard_msgs/keyboard_msgs/msg/detail/key__rosidl_typesupport_fastrtps_c.h
[0.797s] -- Up-to-date: /home/gadzz/vtol_ws/install/keyboard_msgs/include/keyboard_msgs/keyboard_msgs/msg/rosidl_typesupport_fastrtps_c__visibility_control.h
[0.797s] -- Up-to-date: /home/gadzz/vtol_ws/install/keyboard_msgs/lib/libkeyboard_msgs__rosidl_typesupport_fastrtps_c.so
[0.797s] -- Up-to-date: /home/gadzz/vtol_ws/install/keyboard_msgs/include/keyboard_msgs/keyboard_msgs
[0.797s] -- Up-to-date: /home/gadzz/vtol_ws/install/keyboard_msgs/include/keyboard_msgs/keyboard_msgs/msg
[0.797s] -- Up-to-date: /home/gadzz/vtol_ws/install/keyboard_msgs/include/keyboard_msgs/keyboard_msgs/msg/key.hpp
[0.797s] -- Up-to-date: /home/gadzz/vtol_ws/install/keyboard_msgs/include/keyboard_msgs/keyboard_msgs/msg/detail
[0.798s] -- Up-to-date: /home/gadzz/vtol_ws/install/keyboard_msgs/include/keyboard_msgs/keyboard_msgs/msg/detail/key__traits.hpp
[0.798s] -- Up-to-date: /home/gadzz/vtol_ws/install/keyboard_msgs/include/keyboard_msgs/keyboard_msgs/msg/detail/key__struct.hpp
[0.798s] -- Up-to-date: /home/gadzz/vtol_ws/install/keyboard_msgs/include/keyboard_msgs/keyboard_msgs/msg/detail/key__type_support.hpp
[0.799s] -- Up-to-date: /home/gadzz/vtol_ws/install/keyboard_msgs/include/keyboard_msgs/keyboard_msgs/msg/detail/key__builder.hpp
[0.799s] -- Up-to-date: /home/gadzz/vtol_ws/install/keyboard_msgs/include/keyboard_msgs/keyboard_msgs/msg/rosidl_generator_cpp__visibility_control.hpp
[0.799s] -- Up-to-date: /home/gadzz/vtol_ws/install/keyboard_msgs/include/keyboard_msgs/keyboard_msgs
[0.799s] -- Up-to-date: /home/gadzz/vtol_ws/install/keyboard_msgs/include/keyboard_msgs/keyboard_msgs/msg
[0.799s] -- Up-to-date: /home/gadzz/vtol_ws/install/keyboard_msgs/include/keyboard_msgs/keyboard_msgs/msg/rosidl_typesupport_fastrtps_cpp__visibility_control.h
[0.799s] -- Up-to-date: /home/gadzz/vtol_ws/install/keyboard_msgs/include/keyboard_msgs/keyboard_msgs/msg/detail
[0.800s] -- Up-to-date: /home/gadzz/vtol_ws/install/keyboard_msgs/include/keyboard_msgs/keyboard_msgs/msg/detail/dds_fastrtps
[0.802s] -- Up-to-date: /home/gadzz/vtol_ws/install/keyboard_msgs/include/keyboard_msgs/keyboard_msgs/msg/detail/key__rosidl_typesupport_fastrtps_cpp.hpp
[0.802s] -- Up-to-date: /home/gadzz/vtol_ws/install/keyboard_msgs/lib/libkeyboard_msgs__rosidl_typesupport_fastrtps_cpp.so
[0.803s] -- Up-to-date: /home/gadzz/vtol_ws/install/keyboard_msgs/include/keyboard_msgs/keyboard_msgs
[0.807s] -- Up-to-date: /home/gadzz/vtol_ws/install/keyboard_msgs/include/keyboard_msgs/keyboard_msgs/msg
[0.807s] -- Up-to-date: /home/gadzz/vtol_ws/install/keyboard_msgs/include/keyboard_msgs/keyboard_msgs/msg/rosidl_typesupport_introspection_c__visibility_control.h
[0.807s] -- Up-to-date: /home/gadzz/vtol_ws/install/keyboard_msgs/include/keyboard_msgs/keyboard_msgs/msg/detail
[0.810s] -- Up-to-date: /home/gadzz/vtol_ws/install/keyboard_msgs/include/keyboard_msgs/keyboard_msgs/msg/detail/key__rosidl_typesupport_introspection_c.h
[0.811s] -- Up-to-date: /home/gadzz/vtol_ws/install/keyboard_msgs/include/keyboard_msgs/keyboard_msgs/msg/detail/key__type_support.c
[0.811s] -- Up-to-date: /home/gadzz/vtol_ws/install/keyboard_msgs/lib/libkeyboard_msgs__rosidl_typesupport_introspection_c.so
[0.811s] -- Up-to-date: /home/gadzz/vtol_ws/install/keyboard_msgs/lib/libkeyboard_msgs__rosidl_typesupport_c.so
[0.811s] -- Up-to-date: /home/gadzz/vtol_ws/install/keyboard_msgs/include/keyboard_msgs/keyboard_msgs
[0.811s] -- Up-to-date: /home/gadzz/vtol_ws/install/keyboard_msgs/include/keyboard_msgs/keyboard_msgs/msg
[0.811s] -- Up-to-date: /home/gadzz/vtol_ws/install/keyboard_msgs/include/keyboard_msgs/keyboard_msgs/msg/detail
[0.811s] -- Up-to-date: /home/gadzz/vtol_ws/install/keyboard_msgs/include/keyboard_msgs/keyboard_msgs/msg/detail/key__rosidl_typesupport_introspection_cpp.hpp
[0.811s] -- Up-to-date: /home/gadzz/vtol_ws/install/keyboard_msgs/include/keyboard_msgs/keyboard_msgs/msg/detail/key__type_support.cpp
[0.811s] -- Up-to-date: /home/gadzz/vtol_ws/install/keyboard_msgs/lib/libkeyboard_msgs__rosidl_typesupport_introspection_cpp.so
[0.812s] -- Up-to-date: /home/gadzz/vtol_ws/install/keyboard_msgs/lib/libkeyboard_msgs__rosidl_typesupport_cpp.so
[0.812s] -- Up-to-date: /home/gadzz/vtol_ws/install/keyboard_msgs/share/keyboard_msgs/environment/pythonpath.sh
[0.812s] -- Up-to-date: /home/gadzz/vtol_ws/install/keyboard_msgs/share/keyboard_msgs/environment/pythonpath.dsv
[0.812s] -- Up-to-date: /home/gadzz/vtol_ws/install/keyboard_msgs/local/lib/python3.10/dist-packages/keyboard_msgs-1.0.0-py3.10.egg-info
[0.812s] -- Installing: /home/gadzz/vtol_ws/install/keyboard_msgs/local/lib/python3.10/dist-packages/keyboard_msgs-1.0.0-py3.10.egg-info/top_level.txt
[0.812s] -- Installing: /home/gadzz/vtol_ws/install/keyboard_msgs/local/lib/python3.10/dist-packages/keyboard_msgs-1.0.0-py3.10.egg-info/dependency_links.txt
[0.812s] -- Installing: /home/gadzz/vtol_ws/install/keyboard_msgs/local/lib/python3.10/dist-packages/keyboard_msgs-1.0.0-py3.10.egg-info/PKG-INFO
[0.812s] -- Installing: /home/gadzz/vtol_ws/install/keyboard_msgs/local/lib/python3.10/dist-packages/keyboard_msgs-1.0.0-py3.10.egg-info/SOURCES.txt
[0.812s] -- Up-to-date: /home/gadzz/vtol_ws/install/keyboard_msgs/local/lib/python3.10/dist-packages/keyboard_msgs
[0.813s] -- Up-to-date: /home/gadzz/vtol_ws/install/keyboard_msgs/local/lib/python3.10/dist-packages/keyboard_msgs/_keyboard_msgs_s.ep.rosidl_typesupport_c.c
[0.813s] -- Up-to-date: /home/gadzz/vtol_ws/install/keyboard_msgs/local/lib/python3.10/dist-packages/keyboard_msgs/_keyboard_msgs_s.ep.rosidl_typesupport_introspection_c.c
[0.813s] -- Up-to-date: /home/gadzz/vtol_ws/install/keyboard_msgs/local/lib/python3.10/dist-packages/keyboard_msgs/__init__.py
[0.813s] -- Up-to-date: /home/gadzz/vtol_ws/install/keyboard_msgs/local/lib/python3.10/dist-packages/keyboard_msgs/keyboard_msgs_s__rosidl_typesupport_fastrtps_c.cpython-310-x86_64-linux-gnu.so
[0.813s] -- Up-to-date: /home/gadzz/vtol_ws/install/keyboard_msgs/local/lib/python3.10/dist-packages/keyboard_msgs/keyboard_msgs_s__rosidl_typesupport_introspection_c.cpython-310-x86_64-linux-gnu.so
[0.813s] -- Up-to-date: /home/gadzz/vtol_ws/install/keyboard_msgs/local/lib/python3.10/dist-packages/keyboard_msgs/keyboard_msgs_s__rosidl_typesupport_c.cpython-310-x86_64-linux-gnu.so
[0.813s] -- Up-to-date: /home/gadzz/vtol_ws/install/keyboard_msgs/local/lib/python3.10/dist-packages/keyboard_msgs/msg
[0.813s] -- Up-to-date: /home/gadzz/vtol_ws/install/keyboard_msgs/local/lib/python3.10/dist-packages/keyboard_msgs/msg/__init__.py
[0.813s] -- Up-to-date: /home/gadzz/vtol_ws/install/keyboard_msgs/local/lib/python3.10/dist-packages/keyboard_msgs/msg/_key_s.c
[0.813s] -- Up-to-date: /home/gadzz/vtol_ws/install/keyboard_msgs/local/lib/python3.10/dist-packages/keyboard_msgs/msg/_key.py
[0.813s] -- Up-to-date: /home/gadzz/vtol_ws/install/keyboard_msgs/local/lib/python3.10/dist-packages/keyboard_msgs/libkeyboard_msgs__rosidl_generator_py.so
[0.813s] -- Up-to-date: /home/gadzz/vtol_ws/install/keyboard_msgs/local/lib/python3.10/dist-packages/keyboard_msgs/_keyboard_msgs_s.ep.rosidl_typesupport_fastrtps_c.c
[0.880s] Listing '/home/gadzz/vtol_ws/install/keyboard_msgs/local/lib/python3.10/dist-packages/keyboard_msgs'...
[0.880s] Listing '/home/gadzz/vtol_ws/install/keyboard_msgs/local/lib/python3.10/dist-packages/keyboard_msgs/msg'...
[0.892s] -- Up-to-date: /home/gadzz/vtol_ws/install/keyboard_msgs/local/lib/python3.10/dist-packages/keyboard_msgs/keyboard_msgs_s__rosidl_typesupport_fastrtps_c.cpython-310-x86_64-linux-gnu.so
[0.894s] -- Up-to-date: /home/gadzz/vtol_ws/install/keyboard_msgs/local/lib/python3.10/dist-packages/keyboard_msgs/keyboard_msgs_s__rosidl_typesupport_introspection_c.cpython-310-x86_64-linux-gnu.so
[0.896s] -- Up-to-date: /home/gadzz/vtol_ws/install/keyboard_msgs/local/lib/python3.10/dist-packages/keyboard_msgs/keyboard_msgs_s__rosidl_typesupport_c.cpython-310-x86_64-linux-gnu.so
[0.896s] -- Up-to-date: /home/gadzz/vtol_ws/install/keyboard_msgs/lib/libkeyboard_msgs__rosidl_generator_py.so
[0.896s] -- Up-to-date: /home/gadzz/vtol_ws/install/keyboard_msgs/share/keyboard_msgs/msg/Key.idl
[0.896s] -- Up-to-date: /home/gadzz/vtol_ws/install/keyboard_msgs/share/keyboard_msgs/msg/Key.msg
[0.896s] -- Up-to-date: /home/gadzz/vtol_ws/install/keyboard_msgs/share/ament_index/resource_index/package_run_dependencies/keyboard_msgs
[0.897s] -- Up-to-date: /home/gadzz/vtol_ws/install/keyboard_msgs/share/ament_index/resource_index/parent_prefix_path/keyboard_msgs
[0.897s] -- Up-to-date: /home/gadzz/vtol_ws/install/keyboard_msgs/share/keyboard_msgs/environment/ament_prefix_path.sh
[0.898s] -- Up-to-date: /home/gadzz/vtol_ws/install/keyboard_msgs/share/keyboard_msgs/environment/ament_prefix_path.dsv
[0.898s] -- Up-to-date: /home/gadzz/vtol_ws/install/keyboard_msgs/share/keyboard_msgs/environment/path.sh
[0.898s] -- Up-to-date: /home/gadzz/vtol_ws/install/keyboard_msgs/share/keyboard_msgs/environment/path.dsv
[0.898s] -- Up-to-date: /home/gadzz/vtol_ws/install/keyboard_msgs/share/keyboard_msgs/local_setup.bash
[0.898s] -- Up-to-date: /home/gadzz/vtol_ws/install/keyboard_msgs/share/keyboard_msgs/local_setup.sh
[0.898s] -- Up-to-date: /home/gadzz/vtol_ws/install/keyboard_msgs/share/keyboard_msgs/local_setup.zsh
[0.898s] -- Up-to-date: /home/gadzz/vtol_ws/install/keyboard_msgs/share/keyboard_msgs/local_setup.dsv
[0.898s] -- Installing: /home/gadzz/vtol_ws/install/keyboard_msgs/share/keyboard_msgs/package.dsv
[0.898s] -- Up-to-date: /home/gadzz/vtol_ws/install/keyboard_msgs/share/ament_index/resource_index/packages/keyboard_msgs
[0.898s] -- Up-to-date: /home/gadzz/vtol_ws/install/keyboard_msgs/share/keyboard_msgs/cmake/export_keyboard_msgs__rosidl_generator_cExport.cmake
[0.898s] -- Up-to-date: /home/gadzz/vtol_ws/install/keyboard_msgs/share/keyboard_msgs/cmake/export_keyboard_msgs__rosidl_generator_cExport-noconfig.cmake
[0.898s] -- Up-to-date: /home/gadzz/vtol_ws/install/keyboard_msgs/share/keyboard_msgs/cmake/export_keyboard_msgs__rosidl_typesupport_fastrtps_cExport.cmake
[0.898s] -- Up-to-date: /home/gadzz/vtol_ws/install/keyboard_msgs/share/keyboard_msgs/cmake/export_keyboard_msgs__rosidl_typesupport_fastrtps_cExport-noconfig.cmake
[0.898s] -- Up-to-date: /home/gadzz/vtol_ws/install/keyboard_msgs/share/keyboard_msgs/cmake/export_keyboard_msgs__rosidl_generator_cppExport.cmake
[0.898s] -- Up-to-date: /home/gadzz/vtol_ws/install/keyboard_msgs/share/keyboard_msgs/cmake/export_keyboard_msgs__rosidl_typesupport_fastrtps_cppExport.cmake
[0.898s] -- Up-to-date: /home/gadzz/vtol_ws/install/keyboard_msgs/share/keyboard_msgs/cmake/export_keyboard_msgs__rosidl_typesupport_fastrtps_cppExport-noconfig.cmake
[0.899s] -- Up-to-date: /home/gadzz/vtol_ws/install/keyboard_msgs/share/keyboard_msgs/cmake/keyboard_msgs__rosidl_typesupport_introspection_cExport.cmake
[0.899s] -- Up-to-date: /home/gadzz/vtol_ws/install/keyboard_msgs/share/keyboard_msgs/cmake/keyboard_msgs__rosidl_typesupport_introspection_cExport-noconfig.cmake
[0.899s] -- Up-to-date: /home/gadzz/vtol_ws/install/keyboard_msgs/share/keyboard_msgs/cmake/keyboard_msgs__rosidl_typesupport_cExport.cmake
[0.905s] -- Up-to-date: /home/gadzz/vtol_ws/install/keyboard_msgs/share/keyboard_msgs/cmake/keyboard_msgs__rosidl_typesupport_cExport-noconfig.cmake
[0.908s] -- Up-to-date: /home/gadzz/vtol_ws/install/keyboard_msgs/share/keyboard_msgs/cmake/keyboard_msgs__rosidl_typesupport_introspection_cppExport.cmake
[0.908s] -- Up-to-date: /home/gadzz/vtol_ws/install/keyboard_msgs/share/keyboard_msgs/cmake/keyboard_msgs__rosidl_typesupport_introspection_cppExport-noconfig.cmake
[0.909s] -- Up-to-date: /home/gadzz/vtol_ws/install/keyboard_msgs/share/keyboard_msgs/cmake/keyboard_msgs__rosidl_typesupport_cppExport.cmake
[0.909s] -- Up-to-date: /home/gadzz/vtol_ws/install/keyboard_msgs/share/keyboard_msgs/cmake/keyboard_msgs__rosidl_typesupport_cppExport-noconfig.cmake
[0.909s] -- Up-to-date: /home/gadzz/vtol_ws/install/keyboard_msgs/share/keyboard_msgs/cmake/export_keyboard_msgs__rosidl_generator_pyExport.cmake
[0.909s] -- Up-to-date: /home/gadzz/vtol_ws/install/keyboard_msgs/share/keyboard_msgs/cmake/export_keyboard_msgs__rosidl_generator_pyExport-noconfig.cmake
[0.911s] -- Up-to-date: /home/gadzz/vtol_ws/install/keyboard_msgs/share/keyboard_msgs/cmake/rosidl_cmake-extras.cmake
[0.911s] -- Up-to-date: /home/gadzz/vtol_ws/install/keyboard_msgs/share/keyboard_msgs/cmake/ament_cmake_export_dependencies-extras.cmake
[0.911s] -- Up-to-date: /home/gadzz/vtol_ws/install/keyboard_msgs/share/keyboard_msgs/cmake/ament_cmake_export_include_directories-extras.cmake
[0.911s] -- Up-to-date: /home/gadzz/vtol_ws/install/keyboard_msgs/share/keyboard_msgs/cmake/ament_cmake_export_libraries-extras.cmake
[0.911s] -- Up-to-date: /home/gadzz/vtol_ws/install/keyboard_msgs/share/keyboard_msgs/cmake/ament_cmake_export_targets-extras.cmake
[0.911s] -- Up-to-date: /home/gadzz/vtol_ws/install/keyboard_msgs/share/keyboard_msgs/cmake/rosidl_cmake_export_typesupport_targets-extras.cmake
[0.911s] -- Up-to-date: /home/gadzz/vtol_ws/install/keyboard_msgs/share/keyboard_msgs/cmake/rosidl_cmake_export_typesupport_libraries-extras.cmake
[0.911s] -- Up-to-date: /home/gadzz/vtol_ws/install/keyboard_msgs/share/keyboard_msgs/cmake/keyboard_msgsConfig.cmake
[0.912s] -- Up-to-date: /home/gadzz/vtol_ws/install/keyboard_msgs/share/keyboard_msgs/cmake/keyboard_msgsConfig-version.cmake
[0.912s] -- Up-to-date: /home/gadzz/vtol_ws/install/keyboard_msgs/share/keyboard_msgs/package.xml
[0.921s] Invoked command in '/home/gadzz/vtol_ws/build/keyboard_msgs' returned '0': CMAKE_PREFIX_PATH=${CMAKE_PREFIX_PATH}:/home/gadzz/ardu_ws/install/ardupilot_dds_tests:/opt/ros/humble /usr/bin/cmake --install /home/gadzz/vtol_ws/build/keyboard_msgs
