[0.032s] Invoking command in '/home/gadzz/vtol_ws/build/px4_ros_com': AMENT_PREFIX_PATH=/home/gadzz/vtol_ws/install/px4_msgs:${AMENT_PREFIX_PATH} CMAKE_PREFIX_PATH=/home/gadzz/vtol_ws/install/px4_msgs:/home/gadzz/ardu_ws/install/test_ros_gz_bridge:/home/gadzz/ardu_ws/install/ros_ign:/home/gadzz/ardu_ws/install/ros_ign_gazebo_demos:/home/gadzz/ardu_ws/install/ros_gz:/home/gadzz/ardu_ws/install/ros_gz_sim_demos:/home/gadzz/ardu_ws/install/ardupilot_gz_bringup:/home/gadzz/ardu_ws/install/sdformat_urdf:/home/gadzz/ardu_ws/install/sdformat_test_files:/home/gadzz/ardu_ws/install/ros_ign_interfaces:/home/gadzz/ardu_ws/install/ros_ign_image:/home/gadzz/ardu_ws/install/ros_ign_gazebo:/home/gadzz/ardu_ws/install/ros_ign_bridge:/home/gadzz/ardu_ws/install/ros_gz_sim:/home/gadzz/ardu_ws/install/ros_gz_image:/home/gadzz/ardu_ws/install/ros_gz_bridge:/home/gadzz/ardu_ws/install/ros_gz_interfaces:/home/gadzz/ardu_ws/install/ardupilot_sitl:/home/gadzz/ardu_ws/install/micro_ros_agent:/home/gadzz/ardu_ws/install/keyboard:/home/gadzz/ardu_ws/install/keyboard_msgs:/home/gadzz/ardu_ws/install/ardupilot_sitl_models:/home/gadzz/ardu_ws/install/ardupilot_msgs:/home/gadzz/ardu_ws/install/ardupilot_gz_gazebo:/home/gadzz/ardu_ws/install/ardupilot_gz_description:/home/gadzz/ardu_ws/install/ardupilot_gz_application:/home/gadzz/ardu_ws/install/ardupilot_gazebo:/home/gadzz/ardu_ws/install/ardupilot_dds_tests:/opt/ros/humble LD_LIBRARY_PATH=/home/gadzz/vtol_ws/install/px4_msgs/lib:${LD_LIBRARY_PATH} PYTHONPATH=/home/gadzz/vtol_ws/install/px4_msgs/local/lib/python3.10/dist-packages:${PYTHONPATH} /usr/bin/cmake --build /home/gadzz/vtol_ws/build/px4_ros_com -- -j8 -l8
[0.172s] [ 16%] Built target frame_transforms
[0.232s] [ 16%] Built target ament_cmake_python_copy_px4_ros_com
[0.317s] [ 33%] Built target offboard_control_srv
[0.652s] running egg_info
[0.684s] writing px4_ros_com.egg-info/PKG-INFO
[0.686s] writing dependency_links to px4_ros_com.egg-info/dependency_links.txt
[0.687s] writing top-level names to px4_ros_com.egg-info/top_level.txt
[0.778s] reading manifest file 'px4_ros_com.egg-info/SOURCES.txt'
[0.781s] writing manifest file 'px4_ros_com.egg-info/SOURCES.txt'
[0.943s] [ 33%] Built target ament_cmake_python_build_px4_ros_com_egg
[1.011s] [ 50%] Built target offboard_control
[1.090s] [ 66%] Built target debug_vect_advertiser
[1.182s] [ 83%] Built target vehicle_gps_position_listener
[1.271s] [100%] Built target sensor_combined_listener
[1.314s] Invoked command in '/home/gadzz/vtol_ws/build/px4_ros_com' returned '0': AMENT_PREFIX_PATH=/home/gadzz/vtol_ws/install/px4_msgs:${AMENT_PREFIX_PATH} CMAKE_PREFIX_PATH=/home/gadzz/vtol_ws/install/px4_msgs:/home/gadzz/ardu_ws/install/test_ros_gz_bridge:/home/gadzz/ardu_ws/install/ros_ign:/home/gadzz/ardu_ws/install/ros_ign_gazebo_demos:/home/gadzz/ardu_ws/install/ros_gz:/home/gadzz/ardu_ws/install/ros_gz_sim_demos:/home/gadzz/ardu_ws/install/ardupilot_gz_bringup:/home/gadzz/ardu_ws/install/sdformat_urdf:/home/gadzz/ardu_ws/install/sdformat_test_files:/home/gadzz/ardu_ws/install/ros_ign_interfaces:/home/gadzz/ardu_ws/install/ros_ign_image:/home/gadzz/ardu_ws/install/ros_ign_gazebo:/home/gadzz/ardu_ws/install/ros_ign_bridge:/home/gadzz/ardu_ws/install/ros_gz_sim:/home/gadzz/ardu_ws/install/ros_gz_image:/home/gadzz/ardu_ws/install/ros_gz_bridge:/home/gadzz/ardu_ws/install/ros_gz_interfaces:/home/gadzz/ardu_ws/install/ardupilot_sitl:/home/gadzz/ardu_ws/install/micro_ros_agent:/home/gadzz/ardu_ws/install/keyboard:/home/gadzz/ardu_ws/install/keyboard_msgs:/home/gadzz/ardu_ws/install/ardupilot_sitl_models:/home/gadzz/ardu_ws/install/ardupilot_msgs:/home/gadzz/ardu_ws/install/ardupilot_gz_gazebo:/home/gadzz/ardu_ws/install/ardupilot_gz_description:/home/gadzz/ardu_ws/install/ardupilot_gz_application:/home/gadzz/ardu_ws/install/ardupilot_gazebo:/home/gadzz/ardu_ws/install/ardupilot_dds_tests:/opt/ros/humble LD_LIBRARY_PATH=/home/gadzz/vtol_ws/install/px4_msgs/lib:${LD_LIBRARY_PATH} PYTHONPATH=/home/gadzz/vtol_ws/install/px4_msgs/local/lib/python3.10/dist-packages:${PYTHONPATH} /usr/bin/cmake --build /home/gadzz/vtol_ws/build/px4_ros_com -- -j8 -l8
[1.316s] Invoking command in '/home/gadzz/vtol_ws/build/px4_ros_com': AMENT_PREFIX_PATH=/home/gadzz/vtol_ws/install/px4_msgs:${AMENT_PREFIX_PATH} CMAKE_PREFIX_PATH=/home/gadzz/vtol_ws/install/px4_msgs:/home/gadzz/ardu_ws/install/test_ros_gz_bridge:/home/gadzz/ardu_ws/install/ros_ign:/home/gadzz/ardu_ws/install/ros_ign_gazebo_demos:/home/gadzz/ardu_ws/install/ros_gz:/home/gadzz/ardu_ws/install/ros_gz_sim_demos:/home/gadzz/ardu_ws/install/ardupilot_gz_bringup:/home/gadzz/ardu_ws/install/sdformat_urdf:/home/gadzz/ardu_ws/install/sdformat_test_files:/home/gadzz/ardu_ws/install/ros_ign_interfaces:/home/gadzz/ardu_ws/install/ros_ign_image:/home/gadzz/ardu_ws/install/ros_ign_gazebo:/home/gadzz/ardu_ws/install/ros_ign_bridge:/home/gadzz/ardu_ws/install/ros_gz_sim:/home/gadzz/ardu_ws/install/ros_gz_image:/home/gadzz/ardu_ws/install/ros_gz_bridge:/home/gadzz/ardu_ws/install/ros_gz_interfaces:/home/gadzz/ardu_ws/install/ardupilot_sitl:/home/gadzz/ardu_ws/install/micro_ros_agent:/home/gadzz/ardu_ws/install/keyboard:/home/gadzz/ardu_ws/install/keyboard_msgs:/home/gadzz/ardu_ws/install/ardupilot_sitl_models:/home/gadzz/ardu_ws/install/ardupilot_msgs:/home/gadzz/ardu_ws/install/ardupilot_gz_gazebo:/home/gadzz/ardu_ws/install/ardupilot_gz_description:/home/gadzz/ardu_ws/install/ardupilot_gz_application:/home/gadzz/ardu_ws/install/ardupilot_gazebo:/home/gadzz/ardu_ws/install/ardupilot_dds_tests:/opt/ros/humble LD_LIBRARY_PATH=/home/gadzz/vtol_ws/install/px4_msgs/lib:${LD_LIBRARY_PATH} PYTHONPATH=/home/gadzz/vtol_ws/install/px4_msgs/local/lib/python3.10/dist-packages:${PYTHONPATH} /usr/bin/cmake --install /home/gadzz/vtol_ws/build/px4_ros_com
[1.333s] -- Install configuration: ""
[1.333s] -- Up-to-date: /home/gadzz/vtol_ws/install/px4_ros_com/lib/px4_ros_com/sensor_combined_listener
[1.333s] -- Up-to-date: /home/gadzz/vtol_ws/install/px4_ros_com/lib/px4_ros_com/vehicle_gps_position_listener
[1.334s] -- Up-to-date: /home/gadzz/vtol_ws/install/px4_ros_com/lib/px4_ros_com/debug_vect_advertiser
[1.334s] -- Up-to-date: /home/gadzz/vtol_ws/install/px4_ros_com/lib/px4_ros_com/offboard_control
[1.334s] -- Up-to-date: /home/gadzz/vtol_ws/install/px4_ros_com/lib/px4_ros_com/offboard_control_srv
[1.334s] -- Up-to-date: /home/gadzz/vtol_ws/install/px4_ros_com/share/px4_ros_com/environment/library_path.sh
[1.334s] -- Up-to-date: /home/gadzz/vtol_ws/install/px4_ros_com/share/px4_ros_com/environment/library_path.dsv
[1.334s] -- Up-to-date: /home/gadzz/vtol_ws/install/px4_ros_com/include/px4_ros_com
[1.335s] -- Up-to-date: /home/gadzz/vtol_ws/install/px4_ros_com/include/px4_ros_com/frame_transforms.h
[1.335s] -- Up-to-date: /home/gadzz/vtol_ws/install/px4_ros_com/lib/libframe_transforms.so
[1.335s] -- Up-to-date: /home/gadzz/vtol_ws/install/px4_ros_com/share/px4_ros_com//launch
[1.337s] -- Up-to-date: /home/gadzz/vtol_ws/install/px4_ros_com/share/px4_ros_com//launch/sensor_combined_listener.launch.py
[1.337s] -- Up-to-date: /home/gadzz/vtol_ws/install/px4_ros_com/share/px4_ros_com//launch/offboard_control_launch.yaml
[1.337s] -- Up-to-date: /home/gadzz/vtol_ws/install/px4_ros_com/share/px4_ros_com//test
[1.337s] -- Up-to-date: /home/gadzz/vtol_ws/install/px4_ros_com/share/px4_ros_com//test/test_input.py
[1.337s] -- Up-to-date: /home/gadzz/vtol_ws/install/px4_ros_com/share/px4_ros_com//test/__init__.py
[1.337s] -- Up-to-date: /home/gadzz/vtol_ws/install/px4_ros_com/share/px4_ros_com//test/pipeline_io_test.py
[1.337s] -- Up-to-date: /home/gadzz/vtol_ws/install/px4_ros_com/share/px4_ros_com//test/test_output.py
[1.338s] -- Up-to-date: /home/gadzz/vtol_ws/install/px4_ros_com/share/px4_ros_com/environment/pythonpath.sh
[1.338s] -- Up-to-date: /home/gadzz/vtol_ws/install/px4_ros_com/share/px4_ros_com/environment/pythonpath.dsv
[1.338s] -- Up-to-date: /home/gadzz/vtol_ws/install/px4_ros_com/local/lib/python3.10/dist-packages/px4_ros_com-0.1.0-py3.10.egg-info
[1.338s] -- Installing: /home/gadzz/vtol_ws/install/px4_ros_com/local/lib/python3.10/dist-packages/px4_ros_com-0.1.0-py3.10.egg-info/top_level.txt
[1.338s] -- Installing: /home/gadzz/vtol_ws/install/px4_ros_com/local/lib/python3.10/dist-packages/px4_ros_com-0.1.0-py3.10.egg-info/dependency_links.txt
[1.339s] -- Installing: /home/gadzz/vtol_ws/install/px4_ros_com/local/lib/python3.10/dist-packages/px4_ros_com-0.1.0-py3.10.egg-info/PKG-INFO
[1.339s] -- Installing: /home/gadzz/vtol_ws/install/px4_ros_com/local/lib/python3.10/dist-packages/px4_ros_com-0.1.0-py3.10.egg-info/SOURCES.txt
[1.339s] -- Up-to-date: /home/gadzz/vtol_ws/install/px4_ros_com/local/lib/python3.10/dist-packages/px4_ros_com
[1.339s] -- Up-to-date: /home/gadzz/vtol_ws/install/px4_ros_com/local/lib/python3.10/dist-packages/px4_ros_com/__init__.py
[1.339s] -- Up-to-date: /home/gadzz/vtol_ws/install/px4_ros_com/local/lib/python3.10/dist-packages/px4_ros_com/module_to_import.py
[1.441s] Listing '/home/gadzz/vtol_ws/install/px4_ros_com/local/lib/python3.10/dist-packages/px4_ros_com'...
[1.471s] -- Up-to-date: /home/gadzz/vtol_ws/install/px4_ros_com/lib/px4_ros_com/offboard_control.py
[1.472s] -- Up-to-date: /home/gadzz/vtol_ws/install/px4_ros_com/share/ament_index/resource_index/package_run_dependencies/px4_ros_com
[1.475s] -- Up-to-date: /home/gadzz/vtol_ws/install/px4_ros_com/share/ament_index/resource_index/parent_prefix_path/px4_ros_com
[1.475s] -- Up-to-date: /home/gadzz/vtol_ws/install/px4_ros_com/share/px4_ros_com/environment/ament_prefix_path.sh
[1.476s] -- Up-to-date: /home/gadzz/vtol_ws/install/px4_ros_com/share/px4_ros_com/environment/ament_prefix_path.dsv
[1.476s] -- Up-to-date: /home/gadzz/vtol_ws/install/px4_ros_com/share/px4_ros_com/environment/path.sh
[1.476s] -- Up-to-date: /home/gadzz/vtol_ws/install/px4_ros_com/share/px4_ros_com/environment/path.dsv
[1.476s] -- Up-to-date: /home/gadzz/vtol_ws/install/px4_ros_com/share/px4_ros_com/local_setup.bash
[1.476s] -- Up-to-date: /home/gadzz/vtol_ws/install/px4_ros_com/share/px4_ros_com/local_setup.sh
[1.476s] -- Up-to-date: /home/gadzz/vtol_ws/install/px4_ros_com/share/px4_ros_com/local_setup.zsh
[1.476s] -- Up-to-date: /home/gadzz/vtol_ws/install/px4_ros_com/share/px4_ros_com/local_setup.dsv
[1.477s] -- Installing: /home/gadzz/vtol_ws/install/px4_ros_com/share/px4_ros_com/package.dsv
[1.478s] -- Up-to-date: /home/gadzz/vtol_ws/install/px4_ros_com/share/ament_index/resource_index/packages/px4_ros_com
[1.479s] -- Up-to-date: /home/gadzz/vtol_ws/install/px4_ros_com/share/px4_ros_com/cmake/export_frame_transformsExport.cmake
[1.479s] -- Up-to-date: /home/gadzz/vtol_ws/install/px4_ros_com/share/px4_ros_com/cmake/export_frame_transformsExport-noconfig.cmake
[1.480s] -- Up-to-date: /home/gadzz/vtol_ws/install/px4_ros_com/share/px4_ros_com/cmake/ament_cmake_export_dependencies-extras.cmake
[1.480s] -- Up-to-date: /home/gadzz/vtol_ws/install/px4_ros_com/share/px4_ros_com/cmake/ament_cmake_export_targets-extras.cmake
[1.480s] -- Up-to-date: /home/gadzz/vtol_ws/install/px4_ros_com/share/px4_ros_com/cmake/ament_cmake_export_include_directories-extras.cmake
[1.480s] -- Up-to-date: /home/gadzz/vtol_ws/install/px4_ros_com/share/px4_ros_com/cmake/ament_cmake_export_libraries-extras.cmake
[1.480s] -- Up-to-date: /home/gadzz/vtol_ws/install/px4_ros_com/share/px4_ros_com/cmake/px4_ros_comConfig.cmake
[1.480s] -- Up-to-date: /home/gadzz/vtol_ws/install/px4_ros_com/share/px4_ros_com/cmake/px4_ros_comConfig-version.cmake
[1.480s] -- Up-to-date: /home/gadzz/vtol_ws/install/px4_ros_com/share/px4_ros_com/package.xml
[1.491s] Invoked command in '/home/gadzz/vtol_ws/build/px4_ros_com' returned '0': AMENT_PREFIX_PATH=/home/gadzz/vtol_ws/install/px4_msgs:${AMENT_PREFIX_PATH} CMAKE_PREFIX_PATH=/home/gadzz/vtol_ws/install/px4_msgs:/home/gadzz/ardu_ws/install/test_ros_gz_bridge:/home/gadzz/ardu_ws/install/ros_ign:/home/gadzz/ardu_ws/install/ros_ign_gazebo_demos:/home/gadzz/ardu_ws/install/ros_gz:/home/gadzz/ardu_ws/install/ros_gz_sim_demos:/home/gadzz/ardu_ws/install/ardupilot_gz_bringup:/home/gadzz/ardu_ws/install/sdformat_urdf:/home/gadzz/ardu_ws/install/sdformat_test_files:/home/gadzz/ardu_ws/install/ros_ign_interfaces:/home/gadzz/ardu_ws/install/ros_ign_image:/home/gadzz/ardu_ws/install/ros_ign_gazebo:/home/gadzz/ardu_ws/install/ros_ign_bridge:/home/gadzz/ardu_ws/install/ros_gz_sim:/home/gadzz/ardu_ws/install/ros_gz_image:/home/gadzz/ardu_ws/install/ros_gz_bridge:/home/gadzz/ardu_ws/install/ros_gz_interfaces:/home/gadzz/ardu_ws/install/ardupilot_sitl:/home/gadzz/ardu_ws/install/micro_ros_agent:/home/gadzz/ardu_ws/install/keyboard:/home/gadzz/ardu_ws/install/keyboard_msgs:/home/gadzz/ardu_ws/install/ardupilot_sitl_models:/home/gadzz/ardu_ws/install/ardupilot_msgs:/home/gadzz/ardu_ws/install/ardupilot_gz_gazebo:/home/gadzz/ardu_ws/install/ardupilot_gz_description:/home/gadzz/ardu_ws/install/ardupilot_gz_application:/home/gadzz/ardu_ws/install/ardupilot_gazebo:/home/gadzz/ardu_ws/install/ardupilot_dds_tests:/opt/ros/humble LD_LIBRARY_PATH=/home/gadzz/vtol_ws/install/px4_msgs/lib:${LD_LIBRARY_PATH} PYTHONPATH=/home/gadzz/vtol_ws/install/px4_msgs/local/lib/python3.10/dist-packages:${PYTHONPATH} /usr/bin/cmake --install /home/gadzz/vtol_ws/build/px4_ros_com
