[0.026s] Invoking command in '/home/gadzz/vtol_ws/build/keyboard_msgs': CMAKE_PREFIX_PATH=${CMAKE_PREFIX_PATH}:/home/gadzz/ardu_ws/install/ardupilot_dds_tests:/opt/ros/humble /usr/bin/cmake /home/gadzz/vtol_ws/src/ros2-keyboard/keyboard_msgs -DCMAKE_INSTALL_PREFIX=/home/gadzz/vtol_ws/install/keyboard_msgs
[0.092s] -- The C compiler identification is GNU 11.4.0
[0.163s] -- The CXX compiler identification is GNU 11.4.0
[0.173s] -- Detecting C compiler ABI info
[0.238s] -- Detecting C compiler ABI info - done
[0.245s] -- Check for working C compiler: /usr/lib/ccache/cc - skipped
[0.245s] -- Detecting C compile features
[0.245s] -- Detecting C compile features - done
[0.248s] -- Detecting CXX compiler ABI info
[0.323s] -- Detecting CXX compiler ABI info - done
[0.329s] -- Check for working CXX compiler: /usr/lib/ccache/c++ - skipped
[0.329s] -- Detecting CXX compile features
[0.330s] -- Detecting CXX compile features - done
[0.334s] -- Found ament_cmake: 1.3.11 (/opt/ros/humble/share/ament_cmake/cmake)
[0.761s] -- Found Python3: /usr/bin/python3 (found version "3.10.12") found components: Interpreter 
[0.873s] -- Found std_msgs: 4.2.4 (/opt/ros/humble/share/std_msgs/cmake)
[0.917s] -- Found rosidl_generator_c: 3.1.6 (/opt/ros/humble/share/rosidl_generator_c/cmake)
[0.924s] -- Found rosidl_adapter: 3.1.6 (/opt/ros/humble/share/rosidl_adapter/cmake)
[0.934s] -- Found rosidl_generator_cpp: 3.1.6 (/opt/ros/humble/share/rosidl_generator_cpp/cmake)
[0.946s] -- Using all available rosidl_typesupport_c: rosidl_typesupport_fastrtps_c;rosidl_typesupport_introspection_c
[0.963s] -- Using all available rosidl_typesupport_cpp: rosidl_typesupport_fastrtps_cpp;rosidl_typesupport_introspection_cpp
[0.989s] -- Found rosidl_default_generators: 1.2.0 (/opt/ros/humble/share/rosidl_default_generators/cmake)
[1.298s] -- Found ament_cmake_ros: 0.10.0 (/opt/ros/humble/share/ament_cmake_ros/cmake)
[1.670s] -- Using all available rosidl_typesupport_c: rosidl_typesupport_fastrtps_c;rosidl_typesupport_introspection_c
[1.816s] -- Using all available rosidl_typesupport_cpp: rosidl_typesupport_fastrtps_cpp;rosidl_typesupport_introspection_cpp
[1.841s] -- Found PythonInterp: /usr/bin/python3 (found suitable version "3.10.12", minimum required is "3.6") 
[1.843s] -- Found python_cmake_module: 0.10.0 (/opt/ros/humble/share/python_cmake_module/cmake)
[1.872s] -- Found PythonLibs: /usr/lib/x86_64-linux-gnu/libpython3.10.so (found suitable version "3.10.12", minimum required is "3.5") 
[1.872s] -- Using PYTHON_EXECUTABLE: /usr/bin/python3
[1.872s] -- Using PYTHON_INCLUDE_DIRS: /usr/include/python3.10
[1.872s] -- Using PYTHON_LIBRARIES: /usr/lib/x86_64-linux-gnu/libpython3.10.so
[1.897s] -- Found PythonExtra: .so  
[1.956s] -- Found ament_lint_auto: 0.12.11 (/opt/ros/humble/share/ament_lint_auto/cmake)
[1.984s] -- Added test 'copyright' to check source files copyright and LICENSE
[1.985s] -- Added test 'lint_cmake' to check CMake code style
[1.986s] -- Added test 'xmllint' to check XML markup files
[1.987s] -- Configuring done
[2.018s] -- Generating done
[2.028s] -- Build files have been written to: /home/gadzz/vtol_ws/build/keyboard_msgs
[2.039s] Invoked command in '/home/gadzz/vtol_ws/build/keyboard_msgs' returned '0': CMAKE_PREFIX_PATH=${CMAKE_PREFIX_PATH}:/home/gadzz/ardu_ws/install/ardupilot_dds_tests:/opt/ros/humble /usr/bin/cmake /home/gadzz/vtol_ws/src/ros2-keyboard/keyboard_msgs -DCMAKE_INSTALL_PREFIX=/home/gadzz/vtol_ws/install/keyboard_msgs
[2.040s] Invoking command in '/home/gadzz/vtol_ws/build/keyboard_msgs': CMAKE_PREFIX_PATH=${CMAKE_PREFIX_PATH}:/home/gadzz/ardu_ws/install/ardupilot_dds_tests:/opt/ros/humble /usr/bin/cmake --build /home/gadzz/vtol_ws/build/keyboard_msgs -- -j8 -l8
[2.082s] [35m[1mConsolidate compiler generated dependencies of target keyboard_msgs__rosidl_generator_c[0m
[2.097s] [  9%] Built target keyboard_msgs__cpp
[2.097s] [ 12%] Built target keyboard_msgs__rosidl_generator_c
[2.114s] [35m[1mConsolidate compiler generated dependencies of target keyboard_msgs__rosidl_typesupport_introspection_c[0m
[2.117s] [ 12%] Built target ament_cmake_python_copy_keyboard_msgs
[2.117s] [35m[1mConsolidate compiler generated dependencies of target keyboard_msgs__rosidl_typesupport_fastrtps_c[0m
[2.117s] [35m[1mConsolidate compiler generated dependencies of target keyboard_msgs__rosidl_typesupport_cpp[0m
[2.117s] [35m[1mConsolidate compiler generated dependencies of target keyboard_msgs__rosidl_typesupport_fastrtps_cpp[0m
[2.117s] [35m[1mConsolidate compiler generated dependencies of target keyboard_msgs__rosidl_typesupport_c[0m
[2.122s] [35m[1mConsolidate compiler generated dependencies of target keyboard_msgs__rosidl_typesupport_introspection_cpp[0m
[2.136s] [ 22%] Built target keyboard_msgs__rosidl_typesupport_c
[2.138s] [ 32%] Built target keyboard_msgs__rosidl_typesupport_fastrtps_cpp
[2.139s] [ 41%] Built target keyboard_msgs__rosidl_typesupport_fastrtps_c
[2.140s] [ 51%] Built target keyboard_msgs__rosidl_typesupport_cpp
[2.140s] [ 61%] Built target keyboard_msgs__rosidl_typesupport_introspection_c
[2.151s] [ 70%] Built target keyboard_msgs__rosidl_typesupport_introspection_cpp
[2.180s] [ 70%] Built target keyboard_msgs
[2.204s] [ 74%] Built target keyboard_msgs__py
[2.222s] [35m[1mConsolidate compiler generated dependencies of target keyboard_msgs__rosidl_generator_py[0m
[2.238s] [ 80%] Built target keyboard_msgs__rosidl_generator_py
[2.250s] [35m[1mConsolidate compiler generated dependencies of target keyboard_msgs__rosidl_typesupport_fastrtps_c__pyext[0m
[2.252s] [35m[1mConsolidate compiler generated dependencies of target keyboard_msgs__rosidl_typesupport_introspection_c__pyext[0m
[2.252s] [35m[1mConsolidate compiler generated dependencies of target keyboard_msgs__rosidl_typesupport_c__pyext[0m
[2.268s] [ 87%] Built target keyboard_msgs__rosidl_typesupport_fastrtps_c__pyext
[2.268s] [ 93%] Built target keyboard_msgs__rosidl_typesupport_introspection_c__pyext
[2.270s] [100%] Built target keyboard_msgs__rosidl_typesupport_c__pyext
[2.379s] running egg_info
[2.396s] writing keyboard_msgs.egg-info/PKG-INFO
[2.396s] writing dependency_links to keyboard_msgs.egg-info/dependency_links.txt
[2.397s] writing top-level names to keyboard_msgs.egg-info/top_level.txt
[2.452s] reading manifest file 'keyboard_msgs.egg-info/SOURCES.txt'
[2.453s] writing manifest file 'keyboard_msgs.egg-info/SOURCES.txt'
[2.492s] [100%] Built target ament_cmake_python_build_keyboard_msgs_egg
[2.506s] Invoked command in '/home/gadzz/vtol_ws/build/keyboard_msgs' returned '0': CMAKE_PREFIX_PATH=${CMAKE_PREFIX_PATH}:/home/gadzz/ardu_ws/install/ardupilot_dds_tests:/opt/ros/humble /usr/bin/cmake --build /home/gadzz/vtol_ws/build/keyboard_msgs -- -j8 -l8
[2.524s] Invoking command in '/home/gadzz/vtol_ws/build/keyboard_msgs': CMAKE_PREFIX_PATH=${CMAKE_PREFIX_PATH}:/home/gadzz/ardu_ws/install/ardupilot_dds_tests:/opt/ros/humble /usr/bin/cmake --install /home/gadzz/vtol_ws/build/keyboard_msgs
[2.533s] -- Install configuration: ""
[2.533s] -- Up-to-date: /home/gadzz/vtol_ws/install/keyboard_msgs/share/ament_index/resource_index/rosidl_interfaces/keyboard_msgs
[2.533s] -- Up-to-date: /home/gadzz/vtol_ws/install/keyboard_msgs/include/keyboard_msgs/keyboard_msgs
[2.533s] -- Up-to-date: /home/gadzz/vtol_ws/install/keyboard_msgs/include/keyboard_msgs/keyboard_msgs/msg
[2.533s] -- Up-to-date: /home/gadzz/vtol_ws/install/keyboard_msgs/include/keyboard_msgs/keyboard_msgs/msg/rosidl_generator_c__visibility_control.h
[2.533s] -- Up-to-date: /home/gadzz/vtol_ws/install/keyboard_msgs/include/keyboard_msgs/keyboard_msgs/msg/detail
[2.533s] -- Up-to-date: /home/gadzz/vtol_ws/install/keyboard_msgs/include/keyboard_msgs/keyboard_msgs/msg/detail/key__functions.c
[2.533s] -- Up-to-date: /home/gadzz/vtol_ws/install/keyboard_msgs/include/keyboard_msgs/keyboard_msgs/msg/detail/key__type_support.h
[2.533s] -- Up-to-date: /home/gadzz/vtol_ws/install/keyboard_msgs/include/keyboard_msgs/keyboard_msgs/msg/detail/key__functions.h
[2.534s] -- Up-to-date: /home/gadzz/vtol_ws/install/keyboard_msgs/include/keyboard_msgs/keyboard_msgs/msg/detail/key__struct.h
[2.534s] -- Up-to-date: /home/gadzz/vtol_ws/install/keyboard_msgs/include/keyboard_msgs/keyboard_msgs/msg/key.h
[2.534s] -- Up-to-date: /home/gadzz/vtol_ws/install/keyboard_msgs/share/keyboard_msgs/environment/library_path.sh
[2.534s] -- Installing: /home/gadzz/vtol_ws/install/keyboard_msgs/share/keyboard_msgs/environment/library_path.dsv
[2.534s] -- Up-to-date: /home/gadzz/vtol_ws/install/keyboard_msgs/lib/libkeyboard_msgs__rosidl_generator_c.so
[2.534s] -- Up-to-date: /home/gadzz/vtol_ws/install/keyboard_msgs/include/keyboard_msgs/keyboard_msgs
[2.534s] -- Up-to-date: /home/gadzz/vtol_ws/install/keyboard_msgs/include/keyboard_msgs/keyboard_msgs/msg
[2.534s] -- Up-to-date: /home/gadzz/vtol_ws/install/keyboard_msgs/include/keyboard_msgs/keyboard_msgs/msg/detail
[2.534s] -- Up-to-date: /home/gadzz/vtol_ws/install/keyboard_msgs/include/keyboard_msgs/keyboard_msgs/msg/detail/key__rosidl_typesupport_fastrtps_c.h
[2.534s] -- Up-to-date: /home/gadzz/vtol_ws/install/keyboard_msgs/include/keyboard_msgs/keyboard_msgs/msg/rosidl_typesupport_fastrtps_c__visibility_control.h
[2.535s] -- Up-to-date: /home/gadzz/vtol_ws/install/keyboard_msgs/lib/libkeyboard_msgs__rosidl_typesupport_fastrtps_c.so
[2.535s] -- Up-to-date: /home/gadzz/vtol_ws/install/keyboard_msgs/include/keyboard_msgs/keyboard_msgs
[2.535s] -- Up-to-date: /home/gadzz/vtol_ws/install/keyboard_msgs/include/keyboard_msgs/keyboard_msgs/msg
[2.535s] -- Up-to-date: /home/gadzz/vtol_ws/install/keyboard_msgs/include/keyboard_msgs/keyboard_msgs/msg/key.hpp
[2.535s] -- Up-to-date: /home/gadzz/vtol_ws/install/keyboard_msgs/include/keyboard_msgs/keyboard_msgs/msg/detail
[2.535s] -- Up-to-date: /home/gadzz/vtol_ws/install/keyboard_msgs/include/keyboard_msgs/keyboard_msgs/msg/detail/key__traits.hpp
[2.535s] -- Up-to-date: /home/gadzz/vtol_ws/install/keyboard_msgs/include/keyboard_msgs/keyboard_msgs/msg/detail/key__struct.hpp
[2.535s] -- Up-to-date: /home/gadzz/vtol_ws/install/keyboard_msgs/include/keyboard_msgs/keyboard_msgs/msg/detail/key__type_support.hpp
[2.536s] -- Up-to-date: /home/gadzz/vtol_ws/install/keyboard_msgs/include/keyboard_msgs/keyboard_msgs/msg/detail/key__builder.hpp
[2.536s] -- Up-to-date: /home/gadzz/vtol_ws/install/keyboard_msgs/include/keyboard_msgs/keyboard_msgs/msg/rosidl_generator_cpp__visibility_control.hpp
[2.536s] -- Up-to-date: /home/gadzz/vtol_ws/install/keyboard_msgs/include/keyboard_msgs/keyboard_msgs
[2.536s] -- Up-to-date: /home/gadzz/vtol_ws/install/keyboard_msgs/include/keyboard_msgs/keyboard_msgs/msg
[2.536s] -- Up-to-date: /home/gadzz/vtol_ws/install/keyboard_msgs/include/keyboard_msgs/keyboard_msgs/msg/rosidl_typesupport_fastrtps_cpp__visibility_control.h
[2.536s] -- Up-to-date: /home/gadzz/vtol_ws/install/keyboard_msgs/include/keyboard_msgs/keyboard_msgs/msg/detail
[2.536s] -- Up-to-date: /home/gadzz/vtol_ws/install/keyboard_msgs/include/keyboard_msgs/keyboard_msgs/msg/detail/dds_fastrtps
[2.536s] -- Up-to-date: /home/gadzz/vtol_ws/install/keyboard_msgs/include/keyboard_msgs/keyboard_msgs/msg/detail/key__rosidl_typesupport_fastrtps_cpp.hpp
[2.536s] -- Up-to-date: /home/gadzz/vtol_ws/install/keyboard_msgs/lib/libkeyboard_msgs__rosidl_typesupport_fastrtps_cpp.so
[2.536s] -- Up-to-date: /home/gadzz/vtol_ws/install/keyboard_msgs/include/keyboard_msgs/keyboard_msgs
[2.536s] -- Up-to-date: /home/gadzz/vtol_ws/install/keyboard_msgs/include/keyboard_msgs/keyboard_msgs/msg
[2.536s] -- Up-to-date: /home/gadzz/vtol_ws/install/keyboard_msgs/include/keyboard_msgs/keyboard_msgs/msg/rosidl_typesupport_introspection_c__visibility_control.h
[2.536s] -- Up-to-date: /home/gadzz/vtol_ws/install/keyboard_msgs/include/keyboard_msgs/keyboard_msgs/msg/detail
[2.536s] -- Up-to-date: /home/gadzz/vtol_ws/install/keyboard_msgs/include/keyboard_msgs/keyboard_msgs/msg/detail/key__rosidl_typesupport_introspection_c.h
[2.537s] -- Up-to-date: /home/gadzz/vtol_ws/install/keyboard_msgs/include/keyboard_msgs/keyboard_msgs/msg/detail/key__type_support.c
[2.537s] -- Up-to-date: /home/gadzz/vtol_ws/install/keyboard_msgs/lib/libkeyboard_msgs__rosidl_typesupport_introspection_c.so
[2.537s] -- Up-to-date: /home/gadzz/vtol_ws/install/keyboard_msgs/lib/libkeyboard_msgs__rosidl_typesupport_c.so
[2.537s] -- Up-to-date: /home/gadzz/vtol_ws/install/keyboard_msgs/include/keyboard_msgs/keyboard_msgs
[2.537s] -- Up-to-date: /home/gadzz/vtol_ws/install/keyboard_msgs/include/keyboard_msgs/keyboard_msgs/msg
[2.537s] -- Up-to-date: /home/gadzz/vtol_ws/install/keyboard_msgs/include/keyboard_msgs/keyboard_msgs/msg/detail
[2.537s] -- Up-to-date: /home/gadzz/vtol_ws/install/keyboard_msgs/include/keyboard_msgs/keyboard_msgs/msg/detail/key__rosidl_typesupport_introspection_cpp.hpp
[2.537s] -- Up-to-date: /home/gadzz/vtol_ws/install/keyboard_msgs/include/keyboard_msgs/keyboard_msgs/msg/detail/key__type_support.cpp
[2.537s] -- Up-to-date: /home/gadzz/vtol_ws/install/keyboard_msgs/lib/libkeyboard_msgs__rosidl_typesupport_introspection_cpp.so
[2.537s] -- Up-to-date: /home/gadzz/vtol_ws/install/keyboard_msgs/lib/libkeyboard_msgs__rosidl_typesupport_cpp.so
[2.537s] -- Up-to-date: /home/gadzz/vtol_ws/install/keyboard_msgs/share/keyboard_msgs/environment/pythonpath.sh
[2.537s] -- Installing: /home/gadzz/vtol_ws/install/keyboard_msgs/share/keyboard_msgs/environment/pythonpath.dsv
[2.537s] -- Up-to-date: /home/gadzz/vtol_ws/install/keyboard_msgs/local/lib/python3.10/dist-packages/keyboard_msgs-1.0.0-py3.10.egg-info
[2.537s] -- Installing: /home/gadzz/vtol_ws/install/keyboard_msgs/local/lib/python3.10/dist-packages/keyboard_msgs-1.0.0-py3.10.egg-info/top_level.txt
[2.537s] -- Installing: /home/gadzz/vtol_ws/install/keyboard_msgs/local/lib/python3.10/dist-packages/keyboard_msgs-1.0.0-py3.10.egg-info/dependency_links.txt
[2.537s] -- Installing: /home/gadzz/vtol_ws/install/keyboard_msgs/local/lib/python3.10/dist-packages/keyboard_msgs-1.0.0-py3.10.egg-info/PKG-INFO
[2.537s] -- Installing: /home/gadzz/vtol_ws/install/keyboard_msgs/local/lib/python3.10/dist-packages/keyboard_msgs-1.0.0-py3.10.egg-info/SOURCES.txt
[2.537s] -- Up-to-date: /home/gadzz/vtol_ws/install/keyboard_msgs/local/lib/python3.10/dist-packages/keyboard_msgs
[2.538s] -- Up-to-date: /home/gadzz/vtol_ws/install/keyboard_msgs/local/lib/python3.10/dist-packages/keyboard_msgs/_keyboard_msgs_s.ep.rosidl_typesupport_c.c
[2.538s] -- Up-to-date: /home/gadzz/vtol_ws/install/keyboard_msgs/local/lib/python3.10/dist-packages/keyboard_msgs/_keyboard_msgs_s.ep.rosidl_typesupport_introspection_c.c
[2.538s] -- Installing: /home/gadzz/vtol_ws/install/keyboard_msgs/local/lib/python3.10/dist-packages/keyboard_msgs/__init__.py
[2.538s] -- Up-to-date: /home/gadzz/vtol_ws/install/keyboard_msgs/local/lib/python3.10/dist-packages/keyboard_msgs/keyboard_msgs_s__rosidl_typesupport_fastrtps_c.cpython-310-x86_64-linux-gnu.so
[2.538s] -- Up-to-date: /home/gadzz/vtol_ws/install/keyboard_msgs/local/lib/python3.10/dist-packages/keyboard_msgs/keyboard_msgs_s__rosidl_typesupport_introspection_c.cpython-310-x86_64-linux-gnu.so
[2.538s] -- Up-to-date: /home/gadzz/vtol_ws/install/keyboard_msgs/local/lib/python3.10/dist-packages/keyboard_msgs/keyboard_msgs_s__rosidl_typesupport_c.cpython-310-x86_64-linux-gnu.so
[2.538s] -- Up-to-date: /home/gadzz/vtol_ws/install/keyboard_msgs/local/lib/python3.10/dist-packages/keyboard_msgs/msg
[2.538s] -- Up-to-date: /home/gadzz/vtol_ws/install/keyboard_msgs/local/lib/python3.10/dist-packages/keyboard_msgs/msg/__init__.py
[2.538s] -- Up-to-date: /home/gadzz/vtol_ws/install/keyboard_msgs/local/lib/python3.10/dist-packages/keyboard_msgs/msg/_key_s.c
[2.538s] -- Up-to-date: /home/gadzz/vtol_ws/install/keyboard_msgs/local/lib/python3.10/dist-packages/keyboard_msgs/msg/_key.py
[2.538s] -- Up-to-date: /home/gadzz/vtol_ws/install/keyboard_msgs/local/lib/python3.10/dist-packages/keyboard_msgs/libkeyboard_msgs__rosidl_generator_py.so
[2.538s] -- Up-to-date: /home/gadzz/vtol_ws/install/keyboard_msgs/local/lib/python3.10/dist-packages/keyboard_msgs/_keyboard_msgs_s.ep.rosidl_typesupport_fastrtps_c.c
[2.571s] Listing '/home/gadzz/vtol_ws/install/keyboard_msgs/local/lib/python3.10/dist-packages/keyboard_msgs'...
[2.572s] Compiling '/home/gadzz/vtol_ws/install/keyboard_msgs/local/lib/python3.10/dist-packages/keyboard_msgs/__init__.py'...
[2.572s] Listing '/home/gadzz/vtol_ws/install/keyboard_msgs/local/lib/python3.10/dist-packages/keyboard_msgs/msg'...
[2.575s] -- Up-to-date: /home/gadzz/vtol_ws/install/keyboard_msgs/local/lib/python3.10/dist-packages/keyboard_msgs/keyboard_msgs_s__rosidl_typesupport_fastrtps_c.cpython-310-x86_64-linux-gnu.so
[2.575s] -- Up-to-date: /home/gadzz/vtol_ws/install/keyboard_msgs/local/lib/python3.10/dist-packages/keyboard_msgs/keyboard_msgs_s__rosidl_typesupport_introspection_c.cpython-310-x86_64-linux-gnu.so
[2.575s] -- Up-to-date: /home/gadzz/vtol_ws/install/keyboard_msgs/local/lib/python3.10/dist-packages/keyboard_msgs/keyboard_msgs_s__rosidl_typesupport_c.cpython-310-x86_64-linux-gnu.so
[2.575s] -- Up-to-date: /home/gadzz/vtol_ws/install/keyboard_msgs/lib/libkeyboard_msgs__rosidl_generator_py.so
[2.575s] -- Up-to-date: /home/gadzz/vtol_ws/install/keyboard_msgs/share/keyboard_msgs/msg/Key.idl
[2.575s] -- Up-to-date: /home/gadzz/vtol_ws/install/keyboard_msgs/share/keyboard_msgs/msg/Key.msg
[2.576s] -- Up-to-date: /home/gadzz/vtol_ws/install/keyboard_msgs/share/ament_index/resource_index/package_run_dependencies/keyboard_msgs
[2.576s] -- Up-to-date: /home/gadzz/vtol_ws/install/keyboard_msgs/share/ament_index/resource_index/parent_prefix_path/keyboard_msgs
[2.576s] -- Up-to-date: /home/gadzz/vtol_ws/install/keyboard_msgs/share/keyboard_msgs/environment/ament_prefix_path.sh
[2.576s] -- Installing: /home/gadzz/vtol_ws/install/keyboard_msgs/share/keyboard_msgs/environment/ament_prefix_path.dsv
[2.576s] -- Up-to-date: /home/gadzz/vtol_ws/install/keyboard_msgs/share/keyboard_msgs/environment/path.sh
[2.576s] -- Installing: /home/gadzz/vtol_ws/install/keyboard_msgs/share/keyboard_msgs/environment/path.dsv
[2.576s] -- Up-to-date: /home/gadzz/vtol_ws/install/keyboard_msgs/share/keyboard_msgs/local_setup.bash
[2.576s] -- Up-to-date: /home/gadzz/vtol_ws/install/keyboard_msgs/share/keyboard_msgs/local_setup.sh
[2.576s] -- Up-to-date: /home/gadzz/vtol_ws/install/keyboard_msgs/share/keyboard_msgs/local_setup.zsh
[2.576s] -- Installing: /home/gadzz/vtol_ws/install/keyboard_msgs/share/keyboard_msgs/local_setup.dsv
[2.576s] -- Installing: /home/gadzz/vtol_ws/install/keyboard_msgs/share/keyboard_msgs/package.dsv
[2.576s] -- Up-to-date: /home/gadzz/vtol_ws/install/keyboard_msgs/share/ament_index/resource_index/packages/keyboard_msgs
[2.576s] -- Up-to-date: /home/gadzz/vtol_ws/install/keyboard_msgs/share/keyboard_msgs/cmake/export_keyboard_msgs__rosidl_generator_cExport.cmake
[2.576s] -- Up-to-date: /home/gadzz/vtol_ws/install/keyboard_msgs/share/keyboard_msgs/cmake/export_keyboard_msgs__rosidl_generator_cExport-noconfig.cmake
[2.577s] -- Up-to-date: /home/gadzz/vtol_ws/install/keyboard_msgs/share/keyboard_msgs/cmake/export_keyboard_msgs__rosidl_typesupport_fastrtps_cExport.cmake
[2.577s] -- Up-to-date: /home/gadzz/vtol_ws/install/keyboard_msgs/share/keyboard_msgs/cmake/export_keyboard_msgs__rosidl_typesupport_fastrtps_cExport-noconfig.cmake
[2.577s] -- Up-to-date: /home/gadzz/vtol_ws/install/keyboard_msgs/share/keyboard_msgs/cmake/export_keyboard_msgs__rosidl_generator_cppExport.cmake
[2.577s] -- Up-to-date: /home/gadzz/vtol_ws/install/keyboard_msgs/share/keyboard_msgs/cmake/export_keyboard_msgs__rosidl_typesupport_fastrtps_cppExport.cmake
[2.577s] -- Up-to-date: /home/gadzz/vtol_ws/install/keyboard_msgs/share/keyboard_msgs/cmake/export_keyboard_msgs__rosidl_typesupport_fastrtps_cppExport-noconfig.cmake
[2.577s] -- Up-to-date: /home/gadzz/vtol_ws/install/keyboard_msgs/share/keyboard_msgs/cmake/keyboard_msgs__rosidl_typesupport_introspection_cExport.cmake
[2.577s] -- Up-to-date: /home/gadzz/vtol_ws/install/keyboard_msgs/share/keyboard_msgs/cmake/keyboard_msgs__rosidl_typesupport_introspection_cExport-noconfig.cmake
[2.577s] -- Up-to-date: /home/gadzz/vtol_ws/install/keyboard_msgs/share/keyboard_msgs/cmake/keyboard_msgs__rosidl_typesupport_cExport.cmake
[2.578s] -- Up-to-date: /home/gadzz/vtol_ws/install/keyboard_msgs/share/keyboard_msgs/cmake/keyboard_msgs__rosidl_typesupport_cExport-noconfig.cmake
[2.578s] -- Up-to-date: /home/gadzz/vtol_ws/install/keyboard_msgs/share/keyboard_msgs/cmake/keyboard_msgs__rosidl_typesupport_introspection_cppExport.cmake
[2.578s] -- Up-to-date: /home/gadzz/vtol_ws/install/keyboard_msgs/share/keyboard_msgs/cmake/keyboard_msgs__rosidl_typesupport_introspection_cppExport-noconfig.cmake
[2.578s] -- Up-to-date: /home/gadzz/vtol_ws/install/keyboard_msgs/share/keyboard_msgs/cmake/keyboard_msgs__rosidl_typesupport_cppExport.cmake
[2.578s] -- Up-to-date: /home/gadzz/vtol_ws/install/keyboard_msgs/share/keyboard_msgs/cmake/keyboard_msgs__rosidl_typesupport_cppExport-noconfig.cmake
[2.578s] -- Up-to-date: /home/gadzz/vtol_ws/install/keyboard_msgs/share/keyboard_msgs/cmake/export_keyboard_msgs__rosidl_generator_pyExport.cmake
[2.578s] -- Up-to-date: /home/gadzz/vtol_ws/install/keyboard_msgs/share/keyboard_msgs/cmake/export_keyboard_msgs__rosidl_generator_pyExport-noconfig.cmake
[2.578s] -- Up-to-date: /home/gadzz/vtol_ws/install/keyboard_msgs/share/keyboard_msgs/cmake/rosidl_cmake-extras.cmake
[2.579s] -- Up-to-date: /home/gadzz/vtol_ws/install/keyboard_msgs/share/keyboard_msgs/cmake/ament_cmake_export_dependencies-extras.cmake
[2.579s] -- Up-to-date: /home/gadzz/vtol_ws/install/keyboard_msgs/share/keyboard_msgs/cmake/ament_cmake_export_include_directories-extras.cmake
[2.579s] -- Up-to-date: /home/gadzz/vtol_ws/install/keyboard_msgs/share/keyboard_msgs/cmake/ament_cmake_export_libraries-extras.cmake
[2.579s] -- Up-to-date: /home/gadzz/vtol_ws/install/keyboard_msgs/share/keyboard_msgs/cmake/ament_cmake_export_targets-extras.cmake
[2.579s] -- Up-to-date: /home/gadzz/vtol_ws/install/keyboard_msgs/share/keyboard_msgs/cmake/rosidl_cmake_export_typesupport_targets-extras.cmake
[2.579s] -- Up-to-date: /home/gadzz/vtol_ws/install/keyboard_msgs/share/keyboard_msgs/cmake/rosidl_cmake_export_typesupport_libraries-extras.cmake
[2.579s] -- Up-to-date: /home/gadzz/vtol_ws/install/keyboard_msgs/share/keyboard_msgs/cmake/keyboard_msgsConfig.cmake
[2.579s] -- Up-to-date: /home/gadzz/vtol_ws/install/keyboard_msgs/share/keyboard_msgs/cmake/keyboard_msgsConfig-version.cmake
[2.579s] -- Up-to-date: /home/gadzz/vtol_ws/install/keyboard_msgs/share/keyboard_msgs/package.xml
[2.581s] Invoked command in '/home/gadzz/vtol_ws/build/keyboard_msgs' returned '0': CMAKE_PREFIX_PATH=${CMAKE_PREFIX_PATH}:/home/gadzz/ardu_ws/install/ardupilot_dds_tests:/opt/ros/humble /usr/bin/cmake --install /home/gadzz/vtol_ws/build/keyboard_msgs
