[0.033s] Invoking command in '/home/gadzz/vtol_ws/build/px4_ros_com': AMENT_PREFIX_PATH=/home/gadzz/vtol_ws/install/px4_msgs:${AMENT_PREFIX_PATH} CMAKE_PREFIX_PATH=/home/gadzz/vtol_ws/install/px4_msgs:/home/gadzz/ardu_ws/install/test_ros_gz_bridge:/home/gadzz/ardu_ws/install/ros_ign:/home/gadzz/ardu_ws/install/ros_ign_gazebo_demos:/home/gadzz/ardu_ws/install/ros_gz:/home/gadzz/ardu_ws/install/ros_gz_sim_demos:/home/gadzz/ardu_ws/install/ardupilot_gz_bringup:/home/gadzz/ardu_ws/install/sdformat_urdf:/home/gadzz/ardu_ws/install/sdformat_test_files:/home/gadzz/ardu_ws/install/ros_ign_interfaces:/home/gadzz/ardu_ws/install/ros_ign_image:/home/gadzz/ardu_ws/install/ros_ign_gazebo:/home/gadzz/ardu_ws/install/ros_ign_bridge:/home/gadzz/ardu_ws/install/ros_gz_sim:/home/gadzz/ardu_ws/install/ros_gz_image:/home/gadzz/ardu_ws/install/ros_gz_bridge:/home/gadzz/ardu_ws/install/ros_gz_interfaces:/home/gadzz/ardu_ws/install/ardupilot_sitl:/home/gadzz/ardu_ws/install/micro_ros_agent:/home/gadzz/ardu_ws/install/keyboard:/home/gadzz/ardu_ws/install/keyboard_msgs:/home/gadzz/ardu_ws/install/ardupilot_sitl_models:/home/gadzz/ardu_ws/install/ardupilot_msgs:/home/gadzz/ardu_ws/install/ardupilot_gz_gazebo:/home/gadzz/ardu_ws/install/ardupilot_gz_description:/home/gadzz/ardu_ws/install/ardupilot_gz_application:/home/gadzz/ardu_ws/install/ardupilot_gazebo:/home/gadzz/ardu_ws/install/ardupilot_dds_tests:/opt/ros/humble LD_LIBRARY_PATH=/home/gadzz/vtol_ws/install/px4_msgs/lib:${LD_LIBRARY_PATH} PYTHONPATH=/home/gadzz/vtol_ws/install/px4_msgs/local/lib/python3.10/dist-packages:${PYTHONPATH} /usr/bin/cmake --build /home/gadzz/vtol_ws/build/px4_ros_com -- -j8 -l8
[0.230s] [ 16%] Built target sensor_combined_listener
[0.240s] [ 33%] Built target offboard_control
[0.246s] [ 50%] Built target frame_transforms
[0.253s] [ 66%] Built target offboard_control_srv
[0.253s] [ 83%] Built target debug_vect_advertiser
[0.266s] [ 83%] Built target ament_cmake_python_copy_px4_ros_com
[0.272s] [100%] Built target vehicle_gps_position_listener
[0.760s] running egg_info
[0.793s] writing px4_ros_com.egg-info/PKG-INFO
[0.795s] writing dependency_links to px4_ros_com.egg-info/dependency_links.txt
[0.796s] writing top-level names to px4_ros_com.egg-info/top_level.txt
[0.889s] reading manifest file 'px4_ros_com.egg-info/SOURCES.txt'
[0.892s] writing manifest file 'px4_ros_com.egg-info/SOURCES.txt'
[1.039s] [100%] Built target ament_cmake_python_build_px4_ros_com_egg
[1.068s] Invoked command in '/home/gadzz/vtol_ws/build/px4_ros_com' returned '0': AMENT_PREFIX_PATH=/home/gadzz/vtol_ws/install/px4_msgs:${AMENT_PREFIX_PATH} CMAKE_PREFIX_PATH=/home/gadzz/vtol_ws/install/px4_msgs:/home/gadzz/ardu_ws/install/test_ros_gz_bridge:/home/gadzz/ardu_ws/install/ros_ign:/home/gadzz/ardu_ws/install/ros_ign_gazebo_demos:/home/gadzz/ardu_ws/install/ros_gz:/home/gadzz/ardu_ws/install/ros_gz_sim_demos:/home/gadzz/ardu_ws/install/ardupilot_gz_bringup:/home/gadzz/ardu_ws/install/sdformat_urdf:/home/gadzz/ardu_ws/install/sdformat_test_files:/home/gadzz/ardu_ws/install/ros_ign_interfaces:/home/gadzz/ardu_ws/install/ros_ign_image:/home/gadzz/ardu_ws/install/ros_ign_gazebo:/home/gadzz/ardu_ws/install/ros_ign_bridge:/home/gadzz/ardu_ws/install/ros_gz_sim:/home/gadzz/ardu_ws/install/ros_gz_image:/home/gadzz/ardu_ws/install/ros_gz_bridge:/home/gadzz/ardu_ws/install/ros_gz_interfaces:/home/gadzz/ardu_ws/install/ardupilot_sitl:/home/gadzz/ardu_ws/install/micro_ros_agent:/home/gadzz/ardu_ws/install/keyboard:/home/gadzz/ardu_ws/install/keyboard_msgs:/home/gadzz/ardu_ws/install/ardupilot_sitl_models:/home/gadzz/ardu_ws/install/ardupilot_msgs:/home/gadzz/ardu_ws/install/ardupilot_gz_gazebo:/home/gadzz/ardu_ws/install/ardupilot_gz_description:/home/gadzz/ardu_ws/install/ardupilot_gz_application:/home/gadzz/ardu_ws/install/ardupilot_gazebo:/home/gadzz/ardu_ws/install/ardupilot_dds_tests:/opt/ros/humble LD_LIBRARY_PATH=/home/gadzz/vtol_ws/install/px4_msgs/lib:${LD_LIBRARY_PATH} PYTHONPATH=/home/gadzz/vtol_ws/install/px4_msgs/local/lib/python3.10/dist-packages:${PYTHONPATH} /usr/bin/cmake --build /home/gadzz/vtol_ws/build/px4_ros_com -- -j8 -l8
[1.072s] Invoking command in '/home/gadzz/vtol_ws/build/px4_ros_com': AMENT_PREFIX_PATH=/home/gadzz/vtol_ws/install/px4_msgs:${AMENT_PREFIX_PATH} CMAKE_PREFIX_PATH=/home/gadzz/vtol_ws/install/px4_msgs:/home/gadzz/ardu_ws/install/test_ros_gz_bridge:/home/gadzz/ardu_ws/install/ros_ign:/home/gadzz/ardu_ws/install/ros_ign_gazebo_demos:/home/gadzz/ardu_ws/install/ros_gz:/home/gadzz/ardu_ws/install/ros_gz_sim_demos:/home/gadzz/ardu_ws/install/ardupilot_gz_bringup:/home/gadzz/ardu_ws/install/sdformat_urdf:/home/gadzz/ardu_ws/install/sdformat_test_files:/home/gadzz/ardu_ws/install/ros_ign_interfaces:/home/gadzz/ardu_ws/install/ros_ign_image:/home/gadzz/ardu_ws/install/ros_ign_gazebo:/home/gadzz/ardu_ws/install/ros_ign_bridge:/home/gadzz/ardu_ws/install/ros_gz_sim:/home/gadzz/ardu_ws/install/ros_gz_image:/home/gadzz/ardu_ws/install/ros_gz_bridge:/home/gadzz/ardu_ws/install/ros_gz_interfaces:/home/gadzz/ardu_ws/install/ardupilot_sitl:/home/gadzz/ardu_ws/install/micro_ros_agent:/home/gadzz/ardu_ws/install/keyboard:/home/gadzz/ardu_ws/install/keyboard_msgs:/home/gadzz/ardu_ws/install/ardupilot_sitl_models:/home/gadzz/ardu_ws/install/ardupilot_msgs:/home/gadzz/ardu_ws/install/ardupilot_gz_gazebo:/home/gadzz/ardu_ws/install/ardupilot_gz_description:/home/gadzz/ardu_ws/install/ardupilot_gz_application:/home/gadzz/ardu_ws/install/ardupilot_gazebo:/home/gadzz/ardu_ws/install/ardupilot_dds_tests:/opt/ros/humble LD_LIBRARY_PATH=/home/gadzz/vtol_ws/install/px4_msgs/lib:${LD_LIBRARY_PATH} PYTHONPATH=/home/gadzz/vtol_ws/install/px4_msgs/local/lib/python3.10/dist-packages:${PYTHONPATH} /usr/bin/cmake --install /home/gadzz/vtol_ws/build/px4_ros_com
[1.091s] -- Install configuration: ""
[1.093s] -- Up-to-date: /home/gadzz/vtol_ws/install/px4_ros_com/lib/px4_ros_com/sensor_combined_listener
[1.093s] -- Up-to-date: /home/gadzz/vtol_ws/install/px4_ros_com/lib/px4_ros_com/vehicle_gps_position_listener
[1.094s] -- Up-to-date: /home/gadzz/vtol_ws/install/px4_ros_com/lib/px4_ros_com/debug_vect_advertiser
[1.096s] -- Up-to-date: /home/gadzz/vtol_ws/install/px4_ros_com/lib/px4_ros_com/offboard_control
[1.100s] -- Up-to-date: /home/gadzz/vtol_ws/install/px4_ros_com/lib/px4_ros_com/offboard_control_srv
[1.101s] -- Up-to-date: /home/gadzz/vtol_ws/install/px4_ros_com/share/px4_ros_com/environment/library_path.sh
[1.101s] -- Up-to-date: /home/gadzz/vtol_ws/install/px4_ros_com/share/px4_ros_com/environment/library_path.dsv
[1.101s] -- Up-to-date: /home/gadzz/vtol_ws/install/px4_ros_com/include/px4_ros_com
[1.101s] -- Up-to-date: /home/gadzz/vtol_ws/install/px4_ros_com/include/px4_ros_com/frame_transforms.h
[1.101s] -- Up-to-date: /home/gadzz/vtol_ws/install/px4_ros_com/lib/libframe_transforms.so
[1.102s] -- Up-to-date: /home/gadzz/vtol_ws/install/px4_ros_com/share/px4_ros_com//launch
[1.102s] -- Up-to-date: /home/gadzz/vtol_ws/install/px4_ros_com/share/px4_ros_com//launch/sensor_combined_listener.launch.py
[1.102s] -- Up-to-date: /home/gadzz/vtol_ws/install/px4_ros_com/share/px4_ros_com//launch/offboard_control_launch.yaml
[1.102s] -- Up-to-date: /home/gadzz/vtol_ws/install/px4_ros_com/share/px4_ros_com//test
[1.102s] -- Up-to-date: /home/gadzz/vtol_ws/install/px4_ros_com/share/px4_ros_com//test/test_input.py
[1.102s] -- Up-to-date: /home/gadzz/vtol_ws/install/px4_ros_com/share/px4_ros_com//test/__init__.py
[1.102s] -- Up-to-date: /home/gadzz/vtol_ws/install/px4_ros_com/share/px4_ros_com//test/pipeline_io_test.py
[1.102s] -- Up-to-date: /home/gadzz/vtol_ws/install/px4_ros_com/share/px4_ros_com//test/test_output.py
[1.102s] -- Up-to-date: /home/gadzz/vtol_ws/install/px4_ros_com/share/px4_ros_com/environment/pythonpath.sh
[1.103s] -- Up-to-date: /home/gadzz/vtol_ws/install/px4_ros_com/share/px4_ros_com/environment/pythonpath.dsv
[1.103s] -- Up-to-date: /home/gadzz/vtol_ws/install/px4_ros_com/local/lib/python3.10/dist-packages/px4_ros_com-0.1.0-py3.10.egg-info
[1.103s] -- Installing: /home/gadzz/vtol_ws/install/px4_ros_com/local/lib/python3.10/dist-packages/px4_ros_com-0.1.0-py3.10.egg-info/top_level.txt
[1.103s] -- Installing: /home/gadzz/vtol_ws/install/px4_ros_com/local/lib/python3.10/dist-packages/px4_ros_com-0.1.0-py3.10.egg-info/dependency_links.txt
[1.103s] -- Installing: /home/gadzz/vtol_ws/install/px4_ros_com/local/lib/python3.10/dist-packages/px4_ros_com-0.1.0-py3.10.egg-info/PKG-INFO
[1.103s] -- Installing: /home/gadzz/vtol_ws/install/px4_ros_com/local/lib/python3.10/dist-packages/px4_ros_com-0.1.0-py3.10.egg-info/SOURCES.txt
[1.104s] -- Up-to-date: /home/gadzz/vtol_ws/install/px4_ros_com/local/lib/python3.10/dist-packages/px4_ros_com
[1.104s] -- Up-to-date: /home/gadzz/vtol_ws/install/px4_ros_com/local/lib/python3.10/dist-packages/px4_ros_com/__init__.py
[1.105s] -- Up-to-date: /home/gadzz/vtol_ws/install/px4_ros_com/local/lib/python3.10/dist-packages/px4_ros_com/module_to_import.py
[1.178s] Listing '/home/gadzz/vtol_ws/install/px4_ros_com/local/lib/python3.10/dist-packages/px4_ros_com'...
[1.205s] -- Up-to-date: /home/gadzz/vtol_ws/install/px4_ros_com/lib/px4_ros_com/offboard_control.py
[1.206s] -- Up-to-date: /home/gadzz/vtol_ws/install/px4_ros_com/share/ament_index/resource_index/package_run_dependencies/px4_ros_com
[1.206s] -- Up-to-date: /home/gadzz/vtol_ws/install/px4_ros_com/share/ament_index/resource_index/parent_prefix_path/px4_ros_com
[1.207s] -- Up-to-date: /home/gadzz/vtol_ws/install/px4_ros_com/share/px4_ros_com/environment/ament_prefix_path.sh
[1.207s] -- Up-to-date: /home/gadzz/vtol_ws/install/px4_ros_com/share/px4_ros_com/environment/ament_prefix_path.dsv
[1.207s] -- Up-to-date: /home/gadzz/vtol_ws/install/px4_ros_com/share/px4_ros_com/environment/path.sh
[1.207s] -- Up-to-date: /home/gadzz/vtol_ws/install/px4_ros_com/share/px4_ros_com/environment/path.dsv
[1.207s] -- Up-to-date: /home/gadzz/vtol_ws/install/px4_ros_com/share/px4_ros_com/local_setup.bash
[1.207s] -- Up-to-date: /home/gadzz/vtol_ws/install/px4_ros_com/share/px4_ros_com/local_setup.sh
[1.207s] -- Up-to-date: /home/gadzz/vtol_ws/install/px4_ros_com/share/px4_ros_com/local_setup.zsh
[1.207s] -- Up-to-date: /home/gadzz/vtol_ws/install/px4_ros_com/share/px4_ros_com/local_setup.dsv
[1.207s] -- Installing: /home/gadzz/vtol_ws/install/px4_ros_com/share/px4_ros_com/package.dsv
[1.207s] -- Up-to-date: /home/gadzz/vtol_ws/install/px4_ros_com/share/ament_index/resource_index/packages/px4_ros_com
[1.208s] -- Up-to-date: /home/gadzz/vtol_ws/install/px4_ros_com/share/px4_ros_com/cmake/export_frame_transformsExport.cmake
[1.208s] -- Up-to-date: /home/gadzz/vtol_ws/install/px4_ros_com/share/px4_ros_com/cmake/export_frame_transformsExport-noconfig.cmake
[1.208s] -- Up-to-date: /home/gadzz/vtol_ws/install/px4_ros_com/share/px4_ros_com/cmake/ament_cmake_export_dependencies-extras.cmake
[1.208s] -- Up-to-date: /home/gadzz/vtol_ws/install/px4_ros_com/share/px4_ros_com/cmake/ament_cmake_export_targets-extras.cmake
[1.208s] -- Up-to-date: /home/gadzz/vtol_ws/install/px4_ros_com/share/px4_ros_com/cmake/ament_cmake_export_include_directories-extras.cmake
[1.208s] -- Up-to-date: /home/gadzz/vtol_ws/install/px4_ros_com/share/px4_ros_com/cmake/ament_cmake_export_libraries-extras.cmake
[1.208s] -- Up-to-date: /home/gadzz/vtol_ws/install/px4_ros_com/share/px4_ros_com/cmake/px4_ros_comConfig.cmake
[1.208s] -- Up-to-date: /home/gadzz/vtol_ws/install/px4_ros_com/share/px4_ros_com/cmake/px4_ros_comConfig-version.cmake
[1.208s] -- Up-to-date: /home/gadzz/vtol_ws/install/px4_ros_com/share/px4_ros_com/package.xml
[1.216s] Invoked command in '/home/gadzz/vtol_ws/build/px4_ros_com' returned '0': AMENT_PREFIX_PATH=/home/gadzz/vtol_ws/install/px4_msgs:${AMENT_PREFIX_PATH} CMAKE_PREFIX_PATH=/home/gadzz/vtol_ws/install/px4_msgs:/home/gadzz/ardu_ws/install/test_ros_gz_bridge:/home/gadzz/ardu_ws/install/ros_ign:/home/gadzz/ardu_ws/install/ros_ign_gazebo_demos:/home/gadzz/ardu_ws/install/ros_gz:/home/gadzz/ardu_ws/install/ros_gz_sim_demos:/home/gadzz/ardu_ws/install/ardupilot_gz_bringup:/home/gadzz/ardu_ws/install/sdformat_urdf:/home/gadzz/ardu_ws/install/sdformat_test_files:/home/gadzz/ardu_ws/install/ros_ign_interfaces:/home/gadzz/ardu_ws/install/ros_ign_image:/home/gadzz/ardu_ws/install/ros_ign_gazebo:/home/gadzz/ardu_ws/install/ros_ign_bridge:/home/gadzz/ardu_ws/install/ros_gz_sim:/home/gadzz/ardu_ws/install/ros_gz_image:/home/gadzz/ardu_ws/install/ros_gz_bridge:/home/gadzz/ardu_ws/install/ros_gz_interfaces:/home/gadzz/ardu_ws/install/ardupilot_sitl:/home/gadzz/ardu_ws/install/micro_ros_agent:/home/gadzz/ardu_ws/install/keyboard:/home/gadzz/ardu_ws/install/keyboard_msgs:/home/gadzz/ardu_ws/install/ardupilot_sitl_models:/home/gadzz/ardu_ws/install/ardupilot_msgs:/home/gadzz/ardu_ws/install/ardupilot_gz_gazebo:/home/gadzz/ardu_ws/install/ardupilot_gz_description:/home/gadzz/ardu_ws/install/ardupilot_gz_application:/home/gadzz/ardu_ws/install/ardupilot_gazebo:/home/gadzz/ardu_ws/install/ardupilot_dds_tests:/opt/ros/humble LD_LIBRARY_PATH=/home/gadzz/vtol_ws/install/px4_msgs/lib:${LD_LIBRARY_PATH} PYTHONPATH=/home/gadzz/vtol_ws/install/px4_msgs/local/lib/python3.10/dist-packages:${PYTHONPATH} /usr/bin/cmake --install /home/gadzz/vtol_ws/build/px4_ros_com
