[0.018s] Invoking command in '/home/gadzz/Workspace/VTOL-MissionCenter/build/mission_center': AMENT_PREFIX_PATH=/home/gadzz/Workspace/VTOL-MissionCenter/install/keyboard_msgs:${AMENT_PREFIX_PATH} CMAKE_PREFIX_PATH=/home/gadzz/Workspace/VTOL-MissionCenter/install/keyboard_msgs:/opt/ros/humble LD_LIBRARY_PATH=/home/gadzz/Workspace/VTOL-MissionCenter/install/keyboard_msgs/lib:${LD_LIBRARY_PATH} PYTHONPATH=/home/gadzz/Workspace/VTOL-MissionCenter/install/keyboard_msgs/local/lib/python3.10/dist-packages:${PYTHONPATH} /usr/bin/cmake --build /home/gadzz/Workspace/VTOL-MissionCenter/build/mission_center -- -j8 -l8
[0.104s] [35m[1mConsolidate compiler generated dependencies of target uav_mission[0m
[0.143s] [ 12%] Built target uav_mission
[0.190s] [ 25%] Built target trajectory_streamer
[0.238s] [ 75%] Built target ui_node
[0.290s] [ 87%] Built target pilot_node
[0.330s] [100%] Built target safety_node
[0.351s] Invoked command in '/home/gadzz/Workspace/VTOL-MissionCenter/build/mission_center' returned '0': AMENT_PREFIX_PATH=/home/gadzz/Workspace/VTOL-MissionCenter/install/keyboard_msgs:${AMENT_PREFIX_PATH} CMAKE_PREFIX_PATH=/home/gadzz/Workspace/VTOL-MissionCenter/install/keyboard_msgs:/opt/ros/humble LD_LIBRARY_PATH=/home/gadzz/Workspace/VTOL-MissionCenter/install/keyboard_msgs/lib:${LD_LIBRARY_PATH} PYTHONPATH=/home/gadzz/Workspace/VTOL-MissionCenter/install/keyboard_msgs/local/lib/python3.10/dist-packages:${PYTHONPATH} /usr/bin/cmake --build /home/gadzz/Workspace/VTOL-MissionCenter/build/mission_center -- -j8 -l8
[0.354s] Invoking command in '/home/gadzz/Workspace/VTOL-MissionCenter/build/mission_center': AMENT_PREFIX_PATH=/home/gadzz/Workspace/VTOL-MissionCenter/install/keyboard_msgs:${AMENT_PREFIX_PATH} CMAKE_PREFIX_PATH=/home/gadzz/Workspace/VTOL-MissionCenter/install/keyboard_msgs:/opt/ros/humble LD_LIBRARY_PATH=/home/gadzz/Workspace/VTOL-MissionCenter/install/keyboard_msgs/lib:${LD_LIBRARY_PATH} PYTHONPATH=/home/gadzz/Workspace/VTOL-MissionCenter/install/keyboard_msgs/local/lib/python3.10/dist-packages:${PYTHONPATH} /usr/bin/cmake --install /home/gadzz/Workspace/VTOL-MissionCenter/build/mission_center
[0.368s] -- Install configuration: ""
[0.368s] -- Up-to-date: /home/gadzz/Workspace/VTOL-MissionCenter/install/mission_center/lib/libuav_mission.so
[0.368s] -- Up-to-date: /home/gadzz/Workspace/VTOL-MissionCenter/install/mission_center/lib/mission_center/pilot_node
[0.368s] -- Up-to-date: /home/gadzz/Workspace/VTOL-MissionCenter/install/mission_center/lib/mission_center/safety_node
[0.369s] -- Up-to-date: /home/gadzz/Workspace/VTOL-MissionCenter/install/mission_center/lib/mission_center/ui_node
[0.369s] -- Up-to-date: /home/gadzz/Workspace/VTOL-MissionCenter/install/mission_center/share/mission_center//launch
[0.371s] -- Up-to-date: /home/gadzz/Workspace/VTOL-MissionCenter/install/mission_center/share/mission_center//launch/mav.tlog.raw
[0.372s] -- Up-to-date: /home/gadzz/Workspace/VTOL-MissionCenter/install/mission_center/share/mission_center//launch/sim_apm.launch
[0.372s] -- Up-to-date: /home/gadzz/Workspace/VTOL-MissionCenter/install/mission_center/share/mission_center//launch/test
[0.372s] -- Up-to-date: /home/gadzz/Workspace/VTOL-MissionCenter/install/mission_center/share/mission_center//launch/test/logs
[0.372s] -- Up-to-date: /home/gadzz/Workspace/VTOL-MissionCenter/install/mission_center/share/mission_center//launch/test/logs/2025-10-07
[0.372s] -- Up-to-date: /home/gadzz/Workspace/VTOL-MissionCenter/install/mission_center/share/mission_center//launch/test/logs/2025-10-07/flight1
[0.372s] -- Up-to-date: /home/gadzz/Workspace/VTOL-MissionCenter/install/mission_center/share/mission_center//launch/test/logs/2025-10-07/flight1/flight.tlog.raw
[0.372s] -- Up-to-date: /home/gadzz/Workspace/VTOL-MissionCenter/install/mission_center/share/mission_center//launch/test/logs/2025-10-07/flight1/flight.tlog
[0.372s] -- Up-to-date: /home/gadzz/Workspace/VTOL-MissionCenter/install/mission_center/share/mission_center//launch/test/logs/2025-10-07/flight1/defaults.parm
[0.372s] -- Up-to-date: /home/gadzz/Workspace/VTOL-MissionCenter/install/mission_center/share/mission_center//launch/test/logs/2025-10-07/flight1/mav.parm
[0.372s] -- Up-to-date: /home/gadzz/Workspace/VTOL-MissionCenter/install/mission_center/share/mission_center//launch/mav.tlog
[0.372s] -- Up-to-date: /home/gadzz/Workspace/VTOL-MissionCenter/install/mission_center/share/mission_center//launch/eeprom.bin
[0.372s] -- Up-to-date: /home/gadzz/Workspace/VTOL-MissionCenter/install/mission_center/share/mission_center//launch/real_apm.launch
[0.372s] -- Up-to-date: /home/gadzz/Workspace/VTOL-MissionCenter/install/mission_center/lib/mission_center/trajectory_streamer
[0.372s] -- Up-to-date: /home/gadzz/Workspace/VTOL-MissionCenter/install/mission_center/share/mission_center/environment/library_path.sh
[0.373s] -- Up-to-date: /home/gadzz/Workspace/VTOL-MissionCenter/install/mission_center/share/mission_center/environment/library_path.dsv
[0.373s] -- Up-to-date: /home/gadzz/Workspace/VTOL-MissionCenter/install/mission_center/share/ament_index/resource_index/package_run_dependencies/mission_center
[0.373s] -- Up-to-date: /home/gadzz/Workspace/VTOL-MissionCenter/install/mission_center/share/ament_index/resource_index/parent_prefix_path/mission_center
[0.373s] -- Up-to-date: /home/gadzz/Workspace/VTOL-MissionCenter/install/mission_center/share/mission_center/environment/ament_prefix_path.sh
[0.373s] -- Up-to-date: /home/gadzz/Workspace/VTOL-MissionCenter/install/mission_center/share/mission_center/environment/ament_prefix_path.dsv
[0.373s] -- Up-to-date: /home/gadzz/Workspace/VTOL-MissionCenter/install/mission_center/share/mission_center/environment/path.sh
[0.373s] -- Up-to-date: /home/gadzz/Workspace/VTOL-MissionCenter/install/mission_center/share/mission_center/environment/path.dsv
[0.373s] -- Up-to-date: /home/gadzz/Workspace/VTOL-MissionCenter/install/mission_center/share/mission_center/local_setup.bash
[0.373s] -- Up-to-date: /home/gadzz/Workspace/VTOL-MissionCenter/install/mission_center/share/mission_center/local_setup.sh
[0.373s] -- Up-to-date: /home/gadzz/Workspace/VTOL-MissionCenter/install/mission_center/share/mission_center/local_setup.zsh
[0.373s] -- Up-to-date: /home/gadzz/Workspace/VTOL-MissionCenter/install/mission_center/share/mission_center/local_setup.dsv
[0.373s] -- Installing: /home/gadzz/Workspace/VTOL-MissionCenter/install/mission_center/share/mission_center/package.dsv
[0.375s] -- Up-to-date: /home/gadzz/Workspace/VTOL-MissionCenter/install/mission_center/share/ament_index/resource_index/packages/mission_center
[0.376s] -- Up-to-date: /home/gadzz/Workspace/VTOL-MissionCenter/install/mission_center/share/mission_center/cmake/ament_cmake_export_include_directories-extras.cmake
[0.376s] -- Up-to-date: /home/gadzz/Workspace/VTOL-MissionCenter/install/mission_center/share/mission_center/cmake/ament_cmake_export_libraries-extras.cmake
[0.376s] -- Up-to-date: /home/gadzz/Workspace/VTOL-MissionCenter/install/mission_center/share/mission_center/cmake/mission_centerConfig.cmake
[0.376s] -- Up-to-date: /home/gadzz/Workspace/VTOL-MissionCenter/install/mission_center/share/mission_center/cmake/mission_centerConfig-version.cmake
[0.376s] -- Up-to-date: /home/gadzz/Workspace/VTOL-MissionCenter/install/mission_center/share/mission_center/package.xml
[0.378s] Invoked command in '/home/gadzz/Workspace/VTOL-MissionCenter/build/mission_center' returned '0': AMENT_PREFIX_PATH=/home/gadzz/Workspace/VTOL-MissionCenter/install/keyboard_msgs:${AMENT_PREFIX_PATH} CMAKE_PREFIX_PATH=/home/gadzz/Workspace/VTOL-MissionCenter/install/keyboard_msgs:/opt/ros/humble LD_LIBRARY_PATH=/home/gadzz/Workspace/VTOL-MissionCenter/install/keyboard_msgs/lib:${LD_LIBRARY_PATH} PYTHONPATH=/home/gadzz/Workspace/VTOL-MissionCenter/install/keyboard_msgs/local/lib/python3.10/dist-packages:${PYTHONPATH} /usr/bin/cmake --install /home/gadzz/Workspace/VTOL-MissionCenter/build/mission_center
