[35m[1mConsolidate compiler generated dependencies of target safety_node[0m
[ 25%] [32mBuilding CXX object CMakeFiles/uav_mission.dir/src/uav_mission.cpp.o[0m
[ 31%] Built target trajectory_streamer
[ 31%] Built target safety_node
[ 37%] [32m[1mLinking CXX shared library libuav_mission.so[0m
[ 37%] Built target uav_mission
[ 43%] [32mBuilding CXX object CMakeFiles/ui_node.dir/src/ui_node.cpp.o[0m
[ 50%] [32m[1mLinking CXX executable pilot_node[0m
[ 56%] Built target pilot_node
[ 62%] [32m[1mLinking CXX executable ui_node[0m
[100%] Built target ui_node
-- Install configuration: ""
-- Installing: /home/gadzz/tubitak_ws/install/mission_center/lib/libuav_mission.so
-- Set runtime path of "/home/gadzz/tubitak_ws/install/mission_center/lib/libuav_mission.so" to ""
-- Installing: /home/gadzz/tubitak_ws/install/mission_center/lib/mission_center/pilot_node
-- Set runtime path of "/home/gadzz/tubitak_ws/install/mission_center/lib/mission_center/pilot_node" to ""
-- Up-to-date: /home/gadzz/tubitak_ws/install/mission_center/lib/mission_center/safety_node
-- Installing: /home/gadzz/tubitak_ws/install/mission_center/lib/mission_center/ui_node
-- Set runtime path of "/home/gadzz/tubitak_ws/install/mission_center/lib/mission_center/ui_node" to ""
-- Up-to-date: /home/gadzz/tubitak_ws/install/mission_center/lib/mission_center/trajectory_streamer
-- Up-to-date: /home/gadzz/tubitak_ws/install/mission_center/share/mission_center/environment/library_path.sh
-- Up-to-date: /home/gadzz/tubitak_ws/install/mission_center/share/mission_center/environment/library_path.dsv
-- Up-to-date: /home/gadzz/tubitak_ws/install/mission_center/share/ament_index/resource_index/package_run_dependencies/mission_center
-- Up-to-date: /home/gadzz/tubitak_ws/install/mission_center/share/ament_index/resource_index/parent_prefix_path/mission_center
-- Up-to-date: /home/gadzz/tubitak_ws/install/mission_center/share/mission_center/environment/ament_prefix_path.sh
-- Up-to-date: /home/gadzz/tubitak_ws/install/mission_center/share/mission_center/environment/ament_prefix_path.dsv
-- Up-to-date: /home/gadzz/tubitak_ws/install/mission_center/share/mission_center/environment/path.sh
-- Up-to-date: /home/gadzz/tubitak_ws/install/mission_center/share/mission_center/environment/path.dsv
-- Up-to-date: /home/gadzz/tubitak_ws/install/mission_center/share/mission_center/local_setup.bash
-- Up-to-date: /home/gadzz/tubitak_ws/install/mission_center/share/mission_center/local_setup.sh
-- Up-to-date: /home/gadzz/tubitak_ws/install/mission_center/share/mission_center/local_setup.zsh
-- Up-to-date: /home/gadzz/tubitak_ws/install/mission_center/share/mission_center/local_setup.dsv
-- Installing: /home/gadzz/tubitak_ws/install/mission_center/share/mission_center/package.dsv
-- Up-to-date: /home/gadzz/tubitak_ws/install/mission_center/share/ament_index/resource_index/packages/mission_center
-- Up-to-date: /home/gadzz/tubitak_ws/install/mission_center/share/mission_center/cmake/ament_cmake_export_include_directories-extras.cmake
-- Up-to-date: /home/gadzz/tubitak_ws/install/mission_center/share/mission_center/cmake/ament_cmake_export_libraries-extras.cmake
-- Up-to-date: /home/gadzz/tubitak_ws/install/mission_center/share/mission_center/cmake/mission_centerConfig.cmake
-- Up-to-date: /home/gadzz/tubitak_ws/install/mission_center/share/mission_center/cmake/mission_centerConfig-version.cmake
-- Up-to-date: /home/gadzz/tubitak_ws/install/mission_center/share/mission_center/package.xml
