[33mCMake Warning (dev) at /usr/share/cmake-3.22/Modules/FindOpenGL.cmake:315 (message):
  Policy CMP0072 is not set: FindOpenGL prefers GLVND by default when
  available.  Run "cmake --help-policy CMP0072" for policy details.  Use the
  cmake_policy command to set the policy and suppress this warning.

  FindOpenGL found both a legacy GL library:

    OPENGL_gl_LIBRARY: /usr/lib/x86_64-linux-gnu/libGL.so

  and GLVND libraries for OpenGL and GLX:

    OPENGL_opengl_LIBRARY: /usr/lib/x86_64-linux-gnu/libOpenGL.so
    OPENGL_glx_LIBRARY: /usr/lib/x86_64-linux-gnu/libGLX.so

  OpenGL_GL_PREFERENCE has not been set to "GLVND" or "LEGACY", so for
  compatibility with CMake 3.10 and below the legacy GL library will be used.
Call Stack (most recent call first):
  CMakeLists.txt:20 (find_package)
This warning is for project developers.  Use -Wno-dev to suppress it.
[0m
/usr/bin/ld: libuav_mission.so: undefined reference to `vtable for YAML::BadConversion'
/usr/bin/ld: libuav_mission.so: undefined reference to `YAML::detail::memory::create_node()'
/usr/bin/ld: libuav_mission.so: undefined reference to `YAML::detail::node_data::set_null()'
/usr/bin/ld: libuav_mission.so: undefined reference to `vtable for YAML::InvalidNode'
/usr/bin/ld: libuav_mission.so: undefined reference to `typeinfo for YAML::InvalidNode'
/usr/bin/ld: libuav_mission.so: undefined reference to `YAML::detail::node_data::empty_scalar[abi:cxx11]()'
/usr/bin/ld: libuav_mission.so: undefined reference to `YAML::InvalidNode::~InvalidNode()'
/usr/bin/ld: libuav_mission.so: undefined reference to `typeinfo for YAML::BadSubscript'
/usr/bin/ld: libuav_mission.so: undefined reference to `typeinfo for YAML::BadConversion'
/usr/bin/ld: libuav_mission.so: undefined reference to `YAML::BadConversion::~BadConversion()'
/usr/bin/ld: libuav_mission.so: undefined reference to `vtable for YAML::RepresentationException'
/usr/bin/ld: libuav_mission.so: undefined reference to `YAML::BadSubscript::~BadSubscript()'
/usr/bin/ld: libuav_mission.so: undefined reference to `vtable for YAML::Exception'
/usr/bin/ld: libuav_mission.so: undefined reference to `YAML::detail::node_data::mark_defined()'
/usr/bin/ld: libuav_mission.so: undefined reference to `vtable for YAML::BadSubscript'
clang: [0;1;31merror: [0m[1mlinker command failed with exit code 1 (use -v to see invocation)[0m
gmake[2]: *** [CMakeFiles/ui_node.dir/build.make:314: ui_node] Error 1
gmake[1]: *** [CMakeFiles/Makefile2:223: CMakeFiles/ui_node.dir/all] Error 2
gmake: *** [Makefile:146: all] Error 2
