[0.250s] [34mcolcon[0m [1;30mDEBUG[0m [32mCommand line arguments: ['/usr/bin/colcon', 'build'][0m
[0.251s] [34mcolcon[0m [1;30mDEBUG[0m [32mParsed command line arguments: Namespace(log_base=None, log_level=None, verb_name='build', build_base='build', install_base='install', merge_install=False, symlink_install=False, test_result_base=None, continue_on_error=False, executor='parallel', parallel_workers=8, event_handlers=None, ignore_user_meta=False, metas=['./colcon.meta'], base_paths=['.'], packages_ignore=None, packages_ignore_regex=None, paths=None, packages_up_to=None, packages_up_to_regex=None, packages_above=None, packages_above_and_dependencies=None, packages_above_depth=None, packages_select_by_dep=None, packages_skip_by_dep=None, packages_skip_up_to=None, packages_select_build_failed=False, packages_skip_build_finished=False, packages_select_test_failures=False, packages_skip_test_passed=False, packages_select=None, packages_skip=None, packages_select_regex=None, packages_skip_regex=None, packages_start=None, packages_end=None, allow_overriding=[], cmake_args=None, cmake_target=None, cmake_target_skip_unavailable=False, cmake_clean_cache=False, cmake_clean_first=False, cmake_force_configure=False, ament_cmake_args=None, catkin_cmake_args=None, catkin_skip_building_tests=False, mixin_files=None, mixin=None, verb_parser=<colcon_mixin.mixin.mixin_argument.MixinArgumentDecorator object at 0x76e24763e7a0>, verb_extension=<colcon_core.verb.build.BuildVerb object at 0x76e24773b6a0>, main=<bound method BuildVerb.main of <colcon_core.verb.build.BuildVerb object at 0x76e24773b6a0>>, mixin_verb=('build',))[0m
[0.553s] [34mcolcon.colcon_core.package_discovery[0m [1;30mLevel 1[0m discover_packages(colcon_meta) check parameters
[0.554s] [34mcolcon.colcon_core.package_discovery[0m [1;30mLevel 1[0m discover_packages(recursive) check parameters
[0.554s] [34mcolcon.colcon_core.package_discovery[0m [1;30mLevel 1[0m discover_packages(ignore) check parameters
[0.554s] [34mcolcon.colcon_core.package_discovery[0m [1;30mLevel 1[0m discover_packages(path) check parameters
[0.554s] [34mcolcon.colcon_core.package_discovery[0m [1;30mLevel 1[0m discover_packages(colcon_meta) discover
[0.554s] [34mcolcon.colcon_core.package_discovery[0m [1;30mLevel 1[0m discover_packages(recursive) discover
[0.554s] [34mcolcon.colcon_core.package_discovery[0m [1;30mINFO[0m Crawling recursively for packages in '/home/gadzz/tubitak_ws'
[0.554s] [34mcolcon.colcon_core.package_identification[0m [1;30mLevel 1[0m _identify(.) by extensions ['ignore', 'ignore_ament_install']
[0.555s] [34mcolcon.colcon_core.package_identification[0m [1;30mLevel 1[0m _identify(.) by extension 'ignore'
[0.555s] [34mcolcon.colcon_core.package_identification[0m [1;30mLevel 1[0m _identify(.) by extension 'ignore_ament_install'
[0.555s] [34mcolcon.colcon_core.package_identification[0m [1;30mLevel 1[0m _identify(.) by extensions ['colcon_pkg']
[0.555s] [34mcolcon.colcon_core.package_identification[0m [1;30mLevel 1[0m _identify(.) by extension 'colcon_pkg'
[0.555s] [34mcolcon.colcon_core.package_identification[0m [1;30mLevel 1[0m _identify(.) by extensions ['colcon_meta']
[0.555s] [34mcolcon.colcon_core.package_identification[0m [1;30mLevel 1[0m _identify(.) by extension 'colcon_meta'
[0.555s] [34mcolcon.colcon_core.package_identification[0m [1;30mLevel 1[0m _identify(.) by extensions ['ros']
[0.555s] [34mcolcon.colcon_core.package_identification[0m [1;30mLevel 1[0m _identify(.) by extension 'ros'
[0.615s] [34mcolcon.colcon_core.package_identification[0m [1;30mLevel 1[0m _identify(.) by extensions ['cmake', 'python']
[0.615s] [34mcolcon.colcon_core.package_identification[0m [1;30mLevel 1[0m _identify(.) by extension 'cmake'
[0.616s] [34mcolcon.colcon_core.package_identification[0m [1;30mLevel 1[0m _identify(.) by extension 'python'
[0.616s] [34mcolcon.colcon_core.package_identification[0m [1;30mLevel 1[0m _identify(.) by extensions ['python_setup_py']
[0.616s] [34mcolcon.colcon_core.package_identification[0m [1;30mLevel 1[0m _identify(.) by extension 'python_setup_py'
[0.616s] [34mcolcon.colcon_core.package_identification[0m [1;30mLevel 1[0m _identify(build) by extensions ['ignore', 'ignore_ament_install']
[0.617s] [34mcolcon.colcon_core.package_identification[0m [1;30mLevel 1[0m _identify(build) by extension 'ignore'
[0.617s] [34mcolcon.colcon_core.package_identification[0m [1;30mLevel 1[0m _identify(build) ignored
[0.618s] [34mcolcon.colcon_core.package_identification[0m [1;30mLevel 1[0m _identify(install) by extensions ['ignore', 'ignore_ament_install']
[0.618s] [34mcolcon.colcon_core.package_identification[0m [1;30mLevel 1[0m _identify(install) by extension 'ignore'
[0.618s] [34mcolcon.colcon_core.package_identification[0m [1;30mLevel 1[0m _identify(install) ignored
[0.618s] [34mcolcon.colcon_core.package_identification[0m [1;30mLevel 1[0m _identify(log) by extensions ['ignore', 'ignore_ament_install']
[0.618s] [34mcolcon.colcon_core.package_identification[0m [1;30mLevel 1[0m _identify(log) by extension 'ignore'
[0.618s] [34mcolcon.colcon_core.package_identification[0m [1;30mLevel 1[0m _identify(log) ignored
[0.618s] [34mcolcon.colcon_core.package_identification[0m [1;30mLevel 1[0m _identify(logs) by extensions ['ignore', 'ignore_ament_install']
[0.619s] [34mcolcon.colcon_core.package_identification[0m [1;30mLevel 1[0m _identify(logs) by extension 'ignore'
[0.619s] [34mcolcon.colcon_core.package_identification[0m [1;30mLevel 1[0m _identify(logs) by extension 'ignore_ament_install'
[0.619s] [34mcolcon.colcon_core.package_identification[0m [1;30mLevel 1[0m _identify(logs) by extensions ['colcon_pkg']
[0.619s] [34mcolcon.colcon_core.package_identification[0m [1;30mLevel 1[0m _identify(logs) by extension 'colcon_pkg'
[0.619s] [34mcolcon.colcon_core.package_identification[0m [1;30mLevel 1[0m _identify(logs) by extensions ['colcon_meta']
[0.619s] [34mcolcon.colcon_core.package_identification[0m [1;30mLevel 1[0m _identify(logs) by extension 'colcon_meta'
[0.619s] [34mcolcon.colcon_core.package_identification[0m [1;30mLevel 1[0m _identify(logs) by extensions ['ros']
[0.619s] [34mcolcon.colcon_core.package_identification[0m [1;30mLevel 1[0m _identify(logs) by extension 'ros'
[0.619s] [34mcolcon.colcon_core.package_identification[0m [1;30mLevel 1[0m _identify(logs) by extensions ['cmake', 'python']
[0.619s] [34mcolcon.colcon_core.package_identification[0m [1;30mLevel 1[0m _identify(logs) by extension 'cmake'
[0.619s] [34mcolcon.colcon_core.package_identification[0m [1;30mLevel 1[0m _identify(logs) by extension 'python'
[0.619s] [34mcolcon.colcon_core.package_identification[0m [1;30mLevel 1[0m _identify(logs) by extensions ['python_setup_py']
[0.619s] [34mcolcon.colcon_core.package_identification[0m [1;30mLevel 1[0m _identify(logs) by extension 'python_setup_py'
[0.620s] [34mcolcon.colcon_core.package_identification[0m [1;30mLevel 1[0m _identify(src) by extensions ['ignore', 'ignore_ament_install']
[0.620s] [34mcolcon.colcon_core.package_identification[0m [1;30mLevel 1[0m _identify(src) by extension 'ignore'
[0.620s] [34mcolcon.colcon_core.package_identification[0m [1;30mLevel 1[0m _identify(src) by extension 'ignore_ament_install'
[0.620s] [34mcolcon.colcon_core.package_identification[0m [1;30mLevel 1[0m _identify(src) by extensions ['colcon_pkg']
[0.620s] [34mcolcon.colcon_core.package_identification[0m [1;30mLevel 1[0m _identify(src) by extension 'colcon_pkg'
[0.620s] [34mcolcon.colcon_core.package_identification[0m [1;30mLevel 1[0m _identify(src) by extensions ['colcon_meta']
[0.620s] [34mcolcon.colcon_core.package_identification[0m [1;30mLevel 1[0m _identify(src) by extension 'colcon_meta'
[0.620s] [34mcolcon.colcon_core.package_identification[0m [1;30mLevel 1[0m _identify(src) by extensions ['ros']
[0.620s] [34mcolcon.colcon_core.package_identification[0m [1;30mLevel 1[0m _identify(src) by extension 'ros'
[0.620s] [34mcolcon.colcon_core.package_identification[0m [1;30mLevel 1[0m _identify(src) by extensions ['cmake', 'python']
[0.620s] [34mcolcon.colcon_core.package_identification[0m [1;30mLevel 1[0m _identify(src) by extension 'cmake'
[0.620s] [34mcolcon.colcon_core.package_identification[0m [1;30mLevel 1[0m _identify(src) by extension 'python'
[0.620s] [34mcolcon.colcon_core.package_identification[0m [1;30mLevel 1[0m _identify(src) by extensions ['python_setup_py']
[0.620s] [34mcolcon.colcon_core.package_identification[0m [1;30mLevel 1[0m _identify(src) by extension 'python_setup_py'
[0.620s] [34mcolcon.colcon_core.package_identification[0m [1;30mLevel 1[0m _identify(src/mission_center) by extensions ['ignore', 'ignore_ament_install']
[0.620s] [34mcolcon.colcon_core.package_identification[0m [1;30mLevel 1[0m _identify(src/mission_center) by extension 'ignore'
[0.620s] [34mcolcon.colcon_core.package_identification[0m [1;30mLevel 1[0m _identify(src/mission_center) by extension 'ignore_ament_install'
[0.620s] [34mcolcon.colcon_core.package_identification[0m [1;30mLevel 1[0m _identify(src/mission_center) by extensions ['colcon_pkg']
[0.620s] [34mcolcon.colcon_core.package_identification[0m [1;30mLevel 1[0m _identify(src/mission_center) by extension 'colcon_pkg'
[0.620s] [34mcolcon.colcon_core.package_identification[0m [1;30mLevel 1[0m _identify(src/mission_center) by extensions ['colcon_meta']
[0.621s] [34mcolcon.colcon_core.package_identification[0m [1;30mLevel 1[0m _identify(src/mission_center) by extension 'colcon_meta'
[0.621s] [34mcolcon.colcon_core.package_identification[0m [1;30mLevel 1[0m _identify(src/mission_center) by extensions ['ros']
[0.621s] [34mcolcon.colcon_core.package_identification[0m [1;30mLevel 1[0m _identify(src/mission_center) by extension 'ros'
[0.625s] [34mcolcon.colcon_core.package_identification[0m [1;30mDEBUG[0m [32mPackage 'src/mission_center' with type 'ros.ament_cmake' and name 'mission_center'[0m
[0.626s] [34mcolcon.colcon_core.package_identification[0m [1;30mLevel 1[0m _identify(src/ros2-keyboard) by extensions ['ignore', 'ignore_ament_install']
[0.626s] [34mcolcon.colcon_core.package_identification[0m [1;30mLevel 1[0m _identify(src/ros2-keyboard) by extension 'ignore'
[0.626s] [34mcolcon.colcon_core.package_identification[0m [1;30mLevel 1[0m _identify(src/ros2-keyboard) by extension 'ignore_ament_install'
[0.627s] [34mcolcon.colcon_core.package_identification[0m [1;30mLevel 1[0m _identify(src/ros2-keyboard) by extensions ['colcon_pkg']
[0.627s] [34mcolcon.colcon_core.package_identification[0m [1;30mLevel 1[0m _identify(src/ros2-keyboard) by extension 'colcon_pkg'
[0.627s] [34mcolcon.colcon_core.package_identification[0m [1;30mLevel 1[0m _identify(src/ros2-keyboard) by extensions ['colcon_meta']
[0.627s] [34mcolcon.colcon_core.package_identification[0m [1;30mLevel 1[0m _identify(src/ros2-keyboard) by extension 'colcon_meta'
[0.627s] [34mcolcon.colcon_core.package_identification[0m [1;30mLevel 1[0m _identify(src/ros2-keyboard) by extensions ['ros']
[0.627s] [34mcolcon.colcon_core.package_identification[0m [1;30mLevel 1[0m _identify(src/ros2-keyboard) by extension 'ros'
[0.627s] [34mcolcon.colcon_core.package_identification[0m [1;30mLevel 1[0m _identify(src/ros2-keyboard) by extensions ['cmake', 'python']
[0.627s] [34mcolcon.colcon_core.package_identification[0m [1;30mLevel 1[0m _identify(src/ros2-keyboard) by extension 'cmake'
[0.627s] [34mcolcon.colcon_core.package_identification[0m [1;30mLevel 1[0m _identify(src/ros2-keyboard) by extension 'python'
[0.627s] [34mcolcon.colcon_core.package_identification[0m [1;30mLevel 1[0m _identify(src/ros2-keyboard) by extensions ['python_setup_py']
[0.627s] [34mcolcon.colcon_core.package_identification[0m [1;30mLevel 1[0m _identify(src/ros2-keyboard) by extension 'python_setup_py'
[0.628s] [34mcolcon.colcon_core.package_identification[0m [1;30mLevel 1[0m _identify(src/ros2-keyboard/keyboard) by extensions ['ignore', 'ignore_ament_install']
[0.628s] [34mcolcon.colcon_core.package_identification[0m [1;30mLevel 1[0m _identify(src/ros2-keyboard/keyboard) by extension 'ignore'
[0.628s] [34mcolcon.colcon_core.package_identification[0m [1;30mLevel 1[0m _identify(src/ros2-keyboard/keyboard) by extension 'ignore_ament_install'
[0.628s] [34mcolcon.colcon_core.package_identification[0m [1;30mLevel 1[0m _identify(src/ros2-keyboard/keyboard) by extensions ['colcon_pkg']
[0.628s] [34mcolcon.colcon_core.package_identification[0m [1;30mLevel 1[0m _identify(src/ros2-keyboard/keyboard) by extension 'colcon_pkg'
[0.628s] [34mcolcon.colcon_core.package_identification[0m [1;30mLevel 1[0m _identify(src/ros2-keyboard/keyboard) by extensions ['colcon_meta']
[0.628s] [34mcolcon.colcon_core.package_identification[0m [1;30mLevel 1[0m _identify(src/ros2-keyboard/keyboard) by extension 'colcon_meta'
[0.628s] [34mcolcon.colcon_core.package_identification[0m [1;30mLevel 1[0m _identify(src/ros2-keyboard/keyboard) by extensions ['ros']
[0.628s] [34mcolcon.colcon_core.package_identification[0m [1;30mLevel 1[0m _identify(src/ros2-keyboard/keyboard) by extension 'ros'
[0.630s] [34mcolcon.colcon_core.package_identification[0m [1;30mDEBUG[0m [32mPackage 'src/ros2-keyboard/keyboard' with type 'ros.ament_cmake' and name 'keyboard'[0m
[0.630s] [34mcolcon.colcon_core.package_identification[0m [1;30mLevel 1[0m _identify(src/ros2-keyboard/keyboard_msgs) by extensions ['ignore', 'ignore_ament_install']
[0.631s] [34mcolcon.colcon_core.package_identification[0m [1;30mLevel 1[0m _identify(src/ros2-keyboard/keyboard_msgs) by extension 'ignore'
[0.631s] [34mcolcon.colcon_core.package_identification[0m [1;30mLevel 1[0m _identify(src/ros2-keyboard/keyboard_msgs) by extension 'ignore_ament_install'
[0.631s] [34mcolcon.colcon_core.package_identification[0m [1;30mLevel 1[0m _identify(src/ros2-keyboard/keyboard_msgs) by extensions ['colcon_pkg']
[0.631s] [34mcolcon.colcon_core.package_identification[0m [1;30mLevel 1[0m _identify(src/ros2-keyboard/keyboard_msgs) by extension 'colcon_pkg'
[0.631s] [34mcolcon.colcon_core.package_identification[0m [1;30mLevel 1[0m _identify(src/ros2-keyboard/keyboard_msgs) by extensions ['colcon_meta']
[0.631s] [34mcolcon.colcon_core.package_identification[0m [1;30mLevel 1[0m _identify(src/ros2-keyboard/keyboard_msgs) by extension 'colcon_meta'
[0.631s] [34mcolcon.colcon_core.package_identification[0m [1;30mLevel 1[0m _identify(src/ros2-keyboard/keyboard_msgs) by extensions ['ros']
[0.631s] [34mcolcon.colcon_core.package_identification[0m [1;30mLevel 1[0m _identify(src/ros2-keyboard/keyboard_msgs) by extension 'ros'
[0.632s] [34mcolcon.colcon_core.package_identification[0m [1;30mDEBUG[0m [32mPackage 'src/ros2-keyboard/keyboard_msgs' with type 'ros.ament_cmake' and name 'keyboard_msgs'[0m
[0.633s] [34mcolcon.colcon_core.package_identification[0m [1;30mLevel 1[0m _identify(terrain) by extensions ['ignore', 'ignore_ament_install']
[0.633s] [34mcolcon.colcon_core.package_identification[0m [1;30mLevel 1[0m _identify(terrain) by extension 'ignore'
[0.633s] [34mcolcon.colcon_core.package_identification[0m [1;30mLevel 1[0m _identify(terrain) by extension 'ignore_ament_install'
[0.633s] [34mcolcon.colcon_core.package_identification[0m [1;30mLevel 1[0m _identify(terrain) by extensions ['colcon_pkg']
[0.633s] [34mcolcon.colcon_core.package_identification[0m [1;30mLevel 1[0m _identify(terrain) by extension 'colcon_pkg'
[0.633s] [34mcolcon.colcon_core.package_identification[0m [1;30mLevel 1[0m _identify(terrain) by extensions ['colcon_meta']
[0.633s] [34mcolcon.colcon_core.package_identification[0m [1;30mLevel 1[0m _identify(terrain) by extension 'colcon_meta'
[0.633s] [34mcolcon.colcon_core.package_identification[0m [1;30mLevel 1[0m _identify(terrain) by extensions ['ros']
[0.633s] [34mcolcon.colcon_core.package_identification[0m [1;30mLevel 1[0m _identify(terrain) by extension 'ros'
[0.633s] [34mcolcon.colcon_core.package_identification[0m [1;30mLevel 1[0m _identify(terrain) by extensions ['cmake', 'python']
[0.633s] [34mcolcon.colcon_core.package_identification[0m [1;30mLevel 1[0m _identify(terrain) by extension 'cmake'
[0.633s] [34mcolcon.colcon_core.package_identification[0m [1;30mLevel 1[0m _identify(terrain) by extension 'python'
[0.633s] [34mcolcon.colcon_core.package_identification[0m [1;30mLevel 1[0m _identify(terrain) by extensions ['python_setup_py']
[0.633s] [34mcolcon.colcon_core.package_identification[0m [1;30mLevel 1[0m _identify(terrain) by extension 'python_setup_py'
[0.633s] [34mcolcon.colcon_core.package_discovery[0m [1;30mLevel 1[0m discover_packages(recursive) using defaults
[0.633s] [34mcolcon.colcon_core.package_discovery[0m [1;30mLevel 1[0m discover_packages(ignore) discover
[0.633s] [34mcolcon.colcon_core.package_discovery[0m [1;30mLevel 1[0m discover_packages(ignore) using defaults
[0.634s] [34mcolcon.colcon_core.package_discovery[0m [1;30mLevel 1[0m discover_packages(path) discover
[0.634s] [34mcolcon.colcon_core.package_discovery[0m [1;30mLevel 1[0m discover_packages(path) using defaults
[0.662s] [34mcolcon.colcon_core.package_discovery[0m [1;30mLevel 1[0m discover_packages(prefix_path) check parameters
[0.663s] [34mcolcon.colcon_core.package_discovery[0m [1;30mLevel 1[0m discover_packages(prefix_path) discover
[0.669s] [34mcolcon.colcon_installed_package_information.package_discovery[0m [1;30mDEBUG[0m [32mFound 27 installed packages in /home/gadzz/ardu_ws/install[0m
[0.672s] [34mcolcon.colcon_installed_package_information.package_discovery[0m [1;30mDEBUG[0m [32mFound 298 installed packages in /opt/ros/humble[0m
[0.676s] [34mcolcon.colcon_core.package_discovery[0m [1;30mLevel 1[0m discover_packages(prefix_path) using defaults
[0.728s] [34mcolcon.colcon_core.verb[0m [1;30mLevel 5[0m set package 'keyboard_msgs' build argument 'cmake_args' from command line to 'None'
[0.728s] [34mcolcon.colcon_core.verb[0m [1;30mLevel 5[0m set package 'keyboard_msgs' build argument 'cmake_target' from command line to 'None'
[0.729s] [34mcolcon.colcon_core.verb[0m [1;30mLevel 5[0m set package 'keyboard_msgs' build argument 'cmake_target_skip_unavailable' from command line to 'False'
[0.729s] [34mcolcon.colcon_core.verb[0m [1;30mLevel 5[0m set package 'keyboard_msgs' build argument 'cmake_clean_cache' from command line to 'False'
[0.729s] [34mcolcon.colcon_core.verb[0m [1;30mLevel 5[0m set package 'keyboard_msgs' build argument 'cmake_clean_first' from command line to 'False'
[0.729s] [34mcolcon.colcon_core.verb[0m [1;30mLevel 5[0m set package 'keyboard_msgs' build argument 'cmake_force_configure' from command line to 'False'
[0.729s] [34mcolcon.colcon_core.verb[0m [1;30mLevel 5[0m set package 'keyboard_msgs' build argument 'ament_cmake_args' from command line to 'None'
[0.729s] [34mcolcon.colcon_core.verb[0m [1;30mLevel 5[0m set package 'keyboard_msgs' build argument 'catkin_cmake_args' from command line to 'None'
[0.729s] [34mcolcon.colcon_core.verb[0m [1;30mLevel 5[0m set package 'keyboard_msgs' build argument 'catkin_skip_building_tests' from command line to 'False'
[0.729s] [34mcolcon.colcon_core.verb[0m [1;30mDEBUG[0m [32mBuilding package 'keyboard_msgs' with the following arguments: {'ament_cmake_args': None, 'build_base': '/home/gadzz/tubitak_ws/build/keyboard_msgs', 'catkin_cmake_args': None, 'catkin_skip_building_tests': False, 'cmake_args': None, 'cmake_clean_cache': False, 'cmake_clean_first': False, 'cmake_force_configure': False, 'cmake_target': None, 'cmake_target_skip_unavailable': False, 'install_base': '/home/gadzz/tubitak_ws/install/keyboard_msgs', 'merge_install': False, 'path': '/home/gadzz/tubitak_ws/src/ros2-keyboard/keyboard_msgs', 'symlink_install': False, 'test_result_base': None}[0m
[0.729s] [34mcolcon.colcon_core.verb[0m [1;30mLevel 5[0m set package 'keyboard' build argument 'cmake_args' from command line to 'None'
[0.729s] [34mcolcon.colcon_core.verb[0m [1;30mLevel 5[0m set package 'keyboard' build argument 'cmake_target' from command line to 'None'
[0.730s] [34mcolcon.colcon_core.verb[0m [1;30mLevel 5[0m set package 'keyboard' build argument 'cmake_target_skip_unavailable' from command line to 'False'
[0.730s] [34mcolcon.colcon_core.verb[0m [1;30mLevel 5[0m set package 'keyboard' build argument 'cmake_clean_cache' from command line to 'False'
[0.730s] [34mcolcon.colcon_core.verb[0m [1;30mLevel 5[0m set package 'keyboard' build argument 'cmake_clean_first' from command line to 'False'
[0.730s] [34mcolcon.colcon_core.verb[0m [1;30mLevel 5[0m set package 'keyboard' build argument 'cmake_force_configure' from command line to 'False'
[0.730s] [34mcolcon.colcon_core.verb[0m [1;30mLevel 5[0m set package 'keyboard' build argument 'ament_cmake_args' from command line to 'None'
[0.730s] [34mcolcon.colcon_core.verb[0m [1;30mLevel 5[0m set package 'keyboard' build argument 'catkin_cmake_args' from command line to 'None'
[0.730s] [34mcolcon.colcon_core.verb[0m [1;30mLevel 5[0m set package 'keyboard' build argument 'catkin_skip_building_tests' from command line to 'False'
[0.730s] [34mcolcon.colcon_core.verb[0m [1;30mDEBUG[0m [32mBuilding package 'keyboard' with the following arguments: {'ament_cmake_args': None, 'build_base': '/home/gadzz/tubitak_ws/build/keyboard', 'catkin_cmake_args': None, 'catkin_skip_building_tests': False, 'cmake_args': None, 'cmake_clean_cache': False, 'cmake_clean_first': False, 'cmake_force_configure': False, 'cmake_target': None, 'cmake_target_skip_unavailable': False, 'install_base': '/home/gadzz/tubitak_ws/install/keyboard', 'merge_install': False, 'path': '/home/gadzz/tubitak_ws/src/ros2-keyboard/keyboard', 'symlink_install': False, 'test_result_base': None}[0m
[0.730s] [34mcolcon.colcon_core.verb[0m [1;30mLevel 5[0m set package 'mission_center' build argument 'cmake_args' from command line to 'None'
[0.730s] [34mcolcon.colcon_core.verb[0m [1;30mLevel 5[0m set package 'mission_center' build argument 'cmake_target' from command line to 'None'
[0.731s] [34mcolcon.colcon_core.verb[0m [1;30mLevel 5[0m set package 'mission_center' build argument 'cmake_target_skip_unavailable' from command line to 'False'
[0.731s] [34mcolcon.colcon_core.verb[0m [1;30mLevel 5[0m set package 'mission_center' build argument 'cmake_clean_cache' from command line to 'False'
[0.731s] [34mcolcon.colcon_core.verb[0m [1;30mLevel 5[0m set package 'mission_center' build argument 'cmake_clean_first' from command line to 'False'
[0.731s] [34mcolcon.colcon_core.verb[0m [1;30mLevel 5[0m set package 'mission_center' build argument 'cmake_force_configure' from command line to 'False'
[0.731s] [34mcolcon.colcon_core.verb[0m [1;30mLevel 5[0m set package 'mission_center' build argument 'ament_cmake_args' from command line to 'None'
[0.731s] [34mcolcon.colcon_core.verb[0m [1;30mLevel 5[0m set package 'mission_center' build argument 'catkin_cmake_args' from command line to 'None'
[0.731s] [34mcolcon.colcon_core.verb[0m [1;30mLevel 5[0m set package 'mission_center' build argument 'catkin_skip_building_tests' from command line to 'False'
[0.731s] [34mcolcon.colcon_core.verb[0m [1;30mDEBUG[0m [32mBuilding package 'mission_center' with the following arguments: {'ament_cmake_args': None, 'build_base': '/home/gadzz/tubitak_ws/build/mission_center', 'catkin_cmake_args': None, 'catkin_skip_building_tests': False, 'cmake_args': None, 'cmake_clean_cache': False, 'cmake_clean_first': False, 'cmake_force_configure': False, 'cmake_target': None, 'cmake_target_skip_unavailable': False, 'install_base': '/home/gadzz/tubitak_ws/install/mission_center', 'merge_install': False, 'path': '/home/gadzz/tubitak_ws/src/mission_center', 'symlink_install': False, 'test_result_base': None}[0m
[0.731s] [34mcolcon.colcon_core.executor[0m [1;30mINFO[0m Executing jobs using 'parallel' executor
[0.734s] [34mcolcon.colcon_parallel_executor.executor.parallel[0m [1;30mDEBUG[0m [32mrun_until_complete[0m
[0.735s] [34mcolcon.colcon_ros.task.ament_cmake.build[0m [1;30mINFO[0m Building ROS package in '/home/gadzz/tubitak_ws/src/ros2-keyboard/keyboard_msgs' with build type 'ament_cmake'
[0.735s] [34mcolcon.colcon_cmake.task.cmake.build[0m [1;30mINFO[0m Building CMake package in '/home/gadzz/tubitak_ws/src/ros2-keyboard/keyboard_msgs'
[0.740s] [34mcolcon.colcon_core.plugin_system[0m [1;30mINFO[0m Skipping extension 'colcon_core.shell.bat': Not used on non-Windows systems
[0.741s] [34mcolcon.colcon_core.shell[0m [1;30mINFO[0m Skip shell extension 'powershell' for command environment: Not usable outside of PowerShell
[0.741s] [34mcolcon.colcon_core.shell[0m [1;30mDEBUG[0m [32mSkip shell extension 'dsv' for command environment[0m
[0.759s] [34mcolcon.colcon_core.event_handler.log_command[0m [1;30mDEBUG[0m [32mInvoking command in '/home/gadzz/tubitak_ws/build/keyboard_msgs': CMAKE_PREFIX_PATH=${CMAKE_PREFIX_PATH}:/home/gadzz/ardu_ws/install/ardupilot_dds_tests:/opt/ros/humble /usr/bin/cmake --build /home/gadzz/tubitak_ws/build/keyboard_msgs -- -j8 -l8[0m
[2.022s] [34mcolcon.colcon_core.event_handler.log_command[0m [1;30mDEBUG[0m [32mInvoked command in '/home/gadzz/tubitak_ws/build/keyboard_msgs' returned '0': CMAKE_PREFIX_PATH=${CMAKE_PREFIX_PATH}:/home/gadzz/ardu_ws/install/ardupilot_dds_tests:/opt/ros/humble /usr/bin/cmake --build /home/gadzz/tubitak_ws/build/keyboard_msgs -- -j8 -l8[0m
[2.041s] [34mcolcon.colcon_core.event_handler.log_command[0m [1;30mDEBUG[0m [32mInvoking command in '/home/gadzz/tubitak_ws/build/keyboard_msgs': CMAKE_PREFIX_PATH=${CMAKE_PREFIX_PATH}:/home/gadzz/ardu_ws/install/ardupilot_dds_tests:/opt/ros/humble /usr/bin/cmake --install /home/gadzz/tubitak_ws/build/keyboard_msgs[0m
[2.141s] [34mcolcon.colcon_core.environment[0m [1;30mLevel 1[0m create_environment_scripts_only(keyboard_msgs)
[2.142s] [34mcolcon.colcon_core.event_handler.log_command[0m [1;30mDEBUG[0m [32mInvoked command in '/home/gadzz/tubitak_ws/build/keyboard_msgs' returned '0': CMAKE_PREFIX_PATH=${CMAKE_PREFIX_PATH}:/home/gadzz/ardu_ws/install/ardupilot_dds_tests:/opt/ros/humble /usr/bin/cmake --install /home/gadzz/tubitak_ws/build/keyboard_msgs[0m
[2.149s] [34mcolcon.colcon_core.environment[0m [1;30mLevel 1[0m checking '/home/gadzz/tubitak_ws/install/keyboard_msgs' for CMake module files
[2.150s] [34mcolcon.colcon_core.environment[0m [1;30mLevel 1[0m checking '/home/gadzz/tubitak_ws/install/keyboard_msgs' for CMake config files
[2.150s] [34mcolcon.colcon_core.shell[0m [1;30mLevel 1[0m create_environment_hook('keyboard_msgs', 'cmake_prefix_path')
[2.151s] [34mcolcon.colcon_core.shell[0m [1;30mINFO[0m Creating environment hook '/home/gadzz/tubitak_ws/install/keyboard_msgs/share/keyboard_msgs/hook/cmake_prefix_path.ps1'
[2.153s] [34mcolcon.colcon_core.shell[0m [1;30mINFO[0m Creating environment descriptor '/home/gadzz/tubitak_ws/install/keyboard_msgs/share/keyboard_msgs/hook/cmake_prefix_path.dsv'
[2.155s] [34mcolcon.colcon_core.shell[0m [1;30mINFO[0m Creating environment hook '/home/gadzz/tubitak_ws/install/keyboard_msgs/share/keyboard_msgs/hook/cmake_prefix_path.sh'
[2.158s] [34mcolcon.colcon_core.environment[0m [1;30mLevel 1[0m checking '/home/gadzz/tubitak_ws/install/keyboard_msgs/lib'
[2.158s] [34mcolcon.colcon_core.shell[0m [1;30mLevel 1[0m create_environment_hook('keyboard_msgs', 'ld_library_path_lib')
[2.159s] [34mcolcon.colcon_core.shell[0m [1;30mINFO[0m Creating environment hook '/home/gadzz/tubitak_ws/install/keyboard_msgs/share/keyboard_msgs/hook/ld_library_path_lib.ps1'
[2.163s] [34mcolcon.colcon_core.shell[0m [1;30mINFO[0m Creating environment descriptor '/home/gadzz/tubitak_ws/install/keyboard_msgs/share/keyboard_msgs/hook/ld_library_path_lib.dsv'
[2.164s] [34mcolcon.colcon_core.shell[0m [1;30mINFO[0m Creating environment hook '/home/gadzz/tubitak_ws/install/keyboard_msgs/share/keyboard_msgs/hook/ld_library_path_lib.sh'
[2.164s] [34mcolcon.colcon_core.environment[0m [1;30mLevel 1[0m checking '/home/gadzz/tubitak_ws/install/keyboard_msgs/bin'
[2.164s] [34mcolcon.colcon_core.environment[0m [1;30mLevel 1[0m checking '/home/gadzz/tubitak_ws/install/keyboard_msgs/lib/pkgconfig/keyboard_msgs.pc'
[2.165s] [34mcolcon.colcon_core.environment[0m [1;30mLevel 1[0m checking '/home/gadzz/tubitak_ws/install/keyboard_msgs/lib/python3.10/site-packages'
[2.165s] [34mcolcon.colcon_core.environment[0m [1;30mLevel 1[0m checking '/home/gadzz/tubitak_ws/install/keyboard_msgs/bin'
[2.166s] [34mcolcon.colcon_core.shell[0m [1;30mINFO[0m Creating package script '/home/gadzz/tubitak_ws/install/keyboard_msgs/share/keyboard_msgs/package.ps1'
[2.171s] [34mcolcon.colcon_core.shell[0m [1;30mINFO[0m Creating package descriptor '/home/gadzz/tubitak_ws/install/keyboard_msgs/share/keyboard_msgs/package.dsv'
[2.173s] [34mcolcon.colcon_core.shell[0m [1;30mINFO[0m Creating package script '/home/gadzz/tubitak_ws/install/keyboard_msgs/share/keyboard_msgs/package.sh'
[2.175s] [34mcolcon.colcon_core.shell[0m [1;30mINFO[0m Creating package script '/home/gadzz/tubitak_ws/install/keyboard_msgs/share/keyboard_msgs/package.bash'
[2.178s] [34mcolcon.colcon_core.shell[0m [1;30mINFO[0m Creating package script '/home/gadzz/tubitak_ws/install/keyboard_msgs/share/keyboard_msgs/package.zsh'
[2.179s] [34mcolcon.colcon_core.environment[0m [1;30mLevel 1[0m create_file_with_runtime_dependencies(/home/gadzz/tubitak_ws/install/keyboard_msgs/share/colcon-core/packages/keyboard_msgs)
[2.183s] [34mcolcon.colcon_core.environment[0m [1;30mLevel 1[0m create_environment_scripts_only(keyboard_msgs)
[2.184s] [34mcolcon.colcon_core.environment[0m [1;30mLevel 1[0m checking '/home/gadzz/tubitak_ws/install/keyboard_msgs' for CMake module files
[2.185s] [34mcolcon.colcon_core.environment[0m [1;30mLevel 1[0m checking '/home/gadzz/tubitak_ws/install/keyboard_msgs' for CMake config files
[2.185s] [34mcolcon.colcon_core.shell[0m [1;30mLevel 1[0m create_environment_hook('keyboard_msgs', 'cmake_prefix_path')
[2.185s] [34mcolcon.colcon_core.shell[0m [1;30mINFO[0m Creating environment hook '/home/gadzz/tubitak_ws/install/keyboard_msgs/share/keyboard_msgs/hook/cmake_prefix_path.ps1'
[2.186s] [34mcolcon.colcon_core.shell[0m [1;30mINFO[0m Creating environment descriptor '/home/gadzz/tubitak_ws/install/keyboard_msgs/share/keyboard_msgs/hook/cmake_prefix_path.dsv'
[2.187s] [34mcolcon.colcon_core.shell[0m [1;30mINFO[0m Creating environment hook '/home/gadzz/tubitak_ws/install/keyboard_msgs/share/keyboard_msgs/hook/cmake_prefix_path.sh'
[2.187s] [34mcolcon.colcon_core.environment[0m [1;30mLevel 1[0m checking '/home/gadzz/tubitak_ws/install/keyboard_msgs/lib'
[2.187s] [34mcolcon.colcon_core.shell[0m [1;30mLevel 1[0m create_environment_hook('keyboard_msgs', 'ld_library_path_lib')
[2.188s] [34mcolcon.colcon_core.shell[0m [1;30mINFO[0m Creating environment hook '/home/gadzz/tubitak_ws/install/keyboard_msgs/share/keyboard_msgs/hook/ld_library_path_lib.ps1'
[2.188s] [34mcolcon.colcon_core.shell[0m [1;30mINFO[0m Creating environment descriptor '/home/gadzz/tubitak_ws/install/keyboard_msgs/share/keyboard_msgs/hook/ld_library_path_lib.dsv'
[2.188s] [34mcolcon.colcon_core.shell[0m [1;30mINFO[0m Creating environment hook '/home/gadzz/tubitak_ws/install/keyboard_msgs/share/keyboard_msgs/hook/ld_library_path_lib.sh'
[2.189s] [34mcolcon.colcon_core.environment[0m [1;30mLevel 1[0m checking '/home/gadzz/tubitak_ws/install/keyboard_msgs/bin'
[2.189s] [34mcolcon.colcon_core.environment[0m [1;30mLevel 1[0m checking '/home/gadzz/tubitak_ws/install/keyboard_msgs/lib/pkgconfig/keyboard_msgs.pc'
[2.189s] [34mcolcon.colcon_core.environment[0m [1;30mLevel 1[0m checking '/home/gadzz/tubitak_ws/install/keyboard_msgs/lib/python3.10/site-packages'
[2.189s] [34mcolcon.colcon_core.environment[0m [1;30mLevel 1[0m checking '/home/gadzz/tubitak_ws/install/keyboard_msgs/bin'
[2.190s] [34mcolcon.colcon_core.shell[0m [1;30mINFO[0m Creating package script '/home/gadzz/tubitak_ws/install/keyboard_msgs/share/keyboard_msgs/package.ps1'
[2.190s] [34mcolcon.colcon_core.shell[0m [1;30mINFO[0m Creating package descriptor '/home/gadzz/tubitak_ws/install/keyboard_msgs/share/keyboard_msgs/package.dsv'
[2.191s] [34mcolcon.colcon_core.shell[0m [1;30mINFO[0m Creating package script '/home/gadzz/tubitak_ws/install/keyboard_msgs/share/keyboard_msgs/package.sh'
[2.192s] [34mcolcon.colcon_core.shell[0m [1;30mINFO[0m Creating package script '/home/gadzz/tubitak_ws/install/keyboard_msgs/share/keyboard_msgs/package.bash'
[2.193s] [34mcolcon.colcon_core.shell[0m [1;30mINFO[0m Creating package script '/home/gadzz/tubitak_ws/install/keyboard_msgs/share/keyboard_msgs/package.zsh'
[2.194s] [34mcolcon.colcon_core.environment[0m [1;30mLevel 1[0m create_file_with_runtime_dependencies(/home/gadzz/tubitak_ws/install/keyboard_msgs/share/colcon-core/packages/keyboard_msgs)
[2.195s] [34mcolcon.colcon_ros.task.ament_cmake.build[0m [1;30mINFO[0m Building ROS package in '/home/gadzz/tubitak_ws/src/ros2-keyboard/keyboard' with build type 'ament_cmake'
[2.195s] [34mcolcon.colcon_cmake.task.cmake.build[0m [1;30mINFO[0m Building CMake package in '/home/gadzz/tubitak_ws/src/ros2-keyboard/keyboard'
[2.196s] [34mcolcon.colcon_core.shell[0m [1;30mINFO[0m Skip shell extension 'powershell' for command environment: Not usable outside of PowerShell
[2.198s] [34mcolcon.colcon_core.shell[0m [1;30mDEBUG[0m [32mSkip shell extension 'dsv' for command environment[0m
[2.212s] [34mcolcon.colcon_ros.task.ament_cmake.build[0m [1;30mINFO[0m Building ROS package in '/home/gadzz/tubitak_ws/src/mission_center' with build type 'ament_cmake'
[2.213s] [34mcolcon.colcon_cmake.task.cmake.build[0m [1;30mINFO[0m Building CMake package in '/home/gadzz/tubitak_ws/src/mission_center'
[2.215s] [34mcolcon.colcon_core.shell[0m [1;30mINFO[0m Skip shell extension 'powershell' for command environment: Not usable outside of PowerShell
[2.215s] [34mcolcon.colcon_core.shell[0m [1;30mDEBUG[0m [32mSkip shell extension 'dsv' for command environment[0m
[2.258s] [34mcolcon.colcon_core.event_handler.log_command[0m [1;30mDEBUG[0m [32mInvoking command in '/home/gadzz/tubitak_ws/build/keyboard': AMENT_PREFIX_PATH=/home/gadzz/tubitak_ws/install/keyboard_msgs:${AMENT_PREFIX_PATH} CMAKE_PREFIX_PATH=/home/gadzz/tubitak_ws/install/keyboard_msgs:/home/gadzz/ardu_ws/install/test_ros_gz_bridge:/home/gadzz/ardu_ws/install/ros_ign:/home/gadzz/ardu_ws/install/ros_ign_gazebo_demos:/home/gadzz/ardu_ws/install/ros_gz:/home/gadzz/ardu_ws/install/ros_gz_sim_demos:/home/gadzz/ardu_ws/install/ardupilot_gz_bringup:/home/gadzz/ardu_ws/install/sdformat_urdf:/home/gadzz/ardu_ws/install/sdformat_test_files:/home/gadzz/ardu_ws/install/ros_ign_interfaces:/home/gadzz/ardu_ws/install/ros_ign_image:/home/gadzz/ardu_ws/install/ros_ign_gazebo:/home/gadzz/ardu_ws/install/ros_ign_bridge:/home/gadzz/ardu_ws/install/ros_gz_sim:/home/gadzz/ardu_ws/install/ros_gz_image:/home/gadzz/ardu_ws/install/ros_gz_bridge:/home/gadzz/ardu_ws/install/ros_gz_interfaces:/home/gadzz/ardu_ws/install/ardupilot_sitl:/home/gadzz/ardu_ws/install/micro_ros_agent:/home/gadzz/ardu_ws/install/keyboard:/home/gadzz/ardu_ws/install/keyboard_msgs:/home/gadzz/ardu_ws/install/ardupilot_sitl_models:/home/gadzz/ardu_ws/install/ardupilot_msgs:/home/gadzz/ardu_ws/install/ardupilot_gz_gazebo:/home/gadzz/ardu_ws/install/ardupilot_gz_description:/home/gadzz/ardu_ws/install/ardupilot_gz_application:/home/gadzz/ardu_ws/install/ardupilot_gazebo:/home/gadzz/ardu_ws/install/ardupilot_dds_tests:/opt/ros/humble LD_LIBRARY_PATH=/home/gadzz/tubitak_ws/install/keyboard_msgs/lib:${LD_LIBRARY_PATH} PYTHONPATH=/home/gadzz/tubitak_ws/install/keyboard_msgs/local/lib/python3.10/dist-packages:${PYTHONPATH} /usr/bin/cmake --build /home/gadzz/tubitak_ws/build/keyboard -- -j8 -l8[0m
[2.266s] [34mcolcon.colcon_core.event_handler.log_command[0m [1;30mDEBUG[0m [32mInvoking command in '/home/gadzz/tubitak_ws/build/mission_center': AMENT_PREFIX_PATH=/home/gadzz/tubitak_ws/install/keyboard_msgs:${AMENT_PREFIX_PATH} CMAKE_PREFIX_PATH=/home/gadzz/tubitak_ws/install/keyboard_msgs:/home/gadzz/ardu_ws/install/test_ros_gz_bridge:/home/gadzz/ardu_ws/install/ros_ign:/home/gadzz/ardu_ws/install/ros_ign_gazebo_demos:/home/gadzz/ardu_ws/install/ros_gz:/home/gadzz/ardu_ws/install/ros_gz_sim_demos:/home/gadzz/ardu_ws/install/ardupilot_gz_bringup:/home/gadzz/ardu_ws/install/sdformat_urdf:/home/gadzz/ardu_ws/install/sdformat_test_files:/home/gadzz/ardu_ws/install/ros_ign_interfaces:/home/gadzz/ardu_ws/install/ros_ign_image:/home/gadzz/ardu_ws/install/ros_ign_gazebo:/home/gadzz/ardu_ws/install/ros_ign_bridge:/home/gadzz/ardu_ws/install/ros_gz_sim:/home/gadzz/ardu_ws/install/ros_gz_image:/home/gadzz/ardu_ws/install/ros_gz_bridge:/home/gadzz/ardu_ws/install/ros_gz_interfaces:/home/gadzz/ardu_ws/install/ardupilot_sitl:/home/gadzz/ardu_ws/install/micro_ros_agent:/home/gadzz/ardu_ws/install/keyboard:/home/gadzz/ardu_ws/install/keyboard_msgs:/home/gadzz/ardu_ws/install/ardupilot_sitl_models:/home/gadzz/ardu_ws/install/ardupilot_msgs:/home/gadzz/ardu_ws/install/ardupilot_gz_gazebo:/home/gadzz/ardu_ws/install/ardupilot_gz_description:/home/gadzz/ardu_ws/install/ardupilot_gz_application:/home/gadzz/ardu_ws/install/ardupilot_gazebo:/home/gadzz/ardu_ws/install/ardupilot_dds_tests:/opt/ros/humble LD_LIBRARY_PATH=/home/gadzz/tubitak_ws/install/keyboard_msgs/lib:${LD_LIBRARY_PATH} PYTHONPATH=/home/gadzz/tubitak_ws/install/keyboard_msgs/local/lib/python3.10/dist-packages:${PYTHONPATH} /usr/bin/cmake --build /home/gadzz/tubitak_ws/build/mission_center -- -j8 -l8[0m
[2.430s] [34mcolcon.colcon_core.event_handler.log_command[0m [1;30mDEBUG[0m [32mInvoked command in '/home/gadzz/tubitak_ws/build/keyboard' returned '0': AMENT_PREFIX_PATH=/home/gadzz/tubitak_ws/install/keyboard_msgs:${AMENT_PREFIX_PATH} CMAKE_PREFIX_PATH=/home/gadzz/tubitak_ws/install/keyboard_msgs:/home/gadzz/ardu_ws/install/test_ros_gz_bridge:/home/gadzz/ardu_ws/install/ros_ign:/home/gadzz/ardu_ws/install/ros_ign_gazebo_demos:/home/gadzz/ardu_ws/install/ros_gz:/home/gadzz/ardu_ws/install/ros_gz_sim_demos:/home/gadzz/ardu_ws/install/ardupilot_gz_bringup:/home/gadzz/ardu_ws/install/sdformat_urdf:/home/gadzz/ardu_ws/install/sdformat_test_files:/home/gadzz/ardu_ws/install/ros_ign_interfaces:/home/gadzz/ardu_ws/install/ros_ign_image:/home/gadzz/ardu_ws/install/ros_ign_gazebo:/home/gadzz/ardu_ws/install/ros_ign_bridge:/home/gadzz/ardu_ws/install/ros_gz_sim:/home/gadzz/ardu_ws/install/ros_gz_image:/home/gadzz/ardu_ws/install/ros_gz_bridge:/home/gadzz/ardu_ws/install/ros_gz_interfaces:/home/gadzz/ardu_ws/install/ardupilot_sitl:/home/gadzz/ardu_ws/install/micro_ros_agent:/home/gadzz/ardu_ws/install/keyboard:/home/gadzz/ardu_ws/install/keyboard_msgs:/home/gadzz/ardu_ws/install/ardupilot_sitl_models:/home/gadzz/ardu_ws/install/ardupilot_msgs:/home/gadzz/ardu_ws/install/ardupilot_gz_gazebo:/home/gadzz/ardu_ws/install/ardupilot_gz_description:/home/gadzz/ardu_ws/install/ardupilot_gz_application:/home/gadzz/ardu_ws/install/ardupilot_gazebo:/home/gadzz/ardu_ws/install/ardupilot_dds_tests:/opt/ros/humble LD_LIBRARY_PATH=/home/gadzz/tubitak_ws/install/keyboard_msgs/lib:${LD_LIBRARY_PATH} PYTHONPATH=/home/gadzz/tubitak_ws/install/keyboard_msgs/local/lib/python3.10/dist-packages:${PYTHONPATH} /usr/bin/cmake --build /home/gadzz/tubitak_ws/build/keyboard -- -j8 -l8[0m
[2.431s] [34mcolcon.colcon_core.event_handler.log_command[0m [1;30mDEBUG[0m [32mInvoking command in '/home/gadzz/tubitak_ws/build/keyboard': AMENT_PREFIX_PATH=/home/gadzz/tubitak_ws/install/keyboard_msgs:${AMENT_PREFIX_PATH} CMAKE_PREFIX_PATH=/home/gadzz/tubitak_ws/install/keyboard_msgs:/home/gadzz/ardu_ws/install/test_ros_gz_bridge:/home/gadzz/ardu_ws/install/ros_ign:/home/gadzz/ardu_ws/install/ros_ign_gazebo_demos:/home/gadzz/ardu_ws/install/ros_gz:/home/gadzz/ardu_ws/install/ros_gz_sim_demos:/home/gadzz/ardu_ws/install/ardupilot_gz_bringup:/home/gadzz/ardu_ws/install/sdformat_urdf:/home/gadzz/ardu_ws/install/sdformat_test_files:/home/gadzz/ardu_ws/install/ros_ign_interfaces:/home/gadzz/ardu_ws/install/ros_ign_image:/home/gadzz/ardu_ws/install/ros_ign_gazebo:/home/gadzz/ardu_ws/install/ros_ign_bridge:/home/gadzz/ardu_ws/install/ros_gz_sim:/home/gadzz/ardu_ws/install/ros_gz_image:/home/gadzz/ardu_ws/install/ros_gz_bridge:/home/gadzz/ardu_ws/install/ros_gz_interfaces:/home/gadzz/ardu_ws/install/ardupilot_sitl:/home/gadzz/ardu_ws/install/micro_ros_agent:/home/gadzz/ardu_ws/install/keyboard:/home/gadzz/ardu_ws/install/keyboard_msgs:/home/gadzz/ardu_ws/install/ardupilot_sitl_models:/home/gadzz/ardu_ws/install/ardupilot_msgs:/home/gadzz/ardu_ws/install/ardupilot_gz_gazebo:/home/gadzz/ardu_ws/install/ardupilot_gz_description:/home/gadzz/ardu_ws/install/ardupilot_gz_application:/home/gadzz/ardu_ws/install/ardupilot_gazebo:/home/gadzz/ardu_ws/install/ardupilot_dds_tests:/opt/ros/humble LD_LIBRARY_PATH=/home/gadzz/tubitak_ws/install/keyboard_msgs/lib:${LD_LIBRARY_PATH} PYTHONPATH=/home/gadzz/tubitak_ws/install/keyboard_msgs/local/lib/python3.10/dist-packages:${PYTHONPATH} /usr/bin/cmake --install /home/gadzz/tubitak_ws/build/keyboard[0m
[2.453s] [34mcolcon.colcon_core.environment[0m [1;30mLevel 1[0m create_environment_scripts_only(keyboard)
[2.453s] [34mcolcon.colcon_core.environment[0m [1;30mLevel 1[0m checking '/home/gadzz/tubitak_ws/install/keyboard' for CMake module files
[2.454s] [34mcolcon.colcon_core.environment[0m [1;30mLevel 1[0m checking '/home/gadzz/tubitak_ws/install/keyboard' for CMake config files
[2.455s] [34mcolcon.colcon_core.shell[0m [1;30mLevel 1[0m create_environment_hook('keyboard', 'cmake_prefix_path')
[2.455s] [34mcolcon.colcon_core.shell[0m [1;30mINFO[0m Creating environment hook '/home/gadzz/tubitak_ws/install/keyboard/share/keyboard/hook/cmake_prefix_path.ps1'
[2.460s] [34mcolcon.colcon_core.event_handler.log_command[0m [1;30mDEBUG[0m [32mInvoked command in '/home/gadzz/tubitak_ws/build/keyboard' returned '0': AMENT_PREFIX_PATH=/home/gadzz/tubitak_ws/install/keyboard_msgs:${AMENT_PREFIX_PATH} CMAKE_PREFIX_PATH=/home/gadzz/tubitak_ws/install/keyboard_msgs:/home/gadzz/ardu_ws/install/test_ros_gz_bridge:/home/gadzz/ardu_ws/install/ros_ign:/home/gadzz/ardu_ws/install/ros_ign_gazebo_demos:/home/gadzz/ardu_ws/install/ros_gz:/home/gadzz/ardu_ws/install/ros_gz_sim_demos:/home/gadzz/ardu_ws/install/ardupilot_gz_bringup:/home/gadzz/ardu_ws/install/sdformat_urdf:/home/gadzz/ardu_ws/install/sdformat_test_files:/home/gadzz/ardu_ws/install/ros_ign_interfaces:/home/gadzz/ardu_ws/install/ros_ign_image:/home/gadzz/ardu_ws/install/ros_ign_gazebo:/home/gadzz/ardu_ws/install/ros_ign_bridge:/home/gadzz/ardu_ws/install/ros_gz_sim:/home/gadzz/ardu_ws/install/ros_gz_image:/home/gadzz/ardu_ws/install/ros_gz_bridge:/home/gadzz/ardu_ws/install/ros_gz_interfaces:/home/gadzz/ardu_ws/install/ardupilot_sitl:/home/gadzz/ardu_ws/install/micro_ros_agent:/home/gadzz/ardu_ws/install/keyboard:/home/gadzz/ardu_ws/install/keyboard_msgs:/home/gadzz/ardu_ws/install/ardupilot_sitl_models:/home/gadzz/ardu_ws/install/ardupilot_msgs:/home/gadzz/ardu_ws/install/ardupilot_gz_gazebo:/home/gadzz/ardu_ws/install/ardupilot_gz_description:/home/gadzz/ardu_ws/install/ardupilot_gz_application:/home/gadzz/ardu_ws/install/ardupilot_gazebo:/home/gadzz/ardu_ws/install/ardupilot_dds_tests:/opt/ros/humble LD_LIBRARY_PATH=/home/gadzz/tubitak_ws/install/keyboard_msgs/lib:${LD_LIBRARY_PATH} PYTHONPATH=/home/gadzz/tubitak_ws/install/keyboard_msgs/local/lib/python3.10/dist-packages:${PYTHONPATH} /usr/bin/cmake --install /home/gadzz/tubitak_ws/build/keyboard[0m
[2.462s] [34mcolcon.colcon_core.shell[0m [1;30mINFO[0m Creating environment descriptor '/home/gadzz/tubitak_ws/install/keyboard/share/keyboard/hook/cmake_prefix_path.dsv'
[2.465s] [34mcolcon.colcon_core.shell[0m [1;30mINFO[0m Creating environment hook '/home/gadzz/tubitak_ws/install/keyboard/share/keyboard/hook/cmake_prefix_path.sh'
[2.466s] [34mcolcon.colcon_core.environment[0m [1;30mLevel 1[0m checking '/home/gadzz/tubitak_ws/install/keyboard/lib'
[2.467s] [34mcolcon.colcon_core.environment[0m [1;30mLevel 1[0m checking '/home/gadzz/tubitak_ws/install/keyboard/bin'
[2.467s] [34mcolcon.colcon_core.environment[0m [1;30mLevel 1[0m checking '/home/gadzz/tubitak_ws/install/keyboard/lib/pkgconfig/keyboard.pc'
[2.469s] [34mcolcon.colcon_core.environment[0m [1;30mLevel 1[0m checking '/home/gadzz/tubitak_ws/install/keyboard/lib/python3.10/site-packages'
[2.469s] [34mcolcon.colcon_core.environment[0m [1;30mLevel 1[0m checking '/home/gadzz/tubitak_ws/install/keyboard/bin'
[2.470s] [34mcolcon.colcon_core.shell[0m [1;30mINFO[0m Creating package script '/home/gadzz/tubitak_ws/install/keyboard/share/keyboard/package.ps1'
[2.473s] [34mcolcon.colcon_core.shell[0m [1;30mINFO[0m Creating package descriptor '/home/gadzz/tubitak_ws/install/keyboard/share/keyboard/package.dsv'
[2.476s] [34mcolcon.colcon_core.shell[0m [1;30mINFO[0m Creating package script '/home/gadzz/tubitak_ws/install/keyboard/share/keyboard/package.sh'
[2.477s] [34mcolcon.colcon_core.shell[0m [1;30mINFO[0m Creating package script '/home/gadzz/tubitak_ws/install/keyboard/share/keyboard/package.bash'
[2.479s] [34mcolcon.colcon_core.shell[0m [1;30mINFO[0m Creating package script '/home/gadzz/tubitak_ws/install/keyboard/share/keyboard/package.zsh'
[2.481s] [34mcolcon.colcon_core.environment[0m [1;30mLevel 1[0m create_file_with_runtime_dependencies(/home/gadzz/tubitak_ws/install/keyboard/share/colcon-core/packages/keyboard)
[2.483s] [34mcolcon.colcon_core.environment[0m [1;30mLevel 1[0m create_environment_scripts_only(keyboard)
[2.484s] [34mcolcon.colcon_core.environment[0m [1;30mLevel 1[0m checking '/home/gadzz/tubitak_ws/install/keyboard' for CMake module files
[2.485s] [34mcolcon.colcon_core.environment[0m [1;30mLevel 1[0m checking '/home/gadzz/tubitak_ws/install/keyboard' for CMake config files
[2.486s] [34mcolcon.colcon_core.shell[0m [1;30mLevel 1[0m create_environment_hook('keyboard', 'cmake_prefix_path')
[2.486s] [34mcolcon.colcon_core.shell[0m [1;30mINFO[0m Creating environment hook '/home/gadzz/tubitak_ws/install/keyboard/share/keyboard/hook/cmake_prefix_path.ps1'
[2.488s] [34mcolcon.colcon_core.shell[0m [1;30mINFO[0m Creating environment descriptor '/home/gadzz/tubitak_ws/install/keyboard/share/keyboard/hook/cmake_prefix_path.dsv'
[2.489s] [34mcolcon.colcon_core.shell[0m [1;30mINFO[0m Creating environment hook '/home/gadzz/tubitak_ws/install/keyboard/share/keyboard/hook/cmake_prefix_path.sh'
[2.490s] [34mcolcon.colcon_core.environment[0m [1;30mLevel 1[0m checking '/home/gadzz/tubitak_ws/install/keyboard/lib'
[2.491s] [34mcolcon.colcon_core.environment[0m [1;30mLevel 1[0m checking '/home/gadzz/tubitak_ws/install/keyboard/bin'
[2.491s] [34mcolcon.colcon_core.environment[0m [1;30mLevel 1[0m checking '/home/gadzz/tubitak_ws/install/keyboard/lib/pkgconfig/keyboard.pc'
[2.491s] [34mcolcon.colcon_core.environment[0m [1;30mLevel 1[0m checking '/home/gadzz/tubitak_ws/install/keyboard/lib/python3.10/site-packages'
[2.491s] [34mcolcon.colcon_core.environment[0m [1;30mLevel 1[0m checking '/home/gadzz/tubitak_ws/install/keyboard/bin'
[2.492s] [34mcolcon.colcon_core.shell[0m [1;30mINFO[0m Creating package script '/home/gadzz/tubitak_ws/install/keyboard/share/keyboard/package.ps1'
[2.493s] [34mcolcon.colcon_core.shell[0m [1;30mINFO[0m Creating package descriptor '/home/gadzz/tubitak_ws/install/keyboard/share/keyboard/package.dsv'
[2.494s] [34mcolcon.colcon_core.shell[0m [1;30mINFO[0m Creating package script '/home/gadzz/tubitak_ws/install/keyboard/share/keyboard/package.sh'
[2.494s] [34mcolcon.colcon_core.shell[0m [1;30mINFO[0m Creating package script '/home/gadzz/tubitak_ws/install/keyboard/share/keyboard/package.bash'
[2.495s] [34mcolcon.colcon_core.shell[0m [1;30mINFO[0m Creating package script '/home/gadzz/tubitak_ws/install/keyboard/share/keyboard/package.zsh'
[2.495s] [34mcolcon.colcon_core.environment[0m [1;30mLevel 1[0m create_file_with_runtime_dependencies(/home/gadzz/tubitak_ws/install/keyboard/share/colcon-core/packages/keyboard)
[58.528s] [34mcolcon.colcon_core.event_handler.log_command[0m [1;30mDEBUG[0m [32mInvoked command in '/home/gadzz/tubitak_ws/build/mission_center' returned '0': AMENT_PREFIX_PATH=/home/gadzz/tubitak_ws/install/keyboard_msgs:${AMENT_PREFIX_PATH} CMAKE_PREFIX_PATH=/home/gadzz/tubitak_ws/install/keyboard_msgs:/home/gadzz/ardu_ws/install/test_ros_gz_bridge:/home/gadzz/ardu_ws/install/ros_ign:/home/gadzz/ardu_ws/install/ros_ign_gazebo_demos:/home/gadzz/ardu_ws/install/ros_gz:/home/gadzz/ardu_ws/install/ros_gz_sim_demos:/home/gadzz/ardu_ws/install/ardupilot_gz_bringup:/home/gadzz/ardu_ws/install/sdformat_urdf:/home/gadzz/ardu_ws/install/sdformat_test_files:/home/gadzz/ardu_ws/install/ros_ign_interfaces:/home/gadzz/ardu_ws/install/ros_ign_image:/home/gadzz/ardu_ws/install/ros_ign_gazebo:/home/gadzz/ardu_ws/install/ros_ign_bridge:/home/gadzz/ardu_ws/install/ros_gz_sim:/home/gadzz/ardu_ws/install/ros_gz_image:/home/gadzz/ardu_ws/install/ros_gz_bridge:/home/gadzz/ardu_ws/install/ros_gz_interfaces:/home/gadzz/ardu_ws/install/ardupilot_sitl:/home/gadzz/ardu_ws/install/micro_ros_agent:/home/gadzz/ardu_ws/install/keyboard:/home/gadzz/ardu_ws/install/keyboard_msgs:/home/gadzz/ardu_ws/install/ardupilot_sitl_models:/home/gadzz/ardu_ws/install/ardupilot_msgs:/home/gadzz/ardu_ws/install/ardupilot_gz_gazebo:/home/gadzz/ardu_ws/install/ardupilot_gz_description:/home/gadzz/ardu_ws/install/ardupilot_gz_application:/home/gadzz/ardu_ws/install/ardupilot_gazebo:/home/gadzz/ardu_ws/install/ardupilot_dds_tests:/opt/ros/humble LD_LIBRARY_PATH=/home/gadzz/tubitak_ws/install/keyboard_msgs/lib:${LD_LIBRARY_PATH} PYTHONPATH=/home/gadzz/tubitak_ws/install/keyboard_msgs/local/lib/python3.10/dist-packages:${PYTHONPATH} /usr/bin/cmake --build /home/gadzz/tubitak_ws/build/mission_center -- -j8 -l8[0m
[58.530s] [34mcolcon.colcon_core.event_handler.log_command[0m [1;30mDEBUG[0m [32mInvoking command in '/home/gadzz/tubitak_ws/build/mission_center': AMENT_PREFIX_PATH=/home/gadzz/tubitak_ws/install/keyboard_msgs:${AMENT_PREFIX_PATH} CMAKE_PREFIX_PATH=/home/gadzz/tubitak_ws/install/keyboard_msgs:/home/gadzz/ardu_ws/install/test_ros_gz_bridge:/home/gadzz/ardu_ws/install/ros_ign:/home/gadzz/ardu_ws/install/ros_ign_gazebo_demos:/home/gadzz/ardu_ws/install/ros_gz:/home/gadzz/ardu_ws/install/ros_gz_sim_demos:/home/gadzz/ardu_ws/install/ardupilot_gz_bringup:/home/gadzz/ardu_ws/install/sdformat_urdf:/home/gadzz/ardu_ws/install/sdformat_test_files:/home/gadzz/ardu_ws/install/ros_ign_interfaces:/home/gadzz/ardu_ws/install/ros_ign_image:/home/gadzz/ardu_ws/install/ros_ign_gazebo:/home/gadzz/ardu_ws/install/ros_ign_bridge:/home/gadzz/ardu_ws/install/ros_gz_sim:/home/gadzz/ardu_ws/install/ros_gz_image:/home/gadzz/ardu_ws/install/ros_gz_bridge:/home/gadzz/ardu_ws/install/ros_gz_interfaces:/home/gadzz/ardu_ws/install/ardupilot_sitl:/home/gadzz/ardu_ws/install/micro_ros_agent:/home/gadzz/ardu_ws/install/keyboard:/home/gadzz/ardu_ws/install/keyboard_msgs:/home/gadzz/ardu_ws/install/ardupilot_sitl_models:/home/gadzz/ardu_ws/install/ardupilot_msgs:/home/gadzz/ardu_ws/install/ardupilot_gz_gazebo:/home/gadzz/ardu_ws/install/ardupilot_gz_description:/home/gadzz/ardu_ws/install/ardupilot_gz_application:/home/gadzz/ardu_ws/install/ardupilot_gazebo:/home/gadzz/ardu_ws/install/ardupilot_dds_tests:/opt/ros/humble LD_LIBRARY_PATH=/home/gadzz/tubitak_ws/install/keyboard_msgs/lib:${LD_LIBRARY_PATH} PYTHONPATH=/home/gadzz/tubitak_ws/install/keyboard_msgs/local/lib/python3.10/dist-packages:${PYTHONPATH} /usr/bin/cmake --install /home/gadzz/tubitak_ws/build/mission_center[0m
[58.572s] [34mcolcon.colcon_core.environment[0m [1;30mLevel 1[0m create_environment_scripts_only(mission_center)
[58.573s] [34mcolcon.colcon_core.environment[0m [1;30mLevel 1[0m checking '/home/gadzz/tubitak_ws/install/mission_center' for CMake module files
[58.573s] [34mcolcon.colcon_core.event_handler.log_command[0m [1;30mDEBUG[0m [32mInvoked command in '/home/gadzz/tubitak_ws/build/mission_center' returned '0': AMENT_PREFIX_PATH=/home/gadzz/tubitak_ws/install/keyboard_msgs:${AMENT_PREFIX_PATH} CMAKE_PREFIX_PATH=/home/gadzz/tubitak_ws/install/keyboard_msgs:/home/gadzz/ardu_ws/install/test_ros_gz_bridge:/home/gadzz/ardu_ws/install/ros_ign:/home/gadzz/ardu_ws/install/ros_ign_gazebo_demos:/home/gadzz/ardu_ws/install/ros_gz:/home/gadzz/ardu_ws/install/ros_gz_sim_demos:/home/gadzz/ardu_ws/install/ardupilot_gz_bringup:/home/gadzz/ardu_ws/install/sdformat_urdf:/home/gadzz/ardu_ws/install/sdformat_test_files:/home/gadzz/ardu_ws/install/ros_ign_interfaces:/home/gadzz/ardu_ws/install/ros_ign_image:/home/gadzz/ardu_ws/install/ros_ign_gazebo:/home/gadzz/ardu_ws/install/ros_ign_bridge:/home/gadzz/ardu_ws/install/ros_gz_sim:/home/gadzz/ardu_ws/install/ros_gz_image:/home/gadzz/ardu_ws/install/ros_gz_bridge:/home/gadzz/ardu_ws/install/ros_gz_interfaces:/home/gadzz/ardu_ws/install/ardupilot_sitl:/home/gadzz/ardu_ws/install/micro_ros_agent:/home/gadzz/ardu_ws/install/keyboard:/home/gadzz/ardu_ws/install/keyboard_msgs:/home/gadzz/ardu_ws/install/ardupilot_sitl_models:/home/gadzz/ardu_ws/install/ardupilot_msgs:/home/gadzz/ardu_ws/install/ardupilot_gz_gazebo:/home/gadzz/ardu_ws/install/ardupilot_gz_description:/home/gadzz/ardu_ws/install/ardupilot_gz_application:/home/gadzz/ardu_ws/install/ardupilot_gazebo:/home/gadzz/ardu_ws/install/ardupilot_dds_tests:/opt/ros/humble LD_LIBRARY_PATH=/home/gadzz/tubitak_ws/install/keyboard_msgs/lib:${LD_LIBRARY_PATH} PYTHONPATH=/home/gadzz/tubitak_ws/install/keyboard_msgs/local/lib/python3.10/dist-packages:${PYTHONPATH} /usr/bin/cmake --install /home/gadzz/tubitak_ws/build/mission_center[0m
[58.574s] [34mcolcon.colcon_core.environment[0m [1;30mLevel 1[0m checking '/home/gadzz/tubitak_ws/install/mission_center' for CMake config files
[58.574s] [34mcolcon.colcon_core.shell[0m [1;30mLevel 1[0m create_environment_hook('mission_center', 'cmake_prefix_path')
[58.574s] [34mcolcon.colcon_core.shell[0m [1;30mINFO[0m Creating environment hook '/home/gadzz/tubitak_ws/install/mission_center/share/mission_center/hook/cmake_prefix_path.ps1'
[58.575s] [34mcolcon.colcon_core.shell[0m [1;30mINFO[0m Creating environment descriptor '/home/gadzz/tubitak_ws/install/mission_center/share/mission_center/hook/cmake_prefix_path.dsv'
[58.575s] [34mcolcon.colcon_core.shell[0m [1;30mINFO[0m Creating environment hook '/home/gadzz/tubitak_ws/install/mission_center/share/mission_center/hook/cmake_prefix_path.sh'
[58.576s] [34mcolcon.colcon_core.environment[0m [1;30mLevel 1[0m checking '/home/gadzz/tubitak_ws/install/mission_center/lib'
[58.576s] [34mcolcon.colcon_core.shell[0m [1;30mLevel 1[0m create_environment_hook('mission_center', 'ld_library_path_lib')
[58.576s] [34mcolcon.colcon_core.shell[0m [1;30mINFO[0m Creating environment hook '/home/gadzz/tubitak_ws/install/mission_center/share/mission_center/hook/ld_library_path_lib.ps1'
[58.576s] [34mcolcon.colcon_core.shell[0m [1;30mINFO[0m Creating environment descriptor '/home/gadzz/tubitak_ws/install/mission_center/share/mission_center/hook/ld_library_path_lib.dsv'
[58.577s] [34mcolcon.colcon_core.shell[0m [1;30mINFO[0m Creating environment hook '/home/gadzz/tubitak_ws/install/mission_center/share/mission_center/hook/ld_library_path_lib.sh'
[58.577s] [34mcolcon.colcon_core.environment[0m [1;30mLevel 1[0m checking '/home/gadzz/tubitak_ws/install/mission_center/bin'
[58.577s] [34mcolcon.colcon_core.environment[0m [1;30mLevel 1[0m checking '/home/gadzz/tubitak_ws/install/mission_center/lib/pkgconfig/mission_center.pc'
[58.577s] [34mcolcon.colcon_core.environment[0m [1;30mLevel 1[0m checking '/home/gadzz/tubitak_ws/install/mission_center/lib/python3.10/site-packages'
[58.577s] [34mcolcon.colcon_core.environment[0m [1;30mLevel 1[0m checking '/home/gadzz/tubitak_ws/install/mission_center/bin'
[58.578s] [34mcolcon.colcon_core.shell[0m [1;30mINFO[0m Creating package script '/home/gadzz/tubitak_ws/install/mission_center/share/mission_center/package.ps1'
[58.578s] [34mcolcon.colcon_core.shell[0m [1;30mINFO[0m Creating package descriptor '/home/gadzz/tubitak_ws/install/mission_center/share/mission_center/package.dsv'
[58.579s] [34mcolcon.colcon_core.shell[0m [1;30mINFO[0m Creating package script '/home/gadzz/tubitak_ws/install/mission_center/share/mission_center/package.sh'
[58.579s] [34mcolcon.colcon_core.shell[0m [1;30mINFO[0m Creating package script '/home/gadzz/tubitak_ws/install/mission_center/share/mission_center/package.bash'
[58.580s] [34mcolcon.colcon_core.shell[0m [1;30mINFO[0m Creating package script '/home/gadzz/tubitak_ws/install/mission_center/share/mission_center/package.zsh'
[58.580s] [34mcolcon.colcon_core.environment[0m [1;30mLevel 1[0m create_file_with_runtime_dependencies(/home/gadzz/tubitak_ws/install/mission_center/share/colcon-core/packages/mission_center)
[58.581s] [34mcolcon.colcon_core.environment[0m [1;30mLevel 1[0m create_environment_scripts_only(mission_center)
[58.581s] [34mcolcon.colcon_core.environment[0m [1;30mLevel 1[0m checking '/home/gadzz/tubitak_ws/install/mission_center' for CMake module files
[58.582s] [34mcolcon.colcon_core.environment[0m [1;30mLevel 1[0m checking '/home/gadzz/tubitak_ws/install/mission_center' for CMake config files
[58.582s] [34mcolcon.colcon_core.shell[0m [1;30mLevel 1[0m create_environment_hook('mission_center', 'cmake_prefix_path')
[58.582s] [34mcolcon.colcon_core.shell[0m [1;30mINFO[0m Creating environment hook '/home/gadzz/tubitak_ws/install/mission_center/share/mission_center/hook/cmake_prefix_path.ps1'
[58.583s] [34mcolcon.colcon_core.shell[0m [1;30mINFO[0m Creating environment descriptor '/home/gadzz/tubitak_ws/install/mission_center/share/mission_center/hook/cmake_prefix_path.dsv'
[58.584s] [34mcolcon.colcon_core.shell[0m [1;30mINFO[0m Creating environment hook '/home/gadzz/tubitak_ws/install/mission_center/share/mission_center/hook/cmake_prefix_path.sh'
[58.585s] [34mcolcon.colcon_core.environment[0m [1;30mLevel 1[0m checking '/home/gadzz/tubitak_ws/install/mission_center/lib'
[58.585s] [34mcolcon.colcon_core.shell[0m [1;30mLevel 1[0m create_environment_hook('mission_center', 'ld_library_path_lib')
[58.585s] [34mcolcon.colcon_core.shell[0m [1;30mINFO[0m Creating environment hook '/home/gadzz/tubitak_ws/install/mission_center/share/mission_center/hook/ld_library_path_lib.ps1'
[58.585s] [34mcolcon.colcon_core.shell[0m [1;30mINFO[0m Creating environment descriptor '/home/gadzz/tubitak_ws/install/mission_center/share/mission_center/hook/ld_library_path_lib.dsv'
[58.586s] [34mcolcon.colcon_core.shell[0m [1;30mINFO[0m Creating environment hook '/home/gadzz/tubitak_ws/install/mission_center/share/mission_center/hook/ld_library_path_lib.sh'
[58.586s] [34mcolcon.colcon_core.environment[0m [1;30mLevel 1[0m checking '/home/gadzz/tubitak_ws/install/mission_center/bin'
[58.586s] [34mcolcon.colcon_core.environment[0m [1;30mLevel 1[0m checking '/home/gadzz/tubitak_ws/install/mission_center/lib/pkgconfig/mission_center.pc'
[58.586s] [34mcolcon.colcon_core.environment[0m [1;30mLevel 1[0m checking '/home/gadzz/tubitak_ws/install/mission_center/lib/python3.10/site-packages'
[58.586s] [34mcolcon.colcon_core.environment[0m [1;30mLevel 1[0m checking '/home/gadzz/tubitak_ws/install/mission_center/bin'
[58.587s] [34mcolcon.colcon_core.shell[0m [1;30mINFO[0m Creating package script '/home/gadzz/tubitak_ws/install/mission_center/share/mission_center/package.ps1'
[58.587s] [34mcolcon.colcon_core.shell[0m [1;30mINFO[0m Creating package descriptor '/home/gadzz/tubitak_ws/install/mission_center/share/mission_center/package.dsv'
[58.587s] [34mcolcon.colcon_core.shell[0m [1;30mINFO[0m Creating package script '/home/gadzz/tubitak_ws/install/mission_center/share/mission_center/package.sh'
[58.588s] [34mcolcon.colcon_core.shell[0m [1;30mINFO[0m Creating package script '/home/gadzz/tubitak_ws/install/mission_center/share/mission_center/package.bash'
[58.588s] [34mcolcon.colcon_core.shell[0m [1;30mINFO[0m Creating package script '/home/gadzz/tubitak_ws/install/mission_center/share/mission_center/package.zsh'
[58.588s] [34mcolcon.colcon_core.environment[0m [1;30mLevel 1[0m create_file_with_runtime_dependencies(/home/gadzz/tubitak_ws/install/mission_center/share/colcon-core/packages/mission_center)
[58.589s] [34mcolcon.colcon_parallel_executor.executor.parallel[0m [1;30mDEBUG[0m [32mclosing loop[0m
[58.589s] [34mcolcon.colcon_parallel_executor.executor.parallel[0m [1;30mDEBUG[0m [32mloop closed[0m
[58.590s] [34mcolcon.colcon_parallel_executor.executor.parallel[0m [1;30mDEBUG[0m [32mrun_until_complete finished with '0'[0m
[58.590s] [34mcolcon.colcon_core.event_reactor[0m [1;30mDEBUG[0m [32mjoining thread[0m
[58.598s] [34mcolcon.colcon_core.plugin_system[0m [1;30mINFO[0m Skipping extension 'colcon_notification.desktop_notification.terminal_notifier': Not used on non-Darwin systems
[58.599s] [34mcolcon.colcon_core.plugin_system[0m [1;30mINFO[0m Skipping extension 'colcon_notification.desktop_notification.win32': Not used on non-Windows systems
[58.599s] [34mcolcon.colcon_notification.desktop_notification[0m [1;30mINFO[0m Sending desktop notification using 'notify2'
[58.600s] [34mcolcon.colcon_notification.desktop_notification.notify2[0m [1;30mDEBUG[0m [32mFailed to initialize notify2: org.freedesktop.DBus.Error.ServiceUnknown: The name org.freedesktop.Notifications was not provided by any .service files[0m
[58.600s] [34mcolcon.colcon_core.event_reactor[0m [1;30mDEBUG[0m [32mjoined thread[0m
[58.601s] [34mcolcon.colcon_core.shell[0m [1;30mINFO[0m Creating prefix script '/home/gadzz/tubitak_ws/install/local_setup.ps1'
[58.603s] [34mcolcon.colcon_core.shell[0m [1;30mINFO[0m Creating prefix util module '/home/gadzz/tubitak_ws/install/_local_setup_util_ps1.py'
[58.605s] [34mcolcon.colcon_core.shell[0m [1;30mINFO[0m Creating prefix chain script '/home/gadzz/tubitak_ws/install/setup.ps1'
[58.609s] [34mcolcon.colcon_core.shell[0m [1;30mINFO[0m Creating prefix script '/home/gadzz/tubitak_ws/install/local_setup.sh'
[58.609s] [34mcolcon.colcon_core.shell[0m [1;30mINFO[0m Creating prefix util module '/home/gadzz/tubitak_ws/install/_local_setup_util_sh.py'
[58.610s] [34mcolcon.colcon_core.shell[0m [1;30mINFO[0m Creating prefix chain script '/home/gadzz/tubitak_ws/install/setup.sh'
[58.612s] [34mcolcon.colcon_core.shell[0m [1;30mINFO[0m Creating prefix script '/home/gadzz/tubitak_ws/install/local_setup.bash'
[58.612s] [34mcolcon.colcon_core.shell[0m [1;30mINFO[0m Creating prefix chain script '/home/gadzz/tubitak_ws/install/setup.bash'
[58.615s] [34mcolcon.colcon_core.shell[0m [1;30mINFO[0m Creating prefix script '/home/gadzz/tubitak_ws/install/local_setup.zsh'
[58.616s] [34mcolcon.colcon_core.shell[0m [1;30mINFO[0m Creating prefix chain script '/home/gadzz/tubitak_ws/install/setup.zsh'
