[0.047s] Invoking command in '/home/gadzz/vtol_ws/build/mission_center': CMAKE_PREFIX_PATH=/home/gadzz/vtol_ws/install/keyboard_msgs:/home/gadzz/vtol_ws/install/px4_ros_com:/home/gadzz/vtol_ws/install/px4_msgs:/home/gadzz/vtol_ws/install/mission_center:/home/gadzz/vtol_ws/install/keyboard:/home/gadzz/ardu_ws/install/test_ros_gz_bridge:/home/gadzz/ardu_ws/install/ros_ign:/home/gadzz/ardu_ws/install/ros_ign_gazebo_demos:/home/gadzz/ardu_ws/install/ros_gz:/home/gadzz/ardu_ws/install/ros_gz_sim_demos:/home/gadzz/ardu_ws/install/ardupilot_gz_bringup:/home/gadzz/ardu_ws/install/sdformat_urdf:/home/gadzz/ardu_ws/install/sdformat_test_files:/home/gadzz/ardu_ws/install/ros_ign_interfaces:/home/gadzz/ardu_ws/install/ros_ign_image:/home/gadzz/ardu_ws/install/ros_ign_gazebo:/home/gadzz/ardu_ws/install/ros_ign_bridge:/home/gadzz/ardu_ws/install/ros_gz_sim:/home/gadzz/ardu_ws/install/ros_gz_image:/home/gadzz/ardu_ws/install/ros_gz_bridge:/home/gadzz/ardu_ws/install/ros_gz_interfaces:/home/gadzz/ardu_ws/install/ardupilot_sitl:/home/gadzz/ardu_ws/install/micro_ros_agent:/home/gadzz/ardu_ws/install/keyboard:/home/gadzz/ardu_ws/install/keyboard_msgs:/home/gadzz/ardu_ws/install/ardupilot_sitl_models:/home/gadzz/ardu_ws/install/ardupilot_msgs:/home/gadzz/ardu_ws/install/ardupilot_gz_gazebo:/home/gadzz/ardu_ws/install/ardupilot_gz_description:/home/gadzz/ardu_ws/install/ardupilot_gz_application:/home/gadzz/ardu_ws/install/ardupilot_gazebo:/home/gadzz/ardu_ws/install/ardupilot_dds_tests:/opt/ros/humble LD_LIBRARY_PATH=/home/gadzz/vtol_ws/install/keyboard_msgs/lib:/home/gadzz/vtol_ws/install/px4_ros_com/lib:/home/gadzz/vtol_ws/install/px4_msgs/lib:/home/gadzz/vtol_ws/install/mission_center/lib:/home/gadzz/ardu_ws/install/sdformat_urdf/lib:/home/gadzz/ardu_ws/install/ros_ign_interfaces/lib:/home/gadzz/ardu_ws/install/ros_gz_sim/lib:/home/gadzz/ardu_ws/install/ros_gz_bridge/lib:/home/gadzz/ardu_ws/install/ros_gz_interfaces/lib:/home/gadzz/ardu_ws/install/micro_ros_agent/lib:/home/gadzz/ardu_ws/install/keyboard_msgs/lib:/home/gadzz/ardu_ws/install/ardupilot_msgs/lib:/opt/ros/humble/opt/rviz_ogre_vendor/lib:/opt/ros/humble/lib/x86_64-linux-gnu:/opt/ros/humble/lib /usr/bin/cmake --build /home/gadzz/vtol_ws/build/mission_center -- -j8 -l8
[0.164s] [35m[1mConsolidate compiler generated dependencies of target uav_mission[0m
[0.211s] [  7%] [32mBuilding CXX object CMakeFiles/uav_mission.dir/src/uav_mission.cpp.o[0m
[50.978s] In file included from [01m[K/home/gadzz/vtol_ws/src/mission_center/src/uav_mission.cpp:1[m[K:
[50.978s] [01m[K/home/gadzz/vtol_ws/src/mission_center/include/mission_center/uav_mission.hpp:[m[K In member function ‘[01m[Kbool UAV_Mission::killPilotCb(std::shared_ptr<std_srvs::srv::Empty_Request_<std::allocator<void> > >, std::shared_ptr<std_srvs::srv::Empty_Response_<std::allocator<void> > >)[m[K’:
[50.978s] [01m[K/home/gadzz/vtol_ws/src/mission_center/include/mission_center/uav_mission.hpp:111:73:[m[K [01;35m[Kwarning: [m[Kunused parameter ‘[01m[Krequest[m[K’ [[01;35m[K-Wunused-parameter[m[K]
[50.978s]   111 |   bool killPilotCb([01;35m[Kconst std::shared_ptr<std_srvs::srv::Empty::Request> request[m[K,
[50.978s]       |                    [01;35m[K~~~~~~~~~~~~~~~~~~~~~~~~~~~~~~~~~~~~~~~~~~~~~~~~~~~~~^~~~~~~[m[K
[50.978s] [01m[K/home/gadzz/vtol_ws/src/mission_center/include/mission_center/uav_mission.hpp:112:68:[m[K [01;35m[Kwarning: [m[Kunused parameter ‘[01m[Kresponse[m[K’ [[01;35m[K-Wunused-parameter[m[K]
[50.978s]   112 |                    [01;35m[Kstd::shared_ptr<std_srvs::srv::Empty::Response> response[m[K) {
[50.978s]       |                    [01;35m[K~~~~~~~~~~~~~~~~~~~~~~~~~~~~~~~~~~~~~~~~~~~~~~~~^~~~~~~~[m[K
[50.979s] [01m[K/home/gadzz/vtol_ws/src/mission_center/src/uav_mission.cpp:[m[K In member function ‘[01m[Kbool UAV_Mission::restartMission(std::shared_ptr<std_srvs::srv::Empty_Request_<std::allocator<void> > >, std::shared_ptr<std_srvs::srv::Empty_Response_<std::allocator<void> > >)[m[K’:
[50.979s] [01m[K/home/gadzz/vtol_ws/src/mission_center/src/uav_mission.cpp:85:58:[m[K [01;35m[Kwarning: [m[Kunused parameter ‘[01m[Krequest[m[K’ [[01;35m[K-Wunused-parameter[m[K]
[50.979s]    85 |     [01;35m[Kconst std::shared_ptr<std_srvs::srv::Empty::Request> request[m[K,
[50.979s]       |     [01;35m[K~~~~~~~~~~~~~~~~~~~~~~~~~~~~~~~~~~~~~~~~~~~~~~~~~~~~~^~~~~~~[m[K
[50.979s] [01m[K/home/gadzz/vtol_ws/src/mission_center/src/uav_mission.cpp:86:53:[m[K [01;35m[Kwarning: [m[Kunused parameter ‘[01m[Kresponse[m[K’ [[01;35m[K-Wunused-parameter[m[K]
[50.979s]    86 |     [01;35m[Kstd::shared_ptr<std_srvs::srv::Empty::Response> response[m[K) {
[50.979s]       |     [01;35m[K~~~~~~~~~~~~~~~~~~~~~~~~~~~~~~~~~~~~~~~~~~~~~~~~^~~~~~~~[m[K
[50.979s] [01m[K/home/gadzz/vtol_ws/src/mission_center/src/uav_mission.cpp:[m[K In member function ‘[01m[Kvoid UAV_Mission::switch_mode(std::string)[m[K’:
[50.979s] [01m[K/home/gadzz/vtol_ws/src/mission_center/src/uav_mission.cpp:220:11:[m[K [01;35m[Kwarning: [m[Kunused variable ‘[01m[Kcount[m[K’ [[01;35m[K-Wunused-variable[m[K]
[50.980s]   220 |   uint8_t [01;35m[Kcount[m[K = 0;
[50.981s]       |           [01;35m[K^~~~~[m[K
[50.981s] [01m[K/home/gadzz/vtol_ws/src/mission_center/src/uav_mission.cpp:207:43:[m[K [01;35m[Kwarning: [m[Kunused parameter ‘[01m[Kmode[m[K’ [[01;35m[K-Wunused-parameter[m[K]
[50.981s]   207 | void UAV_Mission::switch_mode([01;35m[Kstd::string mode[m[K) {
[50.981s]       |                               [01;35m[K~~~~~~~~~~~~^~~~[m[K
[50.981s] [01m[K/home/gadzz/vtol_ws/src/mission_center/src/uav_mission.cpp:[m[K In member function ‘[01m[Kvoid UAV_Mission::arm_throttle()[m[K’:
[50.981s] [01m[K/home/gadzz/vtol_ws/src/mission_center/src/uav_mission.cpp:283:9:[m[K [01;35m[Kwarning: [m[Kunused variable ‘[01m[KgotTopic[m[K’ [[01;35m[K-Wunused-variable[m[K]
[50.981s]   283 |     int [01;35m[KgotTopic[m[K = getTopicVal(flags, "/fmu/out/vehicle_control_mode",
[50.981s]       |         [01;35m[K^~~~~~~~[m[K
[50.981s] In file included from [01m[K/opt/ros/humble/include/rclcpp/rclcpp/logging.hpp:24[m[K,
[50.981s]                  from [01m[K/home/gadzz/vtol_ws/src/mission_center/include/mission_center/uav_mission.hpp:12[m[K,
[50.981s]                  from [01m[K/home/gadzz/vtol_ws/src/mission_center/src/uav_mission.cpp:1[m[K:
[50.981s] [01m[K/home/gadzz/vtol_ws/src/mission_center/src/uav_mission.cpp:[m[K In member function ‘[01m[Kvoid UAV_Mission::takeoff(float)[m[K’:
[50.982s] [01m[K/home/gadzz/vtol_ws/src/mission_center/src/uav_mission.cpp:300:18:[m[K [01;35m[Kwarning: [m[Kformat ‘[01m[K%f[m[K’ expects argument of type ‘[01m[Kdouble[m[K’, but argument 5 has type ‘[01m[Kint[m[K’ [[01;35m[K-Wformat=[m[K]
[50.982s]   300 |                  [01;35m[K"Publishing position target: (%.2f, %.2f, %.2f) for hover"[m[K, [32m[K0[m[K,
[50.982s]       |                  [01;35m[K^~~~~~~~~~~~~~~~~~~~~~~~~~~~~~~~~~~~~~~~~~~~~~~~~~~~~~~~~~[m[K  [32m[K~[m[K
[50.982s]       |                                                                              [32m[K|[m[K
[50.982s]       |                                                                              [32m[Kint[m[K
[50.982s] [01m[K/home/gadzz/vtol_ws/src/mission_center/src/uav_mission.cpp:300:51:[m[K [01;36m[Knote: [m[Kformat string is defined here
[50.982s]   300 |                  "Publishing position target: ([01;36m[K%.2f[m[K, %.2f, %.2f) for hover", 0,
[50.982s]       |                                                [01;36m[K~~~^[m[K
[50.982s]       |                                                   [01;36m[K|[m[K
[50.982s]       |                                                   [01;36m[Kdouble[m[K
[50.982s]       |                                                [32m[K%.2d[m[K
[50.982s] In file included from [01m[K/opt/ros/humble/include/rclcpp/rclcpp/logging.hpp:24[m[K,
[50.982s]                  from [01m[K/home/gadzz/vtol_ws/src/mission_center/include/mission_center/uav_mission.hpp:12[m[K,
[50.982s]                  from [01m[K/home/gadzz/vtol_ws/src/mission_center/src/uav_mission.cpp:1[m[K:
[50.983s] [01m[K/home/gadzz/vtol_ws/src/mission_center/src/uav_mission.cpp:300:18:[m[K [01;35m[Kwarning: [m[Kformat ‘[01m[K%f[m[K’ expects argument of type ‘[01m[Kdouble[m[K’, but argument 6 has type ‘[01m[Kint[m[K’ [[01;35m[K-Wformat=[m[K]
[50.983s]   300 |                  [01;35m[K"Publishing position target: (%.2f, %.2f, %.2f) for hover"[m[K, 0,
[50.983s]       |                  [01;35m[K^~~~~~~~~~~~~~~~~~~~~~~~~~~~~~~~~~~~~~~~~~~~~~~~~~~~~~~~~~[m[K
[50.983s]   301 |                  [32m[K0[m[K, height * -1);
[50.983s]       |                  [32m[K~[m[K
[50.983s]       |                  [32m[K|[m[K
[50.983s]       |                  [32m[Kint[m[K
[50.983s] [01m[K/home/gadzz/vtol_ws/src/mission_center/src/uav_mission.cpp:300:57:[m[K [01;36m[Knote: [m[Kformat string is defined here
[50.983s]   300 |                  "Publishing position target: (%.2f, [01;36m[K%.2f[m[K, %.2f) for hover", 0,
[50.983s]       |                                                      [01;36m[K~~~^[m[K
[50.983s]       |                                                         [01;36m[K|[m[K
[50.983s]       |                                                         [01;36m[Kdouble[m[K
[50.984s]       |                                                      [32m[K%.2d[m[K
[50.984s] [01m[K/home/gadzz/vtol_ws/src/mission_center/src/uav_mission.cpp:[m[K In member function ‘[01m[Kbool UAV_Mission::init()[m[K’:
[50.984s] [01m[K/home/gadzz/vtol_ws/src/mission_center/src/uav_mission.cpp:367:8:[m[K [01;35m[Kwarning: [m[Kvariable ‘[01m[Kqos_profile[m[K’ set but not used [[01;35m[K-Wunused-but-set-variable[m[K]
[50.984s]   367 |   auto [01;35m[Kqos_profile[m[K = rclcpp::QoS(rclcpp::QoSInitialization::from_rmw(qos), qos);
[50.984s]       |        [01;35m[K^~~~~~~~~~~[m[K
[50.985s] /home/gadzz/vtol_ws/src/mission_center/src/uav_mission.cpp: In instantiation of ‘[01m[Kbool UAV_Mission::getTopicVal(T&, const string&, std::chrono::seconds) [with T = px4_msgs::msg::VehicleStatus_<std::allocator<void> >; std::string = std::__cxx11::basic_string<char>; std::chrono::seconds = std::chrono::duration<long int>][m[K’:
[50.985s] [01m[K/home/gadzz/vtol_ws/src/mission_center/src/uav_mission.cpp:179:21:[m[K   required from here
[50.985s] [01m[K/home/gadzz/vtol_ws/src/mission_center/src/uav_mission.cpp:98:21:[m[K [01;35m[Kwarning: [m[Kvariable ‘[01m[Kqos[m[K’ set but not used [[01;35m[K-Wunused-but-set-variable[m[K]
[50.985s]    98 |   rmw_qos_profile_t [01;35m[Kqos[m[K = rmw_qos_profile_default;
[50.985s]       |                     [01;35m[K^~~[m[K
[50.985s] /home/gadzz/vtol_ws/src/mission_center/src/uav_mission.cpp: In instantiation of ‘[01m[Kbool UAV_Mission::getTopicVal(T&, const string&, std::chrono::seconds) [with T = px4_msgs::msg::VehicleControlMode_<std::allocator<void> >; std::string = std::__cxx11::basic_string<char>; std::chrono::seconds = std::chrono::duration<long int>][m[K’:
[50.985s] [01m[K/home/gadzz/vtol_ws/src/mission_center/src/uav_mission.cpp:283:31:[m[K   required from here
[50.985s] [01m[K/home/gadzz/vtol_ws/src/mission_center/src/uav_mission.cpp:98:21:[m[K [01;35m[Kwarning: [m[Kvariable ‘[01m[Kqos[m[K’ set but not used [[01;35m[K-Wunused-but-set-variable[m[K]
[50.997s] [ 14%] [32m[1mLinking CXX shared library libuav_mission.so[0m
[55.163s] [ 14%] Built target uav_mission
[55.225s] [ 28%] Built target safety_node
[55.285s] [ 35%] [32m[1mLinking CXX executable ui_node[0m
[56.735s] [ 85%] Built target ui_node
[56.803s] [ 92%] [32m[1mLinking CXX executable pilot_node[0m
[59.411s] [100%] Built target pilot_node
[59.450s] Invoked command in '/home/gadzz/vtol_ws/build/mission_center' returned '0': CMAKE_PREFIX_PATH=/home/gadzz/vtol_ws/install/keyboard_msgs:/home/gadzz/vtol_ws/install/px4_ros_com:/home/gadzz/vtol_ws/install/px4_msgs:/home/gadzz/vtol_ws/install/mission_center:/home/gadzz/vtol_ws/install/keyboard:/home/gadzz/ardu_ws/install/test_ros_gz_bridge:/home/gadzz/ardu_ws/install/ros_ign:/home/gadzz/ardu_ws/install/ros_ign_gazebo_demos:/home/gadzz/ardu_ws/install/ros_gz:/home/gadzz/ardu_ws/install/ros_gz_sim_demos:/home/gadzz/ardu_ws/install/ardupilot_gz_bringup:/home/gadzz/ardu_ws/install/sdformat_urdf:/home/gadzz/ardu_ws/install/sdformat_test_files:/home/gadzz/ardu_ws/install/ros_ign_interfaces:/home/gadzz/ardu_ws/install/ros_ign_image:/home/gadzz/ardu_ws/install/ros_ign_gazebo:/home/gadzz/ardu_ws/install/ros_ign_bridge:/home/gadzz/ardu_ws/install/ros_gz_sim:/home/gadzz/ardu_ws/install/ros_gz_image:/home/gadzz/ardu_ws/install/ros_gz_bridge:/home/gadzz/ardu_ws/install/ros_gz_interfaces:/home/gadzz/ardu_ws/install/ardupilot_sitl:/home/gadzz/ardu_ws/install/micro_ros_agent:/home/gadzz/ardu_ws/install/keyboard:/home/gadzz/ardu_ws/install/keyboard_msgs:/home/gadzz/ardu_ws/install/ardupilot_sitl_models:/home/gadzz/ardu_ws/install/ardupilot_msgs:/home/gadzz/ardu_ws/install/ardupilot_gz_gazebo:/home/gadzz/ardu_ws/install/ardupilot_gz_description:/home/gadzz/ardu_ws/install/ardupilot_gz_application:/home/gadzz/ardu_ws/install/ardupilot_gazebo:/home/gadzz/ardu_ws/install/ardupilot_dds_tests:/opt/ros/humble LD_LIBRARY_PATH=/home/gadzz/vtol_ws/install/keyboard_msgs/lib:/home/gadzz/vtol_ws/install/px4_ros_com/lib:/home/gadzz/vtol_ws/install/px4_msgs/lib:/home/gadzz/vtol_ws/install/mission_center/lib:/home/gadzz/ardu_ws/install/sdformat_urdf/lib:/home/gadzz/ardu_ws/install/ros_ign_interfaces/lib:/home/gadzz/ardu_ws/install/ros_gz_sim/lib:/home/gadzz/ardu_ws/install/ros_gz_bridge/lib:/home/gadzz/ardu_ws/install/ros_gz_interfaces/lib:/home/gadzz/ardu_ws/install/micro_ros_agent/lib:/home/gadzz/ardu_ws/install/keyboard_msgs/lib:/home/gadzz/ardu_ws/install/ardupilot_msgs/lib:/opt/ros/humble/opt/rviz_ogre_vendor/lib:/opt/ros/humble/lib/x86_64-linux-gnu:/opt/ros/humble/lib /usr/bin/cmake --build /home/gadzz/vtol_ws/build/mission_center -- -j8 -l8
[59.459s] Invoking command in '/home/gadzz/vtol_ws/build/mission_center': CMAKE_PREFIX_PATH=/home/gadzz/vtol_ws/install/keyboard_msgs:/home/gadzz/vtol_ws/install/px4_ros_com:/home/gadzz/vtol_ws/install/px4_msgs:/home/gadzz/vtol_ws/install/mission_center:/home/gadzz/vtol_ws/install/keyboard:/home/gadzz/ardu_ws/install/test_ros_gz_bridge:/home/gadzz/ardu_ws/install/ros_ign:/home/gadzz/ardu_ws/install/ros_ign_gazebo_demos:/home/gadzz/ardu_ws/install/ros_gz:/home/gadzz/ardu_ws/install/ros_gz_sim_demos:/home/gadzz/ardu_ws/install/ardupilot_gz_bringup:/home/gadzz/ardu_ws/install/sdformat_urdf:/home/gadzz/ardu_ws/install/sdformat_test_files:/home/gadzz/ardu_ws/install/ros_ign_interfaces:/home/gadzz/ardu_ws/install/ros_ign_image:/home/gadzz/ardu_ws/install/ros_ign_gazebo:/home/gadzz/ardu_ws/install/ros_ign_bridge:/home/gadzz/ardu_ws/install/ros_gz_sim:/home/gadzz/ardu_ws/install/ros_gz_image:/home/gadzz/ardu_ws/install/ros_gz_bridge:/home/gadzz/ardu_ws/install/ros_gz_interfaces:/home/gadzz/ardu_ws/install/ardupilot_sitl:/home/gadzz/ardu_ws/install/micro_ros_agent:/home/gadzz/ardu_ws/install/keyboard:/home/gadzz/ardu_ws/install/keyboard_msgs:/home/gadzz/ardu_ws/install/ardupilot_sitl_models:/home/gadzz/ardu_ws/install/ardupilot_msgs:/home/gadzz/ardu_ws/install/ardupilot_gz_gazebo:/home/gadzz/ardu_ws/install/ardupilot_gz_description:/home/gadzz/ardu_ws/install/ardupilot_gz_application:/home/gadzz/ardu_ws/install/ardupilot_gazebo:/home/gadzz/ardu_ws/install/ardupilot_dds_tests:/opt/ros/humble LD_LIBRARY_PATH=/home/gadzz/vtol_ws/install/keyboard_msgs/lib:/home/gadzz/vtol_ws/install/px4_ros_com/lib:/home/gadzz/vtol_ws/install/px4_msgs/lib:/home/gadzz/vtol_ws/install/mission_center/lib:/home/gadzz/ardu_ws/install/sdformat_urdf/lib:/home/gadzz/ardu_ws/install/ros_ign_interfaces/lib:/home/gadzz/ardu_ws/install/ros_gz_sim/lib:/home/gadzz/ardu_ws/install/ros_gz_bridge/lib:/home/gadzz/ardu_ws/install/ros_gz_interfaces/lib:/home/gadzz/ardu_ws/install/micro_ros_agent/lib:/home/gadzz/ardu_ws/install/keyboard_msgs/lib:/home/gadzz/ardu_ws/install/ardupilot_msgs/lib:/opt/ros/humble/opt/rviz_ogre_vendor/lib:/opt/ros/humble/lib/x86_64-linux-gnu:/opt/ros/humble/lib /usr/bin/cmake --install /home/gadzz/vtol_ws/build/mission_center
[59.479s] -- Install configuration: ""
[59.479s] -- Installing: /home/gadzz/vtol_ws/install/mission_center/lib/libuav_mission.so
[59.518s] -- Set runtime path of "/home/gadzz/vtol_ws/install/mission_center/lib/libuav_mission.so" to ""
[59.519s] -- Installing: /home/gadzz/vtol_ws/install/mission_center/lib/mission_center/pilot_node
[59.520s] -- Set runtime path of "/home/gadzz/vtol_ws/install/mission_center/lib/mission_center/pilot_node" to ""
[59.521s] -- Up-to-date: /home/gadzz/vtol_ws/install/mission_center/lib/mission_center/safety_node
[59.521s] -- Installing: /home/gadzz/vtol_ws/install/mission_center/lib/mission_center/ui_node
[59.526s] -- Set runtime path of "/home/gadzz/vtol_ws/install/mission_center/lib/mission_center/ui_node" to ""
[59.527s] -- Up-to-date: /home/gadzz/vtol_ws/install/mission_center/share/mission_center//launch
[59.527s] -- Up-to-date: /home/gadzz/vtol_ws/install/mission_center/share/mission_center//launch/real_apm.launch
[59.527s] -- Up-to-date: /home/gadzz/vtol_ws/install/mission_center/share/mission_center/environment/library_path.sh
[59.527s] -- Up-to-date: /home/gadzz/vtol_ws/install/mission_center/share/mission_center/environment/library_path.dsv
[59.527s] -- Up-to-date: /home/gadzz/vtol_ws/install/mission_center/share/ament_index/resource_index/package_run_dependencies/mission_center
[59.528s] -- Up-to-date: /home/gadzz/vtol_ws/install/mission_center/share/ament_index/resource_index/parent_prefix_path/mission_center
[59.528s] -- Up-to-date: /home/gadzz/vtol_ws/install/mission_center/share/mission_center/environment/ament_prefix_path.sh
[59.528s] -- Up-to-date: /home/gadzz/vtol_ws/install/mission_center/share/mission_center/environment/ament_prefix_path.dsv
[59.529s] -- Up-to-date: /home/gadzz/vtol_ws/install/mission_center/share/mission_center/environment/path.sh
[59.529s] -- Up-to-date: /home/gadzz/vtol_ws/install/mission_center/share/mission_center/environment/path.dsv
[59.529s] -- Up-to-date: /home/gadzz/vtol_ws/install/mission_center/share/mission_center/local_setup.bash
[59.529s] -- Up-to-date: /home/gadzz/vtol_ws/install/mission_center/share/mission_center/local_setup.sh
[59.529s] -- Up-to-date: /home/gadzz/vtol_ws/install/mission_center/share/mission_center/local_setup.zsh
[59.529s] -- Up-to-date: /home/gadzz/vtol_ws/install/mission_center/share/mission_center/local_setup.dsv
[59.530s] -- Installing: /home/gadzz/vtol_ws/install/mission_center/share/mission_center/package.dsv
[59.530s] -- Up-to-date: /home/gadzz/vtol_ws/install/mission_center/share/ament_index/resource_index/packages/mission_center
[59.530s] -- Up-to-date: /home/gadzz/vtol_ws/install/mission_center/share/mission_center/cmake/ament_cmake_export_include_directories-extras.cmake
[59.530s] -- Up-to-date: /home/gadzz/vtol_ws/install/mission_center/share/mission_center/cmake/ament_cmake_export_libraries-extras.cmake
[59.530s] -- Up-to-date: /home/gadzz/vtol_ws/install/mission_center/share/mission_center/cmake/mission_centerConfig.cmake
[59.530s] -- Up-to-date: /home/gadzz/vtol_ws/install/mission_center/share/mission_center/cmake/mission_centerConfig-version.cmake
[59.530s] -- Up-to-date: /home/gadzz/vtol_ws/install/mission_center/share/mission_center/package.xml
[59.537s] Invoked command in '/home/gadzz/vtol_ws/build/mission_center' returned '0': CMAKE_PREFIX_PATH=/home/gadzz/vtol_ws/install/keyboard_msgs:/home/gadzz/vtol_ws/install/px4_ros_com:/home/gadzz/vtol_ws/install/px4_msgs:/home/gadzz/vtol_ws/install/mission_center:/home/gadzz/vtol_ws/install/keyboard:/home/gadzz/ardu_ws/install/test_ros_gz_bridge:/home/gadzz/ardu_ws/install/ros_ign:/home/gadzz/ardu_ws/install/ros_ign_gazebo_demos:/home/gadzz/ardu_ws/install/ros_gz:/home/gadzz/ardu_ws/install/ros_gz_sim_demos:/home/gadzz/ardu_ws/install/ardupilot_gz_bringup:/home/gadzz/ardu_ws/install/sdformat_urdf:/home/gadzz/ardu_ws/install/sdformat_test_files:/home/gadzz/ardu_ws/install/ros_ign_interfaces:/home/gadzz/ardu_ws/install/ros_ign_image:/home/gadzz/ardu_ws/install/ros_ign_gazebo:/home/gadzz/ardu_ws/install/ros_ign_bridge:/home/gadzz/ardu_ws/install/ros_gz_sim:/home/gadzz/ardu_ws/install/ros_gz_image:/home/gadzz/ardu_ws/install/ros_gz_bridge:/home/gadzz/ardu_ws/install/ros_gz_interfaces:/home/gadzz/ardu_ws/install/ardupilot_sitl:/home/gadzz/ardu_ws/install/micro_ros_agent:/home/gadzz/ardu_ws/install/keyboard:/home/gadzz/ardu_ws/install/keyboard_msgs:/home/gadzz/ardu_ws/install/ardupilot_sitl_models:/home/gadzz/ardu_ws/install/ardupilot_msgs:/home/gadzz/ardu_ws/install/ardupilot_gz_gazebo:/home/gadzz/ardu_ws/install/ardupilot_gz_description:/home/gadzz/ardu_ws/install/ardupilot_gz_application:/home/gadzz/ardu_ws/install/ardupilot_gazebo:/home/gadzz/ardu_ws/install/ardupilot_dds_tests:/opt/ros/humble LD_LIBRARY_PATH=/home/gadzz/vtol_ws/install/keyboard_msgs/lib:/home/gadzz/vtol_ws/install/px4_ros_com/lib:/home/gadzz/vtol_ws/install/px4_msgs/lib:/home/gadzz/vtol_ws/install/mission_center/lib:/home/gadzz/ardu_ws/install/sdformat_urdf/lib:/home/gadzz/ardu_ws/install/ros_ign_interfaces/lib:/home/gadzz/ardu_ws/install/ros_gz_sim/lib:/home/gadzz/ardu_ws/install/ros_gz_bridge/lib:/home/gadzz/ardu_ws/install/ros_gz_interfaces/lib:/home/gadzz/ardu_ws/install/micro_ros_agent/lib:/home/gadzz/ardu_ws/install/keyboard_msgs/lib:/home/gadzz/ardu_ws/install/ardupilot_msgs/lib:/opt/ros/humble/opt/rviz_ogre_vendor/lib:/opt/ros/humble/lib/x86_64-linux-gnu:/opt/ros/humble/lib /usr/bin/cmake --install /home/gadzz/vtol_ws/build/mission_center
