[0.005s] Invoking command in '/home/gadzz/Workspace/VTOL-MissionCenter/build/keyboard': CMAKE_PREFIX_PATH=/home/gadzz/Workspace/VTOL-MissionCenter/install/keyboard_msgs:/home/gadzz/Workspace/VTOL-MissionCenter/install/keyboard:/opt/ros/humble /usr/bin/cmake /home/gadzz/Workspace/VTOL-MissionCenter/src/ros2-keyboard/keyboard -DCMAKE_INSTALL_PREFIX=/home/gadzz/Workspace/VTOL-MissionCenter/install/keyboard
[0.039s] -- The C compiler identification is GNU 11.4.0
[0.074s] -- The CXX compiler identification is GNU 11.4.0
[0.078s] -- Detecting C compiler ABI info
[0.122s] -- Detecting C compiler ABI info - done
[0.131s] -- Check for working C compiler: /usr/bin/cc - skipped
[0.131s] -- Detecting C compile features
[0.132s] -- Detecting C compile features - done
[0.135s] -- Detecting CXX compiler ABI info
[0.187s] -- Detecting CXX compiler ABI info - done
[0.192s] -- Check for working CXX compiler: /usr/bin/c++ - skipped
[0.192s] -- Detecting CXX compile features
[0.192s] -- Detecting CXX compile features - done
[0.193s] -- Found ament_cmake: 1.3.12 (/opt/ros/humble/share/ament_cmake/cmake)
[0.438s] -- Found Python3: /usr/bin/python3 (found version "3.10.12") found components: Interpreter 
[0.493s] -- Found rclcpp: 16.0.14 (/opt/ros/humble/share/rclcpp/cmake)
[0.519s] -- Found rosidl_generator_c: 3.1.7 (/opt/ros/humble/share/rosidl_generator_c/cmake)
[0.522s] -- Found rosidl_adapter: 3.1.7 (/opt/ros/humble/share/rosidl_adapter/cmake)
[0.526s] -- Found rosidl_generator_cpp: 3.1.7 (/opt/ros/humble/share/rosidl_generator_cpp/cmake)
[0.533s] -- Using all available rosidl_typesupport_c: rosidl_typesupport_fastrtps_c;rosidl_typesupport_introspection_c
[0.542s] -- Using all available rosidl_typesupport_cpp: rosidl_typesupport_fastrtps_cpp;rosidl_typesupport_introspection_cpp
[0.566s] -- Found rmw_implementation_cmake: 6.1.2 (/opt/ros/humble/share/rmw_implementation_cmake/cmake)
[0.568s] -- Found rmw_fastrtps_cpp: 6.2.8 (/opt/ros/humble/share/rmw_fastrtps_cpp/cmake)
[0.623s] -- Found OpenSSL: /usr/lib/x86_64-linux-gnu/libcrypto.so (found version "3.0.2")  
[0.653s] -- Found FastRTPS: /opt/ros/humble/include  
[0.688s] -- Using RMW implementation 'rmw_fastrtps_cpp' as default
[0.693s] -- Looking for pthread.h
[0.742s] -- Looking for pthread.h - found
[0.743s] -- Performing Test CMAKE_HAVE_LIBC_PTHREAD
[0.794s] -- Performing Test CMAKE_HAVE_LIBC_PTHREAD - Success
[0.795s] -- Found Threads: TRUE  
[0.832s] -- Found SDL: /usr/lib/x86_64-linux-gnu/libSDLmain.a;/usr/lib/x86_64-linux-gnu/libSDL.so (found version "1.2.15") 
[0.832s] -- Found keyboard_msgs: 1.0.0 (/home/gadzz/Workspace/VTOL-MissionCenter/install/keyboard_msgs/share/keyboard_msgs/cmake)
[0.841s] -- Found ament_lint_auto: 0.12.14 (/opt/ros/humble/share/ament_lint_auto/cmake)
[0.892s] -- Added test 'copyright' to check source files copyright and LICENSE
[0.893s] -- Added test 'cppcheck' to perform static code analysis on C / C++ code
[0.893s] -- Configured cppcheck include dirs: $<BUILD_INTERFACE:/home/gadzz/Workspace/VTOL-MissionCenter/src/ros2-keyboard/keyboard/include>
[0.893s] -- Configured cppcheck exclude dirs and/or files: 
[0.893s] -- Added test 'cpplint' to check C / C++ code against the Google style
[0.893s] -- Configured cpplint exclude dirs and/or files: 
[0.894s] -- Added test 'flake8' to check Python code syntax and style conventions
[0.894s] -- Added test 'lint_cmake' to check CMake code style
[0.894s] -- Added test 'pep257' to check Python code against some of the docstring style conventions in PEP 257
[0.895s] -- Added test 'uncrustify' to check C / C++ code style
[0.895s] -- Configured uncrustify additional arguments: 
[0.895s] -- Added test 'xmllint' to check XML markup files
[0.896s] -- Configuring done
[0.901s] -- Generating done
[0.903s] -- Build files have been written to: /home/gadzz/Workspace/VTOL-MissionCenter/build/keyboard
[0.911s] Invoked command in '/home/gadzz/Workspace/VTOL-MissionCenter/build/keyboard' returned '0': CMAKE_PREFIX_PATH=/home/gadzz/Workspace/VTOL-MissionCenter/install/keyboard_msgs:/home/gadzz/Workspace/VTOL-MissionCenter/install/keyboard:/opt/ros/humble /usr/bin/cmake /home/gadzz/Workspace/VTOL-MissionCenter/src/ros2-keyboard/keyboard -DCMAKE_INSTALL_PREFIX=/home/gadzz/Workspace/VTOL-MissionCenter/install/keyboard
[0.912s] Invoking command in '/home/gadzz/Workspace/VTOL-MissionCenter/build/keyboard': CMAKE_PREFIX_PATH=/home/gadzz/Workspace/VTOL-MissionCenter/install/keyboard_msgs:/home/gadzz/Workspace/VTOL-MissionCenter/install/keyboard:/opt/ros/humble /usr/bin/cmake --build /home/gadzz/Workspace/VTOL-MissionCenter/build/keyboard -- -j8 -l8
[0.944s] [ 50%] [32mBuilding CXX object CMakeFiles/keyboard.dir/src/keyboard.cpp.o[0m
[4.056s] [100%] [32m[1mLinking CXX executable keyboard[0m
[4.155s] [100%] Built target keyboard
