[0.044s] Invoking command in '/home/gadzz/vtol_ws/build/mission_center': AMENT_PREFIX_PATH=/home/gadzz/vtol_ws/install/keyboard_msgs:${AMENT_PREFIX_PATH} CMAKE_PREFIX_PATH=/home/gadzz/vtol_ws/install/keyboard_msgs:/home/gadzz/ardu_ws/install/test_ros_gz_bridge:/home/gadzz/ardu_ws/install/ros_ign:/home/gadzz/ardu_ws/install/ros_ign_gazebo_demos:/home/gadzz/ardu_ws/install/ros_gz:/home/gadzz/ardu_ws/install/ros_gz_sim_demos:/home/gadzz/ardu_ws/install/ardupilot_gz_bringup:/home/gadzz/ardu_ws/install/sdformat_urdf:/home/gadzz/ardu_ws/install/sdformat_test_files:/home/gadzz/ardu_ws/install/ros_ign_interfaces:/home/gadzz/ardu_ws/install/ros_ign_image:/home/gadzz/ardu_ws/install/ros_ign_gazebo:/home/gadzz/ardu_ws/install/ros_ign_bridge:/home/gadzz/ardu_ws/install/ros_gz_sim:/home/gadzz/ardu_ws/install/ros_gz_image:/home/gadzz/ardu_ws/install/ros_gz_bridge:/home/gadzz/ardu_ws/install/ros_gz_interfaces:/home/gadzz/ardu_ws/install/ardupilot_sitl:/home/gadzz/ardu_ws/install/micro_ros_agent:/home/gadzz/ardu_ws/install/keyboard:/home/gadzz/ardu_ws/install/keyboard_msgs:/home/gadzz/ardu_ws/install/ardupilot_sitl_models:/home/gadzz/ardu_ws/install/ardupilot_msgs:/home/gadzz/ardu_ws/install/ardupilot_gz_gazebo:/home/gadzz/ardu_ws/install/ardupilot_gz_description:/home/gadzz/ardu_ws/install/ardupilot_gz_application:/home/gadzz/ardu_ws/install/ardupilot_gazebo:/home/gadzz/ardu_ws/install/ardupilot_dds_tests:/opt/ros/humble LD_LIBRARY_PATH=/home/gadzz/vtol_ws/install/keyboard_msgs/lib:${LD_LIBRARY_PATH} PYTHONPATH=/home/gadzz/vtol_ws/install/keyboard_msgs/local/lib/python3.10/dist-packages:${PYTHONPATH} /usr/bin/cmake --build /home/gadzz/vtol_ws/build/mission_center -- -j8 -l8
[0.168s] [35m[1mConsolidate compiler generated dependencies of target uav_mission[0m
[0.201s] [35m[1mConsolidate compiler generated dependencies of target safety_node[0m
[0.242s] [  7%] [32mBuilding CXX object CMakeFiles/uav_mission.dir/src/uav_mission.cpp.o[0m
[0.259s] [ 21%] Built target safety_node
[27.032s] In file included from [01m[K/home/gadzz/vtol_ws/src/mission_center/src/uav_mission.cpp:1[m[K:
[27.032s] [01m[K/home/gadzz/vtol_ws/src/mission_center/include/mission_center/uav_mission.hpp:[m[K In member function ‘[01m[Kbool UAV_Mission::killPilotCb(std::shared_ptr<std_srvs::srv::Empty_Request_<std::allocator<void> > >, std::shared_ptr<std_srvs::srv::Empty_Response_<std::allocator<void> > >)[m[K’:
[27.032s] [01m[K/home/gadzz/vtol_ws/src/mission_center/include/mission_center/uav_mission.hpp:89:73:[m[K [01;35m[Kwarning: [m[Kunused parameter ‘[01m[Krequest[m[K’ [[01;35m[K-Wunused-parameter[m[K]
[27.032s]    89 |   bool killPilotCb([01;35m[Kconst std::shared_ptr<std_srvs::srv::Empty::Request> request[m[K,
[27.032s]       |                    [01;35m[K~~~~~~~~~~~~~~~~~~~~~~~~~~~~~~~~~~~~~~~~~~~~~~~~~~~~~^~~~~~~[m[K
[27.032s] [01m[K/home/gadzz/vtol_ws/src/mission_center/include/mission_center/uav_mission.hpp:90:68:[m[K [01;35m[Kwarning: [m[Kunused parameter ‘[01m[Kresponse[m[K’ [[01;35m[K-Wunused-parameter[m[K]
[27.032s]    90 |                    [01;35m[Kstd::shared_ptr<std_srvs::srv::Empty::Response> response[m[K) {
[27.032s]       |                    [01;35m[K~~~~~~~~~~~~~~~~~~~~~~~~~~~~~~~~~~~~~~~~~~~~~~~~^~~~~~~~[m[K
[27.032s] [01m[K/home/gadzz/vtol_ws/src/mission_center/src/uav_mission.cpp:[m[K In member function ‘[01m[Kbool UAV_Mission::restartMission(std::shared_ptr<std_srvs::srv::Empty_Request_<std::allocator<void> > >, std::shared_ptr<std_srvs::srv::Empty_Response_<std::allocator<void> > >)[m[K’:
[27.033s] [01m[K/home/gadzz/vtol_ws/src/mission_center/src/uav_mission.cpp:53:58:[m[K [01;35m[Kwarning: [m[Kunused parameter ‘[01m[Krequest[m[K’ [[01;35m[K-Wunused-parameter[m[K]
[27.033s]    53 |     [01;35m[Kconst std::shared_ptr<std_srvs::srv::Empty::Request> request[m[K,
[27.033s]       |     [01;35m[K~~~~~~~~~~~~~~~~~~~~~~~~~~~~~~~~~~~~~~~~~~~~~~~~~~~~~^~~~~~~[m[K
[27.033s] [01m[K/home/gadzz/vtol_ws/src/mission_center/src/uav_mission.cpp:54:53:[m[K [01;35m[Kwarning: [m[Kunused parameter ‘[01m[Kresponse[m[K’ [[01;35m[K-Wunused-parameter[m[K]
[27.033s]    54 |     [01;35m[Kstd::shared_ptr<std_srvs::srv::Empty::Response> response[m[K) {
[27.033s]       |     [01;35m[K~~~~~~~~~~~~~~~~~~~~~~~~~~~~~~~~~~~~~~~~~~~~~~~~^~~~~~~~[m[K
[27.033s] [01m[K/home/gadzz/vtol_ws/src/mission_center/src/uav_mission.cpp:[m[K In member function ‘[01m[Kvoid UAV_Mission::switch_mode(std::string)[m[K’:
[27.033s] [01m[K/home/gadzz/vtol_ws/src/mission_center/src/uav_mission.cpp:137:11:[m[K [01;35m[Kwarning: [m[Kunused variable ‘[01m[Kcount[m[K’ [[01;35m[K-Wunused-variable[m[K]
[27.033s]   137 |   uint8_t [01;35m[Kcount[m[K = 0;
[27.033s]       |           [01;35m[K^~~~~[m[K
[27.033s] [01m[K/home/gadzz/vtol_ws/src/mission_center/src/uav_mission.cpp:124:43:[m[K [01;35m[Kwarning: [m[Kunused parameter ‘[01m[Kmode[m[K’ [[01;35m[K-Wunused-parameter[m[K]
[27.033s]   124 | void UAV_Mission::switch_mode([01;35m[Kstd::string mode[m[K) {
[27.033s]       |                               [01;35m[K~~~~~~~~~~~~^~~~[m[K
[27.033s] [01m[K/home/gadzz/vtol_ws/src/mission_center/src/uav_mission.cpp:[m[K In member function ‘[01m[Kvoid UAV_Mission::arm_throttle()[m[K’:
[27.033s] [01m[K/home/gadzz/vtol_ws/src/mission_center/src/uav_mission.cpp:201:9:[m[K [01;35m[Kwarning: [m[Kunused variable ‘[01m[KgotTopic[m[K’ [[01;35m[K-Wunused-variable[m[K]
[27.033s]   201 |     int [01;35m[KgotTopic[m[K = getTopicVal(flags, "/fmu/out/vehicle_control_mode",
[27.033s]       |         [01;35m[K^~~~~~~~[m[K
[27.033s] [01m[K/home/gadzz/vtol_ws/src/mission_center/src/uav_mission.cpp:[m[K In member function ‘[01m[Kvoid UAV_Mission::takeoff(double)[m[K’:
[27.033s] [01m[K/home/gadzz/vtol_ws/src/mission_center/src/uav_mission.cpp:208:34:[m[K [01;35m[Kwarning: [m[Kunused parameter ‘[01m[Kheight[m[K’ [[01;35m[K-Wunused-parameter[m[K]
[27.033s]   208 | void UAV_Mission::takeoff([01;35m[Kdouble height[m[K) {
[27.033s]       |                           [01;35m[K~~~~~~~^~~~~~[m[K
[27.034s] [01m[K/home/gadzz/vtol_ws/src/mission_center/src/uav_mission.cpp:[m[K In member function ‘[01m[Kbool UAV_Mission::init()[m[K’:
[27.034s] [01m[K/home/gadzz/vtol_ws/src/mission_center/src/uav_mission.cpp:333:1:[m[K [01;35m[Kwarning: [m[Kno return statement in function returning non-void [[01;35m[K-Wreturn-type[m[K]
[27.034s]   333 | [01;35m[K}[m[K
[27.034s]       | [01;35m[K^[m[K
[27.051s] [ 28%] [32m[1mLinking CXX shared library libuav_mission.so[0m
[28.184s] [ 28%] Built target uav_mission
[28.202s] [35m[1mConsolidate compiler generated dependencies of target pilot_node[0m
[28.218s] [ 35%] [32m[1mLinking CXX executable ui_node[0m
[28.225s] [ 42%] [32mBuilding CXX object CMakeFiles/pilot_node.dir/src/pilot_node.cpp.o[0m
[28.882s] [ 92%] Built target ui_node
[36.072s] In file included from [01m[K/home/gadzz/vtol_ws/src/mission_center/src/pilot_node.cpp:1[m[K:
[36.072s] [01m[K/home/gadzz/vtol_ws/src/mission_center/include/mission_center/uav_mission.hpp:[m[K In member function ‘[01m[Kbool UAV_Mission::killPilotCb(std::shared_ptr<std_srvs::srv::Empty_Request_<std::allocator<void> > >, std::shared_ptr<std_srvs::srv::Empty_Response_<std::allocator<void> > >)[m[K’:
[36.072s] [01m[K/home/gadzz/vtol_ws/src/mission_center/include/mission_center/uav_mission.hpp:89:73:[m[K [01;35m[Kwarning: [m[Kunused parameter ‘[01m[Krequest[m[K’ [[01;35m[K-Wunused-parameter[m[K]
[36.072s]    89 |   bool killPilotCb([01;35m[Kconst std::shared_ptr<std_srvs::srv::Empty::Request> request[m[K,
[36.072s]       |                    [01;35m[K~~~~~~~~~~~~~~~~~~~~~~~~~~~~~~~~~~~~~~~~~~~~~~~~~~~~~^~~~~~~[m[K
[36.072s] [01m[K/home/gadzz/vtol_ws/src/mission_center/include/mission_center/uav_mission.hpp:90:68:[m[K [01;35m[Kwarning: [m[Kunused parameter ‘[01m[Kresponse[m[K’ [[01;35m[K-Wunused-parameter[m[K]
[36.072s]    90 |                    [01;35m[Kstd::shared_ptr<std_srvs::srv::Empty::Response> response[m[K) {
[36.072s]       |                    [01;35m[K~~~~~~~~~~~~~~~~~~~~~~~~~~~~~~~~~~~~~~~~~~~~~~~~^~~~~~~~[m[K
[36.072s] [01m[K/home/gadzz/vtol_ws/src/mission_center/src/pilot_node.cpp:[m[K In member function ‘[01m[Kbool PilotNode::killPilotCb(std::shared_ptr<std_srvs::srv::Empty_Request_<std::allocator<void> > >, std::shared_ptr<std_srvs::srv::Empty_Response_<std::allocator<void> > >)[m[K’:
[36.072s] [01m[K/home/gadzz/vtol_ws/src/mission_center/src/pilot_node.cpp:24:73:[m[K [01;35m[Kwarning: [m[Kunused parameter ‘[01m[Krequest[m[K’ [[01;35m[K-Wunused-parameter[m[K]
[36.072s]    24 |   bool killPilotCb([01;35m[Kconst std::shared_ptr<std_srvs::srv::Empty::Request> request[m[K,
[36.072s]       |                    [01;35m[K~~~~~~~~~~~~~~~~~~~~~~~~~~~~~~~~~~~~~~~~~~~~~~~~~~~~~^~~~~~~[m[K
[36.072s] [01m[K/home/gadzz/vtol_ws/src/mission_center/src/pilot_node.cpp:25:68:[m[K [01;35m[Kwarning: [m[Kunused parameter ‘[01m[Kresponse[m[K’ [[01;35m[K-Wunused-parameter[m[K]
[36.072s]    25 |                    [01;35m[Kstd::shared_ptr<std_srvs::srv::Empty::Response> response[m[K) {
[36.072s]       |                    [01;35m[K~~~~~~~~~~~~~~~~~~~~~~~~~~~~~~~~~~~~~~~~~~~~~~~~^~~~~~~~[m[K
[36.089s] [100%] [32m[1mLinking CXX executable pilot_node[0m
[36.993s] [100%] Built target pilot_node
[37.020s] Invoked command in '/home/gadzz/vtol_ws/build/mission_center' returned '0': AMENT_PREFIX_PATH=/home/gadzz/vtol_ws/install/keyboard_msgs:${AMENT_PREFIX_PATH} CMAKE_PREFIX_PATH=/home/gadzz/vtol_ws/install/keyboard_msgs:/home/gadzz/ardu_ws/install/test_ros_gz_bridge:/home/gadzz/ardu_ws/install/ros_ign:/home/gadzz/ardu_ws/install/ros_ign_gazebo_demos:/home/gadzz/ardu_ws/install/ros_gz:/home/gadzz/ardu_ws/install/ros_gz_sim_demos:/home/gadzz/ardu_ws/install/ardupilot_gz_bringup:/home/gadzz/ardu_ws/install/sdformat_urdf:/home/gadzz/ardu_ws/install/sdformat_test_files:/home/gadzz/ardu_ws/install/ros_ign_interfaces:/home/gadzz/ardu_ws/install/ros_ign_image:/home/gadzz/ardu_ws/install/ros_ign_gazebo:/home/gadzz/ardu_ws/install/ros_ign_bridge:/home/gadzz/ardu_ws/install/ros_gz_sim:/home/gadzz/ardu_ws/install/ros_gz_image:/home/gadzz/ardu_ws/install/ros_gz_bridge:/home/gadzz/ardu_ws/install/ros_gz_interfaces:/home/gadzz/ardu_ws/install/ardupilot_sitl:/home/gadzz/ardu_ws/install/micro_ros_agent:/home/gadzz/ardu_ws/install/keyboard:/home/gadzz/ardu_ws/install/keyboard_msgs:/home/gadzz/ardu_ws/install/ardupilot_sitl_models:/home/gadzz/ardu_ws/install/ardupilot_msgs:/home/gadzz/ardu_ws/install/ardupilot_gz_gazebo:/home/gadzz/ardu_ws/install/ardupilot_gz_description:/home/gadzz/ardu_ws/install/ardupilot_gz_application:/home/gadzz/ardu_ws/install/ardupilot_gazebo:/home/gadzz/ardu_ws/install/ardupilot_dds_tests:/opt/ros/humble LD_LIBRARY_PATH=/home/gadzz/vtol_ws/install/keyboard_msgs/lib:${LD_LIBRARY_PATH} PYTHONPATH=/home/gadzz/vtol_ws/install/keyboard_msgs/local/lib/python3.10/dist-packages:${PYTHONPATH} /usr/bin/cmake --build /home/gadzz/vtol_ws/build/mission_center -- -j8 -l8
[37.025s] Invoking command in '/home/gadzz/vtol_ws/build/mission_center': AMENT_PREFIX_PATH=/home/gadzz/vtol_ws/install/keyboard_msgs:${AMENT_PREFIX_PATH} CMAKE_PREFIX_PATH=/home/gadzz/vtol_ws/install/keyboard_msgs:/home/gadzz/ardu_ws/install/test_ros_gz_bridge:/home/gadzz/ardu_ws/install/ros_ign:/home/gadzz/ardu_ws/install/ros_ign_gazebo_demos:/home/gadzz/ardu_ws/install/ros_gz:/home/gadzz/ardu_ws/install/ros_gz_sim_demos:/home/gadzz/ardu_ws/install/ardupilot_gz_bringup:/home/gadzz/ardu_ws/install/sdformat_urdf:/home/gadzz/ardu_ws/install/sdformat_test_files:/home/gadzz/ardu_ws/install/ros_ign_interfaces:/home/gadzz/ardu_ws/install/ros_ign_image:/home/gadzz/ardu_ws/install/ros_ign_gazebo:/home/gadzz/ardu_ws/install/ros_ign_bridge:/home/gadzz/ardu_ws/install/ros_gz_sim:/home/gadzz/ardu_ws/install/ros_gz_image:/home/gadzz/ardu_ws/install/ros_gz_bridge:/home/gadzz/ardu_ws/install/ros_gz_interfaces:/home/gadzz/ardu_ws/install/ardupilot_sitl:/home/gadzz/ardu_ws/install/micro_ros_agent:/home/gadzz/ardu_ws/install/keyboard:/home/gadzz/ardu_ws/install/keyboard_msgs:/home/gadzz/ardu_ws/install/ardupilot_sitl_models:/home/gadzz/ardu_ws/install/ardupilot_msgs:/home/gadzz/ardu_ws/install/ardupilot_gz_gazebo:/home/gadzz/ardu_ws/install/ardupilot_gz_description:/home/gadzz/ardu_ws/install/ardupilot_gz_application:/home/gadzz/ardu_ws/install/ardupilot_gazebo:/home/gadzz/ardu_ws/install/ardupilot_dds_tests:/opt/ros/humble LD_LIBRARY_PATH=/home/gadzz/vtol_ws/install/keyboard_msgs/lib:${LD_LIBRARY_PATH} PYTHONPATH=/home/gadzz/vtol_ws/install/keyboard_msgs/local/lib/python3.10/dist-packages:${PYTHONPATH} /usr/bin/cmake --install /home/gadzz/vtol_ws/build/mission_center
[37.039s] -- Install configuration: ""
[37.039s] -- Installing: /home/gadzz/vtol_ws/install/mission_center/lib/libuav_mission.so
[37.054s] -- Set runtime path of "/home/gadzz/vtol_ws/install/mission_center/lib/libuav_mission.so" to ""
[37.054s] -- Installing: /home/gadzz/vtol_ws/install/mission_center/lib/mission_center/pilot_node
[37.055s] -- Set runtime path of "/home/gadzz/vtol_ws/install/mission_center/lib/mission_center/pilot_node" to ""
[37.055s] -- Up-to-date: /home/gadzz/vtol_ws/install/mission_center/lib/mission_center/safety_node
[37.056s] -- Installing: /home/gadzz/vtol_ws/install/mission_center/lib/mission_center/ui_node
[37.059s] -- Set runtime path of "/home/gadzz/vtol_ws/install/mission_center/lib/mission_center/ui_node" to ""
[37.059s] -- Up-to-date: /home/gadzz/vtol_ws/install/mission_center/share/mission_center//launch
[37.059s] -- Up-to-date: /home/gadzz/vtol_ws/install/mission_center/share/mission_center//launch/real_apm.launch
[37.059s] -- Up-to-date: /home/gadzz/vtol_ws/install/mission_center/share/mission_center/environment/library_path.sh
[37.059s] -- Up-to-date: /home/gadzz/vtol_ws/install/mission_center/share/mission_center/environment/library_path.dsv
[37.059s] -- Up-to-date: /home/gadzz/vtol_ws/install/mission_center/share/ament_index/resource_index/package_run_dependencies/mission_center
[37.059s] -- Up-to-date: /home/gadzz/vtol_ws/install/mission_center/share/ament_index/resource_index/parent_prefix_path/mission_center
[37.059s] -- Up-to-date: /home/gadzz/vtol_ws/install/mission_center/share/mission_center/environment/ament_prefix_path.sh
[37.059s] -- Up-to-date: /home/gadzz/vtol_ws/install/mission_center/share/mission_center/environment/ament_prefix_path.dsv
[37.059s] -- Up-to-date: /home/gadzz/vtol_ws/install/mission_center/share/mission_center/environment/path.sh
[37.059s] -- Up-to-date: /home/gadzz/vtol_ws/install/mission_center/share/mission_center/environment/path.dsv
[37.059s] -- Up-to-date: /home/gadzz/vtol_ws/install/mission_center/share/mission_center/local_setup.bash
[37.059s] -- Up-to-date: /home/gadzz/vtol_ws/install/mission_center/share/mission_center/local_setup.sh
[37.059s] -- Up-to-date: /home/gadzz/vtol_ws/install/mission_center/share/mission_center/local_setup.zsh
[37.060s] -- Up-to-date: /home/gadzz/vtol_ws/install/mission_center/share/mission_center/local_setup.dsv
[37.060s] -- Installing: /home/gadzz/vtol_ws/install/mission_center/share/mission_center/package.dsv
[37.060s] -- Up-to-date: /home/gadzz/vtol_ws/install/mission_center/share/ament_index/resource_index/packages/mission_center
[37.060s] -- Up-to-date: /home/gadzz/vtol_ws/install/mission_center/share/mission_center/cmake/ament_cmake_export_include_directories-extras.cmake
[37.060s] -- Up-to-date: /home/gadzz/vtol_ws/install/mission_center/share/mission_center/cmake/ament_cmake_export_libraries-extras.cmake
[37.060s] -- Up-to-date: /home/gadzz/vtol_ws/install/mission_center/share/mission_center/cmake/mission_centerConfig.cmake
[37.060s] -- Up-to-date: /home/gadzz/vtol_ws/install/mission_center/share/mission_center/cmake/mission_centerConfig-version.cmake
[37.060s] -- Up-to-date: /home/gadzz/vtol_ws/install/mission_center/share/mission_center/package.xml
[37.065s] Invoked command in '/home/gadzz/vtol_ws/build/mission_center' returned '0': AMENT_PREFIX_PATH=/home/gadzz/vtol_ws/install/keyboard_msgs:${AMENT_PREFIX_PATH} CMAKE_PREFIX_PATH=/home/gadzz/vtol_ws/install/keyboard_msgs:/home/gadzz/ardu_ws/install/test_ros_gz_bridge:/home/gadzz/ardu_ws/install/ros_ign:/home/gadzz/ardu_ws/install/ros_ign_gazebo_demos:/home/gadzz/ardu_ws/install/ros_gz:/home/gadzz/ardu_ws/install/ros_gz_sim_demos:/home/gadzz/ardu_ws/install/ardupilot_gz_bringup:/home/gadzz/ardu_ws/install/sdformat_urdf:/home/gadzz/ardu_ws/install/sdformat_test_files:/home/gadzz/ardu_ws/install/ros_ign_interfaces:/home/gadzz/ardu_ws/install/ros_ign_image:/home/gadzz/ardu_ws/install/ros_ign_gazebo:/home/gadzz/ardu_ws/install/ros_ign_bridge:/home/gadzz/ardu_ws/install/ros_gz_sim:/home/gadzz/ardu_ws/install/ros_gz_image:/home/gadzz/ardu_ws/install/ros_gz_bridge:/home/gadzz/ardu_ws/install/ros_gz_interfaces:/home/gadzz/ardu_ws/install/ardupilot_sitl:/home/gadzz/ardu_ws/install/micro_ros_agent:/home/gadzz/ardu_ws/install/keyboard:/home/gadzz/ardu_ws/install/keyboard_msgs:/home/gadzz/ardu_ws/install/ardupilot_sitl_models:/home/gadzz/ardu_ws/install/ardupilot_msgs:/home/gadzz/ardu_ws/install/ardupilot_gz_gazebo:/home/gadzz/ardu_ws/install/ardupilot_gz_description:/home/gadzz/ardu_ws/install/ardupilot_gz_application:/home/gadzz/ardu_ws/install/ardupilot_gazebo:/home/gadzz/ardu_ws/install/ardupilot_dds_tests:/opt/ros/humble LD_LIBRARY_PATH=/home/gadzz/vtol_ws/install/keyboard_msgs/lib:${LD_LIBRARY_PATH} PYTHONPATH=/home/gadzz/vtol_ws/install/keyboard_msgs/local/lib/python3.10/dist-packages:${PYTHONPATH} /usr/bin/cmake --install /home/gadzz/vtol_ws/build/mission_center
