[0.024s] Invoking command in '/home/gadzz/vtol_ws/build/keyboard_msgs': CMAKE_PREFIX_PATH=${CMAKE_PREFIX_PATH}:/home/gadzz/ardu_ws/install/ardupilot_dds_tests:/opt/ros/humble /usr/bin/cmake /home/gadzz/vtol_ws/src/ros2-keyboard/keyboard_msgs -DCMAKE_INSTALL_PREFIX=/home/gadzz/vtol_ws/install/keyboard_msgs
[0.095s] -- The C compiler identification is GNU 11.4.0
[0.160s] -- The CXX compiler identification is GNU 11.4.0
[0.169s] -- Detecting C compiler ABI info
[0.236s] -- Detecting C compiler ABI info - done
[0.244s] -- Check for working C compiler: /usr/lib/ccache/cc - skipped
[0.244s] -- Detecting C compile features
[0.244s] -- Detecting C compile features - done
[0.248s] -- Detecting CXX compiler ABI info
[0.322s] -- Detecting CXX compiler ABI info - done
[0.329s] -- Check for working CXX compiler: /usr/lib/ccache/c++ - skipped
[0.329s] -- Detecting CXX compile features
[0.329s] -- Detecting CXX compile features - done
[0.333s] -- Found ament_cmake: 1.3.11 (/opt/ros/humble/share/ament_cmake/cmake)
[0.846s] -- Found Python3: /usr/bin/python3 (found version "3.10.12") found components: Interpreter 
[0.978s] -- Found std_msgs: 4.2.4 (/opt/ros/humble/share/std_msgs/cmake)
[1.036s] -- Found rosidl_generator_c: 3.1.6 (/opt/ros/humble/share/rosidl_generator_c/cmake)
[1.045s] -- Found rosidl_adapter: 3.1.6 (/opt/ros/humble/share/rosidl_adapter/cmake)
[1.058s] -- Found rosidl_generator_cpp: 3.1.6 (/opt/ros/humble/share/rosidl_generator_cpp/cmake)
[1.076s] -- Using all available rosidl_typesupport_c: rosidl_typesupport_fastrtps_c;rosidl_typesupport_introspection_c
[1.102s] -- Using all available rosidl_typesupport_cpp: rosidl_typesupport_fastrtps_cpp;rosidl_typesupport_introspection_cpp
[1.140s] -- Found rosidl_default_generators: 1.2.0 (/opt/ros/humble/share/rosidl_default_generators/cmake)
[1.506s] -- Found ament_cmake_ros: 0.10.0 (/opt/ros/humble/share/ament_cmake_ros/cmake)
[2.216s] -- Using all available rosidl_typesupport_c: rosidl_typesupport_fastrtps_c;rosidl_typesupport_introspection_c
[2.467s] -- Using all available rosidl_typesupport_cpp: rosidl_typesupport_fastrtps_cpp;rosidl_typesupport_introspection_cpp
[2.507s] -- Found PythonInterp: /usr/bin/python3 (found suitable version "3.10.12", minimum required is "3.6") 
[2.510s] -- Found python_cmake_module: 0.10.0 (/opt/ros/humble/share/python_cmake_module/cmake)
[2.555s] -- Found PythonLibs: /usr/lib/x86_64-linux-gnu/libpython3.10.so (found suitable version "3.10.12", minimum required is "3.5") 
[2.556s] -- Using PYTHON_EXECUTABLE: /usr/bin/python3
[2.556s] -- Using PYTHON_INCLUDE_DIRS: /usr/include/python3.10
[2.556s] -- Using PYTHON_LIBRARIES: /usr/lib/x86_64-linux-gnu/libpython3.10.so
[2.594s] -- Found PythonExtra: .so  
[2.675s] -- Found ament_lint_auto: 0.12.11 (/opt/ros/humble/share/ament_lint_auto/cmake)
[2.727s] -- Added test 'copyright' to check source files copyright and LICENSE
[2.730s] -- Added test 'lint_cmake' to check CMake code style
[2.733s] -- Added test 'xmllint' to check XML markup files
[2.738s] -- Configuring done
[2.800s] -- Generating done
[2.821s] -- Build files have been written to: /home/gadzz/vtol_ws/build/keyboard_msgs
[2.847s] Invoked command in '/home/gadzz/vtol_ws/build/keyboard_msgs' returned '0': CMAKE_PREFIX_PATH=${CMAKE_PREFIX_PATH}:/home/gadzz/ardu_ws/install/ardupilot_dds_tests:/opt/ros/humble /usr/bin/cmake /home/gadzz/vtol_ws/src/ros2-keyboard/keyboard_msgs -DCMAKE_INSTALL_PREFIX=/home/gadzz/vtol_ws/install/keyboard_msgs
[2.855s] Invoking command in '/home/gadzz/vtol_ws/build/keyboard_msgs': CMAKE_PREFIX_PATH=${CMAKE_PREFIX_PATH}:/home/gadzz/ardu_ws/install/ardupilot_dds_tests:/opt/ros/humble /usr/bin/cmake --build /home/gadzz/vtol_ws/build/keyboard_msgs -- -j8 -l8
[2.969s] [  3%] [34m[1mGenerating C code for ROS interfaces[0m
[2.999s] [  6%] [34m[1mGenerating C++ code for ROS interfaces[0m
[3.024s] [  6%] Built target ament_cmake_python_copy_keyboard_msgs
[3.483s] running egg_info
[3.514s] creating keyboard_msgs.egg-info
[3.514s] writing keyboard_msgs.egg-info/PKG-INFO
[3.515s] writing dependency_links to keyboard_msgs.egg-info/dependency_links.txt
[3.515s] writing top-level names to keyboard_msgs.egg-info/top_level.txt
[3.516s] writing manifest file 'keyboard_msgs.egg-info/SOURCES.txt'
[3.619s] reading manifest file 'keyboard_msgs.egg-info/SOURCES.txt'
[3.653s] Traceback (most recent call last):
[3.653s]   File "/home/gadzz/vtol_ws/build/keyboard_msgs/ament_cmake_python/keyboard_msgs/setup.py", line 4, in <module>
[3.653s]     setup(
[3.653s]   File "/home/gadzz/.local/lib/python3.10/site-packages/setuptools/__init__.py", line 117, in setup
[3.653s]     return distutils.core.setup(**attrs)
[3.656s]   File "/home/gadzz/.local/lib/python3.10/site-packages/setuptools/_distutils/core.py", line 186, in setup
[3.657s]     return run_commands(dist)
[3.657s]   File "/home/gadzz/.local/lib/python3.10/site-packages/setuptools/_distutils/core.py", line 202, in run_commands
[3.657s]     dist.run_commands()
[3.657s]   File "/home/gadzz/.local/lib/python3.10/site-packages/setuptools/_distutils/dist.py", line 1002, in run_commands
[3.657s]     self.run_command(cmd)
[3.657s]   File "/home/gadzz/.local/lib/python3.10/site-packages/setuptools/dist.py", line 1106, in run_command
[3.657s]     super().run_command(command)
[3.657s]   File "/home/gadzz/.local/lib/python3.10/site-packages/setuptools/_distutils/dist.py", line 1021, in run_command
[3.658s]     cmd_obj.run()
[3.658s]   File "/home/gadzz/.local/lib/python3.10/site-packages/setuptools/command/egg_info.py", line 312, in run
[3.658s]     self.find_sources()
[3.658s]   File "/home/gadzz/.local/lib/python3.10/site-packages/setuptools/command/egg_info.py", line 320, in find_sources
[3.658s]     mm.run()
[3.658s]   File "/home/gadzz/.local/lib/python3.10/site-packages/setuptools/command/egg_info.py", line 548, in run
[3.658s]     self.prune_file_list()
[3.658s]   File "/home/gadzz/.local/lib/python3.10/site-packages/setuptools/command/sdist.py", line 162, in prune_file_list
[3.658s]     super().prune_file_list()
[3.658s]   File "/home/gadzz/.local/lib/python3.10/site-packages/setuptools/_distutils/command/sdist.py", line 386, in prune_file_list
[3.658s]     base_dir = self.distribution.get_fullname()
[3.659s]   File "/home/gadzz/.local/lib/python3.10/site-packages/setuptools/_core_metadata.py", line 275, in get_fullname
[3.659s]     return _distribution_fullname(self.get_name(), self.get_version())
[3.659s]   File "/home/gadzz/.local/lib/python3.10/site-packages/setuptools/_core_metadata.py", line 293, in _distribution_fullname
[3.659s]     canonicalize_version(version, strip_trailing_zero=False),
[3.659s] TypeError: canonicalize_version() got an unexpected keyword argument 'strip_trailing_zero'
[3.737s] gmake[2]: *** [CMakeFiles/ament_cmake_python_build_keyboard_msgs_egg.dir/build.make:70: CMakeFiles/ament_cmake_python_build_keyboard_msgs_egg] Error 1
[3.737s] gmake[1]: *** [CMakeFiles/Makefile2:447: CMakeFiles/ament_cmake_python_build_keyboard_msgs_egg.dir/all] Error 2
[3.737s] gmake[1]: *** Waiting for unfinished jobs....
[5.757s] [  9%] [32mBuilding C object CMakeFiles/keyboard_msgs__rosidl_generator_c.dir/rosidl_generator_c/keyboard_msgs/msg/detail/key__functions.c.o[0m
[5.936s] [ 12%] [32m[1mLinking C shared library libkeyboard_msgs__rosidl_generator_c.so[0m
[5.937s] [ 12%] Built target keyboard_msgs__cpp
[6.043s] [ 12%] Built target keyboard_msgs__rosidl_generator_c
[6.047s] gmake: *** [Makefile:146: all] Error 2
[6.054s] Invoked command in '/home/gadzz/vtol_ws/build/keyboard_msgs' returned '2': CMAKE_PREFIX_PATH=${CMAKE_PREFIX_PATH}:/home/gadzz/ardu_ws/install/ardupilot_dds_tests:/opt/ros/humble /usr/bin/cmake --build /home/gadzz/vtol_ws/build/keyboard_msgs -- -j8 -l8
