[0.039s] Invoking command in '/home/gadzz/vtol_ws/build/mission_center': CMAKE_PREFIX_PATH=/home/gadzz/vtol_ws/install/keyboard_msgs:/home/gadzz/vtol_ws/install/px4_ros_com:/home/gadzz/vtol_ws/install/px4_msgs:/home/gadzz/vtol_ws/install/mission_center:/home/gadzz/vtol_ws/install/keyboard:/home/gadzz/ardu_ws/install/test_ros_gz_bridge:/home/gadzz/ardu_ws/install/ros_ign:/home/gadzz/ardu_ws/install/ros_ign_gazebo_demos:/home/gadzz/ardu_ws/install/ros_gz:/home/gadzz/ardu_ws/install/ros_gz_sim_demos:/home/gadzz/ardu_ws/install/ardupilot_gz_bringup:/home/gadzz/ardu_ws/install/sdformat_urdf:/home/gadzz/ardu_ws/install/sdformat_test_files:/home/gadzz/ardu_ws/install/ros_ign_interfaces:/home/gadzz/ardu_ws/install/ros_ign_image:/home/gadzz/ardu_ws/install/ros_ign_gazebo:/home/gadzz/ardu_ws/install/ros_ign_bridge:/home/gadzz/ardu_ws/install/ros_gz_sim:/home/gadzz/ardu_ws/install/ros_gz_image:/home/gadzz/ardu_ws/install/ros_gz_bridge:/home/gadzz/ardu_ws/install/ros_gz_interfaces:/home/gadzz/ardu_ws/install/ardupilot_sitl:/home/gadzz/ardu_ws/install/micro_ros_agent:/home/gadzz/ardu_ws/install/keyboard:/home/gadzz/ardu_ws/install/keyboard_msgs:/home/gadzz/ardu_ws/install/ardupilot_sitl_models:/home/gadzz/ardu_ws/install/ardupilot_msgs:/home/gadzz/ardu_ws/install/ardupilot_gz_gazebo:/home/gadzz/ardu_ws/install/ardupilot_gz_description:/home/gadzz/ardu_ws/install/ardupilot_gz_application:/home/gadzz/ardu_ws/install/ardupilot_gazebo:/home/gadzz/ardu_ws/install/ardupilot_dds_tests:/opt/ros/humble LD_LIBRARY_PATH=/home/gadzz/vtol_ws/install/keyboard_msgs/lib:/home/gadzz/vtol_ws/install/px4_ros_com/lib:/home/gadzz/vtol_ws/install/px4_msgs/lib:/home/gadzz/vtol_ws/install/mission_center/lib:/home/gadzz/ardu_ws/install/sdformat_urdf/lib:/home/gadzz/ardu_ws/install/ros_ign_interfaces/lib:/home/gadzz/ardu_ws/install/ros_gz_sim/lib:/home/gadzz/ardu_ws/install/ros_gz_bridge/lib:/home/gadzz/ardu_ws/install/ros_gz_interfaces/lib:/home/gadzz/ardu_ws/install/micro_ros_agent/lib:/home/gadzz/ardu_ws/install/keyboard_msgs/lib:/home/gadzz/ardu_ws/install/ardupilot_msgs/lib:/opt/ros/humble/opt/rviz_ogre_vendor/lib:/opt/ros/humble/lib/x86_64-linux-gnu:/opt/ros/humble/lib /usr/bin/cmake --build /home/gadzz/vtol_ws/build/mission_center -- -j8 -l8
[0.124s] [35m[1mConsolidate compiler generated dependencies of target uav_mission[0m
[0.147s] [ 14%] Built target safety_node
[0.174s] [ 21%] [32mBuilding CXX object CMakeFiles/uav_mission.dir/src/uav_mission.cpp.o[0m
[7.790s] In file included from [01m[K/home/gadzz/vtol_ws/src/mission_center/src/uav_mission.cpp:1[m[K:
[7.790s] [01m[K/home/gadzz/vtol_ws/src/mission_center/include/mission_center/uav_mission.hpp:[m[K In member function ‘[01m[Kbool UAV_Mission::killPilotCb(std::shared_ptr<std_srvs::srv::Empty_Request_<std::allocator<void> > >, std::shared_ptr<std_srvs::srv::Empty_Response_<std::allocator<void> > >)[m[K’:
[7.790s] [01m[K/home/gadzz/vtol_ws/src/mission_center/include/mission_center/uav_mission.hpp:81:73:[m[K [01;35m[Kwarning: [m[Kunused parameter ‘[01m[Krequest[m[K’ [[01;35m[K-Wunused-parameter[m[K]
[7.790s]    81 |   bool killPilotCb([01;35m[Kconst std::shared_ptr<std_srvs::srv::Empty::Request> request[m[K,
[7.790s]       |                    [01;35m[K~~~~~~~~~~~~~~~~~~~~~~~~~~~~~~~~~~~~~~~~~~~~~~~~~~~~~^~~~~~~[m[K
[7.790s] [01m[K/home/gadzz/vtol_ws/src/mission_center/include/mission_center/uav_mission.hpp:82:68:[m[K [01;35m[Kwarning: [m[Kunused parameter ‘[01m[Kresponse[m[K’ [[01;35m[K-Wunused-parameter[m[K]
[7.790s]    82 |                    [01;35m[Kstd::shared_ptr<std_srvs::srv::Empty::Response> response[m[K) {
[7.791s]       |                    [01;35m[K~~~~~~~~~~~~~~~~~~~~~~~~~~~~~~~~~~~~~~~~~~~~~~~~^~~~~~~~[m[K
[7.791s] [01m[K/home/gadzz/vtol_ws/src/mission_center/src/uav_mission.cpp:[m[K In member function ‘[01m[Kbool UAV_Mission::restartMission(std::shared_ptr<std_srvs::srv::Empty_Request_<std::allocator<void> > >, std::shared_ptr<std_srvs::srv::Empty_Response_<std::allocator<void> > >)[m[K’:
[7.791s] [01m[K/home/gadzz/vtol_ws/src/mission_center/src/uav_mission.cpp:47:58:[m[K [01;35m[Kwarning: [m[Kunused parameter ‘[01m[Krequest[m[K’ [[01;35m[K-Wunused-parameter[m[K]
[7.791s]    47 |     [01;35m[Kconst std::shared_ptr<std_srvs::srv::Empty::Request> request[m[K,
[7.791s]       |     [01;35m[K~~~~~~~~~~~~~~~~~~~~~~~~~~~~~~~~~~~~~~~~~~~~~~~~~~~~~^~~~~~~[m[K
[7.791s] [01m[K/home/gadzz/vtol_ws/src/mission_center/src/uav_mission.cpp:48:53:[m[K [01;35m[Kwarning: [m[Kunused parameter ‘[01m[Kresponse[m[K’ [[01;35m[K-Wunused-parameter[m[K]
[7.791s]    48 |     [01;35m[Kstd::shared_ptr<std_srvs::srv::Empty::Response> response[m[K) {
[7.791s]       |     [01;35m[K~~~~~~~~~~~~~~~~~~~~~~~~~~~~~~~~~~~~~~~~~~~~~~~~^~~~~~~~[m[K
[7.791s] [01m[K/home/gadzz/vtol_ws/src/mission_center/src/uav_mission.cpp:[m[K In member function ‘[01m[Kvoid UAV_Mission::switch_mode(std::string)[m[K’:
[7.791s] [01m[K/home/gadzz/vtol_ws/src/mission_center/src/uav_mission.cpp:103:11:[m[K [01;35m[Kwarning: [m[Kunused variable ‘[01m[Kcount[m[K’ [[01;35m[K-Wunused-variable[m[K]
[7.791s]   103 |   uint8_t [01;35m[Kcount[m[K = 0;
[7.792s]       |           [01;35m[K^~~~~[m[K
[7.792s] [01m[K/home/gadzz/vtol_ws/src/mission_center/src/uav_mission.cpp:90:43:[m[K [01;35m[Kwarning: [m[Kunused parameter ‘[01m[Kmode[m[K’ [[01;35m[K-Wunused-parameter[m[K]
[7.792s]    90 | void UAV_Mission::switch_mode([01;35m[Kstd::string mode[m[K) {
[7.792s]       |                               [01;35m[K~~~~~~~~~~~~^~~~[m[K
[7.792s] [01m[K/home/gadzz/vtol_ws/src/mission_center/src/uav_mission.cpp:[m[K In member function ‘[01m[Kvoid UAV_Mission::takeoff(double)[m[K’:
[7.792s] [01m[K/home/gadzz/vtol_ws/src/mission_center/src/uav_mission.cpp:171:34:[m[K [01;35m[Kwarning: [m[Kunused parameter ‘[01m[Kheight[m[K’ [[01;35m[K-Wunused-parameter[m[K]
[7.792s]   171 | void UAV_Mission::takeoff([01;35m[Kdouble height[m[K) {
[7.792s]       |                           [01;35m[K~~~~~~~^~~~~~[m[K
[7.792s] [01m[K/home/gadzz/vtol_ws/src/mission_center/src/uav_mission.cpp:[m[K In member function ‘[01m[Kbool UAV_Mission::init()[m[K’:
[7.792s] [01m[K/home/gadzz/vtol_ws/src/mission_center/src/uav_mission.cpp:292:1:[m[K [01;35m[Kwarning: [m[Kno return statement in function returning non-void [[01;35m[K-Wreturn-type[m[K]
[7.792s]   292 | [01;35m[K}[m[K
[7.792s]       | [01;35m[K^[m[K
[7.803s] [ 28%] [32m[1mLinking CXX shared library libuav_mission.so[0m
[8.065s] [ 28%] Built target uav_mission
[8.097s] [ 35%] [32mBuilding CXX object CMakeFiles/ui_node.dir/src/ui_node.cpp.o[0m
[8.097s] [ 42%] [32mBuilding CXX object CMakeFiles/ui_node.dir/third_party/imgui/imgui_draw.cpp.o[0m
[8.101s] [ 50%] [32mBuilding CXX object CMakeFiles/ui_node.dir/third_party/imgui/imgui_tables.cpp.o[0m
[8.101s] [ 57%] [32mBuilding CXX object CMakeFiles/pilot_node.dir/src/pilot_node.cpp.o[0m
[8.105s] [ 64%] [32mBuilding CXX object CMakeFiles/ui_node.dir/third_party/imgui/imgui.cpp.o[0m
[8.106s] [ 71%] [32mBuilding CXX object CMakeFiles/ui_node.dir/third_party/imgui/imgui_widgets.cpp.o[0m
[8.106s] [ 78%] [32mBuilding CXX object CMakeFiles/ui_node.dir/third_party/imgui/backends/imgui_impl_glfw.cpp.o[0m
[8.106s] [ 85%] [32mBuilding CXX object CMakeFiles/ui_node.dir/third_party/imgui/backends/imgui_impl_opengl3.cpp.o[0m
[8.717s] [ 92%] [32m[1mLinking CXX executable ui_node[0m
[9.266s] [ 92%] Built target ui_node
[15.590s] In file included from [01m[K/home/gadzz/vtol_ws/src/mission_center/src/pilot_node.cpp:1[m[K:
[15.590s] [01m[K/home/gadzz/vtol_ws/src/mission_center/include/mission_center/uav_mission.hpp:[m[K In member function ‘[01m[Kbool UAV_Mission::killPilotCb(std::shared_ptr<std_srvs::srv::Empty_Request_<std::allocator<void> > >, std::shared_ptr<std_srvs::srv::Empty_Response_<std::allocator<void> > >)[m[K’:
[15.590s] [01m[K/home/gadzz/vtol_ws/src/mission_center/include/mission_center/uav_mission.hpp:81:73:[m[K [01;35m[Kwarning: [m[Kunused parameter ‘[01m[Krequest[m[K’ [[01;35m[K-Wunused-parameter[m[K]
[15.590s]    81 |   bool killPilotCb([01;35m[Kconst std::shared_ptr<std_srvs::srv::Empty::Request> request[m[K,
[15.590s]       |                    [01;35m[K~~~~~~~~~~~~~~~~~~~~~~~~~~~~~~~~~~~~~~~~~~~~~~~~~~~~~^~~~~~~[m[K
[15.590s] [01m[K/home/gadzz/vtol_ws/src/mission_center/include/mission_center/uav_mission.hpp:82:68:[m[K [01;35m[Kwarning: [m[Kunused parameter ‘[01m[Kresponse[m[K’ [[01;35m[K-Wunused-parameter[m[K]
[15.590s]    82 |                    [01;35m[Kstd::shared_ptr<std_srvs::srv::Empty::Response> response[m[K) {
[15.590s]       |                    [01;35m[K~~~~~~~~~~~~~~~~~~~~~~~~~~~~~~~~~~~~~~~~~~~~~~~~^~~~~~~~[m[K
[15.590s] [01m[K/home/gadzz/vtol_ws/src/mission_center/src/pilot_node.cpp:[m[K In member function ‘[01m[Kbool PilotNode::killPilotCb(std::shared_ptr<std_srvs::srv::Empty_Request_<std::allocator<void> > >, std::shared_ptr<std_srvs::srv::Empty_Response_<std::allocator<void> > >)[m[K’:
[15.590s] [01m[K/home/gadzz/vtol_ws/src/mission_center/src/pilot_node.cpp:24:73:[m[K [01;35m[Kwarning: [m[Kunused parameter ‘[01m[Krequest[m[K’ [[01;35m[K-Wunused-parameter[m[K]
[15.590s]    24 |   bool killPilotCb([01;35m[Kconst std::shared_ptr<std_srvs::srv::Empty::Request> request[m[K,
[15.590s]       |                    [01;35m[K~~~~~~~~~~~~~~~~~~~~~~~~~~~~~~~~~~~~~~~~~~~~~~~~~~~~~^~~~~~~[m[K
[15.590s] [01m[K/home/gadzz/vtol_ws/src/mission_center/src/pilot_node.cpp:25:68:[m[K [01;35m[Kwarning: [m[Kunused parameter ‘[01m[Kresponse[m[K’ [[01;35m[K-Wunused-parameter[m[K]
[15.591s]    25 |                    [01;35m[Kstd::shared_ptr<std_srvs::srv::Empty::Response> response[m[K) {
[15.591s]       |                    [01;35m[K~~~~~~~~~~~~~~~~~~~~~~~~~~~~~~~~~~~~~~~~~~~~~~~~^~~~~~~~[m[K
[15.605s] [100%] [32m[1mLinking CXX executable pilot_node[0m
[15.836s] [100%] Built target pilot_node
[15.852s] Invoked command in '/home/gadzz/vtol_ws/build/mission_center' returned '0': CMAKE_PREFIX_PATH=/home/gadzz/vtol_ws/install/keyboard_msgs:/home/gadzz/vtol_ws/install/px4_ros_com:/home/gadzz/vtol_ws/install/px4_msgs:/home/gadzz/vtol_ws/install/mission_center:/home/gadzz/vtol_ws/install/keyboard:/home/gadzz/ardu_ws/install/test_ros_gz_bridge:/home/gadzz/ardu_ws/install/ros_ign:/home/gadzz/ardu_ws/install/ros_ign_gazebo_demos:/home/gadzz/ardu_ws/install/ros_gz:/home/gadzz/ardu_ws/install/ros_gz_sim_demos:/home/gadzz/ardu_ws/install/ardupilot_gz_bringup:/home/gadzz/ardu_ws/install/sdformat_urdf:/home/gadzz/ardu_ws/install/sdformat_test_files:/home/gadzz/ardu_ws/install/ros_ign_interfaces:/home/gadzz/ardu_ws/install/ros_ign_image:/home/gadzz/ardu_ws/install/ros_ign_gazebo:/home/gadzz/ardu_ws/install/ros_ign_bridge:/home/gadzz/ardu_ws/install/ros_gz_sim:/home/gadzz/ardu_ws/install/ros_gz_image:/home/gadzz/ardu_ws/install/ros_gz_bridge:/home/gadzz/ardu_ws/install/ros_gz_interfaces:/home/gadzz/ardu_ws/install/ardupilot_sitl:/home/gadzz/ardu_ws/install/micro_ros_agent:/home/gadzz/ardu_ws/install/keyboard:/home/gadzz/ardu_ws/install/keyboard_msgs:/home/gadzz/ardu_ws/install/ardupilot_sitl_models:/home/gadzz/ardu_ws/install/ardupilot_msgs:/home/gadzz/ardu_ws/install/ardupilot_gz_gazebo:/home/gadzz/ardu_ws/install/ardupilot_gz_description:/home/gadzz/ardu_ws/install/ardupilot_gz_application:/home/gadzz/ardu_ws/install/ardupilot_gazebo:/home/gadzz/ardu_ws/install/ardupilot_dds_tests:/opt/ros/humble LD_LIBRARY_PATH=/home/gadzz/vtol_ws/install/keyboard_msgs/lib:/home/gadzz/vtol_ws/install/px4_ros_com/lib:/home/gadzz/vtol_ws/install/px4_msgs/lib:/home/gadzz/vtol_ws/install/mission_center/lib:/home/gadzz/ardu_ws/install/sdformat_urdf/lib:/home/gadzz/ardu_ws/install/ros_ign_interfaces/lib:/home/gadzz/ardu_ws/install/ros_gz_sim/lib:/home/gadzz/ardu_ws/install/ros_gz_bridge/lib:/home/gadzz/ardu_ws/install/ros_gz_interfaces/lib:/home/gadzz/ardu_ws/install/micro_ros_agent/lib:/home/gadzz/ardu_ws/install/keyboard_msgs/lib:/home/gadzz/ardu_ws/install/ardupilot_msgs/lib:/opt/ros/humble/opt/rviz_ogre_vendor/lib:/opt/ros/humble/lib/x86_64-linux-gnu:/opt/ros/humble/lib /usr/bin/cmake --build /home/gadzz/vtol_ws/build/mission_center -- -j8 -l8
[15.855s] Invoking command in '/home/gadzz/vtol_ws/build/mission_center': CMAKE_PREFIX_PATH=/home/gadzz/vtol_ws/install/keyboard_msgs:/home/gadzz/vtol_ws/install/px4_ros_com:/home/gadzz/vtol_ws/install/px4_msgs:/home/gadzz/vtol_ws/install/mission_center:/home/gadzz/vtol_ws/install/keyboard:/home/gadzz/ardu_ws/install/test_ros_gz_bridge:/home/gadzz/ardu_ws/install/ros_ign:/home/gadzz/ardu_ws/install/ros_ign_gazebo_demos:/home/gadzz/ardu_ws/install/ros_gz:/home/gadzz/ardu_ws/install/ros_gz_sim_demos:/home/gadzz/ardu_ws/install/ardupilot_gz_bringup:/home/gadzz/ardu_ws/install/sdformat_urdf:/home/gadzz/ardu_ws/install/sdformat_test_files:/home/gadzz/ardu_ws/install/ros_ign_interfaces:/home/gadzz/ardu_ws/install/ros_ign_image:/home/gadzz/ardu_ws/install/ros_ign_gazebo:/home/gadzz/ardu_ws/install/ros_ign_bridge:/home/gadzz/ardu_ws/install/ros_gz_sim:/home/gadzz/ardu_ws/install/ros_gz_image:/home/gadzz/ardu_ws/install/ros_gz_bridge:/home/gadzz/ardu_ws/install/ros_gz_interfaces:/home/gadzz/ardu_ws/install/ardupilot_sitl:/home/gadzz/ardu_ws/install/micro_ros_agent:/home/gadzz/ardu_ws/install/keyboard:/home/gadzz/ardu_ws/install/keyboard_msgs:/home/gadzz/ardu_ws/install/ardupilot_sitl_models:/home/gadzz/ardu_ws/install/ardupilot_msgs:/home/gadzz/ardu_ws/install/ardupilot_gz_gazebo:/home/gadzz/ardu_ws/install/ardupilot_gz_description:/home/gadzz/ardu_ws/install/ardupilot_gz_application:/home/gadzz/ardu_ws/install/ardupilot_gazebo:/home/gadzz/ardu_ws/install/ardupilot_dds_tests:/opt/ros/humble LD_LIBRARY_PATH=/home/gadzz/vtol_ws/install/keyboard_msgs/lib:/home/gadzz/vtol_ws/install/px4_ros_com/lib:/home/gadzz/vtol_ws/install/px4_msgs/lib:/home/gadzz/vtol_ws/install/mission_center/lib:/home/gadzz/ardu_ws/install/sdformat_urdf/lib:/home/gadzz/ardu_ws/install/ros_ign_interfaces/lib:/home/gadzz/ardu_ws/install/ros_gz_sim/lib:/home/gadzz/ardu_ws/install/ros_gz_bridge/lib:/home/gadzz/ardu_ws/install/ros_gz_interfaces/lib:/home/gadzz/ardu_ws/install/micro_ros_agent/lib:/home/gadzz/ardu_ws/install/keyboard_msgs/lib:/home/gadzz/ardu_ws/install/ardupilot_msgs/lib:/opt/ros/humble/opt/rviz_ogre_vendor/lib:/opt/ros/humble/lib/x86_64-linux-gnu:/opt/ros/humble/lib /usr/bin/cmake --install /home/gadzz/vtol_ws/build/mission_center
[15.863s] -- Install configuration: ""
[15.864s] -- Installing: /home/gadzz/vtol_ws/install/mission_center/lib/libuav_mission.so
[15.865s] -- Set runtime path of "/home/gadzz/vtol_ws/install/mission_center/lib/libuav_mission.so" to ""
[15.865s] -- Installing: /home/gadzz/vtol_ws/install/mission_center/lib/mission_center/pilot_node
[15.866s] -- Set runtime path of "/home/gadzz/vtol_ws/install/mission_center/lib/mission_center/pilot_node" to ""
[15.866s] -- Installing: /home/gadzz/vtol_ws/install/mission_center/lib/mission_center/safety_node
[15.867s] -- Set runtime path of "/home/gadzz/vtol_ws/install/mission_center/lib/mission_center/safety_node" to ""
[15.867s] -- Installing: /home/gadzz/vtol_ws/install/mission_center/lib/mission_center/ui_node
[15.870s] -- Set runtime path of "/home/gadzz/vtol_ws/install/mission_center/lib/mission_center/ui_node" to ""
[15.871s] -- Installing: /home/gadzz/vtol_ws/install/mission_center/share/mission_center//launch
[15.871s] -- Installing: /home/gadzz/vtol_ws/install/mission_center/share/mission_center//launch/real_apm.launch
[15.871s] -- Installing: /home/gadzz/vtol_ws/install/mission_center/share/mission_center/environment/library_path.sh
[15.871s] -- Installing: /home/gadzz/vtol_ws/install/mission_center/share/mission_center/environment/library_path.dsv
[15.871s] -- Installing: /home/gadzz/vtol_ws/install/mission_center/share/ament_index/resource_index/package_run_dependencies/mission_center
[15.871s] -- Installing: /home/gadzz/vtol_ws/install/mission_center/share/ament_index/resource_index/parent_prefix_path/mission_center
[15.871s] -- Installing: /home/gadzz/vtol_ws/install/mission_center/share/mission_center/environment/ament_prefix_path.sh
[15.871s] -- Installing: /home/gadzz/vtol_ws/install/mission_center/share/mission_center/environment/ament_prefix_path.dsv
[15.871s] -- Installing: /home/gadzz/vtol_ws/install/mission_center/share/mission_center/environment/path.sh
[15.871s] -- Installing: /home/gadzz/vtol_ws/install/mission_center/share/mission_center/environment/path.dsv
[15.871s] -- Installing: /home/gadzz/vtol_ws/install/mission_center/share/mission_center/local_setup.bash
[15.872s] -- Installing: /home/gadzz/vtol_ws/install/mission_center/share/mission_center/local_setup.sh
[15.872s] -- Installing: /home/gadzz/vtol_ws/install/mission_center/share/mission_center/local_setup.zsh
[15.872s] -- Installing: /home/gadzz/vtol_ws/install/mission_center/share/mission_center/local_setup.dsv
[15.872s] -- Installing: /home/gadzz/vtol_ws/install/mission_center/share/mission_center/package.dsv
[15.872s] -- Installing: /home/gadzz/vtol_ws/install/mission_center/share/ament_index/resource_index/packages/mission_center
[15.872s] -- Installing: /home/gadzz/vtol_ws/install/mission_center/share/mission_center/cmake/ament_cmake_export_include_directories-extras.cmake
[15.872s] -- Installing: /home/gadzz/vtol_ws/install/mission_center/share/mission_center/cmake/ament_cmake_export_libraries-extras.cmake
[15.873s] -- Installing: /home/gadzz/vtol_ws/install/mission_center/share/mission_center/cmake/mission_centerConfig.cmake
[15.873s] -- Installing: /home/gadzz/vtol_ws/install/mission_center/share/mission_center/cmake/mission_centerConfig-version.cmake
[15.873s] -- Installing: /home/gadzz/vtol_ws/install/mission_center/share/mission_center/package.xml
[15.875s] Invoked command in '/home/gadzz/vtol_ws/build/mission_center' returned '0': CMAKE_PREFIX_PATH=/home/gadzz/vtol_ws/install/keyboard_msgs:/home/gadzz/vtol_ws/install/px4_ros_com:/home/gadzz/vtol_ws/install/px4_msgs:/home/gadzz/vtol_ws/install/mission_center:/home/gadzz/vtol_ws/install/keyboard:/home/gadzz/ardu_ws/install/test_ros_gz_bridge:/home/gadzz/ardu_ws/install/ros_ign:/home/gadzz/ardu_ws/install/ros_ign_gazebo_demos:/home/gadzz/ardu_ws/install/ros_gz:/home/gadzz/ardu_ws/install/ros_gz_sim_demos:/home/gadzz/ardu_ws/install/ardupilot_gz_bringup:/home/gadzz/ardu_ws/install/sdformat_urdf:/home/gadzz/ardu_ws/install/sdformat_test_files:/home/gadzz/ardu_ws/install/ros_ign_interfaces:/home/gadzz/ardu_ws/install/ros_ign_image:/home/gadzz/ardu_ws/install/ros_ign_gazebo:/home/gadzz/ardu_ws/install/ros_ign_bridge:/home/gadzz/ardu_ws/install/ros_gz_sim:/home/gadzz/ardu_ws/install/ros_gz_image:/home/gadzz/ardu_ws/install/ros_gz_bridge:/home/gadzz/ardu_ws/install/ros_gz_interfaces:/home/gadzz/ardu_ws/install/ardupilot_sitl:/home/gadzz/ardu_ws/install/micro_ros_agent:/home/gadzz/ardu_ws/install/keyboard:/home/gadzz/ardu_ws/install/keyboard_msgs:/home/gadzz/ardu_ws/install/ardupilot_sitl_models:/home/gadzz/ardu_ws/install/ardupilot_msgs:/home/gadzz/ardu_ws/install/ardupilot_gz_gazebo:/home/gadzz/ardu_ws/install/ardupilot_gz_description:/home/gadzz/ardu_ws/install/ardupilot_gz_application:/home/gadzz/ardu_ws/install/ardupilot_gazebo:/home/gadzz/ardu_ws/install/ardupilot_dds_tests:/opt/ros/humble LD_LIBRARY_PATH=/home/gadzz/vtol_ws/install/keyboard_msgs/lib:/home/gadzz/vtol_ws/install/px4_ros_com/lib:/home/gadzz/vtol_ws/install/px4_msgs/lib:/home/gadzz/vtol_ws/install/mission_center/lib:/home/gadzz/ardu_ws/install/sdformat_urdf/lib:/home/gadzz/ardu_ws/install/ros_ign_interfaces/lib:/home/gadzz/ardu_ws/install/ros_gz_sim/lib:/home/gadzz/ardu_ws/install/ros_gz_bridge/lib:/home/gadzz/ardu_ws/install/ros_gz_interfaces/lib:/home/gadzz/ardu_ws/install/micro_ros_agent/lib:/home/gadzz/ardu_ws/install/keyboard_msgs/lib:/home/gadzz/ardu_ws/install/ardupilot_msgs/lib:/opt/ros/humble/opt/rviz_ogre_vendor/lib:/opt/ros/humble/lib/x86_64-linux-gnu:/opt/ros/humble/lib /usr/bin/cmake --install /home/gadzz/vtol_ws/build/mission_center
