[0.187s] DEBUG:colcon:Command line arguments: ['/usr/bin/colcon', 'build']
[0.187s] DEBUG:colcon:Parsed command line arguments: Namespace(log_base=None, log_level=None, verb_name='build', build_base='build', install_base='install', merge_install=False, symlink_install=False, test_result_base=None, continue_on_error=False, executor='parallel', parallel_workers=8, event_handlers=None, ignore_user_meta=False, metas=['./colcon.meta'], base_paths=['.'], packages_ignore=None, packages_ignore_regex=None, paths=None, packages_up_to=None, packages_up_to_regex=None, packages_above=None, packages_above_and_dependencies=None, packages_above_depth=None, packages_select_by_dep=None, packages_skip_by_dep=None, packages_skip_up_to=None, packages_select_build_failed=False, packages_skip_build_finished=False, packages_select_test_failures=False, packages_skip_test_passed=False, packages_select=None, packages_skip=None, packages_select_regex=None, packages_skip_regex=None, packages_start=None, packages_end=None, allow_overriding=[], cmake_args=None, cmake_target=None, cmake_target_skip_unavailable=False, cmake_clean_cache=False, cmake_clean_first=False, cmake_force_configure=False, ament_cmake_args=None, catkin_cmake_args=None, catkin_skip_building_tests=False, verb_parser=<colcon_defaults.argument_parser.defaults.DefaultArgumentsDecorator object at 0x744a4e5c0a90>, verb_extension=<colcon_core.verb.build.BuildVerb object at 0x744a4e6b2590>, main=<bound method BuildVerb.main of <colcon_core.verb.build.BuildVerb object at 0x744a4e6b2590>>)
[0.264s] Level 1:colcon.colcon_core.package_discovery:discover_packages(colcon_meta) check parameters
[0.265s] Level 1:colcon.colcon_core.package_discovery:discover_packages(recursive) check parameters
[0.265s] Level 1:colcon.colcon_core.package_discovery:discover_packages(ignore) check parameters
[0.265s] Level 1:colcon.colcon_core.package_discovery:discover_packages(path) check parameters
[0.265s] Level 1:colcon.colcon_core.package_discovery:discover_packages(colcon_meta) discover
[0.265s] Level 1:colcon.colcon_core.package_discovery:discover_packages(recursive) discover
[0.265s] INFO:colcon.colcon_core.package_discovery:Crawling recursively for packages in '/home/gadzz/Workspace/VTOL-MissionCenter'
[0.265s] Level 1:colcon.colcon_core.package_identification:_identify(.) by extensions ['ignore', 'ignore_ament_install']
[0.265s] Level 1:colcon.colcon_core.package_identification:_identify(.) by extension 'ignore'
[0.266s] Level 1:colcon.colcon_core.package_identification:_identify(.) by extension 'ignore_ament_install'
[0.266s] Level 1:colcon.colcon_core.package_identification:_identify(.) by extensions ['colcon_pkg']
[0.266s] Level 1:colcon.colcon_core.package_identification:_identify(.) by extension 'colcon_pkg'
[0.266s] Level 1:colcon.colcon_core.package_identification:_identify(.) by extensions ['colcon_meta']
[0.266s] Level 1:colcon.colcon_core.package_identification:_identify(.) by extension 'colcon_meta'
[0.266s] Level 1:colcon.colcon_core.package_identification:_identify(.) by extensions ['ros']
[0.266s] Level 1:colcon.colcon_core.package_identification:_identify(.) by extension 'ros'
[0.294s] Level 1:colcon.colcon_core.package_identification:_identify(.) by extensions ['cmake', 'python']
[0.294s] Level 1:colcon.colcon_core.package_identification:_identify(.) by extension 'cmake'
[0.295s] Level 1:colcon.colcon_core.package_identification:_identify(.) by extension 'python'
[0.295s] Level 1:colcon.colcon_core.package_identification:_identify(.) by extensions ['python_setup_py']
[0.295s] Level 1:colcon.colcon_core.package_identification:_identify(.) by extension 'python_setup_py'
[0.295s] Level 1:colcon.colcon_core.package_identification:_identify(build) by extensions ['ignore', 'ignore_ament_install']
[0.295s] Level 1:colcon.colcon_core.package_identification:_identify(build) by extension 'ignore'
[0.295s] Level 1:colcon.colcon_core.package_identification:_identify(build) ignored
[0.295s] Level 1:colcon.colcon_core.package_identification:_identify(install) by extensions ['ignore', 'ignore_ament_install']
[0.295s] Level 1:colcon.colcon_core.package_identification:_identify(install) by extension 'ignore'
[0.296s] Level 1:colcon.colcon_core.package_identification:_identify(install) ignored
[0.296s] Level 1:colcon.colcon_core.package_identification:_identify(log) by extensions ['ignore', 'ignore_ament_install']
[0.296s] Level 1:colcon.colcon_core.package_identification:_identify(log) by extension 'ignore'
[0.296s] Level 1:colcon.colcon_core.package_identification:_identify(log) ignored
[0.296s] Level 1:colcon.colcon_core.package_identification:_identify(src) by extensions ['ignore', 'ignore_ament_install']
[0.296s] Level 1:colcon.colcon_core.package_identification:_identify(src) by extension 'ignore'
[0.296s] Level 1:colcon.colcon_core.package_identification:_identify(src) by extension 'ignore_ament_install'
[0.296s] Level 1:colcon.colcon_core.package_identification:_identify(src) by extensions ['colcon_pkg']
[0.296s] Level 1:colcon.colcon_core.package_identification:_identify(src) by extension 'colcon_pkg'
[0.296s] Level 1:colcon.colcon_core.package_identification:_identify(src) by extensions ['colcon_meta']
[0.296s] Level 1:colcon.colcon_core.package_identification:_identify(src) by extension 'colcon_meta'
[0.296s] Level 1:colcon.colcon_core.package_identification:_identify(src) by extensions ['ros']
[0.296s] Level 1:colcon.colcon_core.package_identification:_identify(src) by extension 'ros'
[0.296s] Level 1:colcon.colcon_core.package_identification:_identify(src) by extensions ['cmake', 'python']
[0.296s] Level 1:colcon.colcon_core.package_identification:_identify(src) by extension 'cmake'
[0.296s] Level 1:colcon.colcon_core.package_identification:_identify(src) by extension 'python'
[0.297s] Level 1:colcon.colcon_core.package_identification:_identify(src) by extensions ['python_setup_py']
[0.297s] Level 1:colcon.colcon_core.package_identification:_identify(src) by extension 'python_setup_py'
[0.297s] Level 1:colcon.colcon_core.package_identification:_identify(src/mission_center) by extensions ['ignore', 'ignore_ament_install']
[0.297s] Level 1:colcon.colcon_core.package_identification:_identify(src/mission_center) by extension 'ignore'
[0.297s] Level 1:colcon.colcon_core.package_identification:_identify(src/mission_center) by extension 'ignore_ament_install'
[0.297s] Level 1:colcon.colcon_core.package_identification:_identify(src/mission_center) by extensions ['colcon_pkg']
[0.297s] Level 1:colcon.colcon_core.package_identification:_identify(src/mission_center) by extension 'colcon_pkg'
[0.297s] Level 1:colcon.colcon_core.package_identification:_identify(src/mission_center) by extensions ['colcon_meta']
[0.297s] Level 1:colcon.colcon_core.package_identification:_identify(src/mission_center) by extension 'colcon_meta'
[0.297s] Level 1:colcon.colcon_core.package_identification:_identify(src/mission_center) by extensions ['ros']
[0.297s] Level 1:colcon.colcon_core.package_identification:_identify(src/mission_center) by extension 'ros'
[0.303s] DEBUG:colcon.colcon_core.package_identification:Package 'src/mission_center' with type 'ros.ament_cmake' and name 'mission_center'
[0.303s] Level 1:colcon.colcon_core.package_identification:_identify(src/ros2-keyboard) by extensions ['ignore', 'ignore_ament_install']
[0.304s] Level 1:colcon.colcon_core.package_identification:_identify(src/ros2-keyboard) by extension 'ignore'
[0.304s] Level 1:colcon.colcon_core.package_identification:_identify(src/ros2-keyboard) by extension 'ignore_ament_install'
[0.304s] Level 1:colcon.colcon_core.package_identification:_identify(src/ros2-keyboard) by extensions ['colcon_pkg']
[0.304s] Level 1:colcon.colcon_core.package_identification:_identify(src/ros2-keyboard) by extension 'colcon_pkg'
[0.304s] Level 1:colcon.colcon_core.package_identification:_identify(src/ros2-keyboard) by extensions ['colcon_meta']
[0.304s] Level 1:colcon.colcon_core.package_identification:_identify(src/ros2-keyboard) by extension 'colcon_meta'
[0.304s] Level 1:colcon.colcon_core.package_identification:_identify(src/ros2-keyboard) by extensions ['ros']
[0.304s] Level 1:colcon.colcon_core.package_identification:_identify(src/ros2-keyboard) by extension 'ros'
[0.304s] Level 1:colcon.colcon_core.package_identification:_identify(src/ros2-keyboard) by extensions ['cmake', 'python']
[0.304s] Level 1:colcon.colcon_core.package_identification:_identify(src/ros2-keyboard) by extension 'cmake'
[0.304s] Level 1:colcon.colcon_core.package_identification:_identify(src/ros2-keyboard) by extension 'python'
[0.304s] Level 1:colcon.colcon_core.package_identification:_identify(src/ros2-keyboard) by extensions ['python_setup_py']
[0.304s] Level 1:colcon.colcon_core.package_identification:_identify(src/ros2-keyboard) by extension 'python_setup_py'
[0.304s] Level 1:colcon.colcon_core.package_identification:_identify(src/ros2-keyboard/keyboard) by extensions ['ignore', 'ignore_ament_install']
[0.304s] Level 1:colcon.colcon_core.package_identification:_identify(src/ros2-keyboard/keyboard) by extension 'ignore'
[0.304s] Level 1:colcon.colcon_core.package_identification:_identify(src/ros2-keyboard/keyboard) by extension 'ignore_ament_install'
[0.304s] Level 1:colcon.colcon_core.package_identification:_identify(src/ros2-keyboard/keyboard) by extensions ['colcon_pkg']
[0.304s] Level 1:colcon.colcon_core.package_identification:_identify(src/ros2-keyboard/keyboard) by extension 'colcon_pkg'
[0.304s] Level 1:colcon.colcon_core.package_identification:_identify(src/ros2-keyboard/keyboard) by extensions ['colcon_meta']
[0.304s] Level 1:colcon.colcon_core.package_identification:_identify(src/ros2-keyboard/keyboard) by extension 'colcon_meta'
[0.305s] Level 1:colcon.colcon_core.package_identification:_identify(src/ros2-keyboard/keyboard) by extensions ['ros']
[0.305s] Level 1:colcon.colcon_core.package_identification:_identify(src/ros2-keyboard/keyboard) by extension 'ros'
[0.306s] DEBUG:colcon.colcon_core.package_identification:Package 'src/ros2-keyboard/keyboard' with type 'ros.ament_cmake' and name 'keyboard'
[0.306s] Level 1:colcon.colcon_core.package_identification:_identify(src/ros2-keyboard/keyboard_msgs) by extensions ['ignore', 'ignore_ament_install']
[0.306s] Level 1:colcon.colcon_core.package_identification:_identify(src/ros2-keyboard/keyboard_msgs) by extension 'ignore'
[0.306s] Level 1:colcon.colcon_core.package_identification:_identify(src/ros2-keyboard/keyboard_msgs) by extension 'ignore_ament_install'
[0.306s] Level 1:colcon.colcon_core.package_identification:_identify(src/ros2-keyboard/keyboard_msgs) by extensions ['colcon_pkg']
[0.306s] Level 1:colcon.colcon_core.package_identification:_identify(src/ros2-keyboard/keyboard_msgs) by extension 'colcon_pkg'
[0.307s] Level 1:colcon.colcon_core.package_identification:_identify(src/ros2-keyboard/keyboard_msgs) by extensions ['colcon_meta']
[0.307s] Level 1:colcon.colcon_core.package_identification:_identify(src/ros2-keyboard/keyboard_msgs) by extension 'colcon_meta'
[0.307s] Level 1:colcon.colcon_core.package_identification:_identify(src/ros2-keyboard/keyboard_msgs) by extensions ['ros']
[0.307s] Level 1:colcon.colcon_core.package_identification:_identify(src/ros2-keyboard/keyboard_msgs) by extension 'ros'
[0.308s] DEBUG:colcon.colcon_core.package_identification:Package 'src/ros2-keyboard/keyboard_msgs' with type 'ros.ament_cmake' and name 'keyboard_msgs'
[0.309s] Level 1:colcon.colcon_core.package_identification:_identify(terrain) by extensions ['ignore', 'ignore_ament_install']
[0.309s] Level 1:colcon.colcon_core.package_identification:_identify(terrain) by extension 'ignore'
[0.309s] Level 1:colcon.colcon_core.package_identification:_identify(terrain) by extension 'ignore_ament_install'
[0.309s] Level 1:colcon.colcon_core.package_identification:_identify(terrain) by extensions ['colcon_pkg']
[0.310s] Level 1:colcon.colcon_core.package_identification:_identify(terrain) by extension 'colcon_pkg'
[0.310s] Level 1:colcon.colcon_core.package_identification:_identify(terrain) by extensions ['colcon_meta']
[0.310s] Level 1:colcon.colcon_core.package_identification:_identify(terrain) by extension 'colcon_meta'
[0.310s] Level 1:colcon.colcon_core.package_identification:_identify(terrain) by extensions ['ros']
[0.310s] Level 1:colcon.colcon_core.package_identification:_identify(terrain) by extension 'ros'
[0.310s] Level 1:colcon.colcon_core.package_identification:_identify(terrain) by extensions ['cmake', 'python']
[0.310s] Level 1:colcon.colcon_core.package_identification:_identify(terrain) by extension 'cmake'
[0.310s] Level 1:colcon.colcon_core.package_identification:_identify(terrain) by extension 'python'
[0.310s] Level 1:colcon.colcon_core.package_identification:_identify(terrain) by extensions ['python_setup_py']
[0.310s] Level 1:colcon.colcon_core.package_identification:_identify(terrain) by extension 'python_setup_py'
[0.310s] Level 1:colcon.colcon_core.package_discovery:discover_packages(recursive) using defaults
[0.310s] Level 1:colcon.colcon_core.package_discovery:discover_packages(ignore) discover
[0.310s] Level 1:colcon.colcon_core.package_discovery:discover_packages(ignore) using defaults
[0.310s] Level 1:colcon.colcon_core.package_discovery:discover_packages(path) discover
[0.310s] Level 1:colcon.colcon_core.package_discovery:discover_packages(path) using defaults
[0.350s] Level 1:colcon.colcon_core.package_discovery:discover_packages(prefix_path) check parameters
[0.351s] Level 1:colcon.colcon_core.package_discovery:discover_packages(prefix_path) discover
[0.354s] DEBUG:colcon.colcon_installed_package_information.package_discovery:Found 3 installed packages in /home/gadzz/Workspace/VTOL-MissionCenter/install
[0.357s] DEBUG:colcon.colcon_installed_package_information.package_discovery:Found 288 installed packages in /opt/ros/humble
[0.359s] Level 1:colcon.colcon_core.package_discovery:discover_packages(prefix_path) using defaults
[0.409s] Level 5:colcon.colcon_core.verb:set package 'keyboard_msgs' build argument 'cmake_args' from command line to 'None'
[0.409s] Level 5:colcon.colcon_core.verb:set package 'keyboard_msgs' build argument 'cmake_target' from command line to 'None'
[0.409s] Level 5:colcon.colcon_core.verb:set package 'keyboard_msgs' build argument 'cmake_target_skip_unavailable' from command line to 'False'
[0.409s] Level 5:colcon.colcon_core.verb:set package 'keyboard_msgs' build argument 'cmake_clean_cache' from command line to 'False'
[0.409s] Level 5:colcon.colcon_core.verb:set package 'keyboard_msgs' build argument 'cmake_clean_first' from command line to 'False'
[0.409s] Level 5:colcon.colcon_core.verb:set package 'keyboard_msgs' build argument 'cmake_force_configure' from command line to 'False'
[0.409s] Level 5:colcon.colcon_core.verb:set package 'keyboard_msgs' build argument 'ament_cmake_args' from command line to 'None'
[0.409s] Level 5:colcon.colcon_core.verb:set package 'keyboard_msgs' build argument 'catkin_cmake_args' from command line to 'None'
[0.409s] Level 5:colcon.colcon_core.verb:set package 'keyboard_msgs' build argument 'catkin_skip_building_tests' from command line to 'False'
[0.409s] DEBUG:colcon.colcon_core.verb:Building package 'keyboard_msgs' with the following arguments: {'ament_cmake_args': None, 'build_base': '/home/gadzz/Workspace/VTOL-MissionCenter/build/keyboard_msgs', 'catkin_cmake_args': None, 'catkin_skip_building_tests': False, 'cmake_args': None, 'cmake_clean_cache': False, 'cmake_clean_first': False, 'cmake_force_configure': False, 'cmake_target': None, 'cmake_target_skip_unavailable': False, 'install_base': '/home/gadzz/Workspace/VTOL-MissionCenter/install/keyboard_msgs', 'merge_install': False, 'path': '/home/gadzz/Workspace/VTOL-MissionCenter/src/ros2-keyboard/keyboard_msgs', 'symlink_install': False, 'test_result_base': None}
[0.410s] Level 5:colcon.colcon_core.verb:set package 'keyboard' build argument 'cmake_args' from command line to 'None'
[0.410s] Level 5:colcon.colcon_core.verb:set package 'keyboard' build argument 'cmake_target' from command line to 'None'
[0.410s] Level 5:colcon.colcon_core.verb:set package 'keyboard' build argument 'cmake_target_skip_unavailable' from command line to 'False'
[0.410s] Level 5:colcon.colcon_core.verb:set package 'keyboard' build argument 'cmake_clean_cache' from command line to 'False'
[0.410s] Level 5:colcon.colcon_core.verb:set package 'keyboard' build argument 'cmake_clean_first' from command line to 'False'
[0.410s] Level 5:colcon.colcon_core.verb:set package 'keyboard' build argument 'cmake_force_configure' from command line to 'False'
[0.410s] Level 5:colcon.colcon_core.verb:set package 'keyboard' build argument 'ament_cmake_args' from command line to 'None'
[0.410s] Level 5:colcon.colcon_core.verb:set package 'keyboard' build argument 'catkin_cmake_args' from command line to 'None'
[0.410s] Level 5:colcon.colcon_core.verb:set package 'keyboard' build argument 'catkin_skip_building_tests' from command line to 'False'
[0.410s] DEBUG:colcon.colcon_core.verb:Building package 'keyboard' with the following arguments: {'ament_cmake_args': None, 'build_base': '/home/gadzz/Workspace/VTOL-MissionCenter/build/keyboard', 'catkin_cmake_args': None, 'catkin_skip_building_tests': False, 'cmake_args': None, 'cmake_clean_cache': False, 'cmake_clean_first': False, 'cmake_force_configure': False, 'cmake_target': None, 'cmake_target_skip_unavailable': False, 'install_base': '/home/gadzz/Workspace/VTOL-MissionCenter/install/keyboard', 'merge_install': False, 'path': '/home/gadzz/Workspace/VTOL-MissionCenter/src/ros2-keyboard/keyboard', 'symlink_install': False, 'test_result_base': None}
[0.411s] Level 5:colcon.colcon_core.verb:set package 'mission_center' build argument 'cmake_args' from command line to 'None'
[0.411s] Level 5:colcon.colcon_core.verb:set package 'mission_center' build argument 'cmake_target' from command line to 'None'
[0.411s] Level 5:colcon.colcon_core.verb:set package 'mission_center' build argument 'cmake_target_skip_unavailable' from command line to 'False'
[0.411s] Level 5:colcon.colcon_core.verb:set package 'mission_center' build argument 'cmake_clean_cache' from command line to 'False'
[0.411s] Level 5:colcon.colcon_core.verb:set package 'mission_center' build argument 'cmake_clean_first' from command line to 'False'
[0.411s] Level 5:colcon.colcon_core.verb:set package 'mission_center' build argument 'cmake_force_configure' from command line to 'False'
[0.411s] Level 5:colcon.colcon_core.verb:set package 'mission_center' build argument 'ament_cmake_args' from command line to 'None'
[0.411s] Level 5:colcon.colcon_core.verb:set package 'mission_center' build argument 'catkin_cmake_args' from command line to 'None'
[0.411s] Level 5:colcon.colcon_core.verb:set package 'mission_center' build argument 'catkin_skip_building_tests' from command line to 'False'
[0.411s] DEBUG:colcon.colcon_core.verb:Building package 'mission_center' with the following arguments: {'ament_cmake_args': None, 'build_base': '/home/gadzz/Workspace/VTOL-MissionCenter/build/mission_center', 'catkin_cmake_args': None, 'catkin_skip_building_tests': False, 'cmake_args': None, 'cmake_clean_cache': False, 'cmake_clean_first': False, 'cmake_force_configure': False, 'cmake_target': None, 'cmake_target_skip_unavailable': False, 'install_base': '/home/gadzz/Workspace/VTOL-MissionCenter/install/mission_center', 'merge_install': False, 'path': '/home/gadzz/Workspace/VTOL-MissionCenter/src/mission_center', 'symlink_install': False, 'test_result_base': None}
[0.411s] INFO:colcon.colcon_core.executor:Executing jobs using 'parallel' executor
[0.414s] DEBUG:colcon.colcon_parallel_executor.executor.parallel:run_until_complete
[0.415s] INFO:colcon.colcon_ros.task.ament_cmake.build:Building ROS package in '/home/gadzz/Workspace/VTOL-MissionCenter/src/ros2-keyboard/keyboard_msgs' with build type 'ament_cmake'
[0.415s] INFO:colcon.colcon_cmake.task.cmake.build:Building CMake package in '/home/gadzz/Workspace/VTOL-MissionCenter/src/ros2-keyboard/keyboard_msgs'
[0.419s] INFO:colcon.colcon_core.plugin_system:Skipping extension 'colcon_core.shell.bat': Not used on non-Windows systems
[0.419s] INFO:colcon.colcon_core.shell:Skip shell extension 'powershell' for command environment: Not usable outside of PowerShell
[0.419s] DEBUG:colcon.colcon_core.shell:Skip shell extension 'dsv' for command environment
[0.440s] DEBUG:colcon.colcon_core.event_handler.log_command:Invoking command in '/home/gadzz/Workspace/VTOL-MissionCenter/build/keyboard_msgs': CMAKE_PREFIX_PATH=${CMAKE_PREFIX_PATH}:/opt/ros/humble /usr/bin/cmake --build /home/gadzz/Workspace/VTOL-MissionCenter/build/keyboard_msgs -- -j8 -l8
[1.771s] DEBUG:colcon.colcon_core.event_handler.log_command:Invoked command in '/home/gadzz/Workspace/VTOL-MissionCenter/build/keyboard_msgs' returned '0': CMAKE_PREFIX_PATH=${CMAKE_PREFIX_PATH}:/opt/ros/humble /usr/bin/cmake --build /home/gadzz/Workspace/VTOL-MissionCenter/build/keyboard_msgs -- -j8 -l8
[1.791s] DEBUG:colcon.colcon_core.event_handler.log_command:Invoking command in '/home/gadzz/Workspace/VTOL-MissionCenter/build/keyboard_msgs': CMAKE_PREFIX_PATH=${CMAKE_PREFIX_PATH}:/opt/ros/humble /usr/bin/cmake --install /home/gadzz/Workspace/VTOL-MissionCenter/build/keyboard_msgs
[1.888s] Level 1:colcon.colcon_core.environment:create_environment_scripts_only(keyboard_msgs)
[1.889s] DEBUG:colcon.colcon_core.event_handler.log_command:Invoked command in '/home/gadzz/Workspace/VTOL-MissionCenter/build/keyboard_msgs' returned '0': CMAKE_PREFIX_PATH=${CMAKE_PREFIX_PATH}:/opt/ros/humble /usr/bin/cmake --install /home/gadzz/Workspace/VTOL-MissionCenter/build/keyboard_msgs
[1.895s] Level 1:colcon.colcon_core.environment:checking '/home/gadzz/Workspace/VTOL-MissionCenter/install/keyboard_msgs' for CMake module files
[1.896s] Level 1:colcon.colcon_core.environment:checking '/home/gadzz/Workspace/VTOL-MissionCenter/install/keyboard_msgs' for CMake config files
[1.897s] Level 1:colcon.colcon_core.shell:create_environment_hook('keyboard_msgs', 'cmake_prefix_path')
[1.897s] INFO:colcon.colcon_core.shell:Creating environment hook '/home/gadzz/Workspace/VTOL-MissionCenter/install/keyboard_msgs/share/keyboard_msgs/hook/cmake_prefix_path.ps1'
[1.900s] INFO:colcon.colcon_core.shell:Creating environment descriptor '/home/gadzz/Workspace/VTOL-MissionCenter/install/keyboard_msgs/share/keyboard_msgs/hook/cmake_prefix_path.dsv'
[1.900s] INFO:colcon.colcon_core.shell:Creating environment hook '/home/gadzz/Workspace/VTOL-MissionCenter/install/keyboard_msgs/share/keyboard_msgs/hook/cmake_prefix_path.sh'
[1.902s] Level 1:colcon.colcon_core.environment:checking '/home/gadzz/Workspace/VTOL-MissionCenter/install/keyboard_msgs/lib'
[1.902s] Level 1:colcon.colcon_core.shell:create_environment_hook('keyboard_msgs', 'ld_library_path_lib')
[1.902s] INFO:colcon.colcon_core.shell:Creating environment hook '/home/gadzz/Workspace/VTOL-MissionCenter/install/keyboard_msgs/share/keyboard_msgs/hook/ld_library_path_lib.ps1'
[1.903s] INFO:colcon.colcon_core.shell:Creating environment descriptor '/home/gadzz/Workspace/VTOL-MissionCenter/install/keyboard_msgs/share/keyboard_msgs/hook/ld_library_path_lib.dsv'
[1.904s] INFO:colcon.colcon_core.shell:Creating environment hook '/home/gadzz/Workspace/VTOL-MissionCenter/install/keyboard_msgs/share/keyboard_msgs/hook/ld_library_path_lib.sh'
[1.904s] Level 1:colcon.colcon_core.environment:checking '/home/gadzz/Workspace/VTOL-MissionCenter/install/keyboard_msgs/bin'
[1.905s] Level 1:colcon.colcon_core.environment:checking '/home/gadzz/Workspace/VTOL-MissionCenter/install/keyboard_msgs/lib/pkgconfig/keyboard_msgs.pc'
[1.905s] Level 1:colcon.colcon_core.environment:checking '/home/gadzz/Workspace/VTOL-MissionCenter/install/keyboard_msgs/lib/python3.10/site-packages'
[1.905s] Level 1:colcon.colcon_core.environment:checking '/home/gadzz/Workspace/VTOL-MissionCenter/install/keyboard_msgs/bin'
[1.906s] INFO:colcon.colcon_core.shell:Creating package script '/home/gadzz/Workspace/VTOL-MissionCenter/install/keyboard_msgs/share/keyboard_msgs/package.ps1'
[1.908s] INFO:colcon.colcon_core.shell:Creating package descriptor '/home/gadzz/Workspace/VTOL-MissionCenter/install/keyboard_msgs/share/keyboard_msgs/package.dsv'
[1.909s] INFO:colcon.colcon_core.shell:Creating package script '/home/gadzz/Workspace/VTOL-MissionCenter/install/keyboard_msgs/share/keyboard_msgs/package.sh'
[1.911s] INFO:colcon.colcon_core.shell:Creating package script '/home/gadzz/Workspace/VTOL-MissionCenter/install/keyboard_msgs/share/keyboard_msgs/package.bash'
[1.912s] INFO:colcon.colcon_core.shell:Creating package script '/home/gadzz/Workspace/VTOL-MissionCenter/install/keyboard_msgs/share/keyboard_msgs/package.zsh'
[1.912s] Level 1:colcon.colcon_core.environment:create_file_with_runtime_dependencies(/home/gadzz/Workspace/VTOL-MissionCenter/install/keyboard_msgs/share/colcon-core/packages/keyboard_msgs)
[1.913s] Level 1:colcon.colcon_core.environment:create_environment_scripts_only(keyboard_msgs)
[1.913s] Level 1:colcon.colcon_core.environment:checking '/home/gadzz/Workspace/VTOL-MissionCenter/install/keyboard_msgs' for CMake module files
[1.914s] Level 1:colcon.colcon_core.environment:checking '/home/gadzz/Workspace/VTOL-MissionCenter/install/keyboard_msgs' for CMake config files
[1.915s] Level 1:colcon.colcon_core.shell:create_environment_hook('keyboard_msgs', 'cmake_prefix_path')
[1.915s] INFO:colcon.colcon_core.shell:Creating environment hook '/home/gadzz/Workspace/VTOL-MissionCenter/install/keyboard_msgs/share/keyboard_msgs/hook/cmake_prefix_path.ps1'
[1.916s] INFO:colcon.colcon_core.shell:Creating environment descriptor '/home/gadzz/Workspace/VTOL-MissionCenter/install/keyboard_msgs/share/keyboard_msgs/hook/cmake_prefix_path.dsv'
[1.917s] INFO:colcon.colcon_core.shell:Creating environment hook '/home/gadzz/Workspace/VTOL-MissionCenter/install/keyboard_msgs/share/keyboard_msgs/hook/cmake_prefix_path.sh'
[1.918s] Level 1:colcon.colcon_core.environment:checking '/home/gadzz/Workspace/VTOL-MissionCenter/install/keyboard_msgs/lib'
[1.918s] Level 1:colcon.colcon_core.shell:create_environment_hook('keyboard_msgs', 'ld_library_path_lib')
[1.919s] INFO:colcon.colcon_core.shell:Creating environment hook '/home/gadzz/Workspace/VTOL-MissionCenter/install/keyboard_msgs/share/keyboard_msgs/hook/ld_library_path_lib.ps1'
[1.920s] INFO:colcon.colcon_core.shell:Creating environment descriptor '/home/gadzz/Workspace/VTOL-MissionCenter/install/keyboard_msgs/share/keyboard_msgs/hook/ld_library_path_lib.dsv'
[1.921s] INFO:colcon.colcon_core.shell:Creating environment hook '/home/gadzz/Workspace/VTOL-MissionCenter/install/keyboard_msgs/share/keyboard_msgs/hook/ld_library_path_lib.sh'
[1.921s] Level 1:colcon.colcon_core.environment:checking '/home/gadzz/Workspace/VTOL-MissionCenter/install/keyboard_msgs/bin'
[1.922s] Level 1:colcon.colcon_core.environment:checking '/home/gadzz/Workspace/VTOL-MissionCenter/install/keyboard_msgs/lib/pkgconfig/keyboard_msgs.pc'
[1.922s] Level 1:colcon.colcon_core.environment:checking '/home/gadzz/Workspace/VTOL-MissionCenter/install/keyboard_msgs/lib/python3.10/site-packages'
[1.922s] Level 1:colcon.colcon_core.environment:checking '/home/gadzz/Workspace/VTOL-MissionCenter/install/keyboard_msgs/bin'
[1.923s] INFO:colcon.colcon_core.shell:Creating package script '/home/gadzz/Workspace/VTOL-MissionCenter/install/keyboard_msgs/share/keyboard_msgs/package.ps1'
[1.925s] INFO:colcon.colcon_core.shell:Creating package descriptor '/home/gadzz/Workspace/VTOL-MissionCenter/install/keyboard_msgs/share/keyboard_msgs/package.dsv'
[1.926s] INFO:colcon.colcon_core.shell:Creating package script '/home/gadzz/Workspace/VTOL-MissionCenter/install/keyboard_msgs/share/keyboard_msgs/package.sh'
[1.928s] INFO:colcon.colcon_core.shell:Creating package script '/home/gadzz/Workspace/VTOL-MissionCenter/install/keyboard_msgs/share/keyboard_msgs/package.bash'
[1.928s] INFO:colcon.colcon_core.shell:Creating package script '/home/gadzz/Workspace/VTOL-MissionCenter/install/keyboard_msgs/share/keyboard_msgs/package.zsh'
[1.929s] Level 1:colcon.colcon_core.environment:create_file_with_runtime_dependencies(/home/gadzz/Workspace/VTOL-MissionCenter/install/keyboard_msgs/share/colcon-core/packages/keyboard_msgs)
[1.930s] INFO:colcon.colcon_ros.task.ament_cmake.build:Building ROS package in '/home/gadzz/Workspace/VTOL-MissionCenter/src/ros2-keyboard/keyboard' with build type 'ament_cmake'
[1.930s] INFO:colcon.colcon_cmake.task.cmake.build:Building CMake package in '/home/gadzz/Workspace/VTOL-MissionCenter/src/ros2-keyboard/keyboard'
[1.931s] INFO:colcon.colcon_core.shell:Skip shell extension 'powershell' for command environment: Not usable outside of PowerShell
[1.932s] DEBUG:colcon.colcon_core.shell:Skip shell extension 'dsv' for command environment
[1.939s] INFO:colcon.colcon_ros.task.ament_cmake.build:Building ROS package in '/home/gadzz/Workspace/VTOL-MissionCenter/src/mission_center' with build type 'ament_cmake'
[1.939s] INFO:colcon.colcon_cmake.task.cmake.build:Building CMake package in '/home/gadzz/Workspace/VTOL-MissionCenter/src/mission_center'
[1.940s] INFO:colcon.colcon_core.shell:Skip shell extension 'powershell' for command environment: Not usable outside of PowerShell
[1.940s] DEBUG:colcon.colcon_core.shell:Skip shell extension 'dsv' for command environment
[1.954s] DEBUG:colcon.colcon_core.event_handler.log_command:Invoking command in '/home/gadzz/Workspace/VTOL-MissionCenter/build/keyboard': CMAKE_PREFIX_PATH=/home/gadzz/Workspace/VTOL-MissionCenter/install/keyboard_msgs:/home/gadzz/Workspace/VTOL-MissionCenter/install/mission_center:/home/gadzz/Workspace/VTOL-MissionCenter/install/keyboard:/opt/ros/humble LD_LIBRARY_PATH=/home/gadzz/Workspace/VTOL-MissionCenter/install/keyboard_msgs/lib:/home/gadzz/Workspace/VTOL-MissionCenter/install/mission_center/lib:/opt/ros/humble/opt/rviz_ogre_vendor/lib:/opt/ros/humble/lib/x86_64-linux-gnu:/opt/ros/humble/lib /usr/bin/cmake --build /home/gadzz/Workspace/VTOL-MissionCenter/build/keyboard -- -j8 -l8
[1.964s] DEBUG:colcon.colcon_core.event_handler.log_command:Invoking command in '/home/gadzz/Workspace/VTOL-MissionCenter/build/mission_center': CMAKE_PREFIX_PATH=/home/gadzz/Workspace/VTOL-MissionCenter/install/keyboard_msgs:/home/gadzz/Workspace/VTOL-MissionCenter/install/mission_center:/home/gadzz/Workspace/VTOL-MissionCenter/install/keyboard:/opt/ros/humble LD_LIBRARY_PATH=/home/gadzz/Workspace/VTOL-MissionCenter/install/keyboard_msgs/lib:/home/gadzz/Workspace/VTOL-MissionCenter/install/mission_center/lib:/opt/ros/humble/opt/rviz_ogre_vendor/lib:/opt/ros/humble/lib/x86_64-linux-gnu:/opt/ros/humble/lib /usr/bin/cmake --build /home/gadzz/Workspace/VTOL-MissionCenter/build/mission_center -- -j8 -l8
[2.098s] DEBUG:colcon.colcon_core.event_handler.log_command:Invoked command in '/home/gadzz/Workspace/VTOL-MissionCenter/build/keyboard' returned '0': CMAKE_PREFIX_PATH=/home/gadzz/Workspace/VTOL-MissionCenter/install/keyboard_msgs:/home/gadzz/Workspace/VTOL-MissionCenter/install/mission_center:/home/gadzz/Workspace/VTOL-MissionCenter/install/keyboard:/opt/ros/humble LD_LIBRARY_PATH=/home/gadzz/Workspace/VTOL-MissionCenter/install/keyboard_msgs/lib:/home/gadzz/Workspace/VTOL-MissionCenter/install/mission_center/lib:/opt/ros/humble/opt/rviz_ogre_vendor/lib:/opt/ros/humble/lib/x86_64-linux-gnu:/opt/ros/humble/lib /usr/bin/cmake --build /home/gadzz/Workspace/VTOL-MissionCenter/build/keyboard -- -j8 -l8
[2.100s] DEBUG:colcon.colcon_core.event_handler.log_command:Invoking command in '/home/gadzz/Workspace/VTOL-MissionCenter/build/keyboard': CMAKE_PREFIX_PATH=/home/gadzz/Workspace/VTOL-MissionCenter/install/keyboard_msgs:/home/gadzz/Workspace/VTOL-MissionCenter/install/mission_center:/home/gadzz/Workspace/VTOL-MissionCenter/install/keyboard:/opt/ros/humble LD_LIBRARY_PATH=/home/gadzz/Workspace/VTOL-MissionCenter/install/keyboard_msgs/lib:/home/gadzz/Workspace/VTOL-MissionCenter/install/mission_center/lib:/opt/ros/humble/opt/rviz_ogre_vendor/lib:/opt/ros/humble/lib/x86_64-linux-gnu:/opt/ros/humble/lib /usr/bin/cmake --install /home/gadzz/Workspace/VTOL-MissionCenter/build/keyboard
[2.116s] Level 1:colcon.colcon_core.environment:create_environment_scripts_only(keyboard)
[2.117s] Level 1:colcon.colcon_core.environment:checking '/home/gadzz/Workspace/VTOL-MissionCenter/install/keyboard' for CMake module files
[2.119s] DEBUG:colcon.colcon_core.event_handler.log_command:Invoked command in '/home/gadzz/Workspace/VTOL-MissionCenter/build/keyboard' returned '0': CMAKE_PREFIX_PATH=/home/gadzz/Workspace/VTOL-MissionCenter/install/keyboard_msgs:/home/gadzz/Workspace/VTOL-MissionCenter/install/mission_center:/home/gadzz/Workspace/VTOL-MissionCenter/install/keyboard:/opt/ros/humble LD_LIBRARY_PATH=/home/gadzz/Workspace/VTOL-MissionCenter/install/keyboard_msgs/lib:/home/gadzz/Workspace/VTOL-MissionCenter/install/mission_center/lib:/opt/ros/humble/opt/rviz_ogre_vendor/lib:/opt/ros/humble/lib/x86_64-linux-gnu:/opt/ros/humble/lib /usr/bin/cmake --install /home/gadzz/Workspace/VTOL-MissionCenter/build/keyboard
[2.120s] Level 1:colcon.colcon_core.environment:checking '/home/gadzz/Workspace/VTOL-MissionCenter/install/keyboard' for CMake config files
[2.121s] Level 1:colcon.colcon_core.shell:create_environment_hook('keyboard', 'cmake_prefix_path')
[2.122s] INFO:colcon.colcon_core.shell:Creating environment hook '/home/gadzz/Workspace/VTOL-MissionCenter/install/keyboard/share/keyboard/hook/cmake_prefix_path.ps1'
[2.123s] INFO:colcon.colcon_core.shell:Creating environment descriptor '/home/gadzz/Workspace/VTOL-MissionCenter/install/keyboard/share/keyboard/hook/cmake_prefix_path.dsv'
[2.124s] INFO:colcon.colcon_core.shell:Creating environment hook '/home/gadzz/Workspace/VTOL-MissionCenter/install/keyboard/share/keyboard/hook/cmake_prefix_path.sh'
[2.125s] Level 1:colcon.colcon_core.environment:checking '/home/gadzz/Workspace/VTOL-MissionCenter/install/keyboard/lib'
[2.126s] Level 1:colcon.colcon_core.environment:checking '/home/gadzz/Workspace/VTOL-MissionCenter/install/keyboard/bin'
[2.126s] Level 1:colcon.colcon_core.environment:checking '/home/gadzz/Workspace/VTOL-MissionCenter/install/keyboard/lib/pkgconfig/keyboard.pc'
[2.127s] Level 1:colcon.colcon_core.environment:checking '/home/gadzz/Workspace/VTOL-MissionCenter/install/keyboard/lib/python3.10/site-packages'
[2.127s] Level 1:colcon.colcon_core.environment:checking '/home/gadzz/Workspace/VTOL-MissionCenter/install/keyboard/bin'
[2.127s] INFO:colcon.colcon_core.shell:Creating package script '/home/gadzz/Workspace/VTOL-MissionCenter/install/keyboard/share/keyboard/package.ps1'
[2.128s] INFO:colcon.colcon_core.shell:Creating package descriptor '/home/gadzz/Workspace/VTOL-MissionCenter/install/keyboard/share/keyboard/package.dsv'
[2.129s] INFO:colcon.colcon_core.shell:Creating package script '/home/gadzz/Workspace/VTOL-MissionCenter/install/keyboard/share/keyboard/package.sh'
[2.129s] INFO:colcon.colcon_core.shell:Creating package script '/home/gadzz/Workspace/VTOL-MissionCenter/install/keyboard/share/keyboard/package.bash'
[2.131s] INFO:colcon.colcon_core.shell:Creating package script '/home/gadzz/Workspace/VTOL-MissionCenter/install/keyboard/share/keyboard/package.zsh'
[2.132s] Level 1:colcon.colcon_core.environment:create_file_with_runtime_dependencies(/home/gadzz/Workspace/VTOL-MissionCenter/install/keyboard/share/colcon-core/packages/keyboard)
[2.133s] Level 1:colcon.colcon_core.environment:create_environment_scripts_only(keyboard)
[2.134s] Level 1:colcon.colcon_core.environment:checking '/home/gadzz/Workspace/VTOL-MissionCenter/install/keyboard' for CMake module files
[2.135s] Level 1:colcon.colcon_core.environment:checking '/home/gadzz/Workspace/VTOL-MissionCenter/install/keyboard' for CMake config files
[2.135s] Level 1:colcon.colcon_core.shell:create_environment_hook('keyboard', 'cmake_prefix_path')
[2.136s] INFO:colcon.colcon_core.shell:Creating environment hook '/home/gadzz/Workspace/VTOL-MissionCenter/install/keyboard/share/keyboard/hook/cmake_prefix_path.ps1'
[2.137s] INFO:colcon.colcon_core.shell:Creating environment descriptor '/home/gadzz/Workspace/VTOL-MissionCenter/install/keyboard/share/keyboard/hook/cmake_prefix_path.dsv'
[2.137s] INFO:colcon.colcon_core.shell:Creating environment hook '/home/gadzz/Workspace/VTOL-MissionCenter/install/keyboard/share/keyboard/hook/cmake_prefix_path.sh'
[2.139s] Level 1:colcon.colcon_core.environment:checking '/home/gadzz/Workspace/VTOL-MissionCenter/install/keyboard/lib'
[2.139s] Level 1:colcon.colcon_core.environment:checking '/home/gadzz/Workspace/VTOL-MissionCenter/install/keyboard/bin'
[2.139s] Level 1:colcon.colcon_core.environment:checking '/home/gadzz/Workspace/VTOL-MissionCenter/install/keyboard/lib/pkgconfig/keyboard.pc'
[2.139s] Level 1:colcon.colcon_core.environment:checking '/home/gadzz/Workspace/VTOL-MissionCenter/install/keyboard/lib/python3.10/site-packages'
[2.139s] Level 1:colcon.colcon_core.environment:checking '/home/gadzz/Workspace/VTOL-MissionCenter/install/keyboard/bin'
[2.140s] INFO:colcon.colcon_core.shell:Creating package script '/home/gadzz/Workspace/VTOL-MissionCenter/install/keyboard/share/keyboard/package.ps1'
[2.141s] INFO:colcon.colcon_core.shell:Creating package descriptor '/home/gadzz/Workspace/VTOL-MissionCenter/install/keyboard/share/keyboard/package.dsv'
[2.141s] INFO:colcon.colcon_core.shell:Creating package script '/home/gadzz/Workspace/VTOL-MissionCenter/install/keyboard/share/keyboard/package.sh'
[2.142s] INFO:colcon.colcon_core.shell:Creating package script '/home/gadzz/Workspace/VTOL-MissionCenter/install/keyboard/share/keyboard/package.bash'
[2.142s] INFO:colcon.colcon_core.shell:Creating package script '/home/gadzz/Workspace/VTOL-MissionCenter/install/keyboard/share/keyboard/package.zsh'
[2.143s] Level 1:colcon.colcon_core.environment:create_file_with_runtime_dependencies(/home/gadzz/Workspace/VTOL-MissionCenter/install/keyboard/share/colcon-core/packages/keyboard)
[60.523s] DEBUG:colcon.colcon_core.event_handler.log_command:Invoked command in '/home/gadzz/Workspace/VTOL-MissionCenter/build/mission_center' returned '0': CMAKE_PREFIX_PATH=/home/gadzz/Workspace/VTOL-MissionCenter/install/keyboard_msgs:/home/gadzz/Workspace/VTOL-MissionCenter/install/mission_center:/home/gadzz/Workspace/VTOL-MissionCenter/install/keyboard:/opt/ros/humble LD_LIBRARY_PATH=/home/gadzz/Workspace/VTOL-MissionCenter/install/keyboard_msgs/lib:/home/gadzz/Workspace/VTOL-MissionCenter/install/mission_center/lib:/opt/ros/humble/opt/rviz_ogre_vendor/lib:/opt/ros/humble/lib/x86_64-linux-gnu:/opt/ros/humble/lib /usr/bin/cmake --build /home/gadzz/Workspace/VTOL-MissionCenter/build/mission_center -- -j8 -l8
[60.526s] DEBUG:colcon.colcon_core.event_handler.log_command:Invoking command in '/home/gadzz/Workspace/VTOL-MissionCenter/build/mission_center': CMAKE_PREFIX_PATH=/home/gadzz/Workspace/VTOL-MissionCenter/install/keyboard_msgs:/home/gadzz/Workspace/VTOL-MissionCenter/install/mission_center:/home/gadzz/Workspace/VTOL-MissionCenter/install/keyboard:/opt/ros/humble LD_LIBRARY_PATH=/home/gadzz/Workspace/VTOL-MissionCenter/install/keyboard_msgs/lib:/home/gadzz/Workspace/VTOL-MissionCenter/install/mission_center/lib:/opt/ros/humble/opt/rviz_ogre_vendor/lib:/opt/ros/humble/lib/x86_64-linux-gnu:/opt/ros/humble/lib /usr/bin/cmake --install /home/gadzz/Workspace/VTOL-MissionCenter/build/mission_center
[60.585s] Level 1:colcon.colcon_core.environment:create_environment_scripts_only(mission_center)
[60.585s] Level 1:colcon.colcon_core.environment:checking '/home/gadzz/Workspace/VTOL-MissionCenter/install/mission_center' for CMake module files
[60.589s] DEBUG:colcon.colcon_core.event_handler.log_command:Invoked command in '/home/gadzz/Workspace/VTOL-MissionCenter/build/mission_center' returned '0': CMAKE_PREFIX_PATH=/home/gadzz/Workspace/VTOL-MissionCenter/install/keyboard_msgs:/home/gadzz/Workspace/VTOL-MissionCenter/install/mission_center:/home/gadzz/Workspace/VTOL-MissionCenter/install/keyboard:/opt/ros/humble LD_LIBRARY_PATH=/home/gadzz/Workspace/VTOL-MissionCenter/install/keyboard_msgs/lib:/home/gadzz/Workspace/VTOL-MissionCenter/install/mission_center/lib:/opt/ros/humble/opt/rviz_ogre_vendor/lib:/opt/ros/humble/lib/x86_64-linux-gnu:/opt/ros/humble/lib /usr/bin/cmake --install /home/gadzz/Workspace/VTOL-MissionCenter/build/mission_center
[60.590s] Level 1:colcon.colcon_core.environment:checking '/home/gadzz/Workspace/VTOL-MissionCenter/install/mission_center' for CMake config files
[60.591s] Level 1:colcon.colcon_core.shell:create_environment_hook('mission_center', 'cmake_prefix_path')
[60.592s] INFO:colcon.colcon_core.shell:Creating environment hook '/home/gadzz/Workspace/VTOL-MissionCenter/install/mission_center/share/mission_center/hook/cmake_prefix_path.ps1'
[60.593s] INFO:colcon.colcon_core.shell:Creating environment descriptor '/home/gadzz/Workspace/VTOL-MissionCenter/install/mission_center/share/mission_center/hook/cmake_prefix_path.dsv'
[60.593s] INFO:colcon.colcon_core.shell:Creating environment hook '/home/gadzz/Workspace/VTOL-MissionCenter/install/mission_center/share/mission_center/hook/cmake_prefix_path.sh'
[60.595s] Level 1:colcon.colcon_core.environment:checking '/home/gadzz/Workspace/VTOL-MissionCenter/install/mission_center/lib'
[60.595s] Level 1:colcon.colcon_core.shell:create_environment_hook('mission_center', 'ld_library_path_lib')
[60.595s] INFO:colcon.colcon_core.shell:Creating environment hook '/home/gadzz/Workspace/VTOL-MissionCenter/install/mission_center/share/mission_center/hook/ld_library_path_lib.ps1'
[60.596s] INFO:colcon.colcon_core.shell:Creating environment descriptor '/home/gadzz/Workspace/VTOL-MissionCenter/install/mission_center/share/mission_center/hook/ld_library_path_lib.dsv'
[60.596s] INFO:colcon.colcon_core.shell:Creating environment hook '/home/gadzz/Workspace/VTOL-MissionCenter/install/mission_center/share/mission_center/hook/ld_library_path_lib.sh'
[60.596s] Level 1:colcon.colcon_core.environment:checking '/home/gadzz/Workspace/VTOL-MissionCenter/install/mission_center/bin'
[60.597s] Level 1:colcon.colcon_core.environment:checking '/home/gadzz/Workspace/VTOL-MissionCenter/install/mission_center/lib/pkgconfig/mission_center.pc'
[60.597s] Level 1:colcon.colcon_core.environment:checking '/home/gadzz/Workspace/VTOL-MissionCenter/install/mission_center/lib/python3.10/site-packages'
[60.597s] Level 1:colcon.colcon_core.environment:checking '/home/gadzz/Workspace/VTOL-MissionCenter/install/mission_center/bin'
[60.597s] INFO:colcon.colcon_core.shell:Creating package script '/home/gadzz/Workspace/VTOL-MissionCenter/install/mission_center/share/mission_center/package.ps1'
[60.598s] INFO:colcon.colcon_core.shell:Creating package descriptor '/home/gadzz/Workspace/VTOL-MissionCenter/install/mission_center/share/mission_center/package.dsv'
[60.599s] INFO:colcon.colcon_core.shell:Creating package script '/home/gadzz/Workspace/VTOL-MissionCenter/install/mission_center/share/mission_center/package.sh'
[60.599s] INFO:colcon.colcon_core.shell:Creating package script '/home/gadzz/Workspace/VTOL-MissionCenter/install/mission_center/share/mission_center/package.bash'
[60.600s] INFO:colcon.colcon_core.shell:Creating package script '/home/gadzz/Workspace/VTOL-MissionCenter/install/mission_center/share/mission_center/package.zsh'
[60.600s] Level 1:colcon.colcon_core.environment:create_file_with_runtime_dependencies(/home/gadzz/Workspace/VTOL-MissionCenter/install/mission_center/share/colcon-core/packages/mission_center)
[60.601s] Level 1:colcon.colcon_core.environment:create_environment_scripts_only(mission_center)
[60.601s] Level 1:colcon.colcon_core.environment:checking '/home/gadzz/Workspace/VTOL-MissionCenter/install/mission_center' for CMake module files
[60.602s] Level 1:colcon.colcon_core.environment:checking '/home/gadzz/Workspace/VTOL-MissionCenter/install/mission_center' for CMake config files
[60.602s] Level 1:colcon.colcon_core.shell:create_environment_hook('mission_center', 'cmake_prefix_path')
[60.602s] INFO:colcon.colcon_core.shell:Creating environment hook '/home/gadzz/Workspace/VTOL-MissionCenter/install/mission_center/share/mission_center/hook/cmake_prefix_path.ps1'
[60.603s] INFO:colcon.colcon_core.shell:Creating environment descriptor '/home/gadzz/Workspace/VTOL-MissionCenter/install/mission_center/share/mission_center/hook/cmake_prefix_path.dsv'
[60.603s] INFO:colcon.colcon_core.shell:Creating environment hook '/home/gadzz/Workspace/VTOL-MissionCenter/install/mission_center/share/mission_center/hook/cmake_prefix_path.sh'
[60.604s] Level 1:colcon.colcon_core.environment:checking '/home/gadzz/Workspace/VTOL-MissionCenter/install/mission_center/lib'
[60.604s] Level 1:colcon.colcon_core.shell:create_environment_hook('mission_center', 'ld_library_path_lib')
[60.605s] INFO:colcon.colcon_core.shell:Creating environment hook '/home/gadzz/Workspace/VTOL-MissionCenter/install/mission_center/share/mission_center/hook/ld_library_path_lib.ps1'
[60.606s] INFO:colcon.colcon_core.shell:Creating environment descriptor '/home/gadzz/Workspace/VTOL-MissionCenter/install/mission_center/share/mission_center/hook/ld_library_path_lib.dsv'
[60.607s] INFO:colcon.colcon_core.shell:Creating environment hook '/home/gadzz/Workspace/VTOL-MissionCenter/install/mission_center/share/mission_center/hook/ld_library_path_lib.sh'
[60.607s] Level 1:colcon.colcon_core.environment:checking '/home/gadzz/Workspace/VTOL-MissionCenter/install/mission_center/bin'
[60.607s] Level 1:colcon.colcon_core.environment:checking '/home/gadzz/Workspace/VTOL-MissionCenter/install/mission_center/lib/pkgconfig/mission_center.pc'
[60.608s] Level 1:colcon.colcon_core.environment:checking '/home/gadzz/Workspace/VTOL-MissionCenter/install/mission_center/lib/python3.10/site-packages'
[60.608s] Level 1:colcon.colcon_core.environment:checking '/home/gadzz/Workspace/VTOL-MissionCenter/install/mission_center/bin'
[60.609s] INFO:colcon.colcon_core.shell:Creating package script '/home/gadzz/Workspace/VTOL-MissionCenter/install/mission_center/share/mission_center/package.ps1'
[60.611s] INFO:colcon.colcon_core.shell:Creating package descriptor '/home/gadzz/Workspace/VTOL-MissionCenter/install/mission_center/share/mission_center/package.dsv'
[60.612s] INFO:colcon.colcon_core.shell:Creating package script '/home/gadzz/Workspace/VTOL-MissionCenter/install/mission_center/share/mission_center/package.sh'
[60.613s] INFO:colcon.colcon_core.shell:Creating package script '/home/gadzz/Workspace/VTOL-MissionCenter/install/mission_center/share/mission_center/package.bash'
[60.614s] INFO:colcon.colcon_core.shell:Creating package script '/home/gadzz/Workspace/VTOL-MissionCenter/install/mission_center/share/mission_center/package.zsh'
[60.614s] Level 1:colcon.colcon_core.environment:create_file_with_runtime_dependencies(/home/gadzz/Workspace/VTOL-MissionCenter/install/mission_center/share/colcon-core/packages/mission_center)
[60.615s] DEBUG:colcon.colcon_parallel_executor.executor.parallel:closing loop
[60.615s] DEBUG:colcon.colcon_parallel_executor.executor.parallel:loop closed
[60.615s] DEBUG:colcon.colcon_parallel_executor.executor.parallel:run_until_complete finished with '0'
[60.615s] DEBUG:colcon.colcon_core.event_reactor:joining thread
[60.632s] INFO:colcon.colcon_core.plugin_system:Skipping extension 'colcon_notification.desktop_notification.terminal_notifier': Not used on non-Darwin systems
[60.632s] INFO:colcon.colcon_core.plugin_system:Skipping extension 'colcon_notification.desktop_notification.win32': Not used on non-Windows systems
[60.632s] INFO:colcon.colcon_notification.desktop_notification:Sending desktop notification using 'notify2'
[60.695s] DEBUG:colcon.colcon_core.event_reactor:joined thread
[60.696s] INFO:colcon.colcon_core.shell:Creating prefix script '/home/gadzz/Workspace/VTOL-MissionCenter/install/local_setup.ps1'
[60.698s] INFO:colcon.colcon_core.shell:Creating prefix util module '/home/gadzz/Workspace/VTOL-MissionCenter/install/_local_setup_util_ps1.py'
[60.700s] INFO:colcon.colcon_core.shell:Creating prefix chain script '/home/gadzz/Workspace/VTOL-MissionCenter/install/setup.ps1'
[60.701s] INFO:colcon.colcon_core.shell:Creating prefix script '/home/gadzz/Workspace/VTOL-MissionCenter/install/local_setup.sh'
[60.702s] INFO:colcon.colcon_core.shell:Creating prefix util module '/home/gadzz/Workspace/VTOL-MissionCenter/install/_local_setup_util_sh.py'
[60.702s] INFO:colcon.colcon_core.shell:Creating prefix chain script '/home/gadzz/Workspace/VTOL-MissionCenter/install/setup.sh'
[60.704s] INFO:colcon.colcon_core.shell:Creating prefix script '/home/gadzz/Workspace/VTOL-MissionCenter/install/local_setup.bash'
[60.705s] INFO:colcon.colcon_core.shell:Creating prefix chain script '/home/gadzz/Workspace/VTOL-MissionCenter/install/setup.bash'
[60.707s] INFO:colcon.colcon_core.shell:Creating prefix script '/home/gadzz/Workspace/VTOL-MissionCenter/install/local_setup.zsh'
[60.709s] INFO:colcon.colcon_core.shell:Creating prefix chain script '/home/gadzz/Workspace/VTOL-MissionCenter/install/setup.zsh'
