[0.013s] Invoking command in '/home/gadzz/tubitak_ws/build/mission_center': AMENT_PREFIX_PATH=/home/gadzz/tubitak_ws/install/keyboard_msgs:${AMENT_PREFIX_PATH} CMAKE_PREFIX_PATH=/home/gadzz/tubitak_ws/install/keyboard_msgs:/home/gadzz/ardu_ws/install/test_ros_gz_bridge:/home/gadzz/ardu_ws/install/ros_ign:/home/gadzz/ardu_ws/install/ros_ign_gazebo_demos:/home/gadzz/ardu_ws/install/ros_gz:/home/gadzz/ardu_ws/install/ros_gz_sim_demos:/home/gadzz/ardu_ws/install/ardupilot_gz_bringup:/home/gadzz/ardu_ws/install/sdformat_urdf:/home/gadzz/ardu_ws/install/sdformat_test_files:/home/gadzz/ardu_ws/install/ros_ign_interfaces:/home/gadzz/ardu_ws/install/ros_ign_image:/home/gadzz/ardu_ws/install/ros_ign_gazebo:/home/gadzz/ardu_ws/install/ros_ign_bridge:/home/gadzz/ardu_ws/install/ros_gz_sim:/home/gadzz/ardu_ws/install/ros_gz_image:/home/gadzz/ardu_ws/install/ros_gz_bridge:/home/gadzz/ardu_ws/install/ros_gz_interfaces:/home/gadzz/ardu_ws/install/ardupilot_sitl:/home/gadzz/ardu_ws/install/micro_ros_agent:/home/gadzz/ardu_ws/install/keyboard:/home/gadzz/ardu_ws/install/keyboard_msgs:/home/gadzz/ardu_ws/install/ardupilot_sitl_models:/home/gadzz/ardu_ws/install/ardupilot_msgs:/home/gadzz/ardu_ws/install/ardupilot_gz_gazebo:/home/gadzz/ardu_ws/install/ardupilot_gz_description:/home/gadzz/ardu_ws/install/ardupilot_gz_application:/home/gadzz/ardu_ws/install/ardupilot_gazebo:/home/gadzz/ardu_ws/install/ardupilot_dds_tests:/opt/ros/humble LD_LIBRARY_PATH=/home/gadzz/tubitak_ws/install/keyboard_msgs/lib:${LD_LIBRARY_PATH} PYTHONPATH=/home/gadzz/tubitak_ws/install/keyboard_msgs/local/lib/python3.10/dist-packages:${PYTHONPATH} /usr/bin/cmake /home/gadzz/tubitak_ws/src/mission_center -DCMAKE_INSTALL_PREFIX=/home/gadzz/tubitak_ws/install/mission_center
[0.049s] -- The C compiler identification is GNU 11.4.0
[0.135s] -- The CXX compiler identification is Clang 14.0.0
[0.139s] -- Detecting C compiler ABI info
[0.178s] -- Detecting C compiler ABI info - done
[0.182s] -- Check for working C compiler: /usr/lib/ccache/cc - skipped
[0.183s] -- Detecting C compile features
[0.183s] -- Detecting C compile features - done
[0.185s] -- Detecting CXX compiler ABI info
[0.286s] -- Detecting CXX compiler ABI info - done
[0.290s] -- Check for working CXX compiler: /usr/bin/clang++ - skipped
[0.290s] -- Detecting CXX compile features
[0.290s] -- Detecting CXX compile features - done
[0.294s] -- Found ament_cmake: 1.3.11 (/opt/ros/humble/share/ament_cmake/cmake)
[0.404s] -- Found Python3: /usr/bin/python3 (found version "3.10.12") found components: Interpreter 
[0.477s] -- Found rclcpp: 16.0.11 (/opt/ros/humble/share/rclcpp/cmake)
[0.515s] -- Found rosidl_generator_c: 3.1.6 (/opt/ros/humble/share/rosidl_generator_c/cmake)
[0.520s] -- Found rosidl_adapter: 3.1.6 (/opt/ros/humble/share/rosidl_adapter/cmake)
[0.526s] -- Found rosidl_generator_cpp: 3.1.6 (/opt/ros/humble/share/rosidl_generator_cpp/cmake)
[0.535s] -- Using all available rosidl_typesupport_c: rosidl_typesupport_fastrtps_c;rosidl_typesupport_introspection_c
[0.548s] -- Using all available rosidl_typesupport_cpp: rosidl_typesupport_fastrtps_cpp;rosidl_typesupport_introspection_cpp
[0.586s] -- Found rmw_implementation_cmake: 6.1.2 (/opt/ros/humble/share/rmw_implementation_cmake/cmake)
[0.589s] -- Found rmw_fastrtps_cpp: 6.2.7 (/opt/ros/humble/share/rmw_fastrtps_cpp/cmake)
[0.652s] -- Found OpenSSL: /usr/lib/x86_64-linux-gnu/libcrypto.so (found version "3.0.2")  
[0.675s] -- Found FastRTPS: /opt/ros/humble/include  
[0.709s] -- Using RMW implementation 'rmw_fastrtps_cpp' as default
[0.717s] -- Looking for pthread.h
[0.757s] -- Looking for pthread.h - found
[0.757s] -- Performing Test CMAKE_HAVE_LIBC_PTHREAD
[0.799s] -- Performing Test CMAKE_HAVE_LIBC_PTHREAD - Success
[0.800s] -- Found Threads: TRUE  
[0.837s] -- Found std_srvs: 4.2.4 (/opt/ros/humble/share/std_srvs/cmake)
[0.845s] -- Found sensor_msgs: 4.2.4 (/opt/ros/humble/share/sensor_msgs/cmake)
[0.875s] [33mCMake Warning (dev) at /usr/share/cmake-3.22/Modules/FindOpenGL.cmake:315 (message):
[0.875s]   Policy CMP0072 is not set: FindOpenGL prefers GLVND by default when
[0.875s]   available.  Run "cmake --help-policy CMP0072" for policy details.  Use the
[0.876s]   cmake_policy command to set the policy and suppress this warning.
[0.876s] 
[0.876s]   FindOpenGL found both a legacy GL library:
[0.876s] 
[0.876s]     OPENGL_gl_LIBRARY: /usr/lib/x86_64-linux-gnu/libGL.so
[0.876s] 
[0.876s]   and GLVND libraries for OpenGL and GLX:
[0.876s] 
[0.876s]     OPENGL_opengl_LIBRARY: /usr/lib/x86_64-linux-gnu/libOpenGL.so
[0.876s]     OPENGL_glx_LIBRARY: /usr/lib/x86_64-linux-gnu/libGLX.so
[0.876s] 
[0.876s]   OpenGL_GL_PREFERENCE has not been set to "GLVND" or "LEGACY", so for
[0.876s]   compatibility with CMake 3.10 and below the legacy GL library will be used.
[0.876s] Call Stack (most recent call first):
[0.876s]   CMakeLists.txt:20 (find_package)
[0.876s] This warning is for project developers.  Use -Wno-dev to suppress it.
[0.876s] [0m
[0.876s] -- Found OpenGL: /usr/lib/x86_64-linux-gnu/libOpenGL.so   
[0.880s] -- Found keyboard_msgs: 1.0.0 (/home/gadzz/tubitak_ws/install/keyboard_msgs/share/keyboard_msgs/cmake)
[0.889s] -- Found mavros_msgs: 2.9.0 (/opt/ros/humble/share/mavros_msgs/cmake)
[0.932s] -- Found keyboard: 1.0.0 (/home/gadzz/ardu_ws/install/keyboard/share/keyboard/cmake)
[0.941s] -- Found Boost: /usr/lib/x86_64-linux-gnu/cmake/Boost-1.74.0/BoostConfig.cmake (found version "1.74.0") found components: system 
[0.955s] -- Found ament_lint_auto: 0.12.11 (/opt/ros/humble/share/ament_lint_auto/cmake)
[1.024s] -- Added test 'cppcheck' to perform static code analysis on C / C++ code
[1.025s] -- Configured cppcheck include dirs: /home/gadzz/tubitak_ws/src/mission_center/include;/home/gadzz/tubitak_ws/src/mission_center/third_party/imgui
[1.025s] -- Configured cppcheck exclude dirs and/or files: 
[1.027s] -- Added test 'lint_cmake' to check CMake code style
[1.034s] -- Added test 'uncrustify' to check C / C++ code style
[1.034s] -- Configured uncrustify additional arguments: 
[1.035s] -- Added test 'xmllint' to check XML markup files
[1.036s] -- Configuring done
[1.057s] -- Generating done
[1.066s] -- Build files have been written to: /home/gadzz/tubitak_ws/build/mission_center
[1.074s] Invoked command in '/home/gadzz/tubitak_ws/build/mission_center' returned '0': AMENT_PREFIX_PATH=/home/gadzz/tubitak_ws/install/keyboard_msgs:${AMENT_PREFIX_PATH} CMAKE_PREFIX_PATH=/home/gadzz/tubitak_ws/install/keyboard_msgs:/home/gadzz/ardu_ws/install/test_ros_gz_bridge:/home/gadzz/ardu_ws/install/ros_ign:/home/gadzz/ardu_ws/install/ros_ign_gazebo_demos:/home/gadzz/ardu_ws/install/ros_gz:/home/gadzz/ardu_ws/install/ros_gz_sim_demos:/home/gadzz/ardu_ws/install/ardupilot_gz_bringup:/home/gadzz/ardu_ws/install/sdformat_urdf:/home/gadzz/ardu_ws/install/sdformat_test_files:/home/gadzz/ardu_ws/install/ros_ign_interfaces:/home/gadzz/ardu_ws/install/ros_ign_image:/home/gadzz/ardu_ws/install/ros_ign_gazebo:/home/gadzz/ardu_ws/install/ros_ign_bridge:/home/gadzz/ardu_ws/install/ros_gz_sim:/home/gadzz/ardu_ws/install/ros_gz_image:/home/gadzz/ardu_ws/install/ros_gz_bridge:/home/gadzz/ardu_ws/install/ros_gz_interfaces:/home/gadzz/ardu_ws/install/ardupilot_sitl:/home/gadzz/ardu_ws/install/micro_ros_agent:/home/gadzz/ardu_ws/install/keyboard:/home/gadzz/ardu_ws/install/keyboard_msgs:/home/gadzz/ardu_ws/install/ardupilot_sitl_models:/home/gadzz/ardu_ws/install/ardupilot_msgs:/home/gadzz/ardu_ws/install/ardupilot_gz_gazebo:/home/gadzz/ardu_ws/install/ardupilot_gz_description:/home/gadzz/ardu_ws/install/ardupilot_gz_application:/home/gadzz/ardu_ws/install/ardupilot_gazebo:/home/gadzz/ardu_ws/install/ardupilot_dds_tests:/opt/ros/humble LD_LIBRARY_PATH=/home/gadzz/tubitak_ws/install/keyboard_msgs/lib:${LD_LIBRARY_PATH} PYTHONPATH=/home/gadzz/tubitak_ws/install/keyboard_msgs/local/lib/python3.10/dist-packages:${PYTHONPATH} /usr/bin/cmake /home/gadzz/tubitak_ws/src/mission_center -DCMAKE_INSTALL_PREFIX=/home/gadzz/tubitak_ws/install/mission_center
[1.075s] Invoking command in '/home/gadzz/tubitak_ws/build/mission_center': AMENT_PREFIX_PATH=/home/gadzz/tubitak_ws/install/keyboard_msgs:${AMENT_PREFIX_PATH} CMAKE_PREFIX_PATH=/home/gadzz/tubitak_ws/install/keyboard_msgs:/home/gadzz/ardu_ws/install/test_ros_gz_bridge:/home/gadzz/ardu_ws/install/ros_ign:/home/gadzz/ardu_ws/install/ros_ign_gazebo_demos:/home/gadzz/ardu_ws/install/ros_gz:/home/gadzz/ardu_ws/install/ros_gz_sim_demos:/home/gadzz/ardu_ws/install/ardupilot_gz_bringup:/home/gadzz/ardu_ws/install/sdformat_urdf:/home/gadzz/ardu_ws/install/sdformat_test_files:/home/gadzz/ardu_ws/install/ros_ign_interfaces:/home/gadzz/ardu_ws/install/ros_ign_image:/home/gadzz/ardu_ws/install/ros_ign_gazebo:/home/gadzz/ardu_ws/install/ros_ign_bridge:/home/gadzz/ardu_ws/install/ros_gz_sim:/home/gadzz/ardu_ws/install/ros_gz_image:/home/gadzz/ardu_ws/install/ros_gz_bridge:/home/gadzz/ardu_ws/install/ros_gz_interfaces:/home/gadzz/ardu_ws/install/ardupilot_sitl:/home/gadzz/ardu_ws/install/micro_ros_agent:/home/gadzz/ardu_ws/install/keyboard:/home/gadzz/ardu_ws/install/keyboard_msgs:/home/gadzz/ardu_ws/install/ardupilot_sitl_models:/home/gadzz/ardu_ws/install/ardupilot_msgs:/home/gadzz/ardu_ws/install/ardupilot_gz_gazebo:/home/gadzz/ardu_ws/install/ardupilot_gz_description:/home/gadzz/ardu_ws/install/ardupilot_gz_application:/home/gadzz/ardu_ws/install/ardupilot_gazebo:/home/gadzz/ardu_ws/install/ardupilot_dds_tests:/opt/ros/humble LD_LIBRARY_PATH=/home/gadzz/tubitak_ws/install/keyboard_msgs/lib:${LD_LIBRARY_PATH} PYTHONPATH=/home/gadzz/tubitak_ws/install/keyboard_msgs/local/lib/python3.10/dist-packages:${PYTHONPATH} /usr/bin/cmake --build /home/gadzz/tubitak_ws/build/mission_center -- -j8 -l8
[1.115s] [ 12%] [32mBuilding CXX object CMakeFiles/trajectory_streamer.dir/src/trajectory_streamer.cpp.o[0m
[1.115s] [ 12%] [32mBuilding CXX object CMakeFiles/uav_mission.dir/src/uav_mission.cpp.o[0m
[1.115s] [ 18%] [32mBuilding CXX object CMakeFiles/safety_node.dir/src/safety_node.cpp.o[0m
[3.135s] In file included from /home/gadzz/tubitak_ws/src/mission_center/src/uav_mission.cpp:1:
[3.135s] [1m/home/gadzz/tubitak_ws/src/mission_center/include/mission_center/uav_mission.hpp:86:73: [0m[0;1;35mwarning: [0m[1munused parameter 'request' [-Wunused-parameter][0m
[3.135s]   bool killPilotCb(const std::shared_ptr<std_srvs::srv::Empty::Request> request,
[3.135s] [0;1;32m                                                                        ^
[3.135s] [0m[1m/home/gadzz/tubitak_ws/src/mission_center/include/mission_center/uav_mission.hpp:87:68: [0m[0;1;35mwarning: [0m[1munused parameter 'response' [-Wunused-parameter][0m
[3.135s]                    std::shared_ptr<std_srvs::srv::Empty::Response> response) {
[3.135s] [0;1;32m                                                                   ^
[3.179s] [0m[1m/home/gadzz/tubitak_ws/src/mission_center/src/uav_mission.cpp:52:58: [0m[0;1;35mwarning: [0m[1munused parameter 'request' [-Wunused-parameter][0m
[3.179s]     const std::shared_ptr<std_srvs::srv::Empty::Request> request,
[3.179s] [0;1;32m                                                         ^
[3.179s] [0m[1m/home/gadzz/tubitak_ws/src/mission_center/src/uav_mission.cpp:53:53: [0m[0;1;35mwarning: [0m[1munused parameter 'response' [-Wunused-parameter][0m
[3.179s]     std::shared_ptr<std_srvs::srv::Empty::Response> response) {
[3.179s] [0;1;32m                                                    ^
[3.197s] [0m[1m/home/gadzz/tubitak_ws/src/mission_center/src/uav_mission.cpp:125:11: [0m[0;1;35mwarning: [0m[1munused variable 'gotTopic' [-Wunused-variable][0m
[3.197s]       int gotTopic =
[3.197s] [0;1;32m          ^
[3.217s] [0m[1m/home/gadzz/tubitak_ws/src/mission_center/src/uav_mission.cpp:169:11: [0m[0;1;35mwarning: [0m[1munused variable 'gotTopic' [-Wunused-variable][0m
[3.217s]       int gotTopic =
[3.217s] [0;1;32m          ^
[3.501s] [ 25%] [32m[1mLinking CXX executable trajectory_streamer[0m
[3.668s] [ 25%] Built target trajectory_streamer
[5.282s] [ 31%] [32m[1mLinking CXX executable safety_node[0m
[5.581s] [ 31%] Built target safety_node
[10.354s] [0m6 warnings generated.
[10.377s] [ 37%] [32m[1mLinking CXX shared library libuav_mission.so[0m
[11.243s] [ 37%] Built target uav_mission
[11.260s] [ 75%] [32mBuilding CXX object CMakeFiles/ui_node.dir/third_party/imgui/imgui_draw.cpp.o[0m
[11.260s] [ 75%] [32mBuilding CXX object CMakeFiles/ui_node.dir/third_party/imgui/imgui_tables.cpp.o[0m
[11.260s] [ 75%] [32mBuilding CXX object CMakeFiles/ui_node.dir/third_party/imgui/imgui.cpp.o[0m
[11.260s] [ 75%] [32mBuilding CXX object CMakeFiles/ui_node.dir/src/ui_node.cpp.o[0m
[11.260s] [ 75%] [32mBuilding CXX object CMakeFiles/ui_node.dir/third_party/imgui/backends/imgui_impl_glfw.cpp.o[0m
[11.261s] [ 75%] [32mBuilding CXX object CMakeFiles/ui_node.dir/third_party/imgui/imgui_widgets.cpp.o[0m
[11.261s] [ 81%] [32mBuilding CXX object CMakeFiles/pilot_node.dir/src/pilot_node.cpp.o[0m
[11.261s] [ 87%] [32mBuilding CXX object CMakeFiles/ui_node.dir/third_party/imgui/backends/imgui_impl_opengl3.cpp.o[0m
[13.517s] In file included from /home/gadzz/tubitak_ws/src/mission_center/src/pilot_node.cpp:1:
[13.517s] [1m/home/gadzz/tubitak_ws/src/mission_center/include/mission_center/uav_mission.hpp:86:73: [0m[0;1;35mwarning: [0m[1munused parameter 'request' [-Wunused-parameter][0m
[13.517s]   bool killPilotCb(const std::shared_ptr<std_srvs::srv::Empty::Request> request,
[13.517s] [0;1;32m                                                                        ^
[13.517s] [0m[1m/home/gadzz/tubitak_ws/src/mission_center/include/mission_center/uav_mission.hpp:87:68: [0m[0;1;35mwarning: [0m[1munused parameter 'response' [-Wunused-parameter][0m
[13.518s]                    std::shared_ptr<std_srvs::srv::Empty::Response> response) {
[13.518s] [0;1;32m                                                                   ^
[13.536s] [0m[1m/home/gadzz/tubitak_ws/src/mission_center/src/pilot_node.cpp:27:73: [0m[0;1;35mwarning: [0m[1munused parameter 'request' [-Wunused-parameter][0m
[13.537s]   bool killPilotCb(const std::shared_ptr<std_srvs::srv::Empty::Request> request,
[13.537s] [0;1;32m                                                                        ^
[13.537s] [0m[1m/home/gadzz/tubitak_ws/src/mission_center/src/pilot_node.cpp:28:68: [0m[0;1;35mwarning: [0m[1munused parameter 'response' [-Wunused-parameter][0m
[13.537s]                    std::shared_ptr<std_srvs::srv::Empty::Response> response) {
[13.537s] [0;1;32m                                                                   ^
[13.851s] [ 93%] [32m[1mLinking CXX executable ui_node[0m
[14.082s] [0m/usr/bin/ld: libuav_mission.so: undefined reference to `vtable for YAML::BadConversion'
[14.082s] /usr/bin/ld: libuav_mission.so: undefined reference to `YAML::detail::memory::create_node()'
[14.082s] /usr/bin/ld: libuav_mission.so: undefined reference to `YAML::detail::node_data::set_null()'
[14.082s] /usr/bin/ld: libuav_mission.so: undefined reference to `vtable for YAML::InvalidNode'
[14.083s] /usr/bin/ld: libuav_mission.so: undefined reference to `typeinfo for YAML::InvalidNode'
[14.084s] /usr/bin/ld: libuav_mission.so: undefined reference to `YAML::detail::node_data::empty_scalar[abi:cxx11]()'
[14.084s] /usr/bin/ld: libuav_mission.so: undefined reference to `YAML::InvalidNode::~InvalidNode()'
[14.084s] /usr/bin/ld: libuav_mission.so: undefined reference to `typeinfo for YAML::BadSubscript'
[14.084s] /usr/bin/ld: libuav_mission.so: undefined reference to `typeinfo for YAML::BadConversion'
[14.085s] /usr/bin/ld: libuav_mission.so: undefined reference to `YAML::BadConversion::~BadConversion()'
[14.086s] /usr/bin/ld: libuav_mission.so: undefined reference to `vtable for YAML::RepresentationException'
[14.087s] /usr/bin/ld: libuav_mission.so: undefined reference to `YAML::BadSubscript::~BadSubscript()'
[14.087s] /usr/bin/ld: libuav_mission.so: undefined reference to `vtable for YAML::Exception'
[14.087s] /usr/bin/ld: libuav_mission.so: undefined reference to `YAML::detail::node_data::mark_defined()'
[14.088s] /usr/bin/ld: libuav_mission.so: undefined reference to `vtable for YAML::BadSubscript'
[14.095s] clang: [0;1;31merror: [0m[1mlinker command failed with exit code 1 (use -v to see invocation)[0m
[14.098s] gmake[2]: *** [CMakeFiles/ui_node.dir/build.make:314: ui_node] Error 1
[14.098s] gmake[1]: *** [CMakeFiles/Makefile2:223: CMakeFiles/ui_node.dir/all] Error 2
[14.098s] gmake[1]: *** Waiting for unfinished jobs....
[14.250s] 4 warnings generated.
[14.264s] [100%] [32m[1mLinking CXX executable pilot_node[0m
[14.441s] [100%] Built target pilot_node
[14.442s] gmake: *** [Makefile:146: all] Error 2
[14.444s] Invoked command in '/home/gadzz/tubitak_ws/build/mission_center' returned '2': AMENT_PREFIX_PATH=/home/gadzz/tubitak_ws/install/keyboard_msgs:${AMENT_PREFIX_PATH} CMAKE_PREFIX_PATH=/home/gadzz/tubitak_ws/install/keyboard_msgs:/home/gadzz/ardu_ws/install/test_ros_gz_bridge:/home/gadzz/ardu_ws/install/ros_ign:/home/gadzz/ardu_ws/install/ros_ign_gazebo_demos:/home/gadzz/ardu_ws/install/ros_gz:/home/gadzz/ardu_ws/install/ros_gz_sim_demos:/home/gadzz/ardu_ws/install/ardupilot_gz_bringup:/home/gadzz/ardu_ws/install/sdformat_urdf:/home/gadzz/ardu_ws/install/sdformat_test_files:/home/gadzz/ardu_ws/install/ros_ign_interfaces:/home/gadzz/ardu_ws/install/ros_ign_image:/home/gadzz/ardu_ws/install/ros_ign_gazebo:/home/gadzz/ardu_ws/install/ros_ign_bridge:/home/gadzz/ardu_ws/install/ros_gz_sim:/home/gadzz/ardu_ws/install/ros_gz_image:/home/gadzz/ardu_ws/install/ros_gz_bridge:/home/gadzz/ardu_ws/install/ros_gz_interfaces:/home/gadzz/ardu_ws/install/ardupilot_sitl:/home/gadzz/ardu_ws/install/micro_ros_agent:/home/gadzz/ardu_ws/install/keyboard:/home/gadzz/ardu_ws/install/keyboard_msgs:/home/gadzz/ardu_ws/install/ardupilot_sitl_models:/home/gadzz/ardu_ws/install/ardupilot_msgs:/home/gadzz/ardu_ws/install/ardupilot_gz_gazebo:/home/gadzz/ardu_ws/install/ardupilot_gz_description:/home/gadzz/ardu_ws/install/ardupilot_gz_application:/home/gadzz/ardu_ws/install/ardupilot_gazebo:/home/gadzz/ardu_ws/install/ardupilot_dds_tests:/opt/ros/humble LD_LIBRARY_PATH=/home/gadzz/tubitak_ws/install/keyboard_msgs/lib:${LD_LIBRARY_PATH} PYTHONPATH=/home/gadzz/tubitak_ws/install/keyboard_msgs/local/lib/python3.10/dist-packages:${PYTHONPATH} /usr/bin/cmake --build /home/gadzz/tubitak_ws/build/mission_center -- -j8 -l8
