[33mCMake Warning (dev) at /usr/share/cmake-3.22/Modules/FindOpenGL.cmake:315 (message):
  Policy CMP0072 is not set: FindOpenGL prefers GLVND by default when
  available.  Run "cmake --help-policy CMP0072" for policy details.  Use the
  cmake_policy command to set the policy and suppress this warning.

  FindOpenGL found both a legacy GL library:

    OPENGL_gl_LIBRARY: /usr/lib/x86_64-linux-gnu/libGL.so

  and GLVND libraries for OpenGL and GLX:

    OPENGL_opengl_LIBRARY: /usr/lib/x86_64-linux-gnu/libOpenGL.so
    OPENGL_glx_LIBRARY: /usr/lib/x86_64-linux-gnu/libGLX.so

  OpenGL_GL_PREFERENCE has not been set to "GLVND" or "LEGACY", so for
  compatibility with CMake 3.10 and below the legacy GL library will be used.
Call Stack (most recent call first):
  CMakeLists.txt:20 (find_package)
This warning is for project developers.  Use -Wno-dev to suppress it.
[0m
[01m[K/home/gadzz/vtol_ws/src/mission_center/src/trajectory_streamer.cpp:5:10:[m[K [01;31m[Kfatal error: [m[Kmavros_msgs/msg/position_target.hpp: No such file or directory
    5 | #include [01;31m[K"mavros_msgs/msg/position_target.hpp"[m[K
      |          [01;31m[K^~~~~~~~~~~~~~~~~~~~~~~~~~~~~~~~~~~~~[m[K
compilation terminated.
gmake[2]: *** [CMakeFiles/trajectory_streamer.dir/build.make:76: CMakeFiles/trajectory_streamer.dir/src/trajectory_streamer.cpp.o] Error 1
gmake[1]: *** [CMakeFiles/Makefile2:249: CMakeFiles/trajectory_streamer.dir/all] Error 2
gmake[1]: *** Waiting for unfinished jobs....
In file included from [01m[K/home/gadzz/vtol_ws/src/mission_center/src/uav_mission.cpp:1[m[K:
[01m[K/home/gadzz/vtol_ws/src/mission_center/include/mission_center/uav_mission.hpp:5:10:[m[K [01;31m[Kfatal error: [m[Kmavros_msgs/msg/state.hpp: No such file or directory
    5 | #include [01;31m[K<mavros_msgs/msg/state.hpp>[m[K
      |          [01;31m[K^~~~~~~~~~~~~~~~~~~~~~~~~~~[m[K
compilation terminated.
gmake[2]: *** [CMakeFiles/uav_mission.dir/build.make:76: CMakeFiles/uav_mission.dir/src/uav_mission.cpp.o] Error 1
gmake[1]: *** [CMakeFiles/Makefile2:145: CMakeFiles/uav_mission.dir/all] Error 2
[01m[K/home/gadzz/vtol_ws/src/mission_center/src/safety_node.cpp:[m[K In function ‘[01m[Kint rcTrigger()[m[K’:
[01m[K/home/gadzz/vtol_ws/src/mission_center/src/safety_node.cpp:98:19:[m[K [01;31m[Kerror: [m[K‘[01m[Kmavros_msgs[m[K’ was not declared in this scope
   98 |   std::shared_ptr<[01;31m[Kmavros_msgs[m[K::msg::RCIn> rcInPtr;
      |                   [01;31m[K^~~~~~~~~~~[m[K
[01m[K/home/gadzz/vtol_ws/src/mission_center/src/safety_node.cpp:98:41:[m[K [01;31m[Kerror: [m[Ktemplate argument 1 is invalid
   98 |   std::shared_ptr<mavros_msgs::msg::RCIn[01;31m[K>[m[K rcInPtr;
      |                                         [01;31m[K^[m[K
[01m[K/home/gadzz/vtol_ws/src/mission_center/src/safety_node.cpp:99:3:[m[K [01;31m[Kerror: [m[Kparse error in template argument list
   99 |   [01;31m[Kwait_for_message<mavros_msgs::msg::RCIn>[m[K(rcInPtr, nh, "/mavros/rc/in",
      |   [01;31m[K^~~~~~~~~~~~~~~~~~~~~~~~~~~~~~~~~~~~~~~~[m[K
[01m[K/home/gadzz/vtol_ws/src/mission_center/src/safety_node.cpp:99:43:[m[K [01;31m[Kerror: [m[Kno matching function for call to ‘[01m[Kwait_for_message<mavros_msgs>(int&, rclcpp::Node::SharedPtr&, const char [14], std::chrono::seconds)[m[K’
   99 |   [01;31m[Kwait_for_message<mavros_msgs::msg::RCIn>(rcInPtr, nh, "/mavros/rc/in",[m[K
      |   [01;31m[K~~~~~~~~~~~~~~~~~~~~~~~~~~~~~~~~~~~~~~~~^~~~~~~~~~~~~~~~~~~~~~~~~~~~~~[m[K
  100 | [01;31m[K                                           std::chrono::seconds(5))[m[K;
      |                                            [01;31m[K~~~~~~~~~~~~~~~~~~~~~~~~[m[K
[01m[K/home/gadzz/vtol_ws/src/mission_center/src/safety_node.cpp:77:6:[m[K [01;36m[Knote: [m[Kcandidate: ‘[01m[Ktemplate<class MessageT> void wait_for_message(std::shared_ptr<_Tp>&, rclcpp::Node::SharedPtr, const string&, std::chrono::nanoseconds)[m[K’
   77 | void [01;36m[Kwait_for_message[m[K(
      |      [01;36m[K^~~~~~~~~~~~~~~~[m[K
[01m[K/home/gadzz/vtol_ws/src/mission_center/src/safety_node.cpp:77:6:[m[K [01;36m[Knote: [m[K  template argument deduction/substitution failed:
In file included from [01m[K/home/gadzz/vtol_ws/src/mission_center/src/safety_node.cpp:8[m[K:
[01m[K/opt/ros/humble/include/rclcpp/rclcpp/wait_for_message.hpp:42:6:[m[K [01;36m[Knote: [m[Kcandidate: ‘[01m[Ktemplate<class MsgT, class Rep, class Period> bool rclcpp::wait_for_message(MsgT&, std::shared_ptr<rclcpp::Subscription<MsgT> >, std::shared_ptr<rclcpp::Context>, std::chrono::duration<_Rep, _Period>)[m[K’
   42 | bool [01;36m[Kwait_for_message[m[K(
      |      [01;36m[K^~~~~~~~~~~~~~~~[m[K
[01m[K/opt/ros/humble/include/rclcpp/rclcpp/wait_for_message.hpp:42:6:[m[K [01;36m[Knote: [m[K  template argument deduction/substitution failed:
[01m[K/opt/ros/humble/include/rclcpp/rclcpp/wait_for_message.hpp:90:6:[m[K [01;36m[Knote: [m[Kcandidate: ‘[01m[Ktemplate<class MsgT, class Rep, class Period> bool rclcpp::wait_for_message(MsgT&, rclcpp::Node::SharedPtr, const string&, std::chrono::duration<_Rep, _Period>)[m[K’
   90 | bool [01;36m[Kwait_for_message[m[K(
      |      [01;36m[K^~~~~~~~~~~~~~~~[m[K
[01m[K/opt/ros/humble/include/rclcpp/rclcpp/wait_for_message.hpp:90:6:[m[K [01;36m[Knote: [m[K  template argument deduction/substitution failed:
[01m[K/home/gadzz/vtol_ws/src/mission_center/src/safety_node.cpp:111:20:[m[K [01;31m[Kerror: [m[Kbase operand of ‘[01m[K->[m[K’ is not a pointer
  111 |   if (rcPWM(rcInPtr[01;31m[K->[m[Kchannels.at(RC_STABILIZE - 1), RC_STABILIZE_PWM)) {
      |                    [01;31m[K^~[m[K
gmake[2]: *** [CMakeFiles/safety_node.dir/build.make:76: CMakeFiles/safety_node.dir/src/safety_node.cpp.o] Error 1
gmake[1]: *** [CMakeFiles/Makefile2:197: CMakeFiles/safety_node.dir/all] Error 2
gmake: *** [Makefile:146: all] Error 2
