[0.012s] Invoking command in '/home/gadzz/tubitak_ws/build/mission_center': AMENT_PREFIX_PATH=/home/gadzz/tubitak_ws/install/keyboard_msgs:${AMENT_PREFIX_PATH} CMAKE_PREFIX_PATH=/home/gadzz/tubitak_ws/install/keyboard_msgs:/home/gadzz/ardu_ws/install/test_ros_gz_bridge:/home/gadzz/ardu_ws/install/ros_ign:/home/gadzz/ardu_ws/install/ros_ign_gazebo_demos:/home/gadzz/ardu_ws/install/ros_gz:/home/gadzz/ardu_ws/install/ros_gz_sim_demos:/home/gadzz/ardu_ws/install/ardupilot_gz_bringup:/home/gadzz/ardu_ws/install/sdformat_urdf:/home/gadzz/ardu_ws/install/sdformat_test_files:/home/gadzz/ardu_ws/install/ros_ign_interfaces:/home/gadzz/ardu_ws/install/ros_ign_image:/home/gadzz/ardu_ws/install/ros_ign_gazebo:/home/gadzz/ardu_ws/install/ros_ign_bridge:/home/gadzz/ardu_ws/install/ros_gz_sim:/home/gadzz/ardu_ws/install/ros_gz_image:/home/gadzz/ardu_ws/install/ros_gz_bridge:/home/gadzz/ardu_ws/install/ros_gz_interfaces:/home/gadzz/ardu_ws/install/ardupilot_sitl:/home/gadzz/ardu_ws/install/micro_ros_agent:/home/gadzz/ardu_ws/install/keyboard:/home/gadzz/ardu_ws/install/keyboard_msgs:/home/gadzz/ardu_ws/install/ardupilot_sitl_models:/home/gadzz/ardu_ws/install/ardupilot_msgs:/home/gadzz/ardu_ws/install/ardupilot_gz_gazebo:/home/gadzz/ardu_ws/install/ardupilot_gz_description:/home/gadzz/ardu_ws/install/ardupilot_gz_application:/home/gadzz/ardu_ws/install/ardupilot_gazebo:/home/gadzz/ardu_ws/install/ardupilot_dds_tests:/opt/ros/humble LD_LIBRARY_PATH=/home/gadzz/tubitak_ws/install/keyboard_msgs/lib:${LD_LIBRARY_PATH} PYTHONPATH=/home/gadzz/tubitak_ws/install/keyboard_msgs/local/lib/python3.10/dist-packages:${PYTHONPATH} /usr/bin/cmake --build /home/gadzz/tubitak_ws/build/mission_center -- -j8 -l8
[0.036s] -- Found ament_cmake: 1.3.11 (/opt/ros/humble/share/ament_cmake/cmake)
[0.138s] -- Found rclcpp: 16.0.11 (/opt/ros/humble/share/rclcpp/cmake)
[0.167s] -- Found rosidl_generator_c: 3.1.6 (/opt/ros/humble/share/rosidl_generator_c/cmake)
[0.170s] -- Found rosidl_adapter: 3.1.6 (/opt/ros/humble/share/rosidl_adapter/cmake)
[0.175s] -- Found rosidl_generator_cpp: 3.1.6 (/opt/ros/humble/share/rosidl_generator_cpp/cmake)
[0.183s] -- Using all available rosidl_typesupport_c: rosidl_typesupport_fastrtps_c;rosidl_typesupport_introspection_c
[0.194s] -- Using all available rosidl_typesupport_cpp: rosidl_typesupport_fastrtps_cpp;rosidl_typesupport_introspection_cpp
[0.220s] -- Found rmw_implementation_cmake: 6.1.2 (/opt/ros/humble/share/rmw_implementation_cmake/cmake)
[0.222s] -- Found rmw_fastrtps_cpp: 6.2.7 (/opt/ros/humble/share/rmw_fastrtps_cpp/cmake)
[0.306s] -- Using RMW implementation 'rmw_fastrtps_cpp' as default
[0.346s] -- Found std_srvs: 4.2.4 (/opt/ros/humble/share/std_srvs/cmake)
[0.353s] -- Found sensor_msgs: 4.2.4 (/opt/ros/humble/share/sensor_msgs/cmake)
[0.378s] [33mCMake Warning (dev) at /usr/share/cmake-3.22/Modules/FindOpenGL.cmake:315 (message):
[0.378s]   Policy CMP0072 is not set: FindOpenGL prefers GLVND by default when
[0.378s]   available.  Run "cmake --help-policy CMP0072" for policy details.  Use the
[0.378s]   cmake_policy command to set the policy and suppress this warning.
[0.378s] 
[0.378s]   FindOpenGL found both a legacy GL library:
[0.378s] 
[0.378s]     OPENGL_gl_LIBRARY: /usr/lib/x86_64-linux-gnu/libGL.so
[0.378s] 
[0.378s]   and GLVND libraries for OpenGL and GLX:
[0.378s] 
[0.378s]     OPENGL_opengl_LIBRARY: /usr/lib/x86_64-linux-gnu/libOpenGL.so
[0.378s]     OPENGL_glx_LIBRARY: /usr/lib/x86_64-linux-gnu/libGLX.so
[0.378s] 
[0.378s]   OpenGL_GL_PREFERENCE has not been set to "GLVND" or "LEGACY", so for
[0.378s]   compatibility with CMake 3.10 and below the legacy GL library will be used.
[0.378s] Call Stack (most recent call first):
[0.378s]   CMakeLists.txt:20 (find_package)
[0.378s] This warning is for project developers.  Use -Wno-dev to suppress it.
[0.378s] [0m
[0.379s] -- Found keyboard_msgs: 1.0.0 (/home/gadzz/ardu_ws/install/keyboard_msgs/share/keyboard_msgs/cmake)
[0.388s] -- Found mavros_msgs: 2.9.0 (/opt/ros/humble/share/mavros_msgs/cmake)
[0.429s] -- Found keyboard: 1.0.0 (/home/gadzz/ardu_ws/install/keyboard/share/keyboard/cmake)
[0.447s] -- Found ament_lint_auto: 0.12.11 (/opt/ros/humble/share/ament_lint_auto/cmake)
[0.505s] -- Added test 'cppcheck' to perform static code analysis on C / C++ code
[0.505s] -- Configured cppcheck include dirs: /home/gadzz/tubitak_ws/src/mission_center/include;/home/gadzz/tubitak_ws/src/mission_center/third_party/imgui
[0.505s] -- Configured cppcheck exclude dirs and/or files: 
[0.508s] -- Added test 'lint_cmake' to check CMake code style
[0.518s] -- Added test 'uncrustify' to check C / C++ code style
[0.518s] -- Configured uncrustify additional arguments: 
[0.520s] -- Added test 'xmllint' to check XML markup files
[0.521s] -- Configuring done
[0.542s] -- Generating done
[0.555s] -- Build files have been written to: /home/gadzz/tubitak_ws/build/mission_center
[0.575s] [35m[1mConsolidate compiler generated dependencies of target safety_node[0m
[0.575s] [35m[1mConsolidate compiler generated dependencies of target uav_mission[0m
[0.582s] [  6%] [32mBuilding CXX object CMakeFiles/trajectory_streamer.dir/src/trajectory_streamer.cpp.o[0m
[0.586s] [ 18%] Built target safety_node
[0.589s] [ 31%] Built target uav_mission
[0.597s] [35m[1mConsolidate compiler generated dependencies of target pilot_node[0m
[0.599s] [35m[1mConsolidate compiler generated dependencies of target ui_node[0m
[0.611s] [ 43%] Built target pilot_node
[0.612s] [ 93%] Built target ui_node
[2.843s] [01m[K/home/gadzz/tubitak_ws/src/mission_center/src/trajectory_streamer.cpp:[m[K In member function ‘[01m[Kvoid TrajectoryStreamer::timer_callback()[m[K’:
[2.843s] [01m[K/home/gadzz/tubitak_ws/src/mission_center/src/trajectory_streamer.cpp:35:25:[m[K [01;31m[Kerror: [m[K‘[01m[KIGNORE_ACCELERATION[m[K’ is not a member of ‘[01m[Kmavros_msgs::msg::PositionTarget[m[K’ {aka ‘[01m[Kmavros_msgs::msg::PositionTarget_<std::allocator<void> >[m[K’}
[2.843s]    35 |         PositionTarget::[01;31m[KIGNORE_ACCELERATION[m[K | PositionTarget::IGNORE_YAW_RATE;
[2.843s]       |                         [01;31m[K^~~~~~~~~~~~~~~~~~~[m[K
[2.844s] gmake[2]: *** [CMakeFiles/trajectory_streamer.dir/build.make:76: CMakeFiles/trajectory_streamer.dir/src/trajectory_streamer.cpp.o] Error 1
[2.844s] gmake[1]: *** [CMakeFiles/Makefile2:249: CMakeFiles/trajectory_streamer.dir/all] Error 2
[2.844s] gmake: *** [Makefile:146: all] Error 2
[2.846s] Invoked command in '/home/gadzz/tubitak_ws/build/mission_center' returned '2': AMENT_PREFIX_PATH=/home/gadzz/tubitak_ws/install/keyboard_msgs:${AMENT_PREFIX_PATH} CMAKE_PREFIX_PATH=/home/gadzz/tubitak_ws/install/keyboard_msgs:/home/gadzz/ardu_ws/install/test_ros_gz_bridge:/home/gadzz/ardu_ws/install/ros_ign:/home/gadzz/ardu_ws/install/ros_ign_gazebo_demos:/home/gadzz/ardu_ws/install/ros_gz:/home/gadzz/ardu_ws/install/ros_gz_sim_demos:/home/gadzz/ardu_ws/install/ardupilot_gz_bringup:/home/gadzz/ardu_ws/install/sdformat_urdf:/home/gadzz/ardu_ws/install/sdformat_test_files:/home/gadzz/ardu_ws/install/ros_ign_interfaces:/home/gadzz/ardu_ws/install/ros_ign_image:/home/gadzz/ardu_ws/install/ros_ign_gazebo:/home/gadzz/ardu_ws/install/ros_ign_bridge:/home/gadzz/ardu_ws/install/ros_gz_sim:/home/gadzz/ardu_ws/install/ros_gz_image:/home/gadzz/ardu_ws/install/ros_gz_bridge:/home/gadzz/ardu_ws/install/ros_gz_interfaces:/home/gadzz/ardu_ws/install/ardupilot_sitl:/home/gadzz/ardu_ws/install/micro_ros_agent:/home/gadzz/ardu_ws/install/keyboard:/home/gadzz/ardu_ws/install/keyboard_msgs:/home/gadzz/ardu_ws/install/ardupilot_sitl_models:/home/gadzz/ardu_ws/install/ardupilot_msgs:/home/gadzz/ardu_ws/install/ardupilot_gz_gazebo:/home/gadzz/ardu_ws/install/ardupilot_gz_description:/home/gadzz/ardu_ws/install/ardupilot_gz_application:/home/gadzz/ardu_ws/install/ardupilot_gazebo:/home/gadzz/ardu_ws/install/ardupilot_dds_tests:/opt/ros/humble LD_LIBRARY_PATH=/home/gadzz/tubitak_ws/install/keyboard_msgs/lib:${LD_LIBRARY_PATH} PYTHONPATH=/home/gadzz/tubitak_ws/install/keyboard_msgs/local/lib/python3.10/dist-packages:${PYTHONPATH} /usr/bin/cmake --build /home/gadzz/tubitak_ws/build/mission_center -- -j8 -l8
