[35m[1mConsolidate compiler generated dependencies of target uav_mission[0m
[ 12%] Built target uav_mission
[ 25%] Built target trajectory_streamer
[ 75%] Built target ui_node
[ 81%] [32mBuilding CXX object CMakeFiles/pilot_node.dir/src/pilot_node.cpp.o[0m
[01m[K/home/gadzz/tubitak_ws/src/mission_center/src/pilot_node.cpp:[m[K In member function ‘[01m[Kbool PilotNode::killPilotCb(std::shared_ptr<std_srvs::srv::Empty_Request_<std::allocator<void> > >, std::shared_ptr<std_srvs::srv::Empty_Response_<std::allocator<void> > >)[m[K’:
[01m[K/home/gadzz/tubitak_ws/src/mission_center/src/pilot_node.cpp:27:73:[m[K [01;35m[Kwarning: [m[Kunused parameter ‘[01m[Krequest[m[K’ [[01;35m[K-Wunused-parameter[m[K]
   27 |   bool killPilotCb([01;35m[Kconst std::shared_ptr<std_srvs::srv::Empty::Request> request[m[K,
      |                    [01;35m[K~~~~~~~~~~~~~~~~~~~~~~~~~~~~~~~~~~~~~~~~~~~~~~~~~~~~~^~~~~~~[m[K
[01m[K/home/gadzz/tubitak_ws/src/mission_center/src/pilot_node.cpp:28:68:[m[K [01;35m[Kwarning: [m[Kunused parameter ‘[01m[Kresponse[m[K’ [[01;35m[K-Wunused-parameter[m[K]
   28 |                    [01;35m[Kstd::shared_ptr<std_srvs::srv::Empty::Response> response[m[K) {
      |                    [01;35m[K~~~~~~~~~~~~~~~~~~~~~~~~~~~~~~~~~~~~~~~~~~~~~~~~^~~~~~~~[m[K
[ 87%] [32m[1mLinking CXX executable pilot_node[0m
[ 87%] Built target pilot_node
[100%] Built target safety_node
-- Install configuration: ""
-- Up-to-date: /home/gadzz/tubitak_ws/install/mission_center/lib/libuav_mission.so
-- Installing: /home/gadzz/tubitak_ws/install/mission_center/lib/mission_center/pilot_node
-- Set runtime path of "/home/gadzz/tubitak_ws/install/mission_center/lib/mission_center/pilot_node" to ""
-- Up-to-date: /home/gadzz/tubitak_ws/install/mission_center/lib/mission_center/safety_node
-- Up-to-date: /home/gadzz/tubitak_ws/install/mission_center/lib/mission_center/ui_node
-- Up-to-date: /home/gadzz/tubitak_ws/install/mission_center/lib/mission_center/trajectory_streamer
-- Up-to-date: /home/gadzz/tubitak_ws/install/mission_center/share/mission_center/environment/library_path.sh
-- Up-to-date: /home/gadzz/tubitak_ws/install/mission_center/share/mission_center/environment/library_path.dsv
-- Up-to-date: /home/gadzz/tubitak_ws/install/mission_center/share/ament_index/resource_index/package_run_dependencies/mission_center
-- Up-to-date: /home/gadzz/tubitak_ws/install/mission_center/share/ament_index/resource_index/parent_prefix_path/mission_center
-- Up-to-date: /home/gadzz/tubitak_ws/install/mission_center/share/mission_center/environment/ament_prefix_path.sh
-- Up-to-date: /home/gadzz/tubitak_ws/install/mission_center/share/mission_center/environment/ament_prefix_path.dsv
-- Up-to-date: /home/gadzz/tubitak_ws/install/mission_center/share/mission_center/environment/path.sh
-- Up-to-date: /home/gadzz/tubitak_ws/install/mission_center/share/mission_center/environment/path.dsv
-- Up-to-date: /home/gadzz/tubitak_ws/install/mission_center/share/mission_center/local_setup.bash
-- Up-to-date: /home/gadzz/tubitak_ws/install/mission_center/share/mission_center/local_setup.sh
-- Up-to-date: /home/gadzz/tubitak_ws/install/mission_center/share/mission_center/local_setup.zsh
-- Up-to-date: /home/gadzz/tubitak_ws/install/mission_center/share/mission_center/local_setup.dsv
-- Installing: /home/gadzz/tubitak_ws/install/mission_center/share/mission_center/package.dsv
-- Up-to-date: /home/gadzz/tubitak_ws/install/mission_center/share/ament_index/resource_index/packages/mission_center
-- Up-to-date: /home/gadzz/tubitak_ws/install/mission_center/share/mission_center/cmake/ament_cmake_export_include_directories-extras.cmake
-- Up-to-date: /home/gadzz/tubitak_ws/install/mission_center/share/mission_center/cmake/ament_cmake_export_libraries-extras.cmake
-- Up-to-date: /home/gadzz/tubitak_ws/install/mission_center/share/mission_center/cmake/mission_centerConfig.cmake
-- Up-to-date: /home/gadzz/tubitak_ws/install/mission_center/share/mission_center/cmake/mission_centerConfig-version.cmake
-- Up-to-date: /home/gadzz/tubitak_ws/install/mission_center/share/mission_center/package.xml
