[0.032s] Invoking command in '/home/gadzz/vtol_ws/build/keyboard_msgs': CMAKE_PREFIX_PATH=${CMAKE_PREFIX_PATH}:/home/gadzz/ardu_ws/install/ardupilot_dds_tests:/opt/ros/humble /usr/bin/cmake --build /home/gadzz/vtol_ws/build/keyboard_msgs -- -j8 -l8
[0.136s] [  3%] Built target keyboard_msgs__cpp
[0.143s] [ 12%] Built target keyboard_msgs__rosidl_generator_c
[0.178s] [ 12%] Built target ament_cmake_python_copy_keyboard_msgs
[0.206s] [ 22%] Built target keyboard_msgs__rosidl_typesupport_introspection_c
[0.220s] [ 32%] Built target keyboard_msgs__rosidl_typesupport_c
[0.221s] [ 41%] Built target keyboard_msgs__rosidl_typesupport_cpp
[0.231s] [ 51%] Built target keyboard_msgs__rosidl_typesupport_introspection_cpp
[0.236s] [ 61%] Built target keyboard_msgs__rosidl_typesupport_fastrtps_c
[0.236s] [ 70%] Built target keyboard_msgs__rosidl_typesupport_fastrtps_cpp
[0.275s] [ 70%] Built target keyboard_msgs
[0.318s] [ 74%] Built target keyboard_msgs__py
[0.364s] [ 80%] Built target keyboard_msgs__rosidl_generator_py
[0.411s] [ 87%] Built target keyboard_msgs__rosidl_typesupport_fastrtps_c__pyext
[0.417s] [ 93%] Built target keyboard_msgs__rosidl_typesupport_c__pyext
[0.421s] [100%] Built target keyboard_msgs__rosidl_typesupport_introspection_c__pyext
[0.607s] running egg_info
[0.646s] writing keyboard_msgs.egg-info/PKG-INFO
[0.647s] writing dependency_links to keyboard_msgs.egg-info/dependency_links.txt
[0.647s] writing top-level names to keyboard_msgs.egg-info/top_level.txt
[0.859s] reading manifest file 'keyboard_msgs.egg-info/SOURCES.txt'
[0.860s] writing manifest file 'keyboard_msgs.egg-info/SOURCES.txt'
[0.938s] [100%] Built target ament_cmake_python_build_keyboard_msgs_egg
[0.959s] Invoked command in '/home/gadzz/vtol_ws/build/keyboard_msgs' returned '0': CMAKE_PREFIX_PATH=${CMAKE_PREFIX_PATH}:/home/gadzz/ardu_ws/install/ardupilot_dds_tests:/opt/ros/humble /usr/bin/cmake --build /home/gadzz/vtol_ws/build/keyboard_msgs -- -j8 -l8
[0.977s] Invoking command in '/home/gadzz/vtol_ws/build/keyboard_msgs': CMAKE_PREFIX_PATH=${CMAKE_PREFIX_PATH}:/home/gadzz/ardu_ws/install/ardupilot_dds_tests:/opt/ros/humble /usr/bin/cmake --install /home/gadzz/vtol_ws/build/keyboard_msgs
[0.988s] -- Install configuration: ""
[0.989s] -- Up-to-date: /home/gadzz/vtol_ws/install/keyboard_msgs/share/ament_index/resource_index/rosidl_interfaces/keyboard_msgs
[0.989s] -- Up-to-date: /home/gadzz/vtol_ws/install/keyboard_msgs/include/keyboard_msgs/keyboard_msgs
[0.989s] -- Up-to-date: /home/gadzz/vtol_ws/install/keyboard_msgs/include/keyboard_msgs/keyboard_msgs/msg
[0.989s] -- Up-to-date: /home/gadzz/vtol_ws/install/keyboard_msgs/include/keyboard_msgs/keyboard_msgs/msg/rosidl_generator_c__visibility_control.h
[0.989s] -- Up-to-date: /home/gadzz/vtol_ws/install/keyboard_msgs/include/keyboard_msgs/keyboard_msgs/msg/detail
[0.989s] -- Up-to-date: /home/gadzz/vtol_ws/install/keyboard_msgs/include/keyboard_msgs/keyboard_msgs/msg/detail/key__functions.c
[0.989s] -- Up-to-date: /home/gadzz/vtol_ws/install/keyboard_msgs/include/keyboard_msgs/keyboard_msgs/msg/detail/key__type_support.h
[0.990s] -- Up-to-date: /home/gadzz/vtol_ws/install/keyboard_msgs/include/keyboard_msgs/keyboard_msgs/msg/detail/key__functions.h
[0.990s] -- Up-to-date: /home/gadzz/vtol_ws/install/keyboard_msgs/include/keyboard_msgs/keyboard_msgs/msg/detail/key__struct.h
[0.990s] -- Up-to-date: /home/gadzz/vtol_ws/install/keyboard_msgs/include/keyboard_msgs/keyboard_msgs/msg/key.h
[0.990s] -- Up-to-date: /home/gadzz/vtol_ws/install/keyboard_msgs/share/keyboard_msgs/environment/library_path.sh
[0.990s] -- Up-to-date: /home/gadzz/vtol_ws/install/keyboard_msgs/share/keyboard_msgs/environment/library_path.dsv
[0.990s] -- Up-to-date: /home/gadzz/vtol_ws/install/keyboard_msgs/lib/libkeyboard_msgs__rosidl_generator_c.so
[0.990s] -- Up-to-date: /home/gadzz/vtol_ws/install/keyboard_msgs/include/keyboard_msgs/keyboard_msgs
[0.990s] -- Up-to-date: /home/gadzz/vtol_ws/install/keyboard_msgs/include/keyboard_msgs/keyboard_msgs/msg
[0.991s] -- Up-to-date: /home/gadzz/vtol_ws/install/keyboard_msgs/include/keyboard_msgs/keyboard_msgs/msg/detail
[0.991s] -- Up-to-date: /home/gadzz/vtol_ws/install/keyboard_msgs/include/keyboard_msgs/keyboard_msgs/msg/detail/key__rosidl_typesupport_fastrtps_c.h
[0.991s] -- Up-to-date: /home/gadzz/vtol_ws/install/keyboard_msgs/include/keyboard_msgs/keyboard_msgs/msg/rosidl_typesupport_fastrtps_c__visibility_control.h
[0.991s] -- Up-to-date: /home/gadzz/vtol_ws/install/keyboard_msgs/lib/libkeyboard_msgs__rosidl_typesupport_fastrtps_c.so
[0.991s] -- Up-to-date: /home/gadzz/vtol_ws/install/keyboard_msgs/include/keyboard_msgs/keyboard_msgs
[0.991s] -- Up-to-date: /home/gadzz/vtol_ws/install/keyboard_msgs/include/keyboard_msgs/keyboard_msgs/msg
[0.992s] -- Up-to-date: /home/gadzz/vtol_ws/install/keyboard_msgs/include/keyboard_msgs/keyboard_msgs/msg/key.hpp
[0.992s] -- Up-to-date: /home/gadzz/vtol_ws/install/keyboard_msgs/include/keyboard_msgs/keyboard_msgs/msg/detail
[0.992s] -- Up-to-date: /home/gadzz/vtol_ws/install/keyboard_msgs/include/keyboard_msgs/keyboard_msgs/msg/detail/key__traits.hpp
[0.992s] -- Up-to-date: /home/gadzz/vtol_ws/install/keyboard_msgs/include/keyboard_msgs/keyboard_msgs/msg/detail/key__struct.hpp
[0.992s] -- Up-to-date: /home/gadzz/vtol_ws/install/keyboard_msgs/include/keyboard_msgs/keyboard_msgs/msg/detail/key__type_support.hpp
[0.992s] -- Up-to-date: /home/gadzz/vtol_ws/install/keyboard_msgs/include/keyboard_msgs/keyboard_msgs/msg/detail/key__builder.hpp
[0.993s] -- Up-to-date: /home/gadzz/vtol_ws/install/keyboard_msgs/include/keyboard_msgs/keyboard_msgs/msg/rosidl_generator_cpp__visibility_control.hpp
[0.993s] -- Up-to-date: /home/gadzz/vtol_ws/install/keyboard_msgs/include/keyboard_msgs/keyboard_msgs
[0.993s] -- Up-to-date: /home/gadzz/vtol_ws/install/keyboard_msgs/include/keyboard_msgs/keyboard_msgs/msg
[0.993s] -- Up-to-date: /home/gadzz/vtol_ws/install/keyboard_msgs/include/keyboard_msgs/keyboard_msgs/msg/rosidl_typesupport_fastrtps_cpp__visibility_control.h
[0.993s] -- Up-to-date: /home/gadzz/vtol_ws/install/keyboard_msgs/include/keyboard_msgs/keyboard_msgs/msg/detail
[0.993s] -- Up-to-date: /home/gadzz/vtol_ws/install/keyboard_msgs/include/keyboard_msgs/keyboard_msgs/msg/detail/dds_fastrtps
[0.993s] -- Up-to-date: /home/gadzz/vtol_ws/install/keyboard_msgs/include/keyboard_msgs/keyboard_msgs/msg/detail/key__rosidl_typesupport_fastrtps_cpp.hpp
[0.994s] -- Up-to-date: /home/gadzz/vtol_ws/install/keyboard_msgs/lib/libkeyboard_msgs__rosidl_typesupport_fastrtps_cpp.so
[0.994s] -- Up-to-date: /home/gadzz/vtol_ws/install/keyboard_msgs/include/keyboard_msgs/keyboard_msgs
[0.994s] -- Up-to-date: /home/gadzz/vtol_ws/install/keyboard_msgs/include/keyboard_msgs/keyboard_msgs/msg
[0.994s] -- Up-to-date: /home/gadzz/vtol_ws/install/keyboard_msgs/include/keyboard_msgs/keyboard_msgs/msg/rosidl_typesupport_introspection_c__visibility_control.h
[0.994s] -- Up-to-date: /home/gadzz/vtol_ws/install/keyboard_msgs/include/keyboard_msgs/keyboard_msgs/msg/detail
[0.994s] -- Up-to-date: /home/gadzz/vtol_ws/install/keyboard_msgs/include/keyboard_msgs/keyboard_msgs/msg/detail/key__rosidl_typesupport_introspection_c.h
[0.994s] -- Up-to-date: /home/gadzz/vtol_ws/install/keyboard_msgs/include/keyboard_msgs/keyboard_msgs/msg/detail/key__type_support.c
[0.994s] -- Up-to-date: /home/gadzz/vtol_ws/install/keyboard_msgs/lib/libkeyboard_msgs__rosidl_typesupport_introspection_c.so
[0.994s] -- Up-to-date: /home/gadzz/vtol_ws/install/keyboard_msgs/lib/libkeyboard_msgs__rosidl_typesupport_c.so
[0.994s] -- Up-to-date: /home/gadzz/vtol_ws/install/keyboard_msgs/include/keyboard_msgs/keyboard_msgs
[0.995s] -- Up-to-date: /home/gadzz/vtol_ws/install/keyboard_msgs/include/keyboard_msgs/keyboard_msgs/msg
[0.995s] -- Up-to-date: /home/gadzz/vtol_ws/install/keyboard_msgs/include/keyboard_msgs/keyboard_msgs/msg/detail
[0.995s] -- Up-to-date: /home/gadzz/vtol_ws/install/keyboard_msgs/include/keyboard_msgs/keyboard_msgs/msg/detail/key__rosidl_typesupport_introspection_cpp.hpp
[0.995s] -- Up-to-date: /home/gadzz/vtol_ws/install/keyboard_msgs/include/keyboard_msgs/keyboard_msgs/msg/detail/key__type_support.cpp
[0.995s] -- Up-to-date: /home/gadzz/vtol_ws/install/keyboard_msgs/lib/libkeyboard_msgs__rosidl_typesupport_introspection_cpp.so
[0.995s] -- Up-to-date: /home/gadzz/vtol_ws/install/keyboard_msgs/lib/libkeyboard_msgs__rosidl_typesupport_cpp.so
[0.995s] -- Up-to-date: /home/gadzz/vtol_ws/install/keyboard_msgs/share/keyboard_msgs/environment/pythonpath.sh
[0.995s] -- Up-to-date: /home/gadzz/vtol_ws/install/keyboard_msgs/share/keyboard_msgs/environment/pythonpath.dsv
[0.995s] -- Up-to-date: /home/gadzz/vtol_ws/install/keyboard_msgs/local/lib/python3.10/dist-packages/keyboard_msgs-1.0.0-py3.10.egg-info
[0.995s] -- Installing: /home/gadzz/vtol_ws/install/keyboard_msgs/local/lib/python3.10/dist-packages/keyboard_msgs-1.0.0-py3.10.egg-info/top_level.txt
[0.995s] -- Installing: /home/gadzz/vtol_ws/install/keyboard_msgs/local/lib/python3.10/dist-packages/keyboard_msgs-1.0.0-py3.10.egg-info/dependency_links.txt
[0.995s] -- Installing: /home/gadzz/vtol_ws/install/keyboard_msgs/local/lib/python3.10/dist-packages/keyboard_msgs-1.0.0-py3.10.egg-info/PKG-INFO
[0.996s] -- Installing: /home/gadzz/vtol_ws/install/keyboard_msgs/local/lib/python3.10/dist-packages/keyboard_msgs-1.0.0-py3.10.egg-info/SOURCES.txt
[0.996s] -- Up-to-date: /home/gadzz/vtol_ws/install/keyboard_msgs/local/lib/python3.10/dist-packages/keyboard_msgs
[0.996s] -- Up-to-date: /home/gadzz/vtol_ws/install/keyboard_msgs/local/lib/python3.10/dist-packages/keyboard_msgs/_keyboard_msgs_s.ep.rosidl_typesupport_c.c
[0.996s] -- Up-to-date: /home/gadzz/vtol_ws/install/keyboard_msgs/local/lib/python3.10/dist-packages/keyboard_msgs/_keyboard_msgs_s.ep.rosidl_typesupport_introspection_c.c
[0.996s] -- Up-to-date: /home/gadzz/vtol_ws/install/keyboard_msgs/local/lib/python3.10/dist-packages/keyboard_msgs/__init__.py
[0.996s] -- Up-to-date: /home/gadzz/vtol_ws/install/keyboard_msgs/local/lib/python3.10/dist-packages/keyboard_msgs/keyboard_msgs_s__rosidl_typesupport_fastrtps_c.cpython-310-x86_64-linux-gnu.so
[0.996s] -- Up-to-date: /home/gadzz/vtol_ws/install/keyboard_msgs/local/lib/python3.10/dist-packages/keyboard_msgs/keyboard_msgs_s__rosidl_typesupport_introspection_c.cpython-310-x86_64-linux-gnu.so
[0.996s] -- Up-to-date: /home/gadzz/vtol_ws/install/keyboard_msgs/local/lib/python3.10/dist-packages/keyboard_msgs/keyboard_msgs_s__rosidl_typesupport_c.cpython-310-x86_64-linux-gnu.so
[0.996s] -- Up-to-date: /home/gadzz/vtol_ws/install/keyboard_msgs/local/lib/python3.10/dist-packages/keyboard_msgs/msg
[0.996s] -- Up-to-date: /home/gadzz/vtol_ws/install/keyboard_msgs/local/lib/python3.10/dist-packages/keyboard_msgs/msg/__init__.py
[0.997s] -- Up-to-date: /home/gadzz/vtol_ws/install/keyboard_msgs/local/lib/python3.10/dist-packages/keyboard_msgs/msg/_key_s.c
[0.997s] -- Up-to-date: /home/gadzz/vtol_ws/install/keyboard_msgs/local/lib/python3.10/dist-packages/keyboard_msgs/msg/_key.py
[0.997s] -- Up-to-date: /home/gadzz/vtol_ws/install/keyboard_msgs/local/lib/python3.10/dist-packages/keyboard_msgs/libkeyboard_msgs__rosidl_generator_py.so
[0.997s] -- Up-to-date: /home/gadzz/vtol_ws/install/keyboard_msgs/local/lib/python3.10/dist-packages/keyboard_msgs/_keyboard_msgs_s.ep.rosidl_typesupport_fastrtps_c.c
[1.056s] Listing '/home/gadzz/vtol_ws/install/keyboard_msgs/local/lib/python3.10/dist-packages/keyboard_msgs'...
[1.057s] Listing '/home/gadzz/vtol_ws/install/keyboard_msgs/local/lib/python3.10/dist-packages/keyboard_msgs/msg'...
[1.062s] -- Up-to-date: /home/gadzz/vtol_ws/install/keyboard_msgs/local/lib/python3.10/dist-packages/keyboard_msgs/keyboard_msgs_s__rosidl_typesupport_fastrtps_c.cpython-310-x86_64-linux-gnu.so
[1.063s] -- Up-to-date: /home/gadzz/vtol_ws/install/keyboard_msgs/local/lib/python3.10/dist-packages/keyboard_msgs/keyboard_msgs_s__rosidl_typesupport_introspection_c.cpython-310-x86_64-linux-gnu.so
[1.063s] -- Up-to-date: /home/gadzz/vtol_ws/install/keyboard_msgs/local/lib/python3.10/dist-packages/keyboard_msgs/keyboard_msgs_s__rosidl_typesupport_c.cpython-310-x86_64-linux-gnu.so
[1.063s] -- Up-to-date: /home/gadzz/vtol_ws/install/keyboard_msgs/lib/libkeyboard_msgs__rosidl_generator_py.so
[1.063s] -- Up-to-date: /home/gadzz/vtol_ws/install/keyboard_msgs/share/keyboard_msgs/msg/Key.idl
[1.063s] -- Up-to-date: /home/gadzz/vtol_ws/install/keyboard_msgs/share/keyboard_msgs/msg/Key.msg
[1.063s] -- Up-to-date: /home/gadzz/vtol_ws/install/keyboard_msgs/share/ament_index/resource_index/package_run_dependencies/keyboard_msgs
[1.063s] -- Up-to-date: /home/gadzz/vtol_ws/install/keyboard_msgs/share/ament_index/resource_index/parent_prefix_path/keyboard_msgs
[1.064s] -- Up-to-date: /home/gadzz/vtol_ws/install/keyboard_msgs/share/keyboard_msgs/environment/ament_prefix_path.sh
[1.064s] -- Up-to-date: /home/gadzz/vtol_ws/install/keyboard_msgs/share/keyboard_msgs/environment/ament_prefix_path.dsv
[1.064s] -- Up-to-date: /home/gadzz/vtol_ws/install/keyboard_msgs/share/keyboard_msgs/environment/path.sh
[1.064s] -- Up-to-date: /home/gadzz/vtol_ws/install/keyboard_msgs/share/keyboard_msgs/environment/path.dsv
[1.064s] -- Up-to-date: /home/gadzz/vtol_ws/install/keyboard_msgs/share/keyboard_msgs/local_setup.bash
[1.064s] -- Up-to-date: /home/gadzz/vtol_ws/install/keyboard_msgs/share/keyboard_msgs/local_setup.sh
[1.064s] -- Up-to-date: /home/gadzz/vtol_ws/install/keyboard_msgs/share/keyboard_msgs/local_setup.zsh
[1.064s] -- Up-to-date: /home/gadzz/vtol_ws/install/keyboard_msgs/share/keyboard_msgs/local_setup.dsv
[1.064s] -- Up-to-date: /home/gadzz/vtol_ws/install/keyboard_msgs/share/keyboard_msgs/package.dsv
[1.064s] -- Up-to-date: /home/gadzz/vtol_ws/install/keyboard_msgs/share/ament_index/resource_index/packages/keyboard_msgs
[1.064s] -- Up-to-date: /home/gadzz/vtol_ws/install/keyboard_msgs/share/keyboard_msgs/cmake/export_keyboard_msgs__rosidl_generator_cExport.cmake
[1.065s] -- Up-to-date: /home/gadzz/vtol_ws/install/keyboard_msgs/share/keyboard_msgs/cmake/export_keyboard_msgs__rosidl_generator_cExport-noconfig.cmake
[1.065s] -- Up-to-date: /home/gadzz/vtol_ws/install/keyboard_msgs/share/keyboard_msgs/cmake/export_keyboard_msgs__rosidl_typesupport_fastrtps_cExport.cmake
[1.065s] -- Up-to-date: /home/gadzz/vtol_ws/install/keyboard_msgs/share/keyboard_msgs/cmake/export_keyboard_msgs__rosidl_typesupport_fastrtps_cExport-noconfig.cmake
[1.065s] -- Up-to-date: /home/gadzz/vtol_ws/install/keyboard_msgs/share/keyboard_msgs/cmake/export_keyboard_msgs__rosidl_generator_cppExport.cmake
[1.065s] -- Up-to-date: /home/gadzz/vtol_ws/install/keyboard_msgs/share/keyboard_msgs/cmake/export_keyboard_msgs__rosidl_typesupport_fastrtps_cppExport.cmake
[1.065s] -- Up-to-date: /home/gadzz/vtol_ws/install/keyboard_msgs/share/keyboard_msgs/cmake/export_keyboard_msgs__rosidl_typesupport_fastrtps_cppExport-noconfig.cmake
[1.065s] -- Up-to-date: /home/gadzz/vtol_ws/install/keyboard_msgs/share/keyboard_msgs/cmake/keyboard_msgs__rosidl_typesupport_introspection_cExport.cmake
[1.065s] -- Up-to-date: /home/gadzz/vtol_ws/install/keyboard_msgs/share/keyboard_msgs/cmake/keyboard_msgs__rosidl_typesupport_introspection_cExport-noconfig.cmake
[1.065s] -- Up-to-date: /home/gadzz/vtol_ws/install/keyboard_msgs/share/keyboard_msgs/cmake/keyboard_msgs__rosidl_typesupport_cExport.cmake
[1.065s] -- Up-to-date: /home/gadzz/vtol_ws/install/keyboard_msgs/share/keyboard_msgs/cmake/keyboard_msgs__rosidl_typesupport_cExport-noconfig.cmake
[1.066s] -- Up-to-date: /home/gadzz/vtol_ws/install/keyboard_msgs/share/keyboard_msgs/cmake/keyboard_msgs__rosidl_typesupport_introspection_cppExport.cmake
[1.066s] -- Up-to-date: /home/gadzz/vtol_ws/install/keyboard_msgs/share/keyboard_msgs/cmake/keyboard_msgs__rosidl_typesupport_introspection_cppExport-noconfig.cmake
[1.066s] -- Up-to-date: /home/gadzz/vtol_ws/install/keyboard_msgs/share/keyboard_msgs/cmake/keyboard_msgs__rosidl_typesupport_cppExport.cmake
[1.066s] -- Up-to-date: /home/gadzz/vtol_ws/install/keyboard_msgs/share/keyboard_msgs/cmake/keyboard_msgs__rosidl_typesupport_cppExport-noconfig.cmake
[1.066s] -- Up-to-date: /home/gadzz/vtol_ws/install/keyboard_msgs/share/keyboard_msgs/cmake/export_keyboard_msgs__rosidl_generator_pyExport.cmake
[1.066s] -- Up-to-date: /home/gadzz/vtol_ws/install/keyboard_msgs/share/keyboard_msgs/cmake/export_keyboard_msgs__rosidl_generator_pyExport-noconfig.cmake
[1.066s] -- Up-to-date: /home/gadzz/vtol_ws/install/keyboard_msgs/share/keyboard_msgs/cmake/rosidl_cmake-extras.cmake
[1.067s] -- Up-to-date: /home/gadzz/vtol_ws/install/keyboard_msgs/share/keyboard_msgs/cmake/ament_cmake_export_dependencies-extras.cmake
[1.067s] -- Up-to-date: /home/gadzz/vtol_ws/install/keyboard_msgs/share/keyboard_msgs/cmake/ament_cmake_export_include_directories-extras.cmake
[1.067s] -- Up-to-date: /home/gadzz/vtol_ws/install/keyboard_msgs/share/keyboard_msgs/cmake/ament_cmake_export_libraries-extras.cmake
[1.067s] -- Up-to-date: /home/gadzz/vtol_ws/install/keyboard_msgs/share/keyboard_msgs/cmake/ament_cmake_export_targets-extras.cmake
[1.067s] -- Up-to-date: /home/gadzz/vtol_ws/install/keyboard_msgs/share/keyboard_msgs/cmake/rosidl_cmake_export_typesupport_targets-extras.cmake
[1.067s] -- Up-to-date: /home/gadzz/vtol_ws/install/keyboard_msgs/share/keyboard_msgs/cmake/rosidl_cmake_export_typesupport_libraries-extras.cmake
[1.067s] -- Up-to-date: /home/gadzz/vtol_ws/install/keyboard_msgs/share/keyboard_msgs/cmake/keyboard_msgsConfig.cmake
[1.067s] -- Up-to-date: /home/gadzz/vtol_ws/install/keyboard_msgs/share/keyboard_msgs/cmake/keyboard_msgsConfig-version.cmake
[1.067s] -- Up-to-date: /home/gadzz/vtol_ws/install/keyboard_msgs/share/keyboard_msgs/package.xml
[1.076s] Invoked command in '/home/gadzz/vtol_ws/build/keyboard_msgs' returned '0': CMAKE_PREFIX_PATH=${CMAKE_PREFIX_PATH}:/home/gadzz/ardu_ws/install/ardupilot_dds_tests:/opt/ros/humble /usr/bin/cmake --install /home/gadzz/vtol_ws/build/keyboard_msgs
