[0.139s] DEBUG:colcon:Command line arguments: ['/usr/bin/colcon', 'build']
[0.140s] DEBUG:colcon:Parsed command line arguments: Namespace(log_base=None, log_level=None, verb_name='build', build_base='build', install_base='install', merge_install=False, symlink_install=False, test_result_base=None, continue_on_error=False, executor='parallel', parallel_workers=8, event_handlers=None, ignore_user_meta=False, metas=['./colcon.meta'], base_paths=['.'], packages_ignore=None, packages_ignore_regex=None, paths=None, packages_up_to=None, packages_up_to_regex=None, packages_above=None, packages_above_and_dependencies=None, packages_above_depth=None, packages_select_by_dep=None, packages_skip_by_dep=None, packages_skip_up_to=None, packages_select_build_failed=False, packages_skip_build_finished=False, packages_select_test_failures=False, packages_skip_test_passed=False, packages_select=None, packages_skip=None, packages_select_regex=None, packages_skip_regex=None, packages_start=None, packages_end=None, allow_overriding=[], cmake_args=None, cmake_target=None, cmake_target_skip_unavailable=False, cmake_clean_cache=False, cmake_clean_first=False, cmake_force_configure=False, ament_cmake_args=None, catkin_cmake_args=None, catkin_skip_building_tests=False, verb_parser=<colcon_defaults.argument_parser.defaults.DefaultArgumentsDecorator object at 0x77f5afcb8a90>, verb_extension=<colcon_core.verb.build.BuildVerb object at 0x77f5afda2590>, main=<bound method BuildVerb.main of <colcon_core.verb.build.BuildVerb object at 0x77f5afda2590>>)
[0.199s] Level 1:colcon.colcon_core.package_discovery:discover_packages(colcon_meta) check parameters
[0.199s] Level 1:colcon.colcon_core.package_discovery:discover_packages(recursive) check parameters
[0.199s] Level 1:colcon.colcon_core.package_discovery:discover_packages(ignore) check parameters
[0.199s] Level 1:colcon.colcon_core.package_discovery:discover_packages(path) check parameters
[0.199s] Level 1:colcon.colcon_core.package_discovery:discover_packages(colcon_meta) discover
[0.199s] Level 1:colcon.colcon_core.package_discovery:discover_packages(recursive) discover
[0.200s] INFO:colcon.colcon_core.package_discovery:Crawling recursively for packages in '/home/gadzz/Workspace/VTOL-MissionCenter'
[0.200s] Level 1:colcon.colcon_core.package_identification:_identify(.) by extensions ['ignore', 'ignore_ament_install']
[0.200s] Level 1:colcon.colcon_core.package_identification:_identify(.) by extension 'ignore'
[0.200s] Level 1:colcon.colcon_core.package_identification:_identify(.) by extension 'ignore_ament_install'
[0.200s] Level 1:colcon.colcon_core.package_identification:_identify(.) by extensions ['colcon_pkg']
[0.200s] Level 1:colcon.colcon_core.package_identification:_identify(.) by extension 'colcon_pkg'
[0.200s] Level 1:colcon.colcon_core.package_identification:_identify(.) by extensions ['colcon_meta']
[0.200s] Level 1:colcon.colcon_core.package_identification:_identify(.) by extension 'colcon_meta'
[0.200s] Level 1:colcon.colcon_core.package_identification:_identify(.) by extensions ['ros']
[0.200s] Level 1:colcon.colcon_core.package_identification:_identify(.) by extension 'ros'
[0.220s] Level 1:colcon.colcon_core.package_identification:_identify(.) by extensions ['cmake', 'python']
[0.221s] Level 1:colcon.colcon_core.package_identification:_identify(.) by extension 'cmake'
[0.221s] Level 1:colcon.colcon_core.package_identification:_identify(.) by extension 'python'
[0.221s] Level 1:colcon.colcon_core.package_identification:_identify(.) by extensions ['python_setup_py']
[0.221s] Level 1:colcon.colcon_core.package_identification:_identify(.) by extension 'python_setup_py'
[0.221s] Level 1:colcon.colcon_core.package_identification:_identify(build) by extensions ['ignore', 'ignore_ament_install']
[0.221s] Level 1:colcon.colcon_core.package_identification:_identify(build) by extension 'ignore'
[0.221s] Level 1:colcon.colcon_core.package_identification:_identify(build) ignored
[0.221s] Level 1:colcon.colcon_core.package_identification:_identify(install) by extensions ['ignore', 'ignore_ament_install']
[0.221s] Level 1:colcon.colcon_core.package_identification:_identify(install) by extension 'ignore'
[0.221s] Level 1:colcon.colcon_core.package_identification:_identify(install) ignored
[0.222s] Level 1:colcon.colcon_core.package_identification:_identify(log) by extensions ['ignore', 'ignore_ament_install']
[0.222s] Level 1:colcon.colcon_core.package_identification:_identify(log) by extension 'ignore'
[0.222s] Level 1:colcon.colcon_core.package_identification:_identify(log) ignored
[0.222s] Level 1:colcon.colcon_core.package_identification:_identify(src) by extensions ['ignore', 'ignore_ament_install']
[0.222s] Level 1:colcon.colcon_core.package_identification:_identify(src) by extension 'ignore'
[0.222s] Level 1:colcon.colcon_core.package_identification:_identify(src) by extension 'ignore_ament_install'
[0.222s] Level 1:colcon.colcon_core.package_identification:_identify(src) by extensions ['colcon_pkg']
[0.222s] Level 1:colcon.colcon_core.package_identification:_identify(src) by extension 'colcon_pkg'
[0.222s] Level 1:colcon.colcon_core.package_identification:_identify(src) by extensions ['colcon_meta']
[0.222s] Level 1:colcon.colcon_core.package_identification:_identify(src) by extension 'colcon_meta'
[0.222s] Level 1:colcon.colcon_core.package_identification:_identify(src) by extensions ['ros']
[0.222s] Level 1:colcon.colcon_core.package_identification:_identify(src) by extension 'ros'
[0.222s] Level 1:colcon.colcon_core.package_identification:_identify(src) by extensions ['cmake', 'python']
[0.222s] Level 1:colcon.colcon_core.package_identification:_identify(src) by extension 'cmake'
[0.222s] Level 1:colcon.colcon_core.package_identification:_identify(src) by extension 'python'
[0.222s] Level 1:colcon.colcon_core.package_identification:_identify(src) by extensions ['python_setup_py']
[0.222s] Level 1:colcon.colcon_core.package_identification:_identify(src) by extension 'python_setup_py'
[0.222s] Level 1:colcon.colcon_core.package_identification:_identify(src/mission_center) by extensions ['ignore', 'ignore_ament_install']
[0.223s] Level 1:colcon.colcon_core.package_identification:_identify(src/mission_center) by extension 'ignore'
[0.223s] Level 1:colcon.colcon_core.package_identification:_identify(src/mission_center) by extension 'ignore_ament_install'
[0.223s] Level 1:colcon.colcon_core.package_identification:_identify(src/mission_center) by extensions ['colcon_pkg']
[0.223s] Level 1:colcon.colcon_core.package_identification:_identify(src/mission_center) by extension 'colcon_pkg'
[0.223s] Level 1:colcon.colcon_core.package_identification:_identify(src/mission_center) by extensions ['colcon_meta']
[0.223s] Level 1:colcon.colcon_core.package_identification:_identify(src/mission_center) by extension 'colcon_meta'
[0.223s] Level 1:colcon.colcon_core.package_identification:_identify(src/mission_center) by extensions ['ros']
[0.223s] Level 1:colcon.colcon_core.package_identification:_identify(src/mission_center) by extension 'ros'
[0.227s] DEBUG:colcon.colcon_core.package_identification:Package 'src/mission_center' with type 'ros.ament_cmake' and name 'mission_center'
[0.227s] Level 1:colcon.colcon_core.package_identification:_identify(src/ros2-keyboard) by extensions ['ignore', 'ignore_ament_install']
[0.227s] Level 1:colcon.colcon_core.package_identification:_identify(src/ros2-keyboard) by extension 'ignore'
[0.228s] Level 1:colcon.colcon_core.package_identification:_identify(src/ros2-keyboard) by extension 'ignore_ament_install'
[0.228s] Level 1:colcon.colcon_core.package_identification:_identify(src/ros2-keyboard) by extensions ['colcon_pkg']
[0.228s] Level 1:colcon.colcon_core.package_identification:_identify(src/ros2-keyboard) by extension 'colcon_pkg'
[0.228s] Level 1:colcon.colcon_core.package_identification:_identify(src/ros2-keyboard) by extensions ['colcon_meta']
[0.228s] Level 1:colcon.colcon_core.package_identification:_identify(src/ros2-keyboard) by extension 'colcon_meta'
[0.228s] Level 1:colcon.colcon_core.package_identification:_identify(src/ros2-keyboard) by extensions ['ros']
[0.228s] Level 1:colcon.colcon_core.package_identification:_identify(src/ros2-keyboard) by extension 'ros'
[0.228s] Level 1:colcon.colcon_core.package_identification:_identify(src/ros2-keyboard) by extensions ['cmake', 'python']
[0.228s] Level 1:colcon.colcon_core.package_identification:_identify(src/ros2-keyboard) by extension 'cmake'
[0.228s] Level 1:colcon.colcon_core.package_identification:_identify(src/ros2-keyboard) by extension 'python'
[0.228s] Level 1:colcon.colcon_core.package_identification:_identify(src/ros2-keyboard) by extensions ['python_setup_py']
[0.228s] Level 1:colcon.colcon_core.package_identification:_identify(src/ros2-keyboard) by extension 'python_setup_py'
[0.228s] Level 1:colcon.colcon_core.package_identification:_identify(src/ros2-keyboard/keyboard) by extensions ['ignore', 'ignore_ament_install']
[0.228s] Level 1:colcon.colcon_core.package_identification:_identify(src/ros2-keyboard/keyboard) by extension 'ignore'
[0.228s] Level 1:colcon.colcon_core.package_identification:_identify(src/ros2-keyboard/keyboard) by extension 'ignore_ament_install'
[0.228s] Level 1:colcon.colcon_core.package_identification:_identify(src/ros2-keyboard/keyboard) by extensions ['colcon_pkg']
[0.228s] Level 1:colcon.colcon_core.package_identification:_identify(src/ros2-keyboard/keyboard) by extension 'colcon_pkg'
[0.228s] Level 1:colcon.colcon_core.package_identification:_identify(src/ros2-keyboard/keyboard) by extensions ['colcon_meta']
[0.229s] Level 1:colcon.colcon_core.package_identification:_identify(src/ros2-keyboard/keyboard) by extension 'colcon_meta'
[0.229s] Level 1:colcon.colcon_core.package_identification:_identify(src/ros2-keyboard/keyboard) by extensions ['ros']
[0.229s] Level 1:colcon.colcon_core.package_identification:_identify(src/ros2-keyboard/keyboard) by extension 'ros'
[0.230s] DEBUG:colcon.colcon_core.package_identification:Package 'src/ros2-keyboard/keyboard' with type 'ros.ament_cmake' and name 'keyboard'
[0.230s] Level 1:colcon.colcon_core.package_identification:_identify(src/ros2-keyboard/keyboard_msgs) by extensions ['ignore', 'ignore_ament_install']
[0.230s] Level 1:colcon.colcon_core.package_identification:_identify(src/ros2-keyboard/keyboard_msgs) by extension 'ignore'
[0.230s] Level 1:colcon.colcon_core.package_identification:_identify(src/ros2-keyboard/keyboard_msgs) by extension 'ignore_ament_install'
[0.230s] Level 1:colcon.colcon_core.package_identification:_identify(src/ros2-keyboard/keyboard_msgs) by extensions ['colcon_pkg']
[0.230s] Level 1:colcon.colcon_core.package_identification:_identify(src/ros2-keyboard/keyboard_msgs) by extension 'colcon_pkg'
[0.230s] Level 1:colcon.colcon_core.package_identification:_identify(src/ros2-keyboard/keyboard_msgs) by extensions ['colcon_meta']
[0.230s] Level 1:colcon.colcon_core.package_identification:_identify(src/ros2-keyboard/keyboard_msgs) by extension 'colcon_meta'
[0.231s] Level 1:colcon.colcon_core.package_identification:_identify(src/ros2-keyboard/keyboard_msgs) by extensions ['ros']
[0.231s] Level 1:colcon.colcon_core.package_identification:_identify(src/ros2-keyboard/keyboard_msgs) by extension 'ros'
[0.232s] DEBUG:colcon.colcon_core.package_identification:Package 'src/ros2-keyboard/keyboard_msgs' with type 'ros.ament_cmake' and name 'keyboard_msgs'
[0.232s] Level 1:colcon.colcon_core.package_identification:_identify(terrain) by extensions ['ignore', 'ignore_ament_install']
[0.232s] Level 1:colcon.colcon_core.package_identification:_identify(terrain) by extension 'ignore'
[0.232s] Level 1:colcon.colcon_core.package_identification:_identify(terrain) by extension 'ignore_ament_install'
[0.232s] Level 1:colcon.colcon_core.package_identification:_identify(terrain) by extensions ['colcon_pkg']
[0.232s] Level 1:colcon.colcon_core.package_identification:_identify(terrain) by extension 'colcon_pkg'
[0.232s] Level 1:colcon.colcon_core.package_identification:_identify(terrain) by extensions ['colcon_meta']
[0.232s] Level 1:colcon.colcon_core.package_identification:_identify(terrain) by extension 'colcon_meta'
[0.232s] Level 1:colcon.colcon_core.package_identification:_identify(terrain) by extensions ['ros']
[0.232s] Level 1:colcon.colcon_core.package_identification:_identify(terrain) by extension 'ros'
[0.232s] Level 1:colcon.colcon_core.package_identification:_identify(terrain) by extensions ['cmake', 'python']
[0.232s] Level 1:colcon.colcon_core.package_identification:_identify(terrain) by extension 'cmake'
[0.233s] Level 1:colcon.colcon_core.package_identification:_identify(terrain) by extension 'python'
[0.233s] Level 1:colcon.colcon_core.package_identification:_identify(terrain) by extensions ['python_setup_py']
[0.233s] Level 1:colcon.colcon_core.package_identification:_identify(terrain) by extension 'python_setup_py'
[0.233s] Level 1:colcon.colcon_core.package_discovery:discover_packages(recursive) using defaults
[0.233s] Level 1:colcon.colcon_core.package_discovery:discover_packages(ignore) discover
[0.233s] Level 1:colcon.colcon_core.package_discovery:discover_packages(ignore) using defaults
[0.233s] Level 1:colcon.colcon_core.package_discovery:discover_packages(path) discover
[0.233s] Level 1:colcon.colcon_core.package_discovery:discover_packages(path) using defaults
[0.265s] Level 1:colcon.colcon_core.package_discovery:discover_packages(prefix_path) check parameters
[0.265s] Level 1:colcon.colcon_core.package_discovery:discover_packages(prefix_path) discover
[0.267s] DEBUG:colcon.colcon_installed_package_information.package_discovery:Found 3 installed packages in /home/gadzz/Workspace/VTOL-MissionCenter/install
[0.269s] DEBUG:colcon.colcon_installed_package_information.package_discovery:Found 288 installed packages in /opt/ros/humble
[0.272s] Level 1:colcon.colcon_core.package_discovery:discover_packages(prefix_path) using defaults
[0.322s] Level 5:colcon.colcon_core.verb:set package 'keyboard_msgs' build argument 'cmake_args' from command line to 'None'
[0.322s] Level 5:colcon.colcon_core.verb:set package 'keyboard_msgs' build argument 'cmake_target' from command line to 'None'
[0.322s] Level 5:colcon.colcon_core.verb:set package 'keyboard_msgs' build argument 'cmake_target_skip_unavailable' from command line to 'False'
[0.322s] Level 5:colcon.colcon_core.verb:set package 'keyboard_msgs' build argument 'cmake_clean_cache' from command line to 'False'
[0.322s] Level 5:colcon.colcon_core.verb:set package 'keyboard_msgs' build argument 'cmake_clean_first' from command line to 'False'
[0.322s] Level 5:colcon.colcon_core.verb:set package 'keyboard_msgs' build argument 'cmake_force_configure' from command line to 'False'
[0.322s] Level 5:colcon.colcon_core.verb:set package 'keyboard_msgs' build argument 'ament_cmake_args' from command line to 'None'
[0.322s] Level 5:colcon.colcon_core.verb:set package 'keyboard_msgs' build argument 'catkin_cmake_args' from command line to 'None'
[0.322s] Level 5:colcon.colcon_core.verb:set package 'keyboard_msgs' build argument 'catkin_skip_building_tests' from command line to 'False'
[0.322s] DEBUG:colcon.colcon_core.verb:Building package 'keyboard_msgs' with the following arguments: {'ament_cmake_args': None, 'build_base': '/home/gadzz/Workspace/VTOL-MissionCenter/build/keyboard_msgs', 'catkin_cmake_args': None, 'catkin_skip_building_tests': False, 'cmake_args': None, 'cmake_clean_cache': False, 'cmake_clean_first': False, 'cmake_force_configure': False, 'cmake_target': None, 'cmake_target_skip_unavailable': False, 'install_base': '/home/gadzz/Workspace/VTOL-MissionCenter/install/keyboard_msgs', 'merge_install': False, 'path': '/home/gadzz/Workspace/VTOL-MissionCenter/src/ros2-keyboard/keyboard_msgs', 'symlink_install': False, 'test_result_base': None}
[0.323s] Level 5:colcon.colcon_core.verb:set package 'keyboard' build argument 'cmake_args' from command line to 'None'
[0.323s] Level 5:colcon.colcon_core.verb:set package 'keyboard' build argument 'cmake_target' from command line to 'None'
[0.323s] Level 5:colcon.colcon_core.verb:set package 'keyboard' build argument 'cmake_target_skip_unavailable' from command line to 'False'
[0.323s] Level 5:colcon.colcon_core.verb:set package 'keyboard' build argument 'cmake_clean_cache' from command line to 'False'
[0.323s] Level 5:colcon.colcon_core.verb:set package 'keyboard' build argument 'cmake_clean_first' from command line to 'False'
[0.323s] Level 5:colcon.colcon_core.verb:set package 'keyboard' build argument 'cmake_force_configure' from command line to 'False'
[0.323s] Level 5:colcon.colcon_core.verb:set package 'keyboard' build argument 'ament_cmake_args' from command line to 'None'
[0.323s] Level 5:colcon.colcon_core.verb:set package 'keyboard' build argument 'catkin_cmake_args' from command line to 'None'
[0.323s] Level 5:colcon.colcon_core.verb:set package 'keyboard' build argument 'catkin_skip_building_tests' from command line to 'False'
[0.323s] DEBUG:colcon.colcon_core.verb:Building package 'keyboard' with the following arguments: {'ament_cmake_args': None, 'build_base': '/home/gadzz/Workspace/VTOL-MissionCenter/build/keyboard', 'catkin_cmake_args': None, 'catkin_skip_building_tests': False, 'cmake_args': None, 'cmake_clean_cache': False, 'cmake_clean_first': False, 'cmake_force_configure': False, 'cmake_target': None, 'cmake_target_skip_unavailable': False, 'install_base': '/home/gadzz/Workspace/VTOL-MissionCenter/install/keyboard', 'merge_install': False, 'path': '/home/gadzz/Workspace/VTOL-MissionCenter/src/ros2-keyboard/keyboard', 'symlink_install': False, 'test_result_base': None}
[0.324s] Level 5:colcon.colcon_core.verb:set package 'mission_center' build argument 'cmake_args' from command line to 'None'
[0.324s] Level 5:colcon.colcon_core.verb:set package 'mission_center' build argument 'cmake_target' from command line to 'None'
[0.324s] Level 5:colcon.colcon_core.verb:set package 'mission_center' build argument 'cmake_target_skip_unavailable' from command line to 'False'
[0.324s] Level 5:colcon.colcon_core.verb:set package 'mission_center' build argument 'cmake_clean_cache' from command line to 'False'
[0.324s] Level 5:colcon.colcon_core.verb:set package 'mission_center' build argument 'cmake_clean_first' from command line to 'False'
[0.324s] Level 5:colcon.colcon_core.verb:set package 'mission_center' build argument 'cmake_force_configure' from command line to 'False'
[0.324s] Level 5:colcon.colcon_core.verb:set package 'mission_center' build argument 'ament_cmake_args' from command line to 'None'
[0.324s] Level 5:colcon.colcon_core.verb:set package 'mission_center' build argument 'catkin_cmake_args' from command line to 'None'
[0.324s] Level 5:colcon.colcon_core.verb:set package 'mission_center' build argument 'catkin_skip_building_tests' from command line to 'False'
[0.324s] DEBUG:colcon.colcon_core.verb:Building package 'mission_center' with the following arguments: {'ament_cmake_args': None, 'build_base': '/home/gadzz/Workspace/VTOL-MissionCenter/build/mission_center', 'catkin_cmake_args': None, 'catkin_skip_building_tests': False, 'cmake_args': None, 'cmake_clean_cache': False, 'cmake_clean_first': False, 'cmake_force_configure': False, 'cmake_target': None, 'cmake_target_skip_unavailable': False, 'install_base': '/home/gadzz/Workspace/VTOL-MissionCenter/install/mission_center', 'merge_install': False, 'path': '/home/gadzz/Workspace/VTOL-MissionCenter/src/mission_center', 'symlink_install': False, 'test_result_base': None}
[0.324s] INFO:colcon.colcon_core.executor:Executing jobs using 'parallel' executor
[0.325s] DEBUG:colcon.colcon_parallel_executor.executor.parallel:run_until_complete
[0.326s] INFO:colcon.colcon_ros.task.ament_cmake.build:Building ROS package in '/home/gadzz/Workspace/VTOL-MissionCenter/src/ros2-keyboard/keyboard_msgs' with build type 'ament_cmake'
[0.326s] INFO:colcon.colcon_cmake.task.cmake.build:Building CMake package in '/home/gadzz/Workspace/VTOL-MissionCenter/src/ros2-keyboard/keyboard_msgs'
[0.329s] INFO:colcon.colcon_core.plugin_system:Skipping extension 'colcon_core.shell.bat': Not used on non-Windows systems
[0.329s] INFO:colcon.colcon_core.shell:Skip shell extension 'powershell' for command environment: Not usable outside of PowerShell
[0.329s] DEBUG:colcon.colcon_core.shell:Skip shell extension 'dsv' for command environment
[0.341s] DEBUG:colcon.colcon_core.event_handler.log_command:Invoking command in '/home/gadzz/Workspace/VTOL-MissionCenter/build/keyboard_msgs': CMAKE_PREFIX_PATH=${CMAKE_PREFIX_PATH}:/opt/ros/humble /usr/bin/cmake --build /home/gadzz/Workspace/VTOL-MissionCenter/build/keyboard_msgs -- -j8 -l8
[1.334s] DEBUG:colcon.colcon_core.event_handler.log_command:Invoked command in '/home/gadzz/Workspace/VTOL-MissionCenter/build/keyboard_msgs' returned '0': CMAKE_PREFIX_PATH=${CMAKE_PREFIX_PATH}:/opt/ros/humble /usr/bin/cmake --build /home/gadzz/Workspace/VTOL-MissionCenter/build/keyboard_msgs -- -j8 -l8
[1.350s] DEBUG:colcon.colcon_core.event_handler.log_command:Invoking command in '/home/gadzz/Workspace/VTOL-MissionCenter/build/keyboard_msgs': CMAKE_PREFIX_PATH=${CMAKE_PREFIX_PATH}:/opt/ros/humble /usr/bin/cmake --install /home/gadzz/Workspace/VTOL-MissionCenter/build/keyboard_msgs
[1.431s] Level 1:colcon.colcon_core.environment:create_environment_scripts_only(keyboard_msgs)
[1.432s] DEBUG:colcon.colcon_core.event_handler.log_command:Invoked command in '/home/gadzz/Workspace/VTOL-MissionCenter/build/keyboard_msgs' returned '0': CMAKE_PREFIX_PATH=${CMAKE_PREFIX_PATH}:/opt/ros/humble /usr/bin/cmake --install /home/gadzz/Workspace/VTOL-MissionCenter/build/keyboard_msgs
[1.436s] Level 1:colcon.colcon_core.environment:checking '/home/gadzz/Workspace/VTOL-MissionCenter/install/keyboard_msgs' for CMake module files
[1.436s] Level 1:colcon.colcon_core.environment:checking '/home/gadzz/Workspace/VTOL-MissionCenter/install/keyboard_msgs' for CMake config files
[1.437s] Level 1:colcon.colcon_core.shell:create_environment_hook('keyboard_msgs', 'cmake_prefix_path')
[1.437s] INFO:colcon.colcon_core.shell:Creating environment hook '/home/gadzz/Workspace/VTOL-MissionCenter/install/keyboard_msgs/share/keyboard_msgs/hook/cmake_prefix_path.ps1'
[1.438s] INFO:colcon.colcon_core.shell:Creating environment descriptor '/home/gadzz/Workspace/VTOL-MissionCenter/install/keyboard_msgs/share/keyboard_msgs/hook/cmake_prefix_path.dsv'
[1.439s] INFO:colcon.colcon_core.shell:Creating environment hook '/home/gadzz/Workspace/VTOL-MissionCenter/install/keyboard_msgs/share/keyboard_msgs/hook/cmake_prefix_path.sh'
[1.440s] Level 1:colcon.colcon_core.environment:checking '/home/gadzz/Workspace/VTOL-MissionCenter/install/keyboard_msgs/lib'
[1.440s] Level 1:colcon.colcon_core.shell:create_environment_hook('keyboard_msgs', 'ld_library_path_lib')
[1.441s] INFO:colcon.colcon_core.shell:Creating environment hook '/home/gadzz/Workspace/VTOL-MissionCenter/install/keyboard_msgs/share/keyboard_msgs/hook/ld_library_path_lib.ps1'
[1.441s] INFO:colcon.colcon_core.shell:Creating environment descriptor '/home/gadzz/Workspace/VTOL-MissionCenter/install/keyboard_msgs/share/keyboard_msgs/hook/ld_library_path_lib.dsv'
[1.442s] INFO:colcon.colcon_core.shell:Creating environment hook '/home/gadzz/Workspace/VTOL-MissionCenter/install/keyboard_msgs/share/keyboard_msgs/hook/ld_library_path_lib.sh'
[1.442s] Level 1:colcon.colcon_core.environment:checking '/home/gadzz/Workspace/VTOL-MissionCenter/install/keyboard_msgs/bin'
[1.442s] Level 1:colcon.colcon_core.environment:checking '/home/gadzz/Workspace/VTOL-MissionCenter/install/keyboard_msgs/lib/pkgconfig/keyboard_msgs.pc'
[1.442s] Level 1:colcon.colcon_core.environment:checking '/home/gadzz/Workspace/VTOL-MissionCenter/install/keyboard_msgs/lib/python3.10/site-packages'
[1.443s] Level 1:colcon.colcon_core.environment:checking '/home/gadzz/Workspace/VTOL-MissionCenter/install/keyboard_msgs/bin'
[1.443s] INFO:colcon.colcon_core.shell:Creating package script '/home/gadzz/Workspace/VTOL-MissionCenter/install/keyboard_msgs/share/keyboard_msgs/package.ps1'
[1.444s] INFO:colcon.colcon_core.shell:Creating package descriptor '/home/gadzz/Workspace/VTOL-MissionCenter/install/keyboard_msgs/share/keyboard_msgs/package.dsv'
[1.445s] INFO:colcon.colcon_core.shell:Creating package script '/home/gadzz/Workspace/VTOL-MissionCenter/install/keyboard_msgs/share/keyboard_msgs/package.sh'
[1.446s] INFO:colcon.colcon_core.shell:Creating package script '/home/gadzz/Workspace/VTOL-MissionCenter/install/keyboard_msgs/share/keyboard_msgs/package.bash'
[1.447s] INFO:colcon.colcon_core.shell:Creating package script '/home/gadzz/Workspace/VTOL-MissionCenter/install/keyboard_msgs/share/keyboard_msgs/package.zsh'
[1.448s] Level 1:colcon.colcon_core.environment:create_file_with_runtime_dependencies(/home/gadzz/Workspace/VTOL-MissionCenter/install/keyboard_msgs/share/colcon-core/packages/keyboard_msgs)
[1.449s] Level 1:colcon.colcon_core.environment:create_environment_scripts_only(keyboard_msgs)
[1.449s] Level 1:colcon.colcon_core.environment:checking '/home/gadzz/Workspace/VTOL-MissionCenter/install/keyboard_msgs' for CMake module files
[1.450s] Level 1:colcon.colcon_core.environment:checking '/home/gadzz/Workspace/VTOL-MissionCenter/install/keyboard_msgs' for CMake config files
[1.450s] Level 1:colcon.colcon_core.shell:create_environment_hook('keyboard_msgs', 'cmake_prefix_path')
[1.450s] INFO:colcon.colcon_core.shell:Creating environment hook '/home/gadzz/Workspace/VTOL-MissionCenter/install/keyboard_msgs/share/keyboard_msgs/hook/cmake_prefix_path.ps1'
[1.451s] INFO:colcon.colcon_core.shell:Creating environment descriptor '/home/gadzz/Workspace/VTOL-MissionCenter/install/keyboard_msgs/share/keyboard_msgs/hook/cmake_prefix_path.dsv'
[1.451s] INFO:colcon.colcon_core.shell:Creating environment hook '/home/gadzz/Workspace/VTOL-MissionCenter/install/keyboard_msgs/share/keyboard_msgs/hook/cmake_prefix_path.sh'
[1.452s] Level 1:colcon.colcon_core.environment:checking '/home/gadzz/Workspace/VTOL-MissionCenter/install/keyboard_msgs/lib'
[1.452s] Level 1:colcon.colcon_core.shell:create_environment_hook('keyboard_msgs', 'ld_library_path_lib')
[1.452s] INFO:colcon.colcon_core.shell:Creating environment hook '/home/gadzz/Workspace/VTOL-MissionCenter/install/keyboard_msgs/share/keyboard_msgs/hook/ld_library_path_lib.ps1'
[1.453s] INFO:colcon.colcon_core.shell:Creating environment descriptor '/home/gadzz/Workspace/VTOL-MissionCenter/install/keyboard_msgs/share/keyboard_msgs/hook/ld_library_path_lib.dsv'
[1.453s] INFO:colcon.colcon_core.shell:Creating environment hook '/home/gadzz/Workspace/VTOL-MissionCenter/install/keyboard_msgs/share/keyboard_msgs/hook/ld_library_path_lib.sh'
[1.454s] Level 1:colcon.colcon_core.environment:checking '/home/gadzz/Workspace/VTOL-MissionCenter/install/keyboard_msgs/bin'
[1.454s] Level 1:colcon.colcon_core.environment:checking '/home/gadzz/Workspace/VTOL-MissionCenter/install/keyboard_msgs/lib/pkgconfig/keyboard_msgs.pc'
[1.454s] Level 1:colcon.colcon_core.environment:checking '/home/gadzz/Workspace/VTOL-MissionCenter/install/keyboard_msgs/lib/python3.10/site-packages'
[1.454s] Level 1:colcon.colcon_core.environment:checking '/home/gadzz/Workspace/VTOL-MissionCenter/install/keyboard_msgs/bin'
[1.454s] INFO:colcon.colcon_core.shell:Creating package script '/home/gadzz/Workspace/VTOL-MissionCenter/install/keyboard_msgs/share/keyboard_msgs/package.ps1'
[1.455s] INFO:colcon.colcon_core.shell:Creating package descriptor '/home/gadzz/Workspace/VTOL-MissionCenter/install/keyboard_msgs/share/keyboard_msgs/package.dsv'
[1.456s] INFO:colcon.colcon_core.shell:Creating package script '/home/gadzz/Workspace/VTOL-MissionCenter/install/keyboard_msgs/share/keyboard_msgs/package.sh'
[1.456s] INFO:colcon.colcon_core.shell:Creating package script '/home/gadzz/Workspace/VTOL-MissionCenter/install/keyboard_msgs/share/keyboard_msgs/package.bash'
[1.456s] INFO:colcon.colcon_core.shell:Creating package script '/home/gadzz/Workspace/VTOL-MissionCenter/install/keyboard_msgs/share/keyboard_msgs/package.zsh'
[1.457s] Level 1:colcon.colcon_core.environment:create_file_with_runtime_dependencies(/home/gadzz/Workspace/VTOL-MissionCenter/install/keyboard_msgs/share/colcon-core/packages/keyboard_msgs)
[1.457s] INFO:colcon.colcon_ros.task.ament_cmake.build:Building ROS package in '/home/gadzz/Workspace/VTOL-MissionCenter/src/ros2-keyboard/keyboard' with build type 'ament_cmake'
[1.457s] INFO:colcon.colcon_cmake.task.cmake.build:Building CMake package in '/home/gadzz/Workspace/VTOL-MissionCenter/src/ros2-keyboard/keyboard'
[1.458s] INFO:colcon.colcon_core.shell:Skip shell extension 'powershell' for command environment: Not usable outside of PowerShell
[1.458s] DEBUG:colcon.colcon_core.shell:Skip shell extension 'dsv' for command environment
[1.463s] INFO:colcon.colcon_ros.task.ament_cmake.build:Building ROS package in '/home/gadzz/Workspace/VTOL-MissionCenter/src/mission_center' with build type 'ament_cmake'
[1.464s] INFO:colcon.colcon_cmake.task.cmake.build:Building CMake package in '/home/gadzz/Workspace/VTOL-MissionCenter/src/mission_center'
[1.465s] INFO:colcon.colcon_core.shell:Skip shell extension 'powershell' for command environment: Not usable outside of PowerShell
[1.465s] DEBUG:colcon.colcon_core.shell:Skip shell extension 'dsv' for command environment
[1.476s] DEBUG:colcon.colcon_core.event_handler.log_command:Invoking command in '/home/gadzz/Workspace/VTOL-MissionCenter/build/keyboard': CMAKE_PREFIX_PATH=/home/gadzz/Workspace/VTOL-MissionCenter/install/keyboard_msgs:/home/gadzz/Workspace/VTOL-MissionCenter/install/mission_center:/home/gadzz/Workspace/VTOL-MissionCenter/install/keyboard:/opt/ros/humble LD_LIBRARY_PATH=/home/gadzz/Workspace/VTOL-MissionCenter/install/keyboard_msgs/lib:/home/gadzz/Workspace/VTOL-MissionCenter/install/mission_center/lib:/opt/ros/humble/opt/rviz_ogre_vendor/lib:/opt/ros/humble/lib/x86_64-linux-gnu:/opt/ros/humble/lib /usr/bin/cmake --build /home/gadzz/Workspace/VTOL-MissionCenter/build/keyboard -- -j8 -l8
[1.482s] DEBUG:colcon.colcon_core.event_handler.log_command:Invoking command in '/home/gadzz/Workspace/VTOL-MissionCenter/build/mission_center': CMAKE_PREFIX_PATH=/home/gadzz/Workspace/VTOL-MissionCenter/install/keyboard_msgs:/home/gadzz/Workspace/VTOL-MissionCenter/install/mission_center:/home/gadzz/Workspace/VTOL-MissionCenter/install/keyboard:/opt/ros/humble LD_LIBRARY_PATH=/home/gadzz/Workspace/VTOL-MissionCenter/install/keyboard_msgs/lib:/home/gadzz/Workspace/VTOL-MissionCenter/install/mission_center/lib:/opt/ros/humble/opt/rviz_ogre_vendor/lib:/opt/ros/humble/lib/x86_64-linux-gnu:/opt/ros/humble/lib /usr/bin/cmake --build /home/gadzz/Workspace/VTOL-MissionCenter/build/mission_center -- -j8 -l8
[1.580s] DEBUG:colcon.colcon_core.event_handler.log_command:Invoked command in '/home/gadzz/Workspace/VTOL-MissionCenter/build/keyboard' returned '0': CMAKE_PREFIX_PATH=/home/gadzz/Workspace/VTOL-MissionCenter/install/keyboard_msgs:/home/gadzz/Workspace/VTOL-MissionCenter/install/mission_center:/home/gadzz/Workspace/VTOL-MissionCenter/install/keyboard:/opt/ros/humble LD_LIBRARY_PATH=/home/gadzz/Workspace/VTOL-MissionCenter/install/keyboard_msgs/lib:/home/gadzz/Workspace/VTOL-MissionCenter/install/mission_center/lib:/opt/ros/humble/opt/rviz_ogre_vendor/lib:/opt/ros/humble/lib/x86_64-linux-gnu:/opt/ros/humble/lib /usr/bin/cmake --build /home/gadzz/Workspace/VTOL-MissionCenter/build/keyboard -- -j8 -l8
[1.584s] DEBUG:colcon.colcon_core.event_handler.log_command:Invoking command in '/home/gadzz/Workspace/VTOL-MissionCenter/build/keyboard': CMAKE_PREFIX_PATH=/home/gadzz/Workspace/VTOL-MissionCenter/install/keyboard_msgs:/home/gadzz/Workspace/VTOL-MissionCenter/install/mission_center:/home/gadzz/Workspace/VTOL-MissionCenter/install/keyboard:/opt/ros/humble LD_LIBRARY_PATH=/home/gadzz/Workspace/VTOL-MissionCenter/install/keyboard_msgs/lib:/home/gadzz/Workspace/VTOL-MissionCenter/install/mission_center/lib:/opt/ros/humble/opt/rviz_ogre_vendor/lib:/opt/ros/humble/lib/x86_64-linux-gnu:/opt/ros/humble/lib /usr/bin/cmake --install /home/gadzz/Workspace/VTOL-MissionCenter/build/keyboard
[1.600s] Level 1:colcon.colcon_core.environment:create_environment_scripts_only(keyboard)
[1.602s] Level 1:colcon.colcon_core.environment:checking '/home/gadzz/Workspace/VTOL-MissionCenter/install/keyboard' for CMake module files
[1.603s] DEBUG:colcon.colcon_core.event_handler.log_command:Invoked command in '/home/gadzz/Workspace/VTOL-MissionCenter/build/keyboard' returned '0': CMAKE_PREFIX_PATH=/home/gadzz/Workspace/VTOL-MissionCenter/install/keyboard_msgs:/home/gadzz/Workspace/VTOL-MissionCenter/install/mission_center:/home/gadzz/Workspace/VTOL-MissionCenter/install/keyboard:/opt/ros/humble LD_LIBRARY_PATH=/home/gadzz/Workspace/VTOL-MissionCenter/install/keyboard_msgs/lib:/home/gadzz/Workspace/VTOL-MissionCenter/install/mission_center/lib:/opt/ros/humble/opt/rviz_ogre_vendor/lib:/opt/ros/humble/lib/x86_64-linux-gnu:/opt/ros/humble/lib /usr/bin/cmake --install /home/gadzz/Workspace/VTOL-MissionCenter/build/keyboard
[1.604s] Level 1:colcon.colcon_core.environment:checking '/home/gadzz/Workspace/VTOL-MissionCenter/install/keyboard' for CMake config files
[1.604s] Level 1:colcon.colcon_core.shell:create_environment_hook('keyboard', 'cmake_prefix_path')
[1.604s] INFO:colcon.colcon_core.shell:Creating environment hook '/home/gadzz/Workspace/VTOL-MissionCenter/install/keyboard/share/keyboard/hook/cmake_prefix_path.ps1'
[1.605s] INFO:colcon.colcon_core.shell:Creating environment descriptor '/home/gadzz/Workspace/VTOL-MissionCenter/install/keyboard/share/keyboard/hook/cmake_prefix_path.dsv'
[1.606s] INFO:colcon.colcon_core.shell:Creating environment hook '/home/gadzz/Workspace/VTOL-MissionCenter/install/keyboard/share/keyboard/hook/cmake_prefix_path.sh'
[1.606s] Level 1:colcon.colcon_core.environment:checking '/home/gadzz/Workspace/VTOL-MissionCenter/install/keyboard/lib'
[1.606s] Level 1:colcon.colcon_core.environment:checking '/home/gadzz/Workspace/VTOL-MissionCenter/install/keyboard/bin'
[1.606s] Level 1:colcon.colcon_core.environment:checking '/home/gadzz/Workspace/VTOL-MissionCenter/install/keyboard/lib/pkgconfig/keyboard.pc'
[1.607s] Level 1:colcon.colcon_core.environment:checking '/home/gadzz/Workspace/VTOL-MissionCenter/install/keyboard/lib/python3.10/site-packages'
[1.607s] Level 1:colcon.colcon_core.environment:checking '/home/gadzz/Workspace/VTOL-MissionCenter/install/keyboard/bin'
[1.607s] INFO:colcon.colcon_core.shell:Creating package script '/home/gadzz/Workspace/VTOL-MissionCenter/install/keyboard/share/keyboard/package.ps1'
[1.608s] INFO:colcon.colcon_core.shell:Creating package descriptor '/home/gadzz/Workspace/VTOL-MissionCenter/install/keyboard/share/keyboard/package.dsv'
[1.608s] INFO:colcon.colcon_core.shell:Creating package script '/home/gadzz/Workspace/VTOL-MissionCenter/install/keyboard/share/keyboard/package.sh'
[1.609s] INFO:colcon.colcon_core.shell:Creating package script '/home/gadzz/Workspace/VTOL-MissionCenter/install/keyboard/share/keyboard/package.bash'
[1.609s] INFO:colcon.colcon_core.shell:Creating package script '/home/gadzz/Workspace/VTOL-MissionCenter/install/keyboard/share/keyboard/package.zsh'
[1.610s] Level 1:colcon.colcon_core.environment:create_file_with_runtime_dependencies(/home/gadzz/Workspace/VTOL-MissionCenter/install/keyboard/share/colcon-core/packages/keyboard)
[1.610s] Level 1:colcon.colcon_core.environment:create_environment_scripts_only(keyboard)
[1.611s] Level 1:colcon.colcon_core.environment:checking '/home/gadzz/Workspace/VTOL-MissionCenter/install/keyboard' for CMake module files
[1.611s] Level 1:colcon.colcon_core.environment:checking '/home/gadzz/Workspace/VTOL-MissionCenter/install/keyboard' for CMake config files
[1.612s] Level 1:colcon.colcon_core.shell:create_environment_hook('keyboard', 'cmake_prefix_path')
[1.612s] INFO:colcon.colcon_core.shell:Creating environment hook '/home/gadzz/Workspace/VTOL-MissionCenter/install/keyboard/share/keyboard/hook/cmake_prefix_path.ps1'
[1.613s] INFO:colcon.colcon_core.shell:Creating environment descriptor '/home/gadzz/Workspace/VTOL-MissionCenter/install/keyboard/share/keyboard/hook/cmake_prefix_path.dsv'
[1.613s] INFO:colcon.colcon_core.shell:Creating environment hook '/home/gadzz/Workspace/VTOL-MissionCenter/install/keyboard/share/keyboard/hook/cmake_prefix_path.sh'
[1.614s] Level 1:colcon.colcon_core.environment:checking '/home/gadzz/Workspace/VTOL-MissionCenter/install/keyboard/lib'
[1.614s] Level 1:colcon.colcon_core.environment:checking '/home/gadzz/Workspace/VTOL-MissionCenter/install/keyboard/bin'
[1.614s] Level 1:colcon.colcon_core.environment:checking '/home/gadzz/Workspace/VTOL-MissionCenter/install/keyboard/lib/pkgconfig/keyboard.pc'
[1.614s] Level 1:colcon.colcon_core.environment:checking '/home/gadzz/Workspace/VTOL-MissionCenter/install/keyboard/lib/python3.10/site-packages'
[1.616s] Level 1:colcon.colcon_core.environment:checking '/home/gadzz/Workspace/VTOL-MissionCenter/install/keyboard/bin'
[1.617s] INFO:colcon.colcon_core.shell:Creating package script '/home/gadzz/Workspace/VTOL-MissionCenter/install/keyboard/share/keyboard/package.ps1'
[1.621s] INFO:colcon.colcon_core.shell:Creating package descriptor '/home/gadzz/Workspace/VTOL-MissionCenter/install/keyboard/share/keyboard/package.dsv'
[1.621s] INFO:colcon.colcon_core.shell:Creating package script '/home/gadzz/Workspace/VTOL-MissionCenter/install/keyboard/share/keyboard/package.sh'
[1.622s] INFO:colcon.colcon_core.shell:Creating package script '/home/gadzz/Workspace/VTOL-MissionCenter/install/keyboard/share/keyboard/package.bash'
[1.622s] INFO:colcon.colcon_core.shell:Creating package script '/home/gadzz/Workspace/VTOL-MissionCenter/install/keyboard/share/keyboard/package.zsh'
[1.623s] Level 1:colcon.colcon_core.environment:create_file_with_runtime_dependencies(/home/gadzz/Workspace/VTOL-MissionCenter/install/keyboard/share/colcon-core/packages/keyboard)
[19.866s] DEBUG:colcon.colcon_core.event_handler.log_command:Invoked command in '/home/gadzz/Workspace/VTOL-MissionCenter/build/mission_center' returned '2': CMAKE_PREFIX_PATH=/home/gadzz/Workspace/VTOL-MissionCenter/install/keyboard_msgs:/home/gadzz/Workspace/VTOL-MissionCenter/install/mission_center:/home/gadzz/Workspace/VTOL-MissionCenter/install/keyboard:/opt/ros/humble LD_LIBRARY_PATH=/home/gadzz/Workspace/VTOL-MissionCenter/install/keyboard_msgs/lib:/home/gadzz/Workspace/VTOL-MissionCenter/install/mission_center/lib:/opt/ros/humble/opt/rviz_ogre_vendor/lib:/opt/ros/humble/lib/x86_64-linux-gnu:/opt/ros/humble/lib /usr/bin/cmake --build /home/gadzz/Workspace/VTOL-MissionCenter/build/mission_center -- -j8 -l8
[19.868s] Level 1:colcon.colcon_core.environment:create_environment_scripts_only(mission_center)
[19.869s] Level 1:colcon.colcon_core.environment:checking '/home/gadzz/Workspace/VTOL-MissionCenter/install/mission_center' for CMake module files
[19.869s] Level 1:colcon.colcon_core.environment:checking '/home/gadzz/Workspace/VTOL-MissionCenter/install/mission_center' for CMake config files
[19.870s] Level 1:colcon.colcon_core.shell:create_environment_hook('mission_center', 'cmake_prefix_path')
[19.870s] INFO:colcon.colcon_core.shell:Creating environment hook '/home/gadzz/Workspace/VTOL-MissionCenter/install/mission_center/share/mission_center/hook/cmake_prefix_path.ps1'
[19.871s] INFO:colcon.colcon_core.shell:Creating environment descriptor '/home/gadzz/Workspace/VTOL-MissionCenter/install/mission_center/share/mission_center/hook/cmake_prefix_path.dsv'
[19.871s] INFO:colcon.colcon_core.shell:Creating environment hook '/home/gadzz/Workspace/VTOL-MissionCenter/install/mission_center/share/mission_center/hook/cmake_prefix_path.sh'
[19.872s] Level 1:colcon.colcon_core.environment:checking '/home/gadzz/Workspace/VTOL-MissionCenter/install/mission_center/lib'
[19.872s] Level 1:colcon.colcon_core.shell:create_environment_hook('mission_center', 'ld_library_path_lib')
[19.872s] INFO:colcon.colcon_core.shell:Creating environment hook '/home/gadzz/Workspace/VTOL-MissionCenter/install/mission_center/share/mission_center/hook/ld_library_path_lib.ps1'
[19.873s] INFO:colcon.colcon_core.shell:Creating environment descriptor '/home/gadzz/Workspace/VTOL-MissionCenter/install/mission_center/share/mission_center/hook/ld_library_path_lib.dsv'
[19.873s] INFO:colcon.colcon_core.shell:Creating environment hook '/home/gadzz/Workspace/VTOL-MissionCenter/install/mission_center/share/mission_center/hook/ld_library_path_lib.sh'
[19.873s] Level 1:colcon.colcon_core.environment:checking '/home/gadzz/Workspace/VTOL-MissionCenter/install/mission_center/bin'
[19.873s] Level 1:colcon.colcon_core.environment:checking '/home/gadzz/Workspace/VTOL-MissionCenter/install/mission_center/lib/pkgconfig/mission_center.pc'
[19.873s] Level 1:colcon.colcon_core.environment:checking '/home/gadzz/Workspace/VTOL-MissionCenter/install/mission_center/lib/python3.10/site-packages'
[19.874s] Level 1:colcon.colcon_core.environment:checking '/home/gadzz/Workspace/VTOL-MissionCenter/install/mission_center/bin'
[19.874s] INFO:colcon.colcon_core.shell:Creating package script '/home/gadzz/Workspace/VTOL-MissionCenter/install/mission_center/share/mission_center/package.ps1'
[19.875s] INFO:colcon.colcon_core.shell:Creating package descriptor '/home/gadzz/Workspace/VTOL-MissionCenter/install/mission_center/share/mission_center/package.dsv'
[19.875s] INFO:colcon.colcon_core.shell:Creating package script '/home/gadzz/Workspace/VTOL-MissionCenter/install/mission_center/share/mission_center/package.sh'
[19.876s] INFO:colcon.colcon_core.shell:Creating package script '/home/gadzz/Workspace/VTOL-MissionCenter/install/mission_center/share/mission_center/package.bash'
[19.876s] INFO:colcon.colcon_core.shell:Creating package script '/home/gadzz/Workspace/VTOL-MissionCenter/install/mission_center/share/mission_center/package.zsh'
[19.877s] Level 1:colcon.colcon_core.environment:create_file_with_runtime_dependencies(/home/gadzz/Workspace/VTOL-MissionCenter/install/mission_center/share/colcon-core/packages/mission_center)
[19.887s] DEBUG:colcon.colcon_parallel_executor.executor.parallel:closing loop
[19.887s] DEBUG:colcon.colcon_parallel_executor.executor.parallel:loop closed
[19.887s] DEBUG:colcon.colcon_parallel_executor.executor.parallel:run_until_complete finished with '2'
[19.888s] DEBUG:colcon.colcon_core.event_reactor:joining thread
[19.894s] INFO:colcon.colcon_core.plugin_system:Skipping extension 'colcon_notification.desktop_notification.terminal_notifier': Not used on non-Darwin systems
[19.895s] INFO:colcon.colcon_core.plugin_system:Skipping extension 'colcon_notification.desktop_notification.win32': Not used on non-Windows systems
[19.895s] INFO:colcon.colcon_notification.desktop_notification:Sending desktop notification using 'notify2'
[19.939s] DEBUG:colcon.colcon_core.event_reactor:joined thread
[19.939s] INFO:colcon.colcon_core.shell:Creating prefix script '/home/gadzz/Workspace/VTOL-MissionCenter/install/local_setup.ps1'
[19.940s] INFO:colcon.colcon_core.shell:Creating prefix util module '/home/gadzz/Workspace/VTOL-MissionCenter/install/_local_setup_util_ps1.py'
[19.942s] INFO:colcon.colcon_core.shell:Creating prefix chain script '/home/gadzz/Workspace/VTOL-MissionCenter/install/setup.ps1'
[19.943s] INFO:colcon.colcon_core.shell:Creating prefix script '/home/gadzz/Workspace/VTOL-MissionCenter/install/local_setup.sh'
[19.943s] INFO:colcon.colcon_core.shell:Creating prefix util module '/home/gadzz/Workspace/VTOL-MissionCenter/install/_local_setup_util_sh.py'
[19.944s] INFO:colcon.colcon_core.shell:Creating prefix chain script '/home/gadzz/Workspace/VTOL-MissionCenter/install/setup.sh'
[19.945s] INFO:colcon.colcon_core.shell:Creating prefix script '/home/gadzz/Workspace/VTOL-MissionCenter/install/local_setup.bash'
[19.946s] INFO:colcon.colcon_core.shell:Creating prefix chain script '/home/gadzz/Workspace/VTOL-MissionCenter/install/setup.bash'
[19.947s] INFO:colcon.colcon_core.shell:Creating prefix script '/home/gadzz/Workspace/VTOL-MissionCenter/install/local_setup.zsh'
[19.948s] INFO:colcon.colcon_core.shell:Creating prefix chain script '/home/gadzz/Workspace/VTOL-MissionCenter/install/setup.zsh'
