[0.164s] DEBUG:colcon:Command line arguments: ['/usr/bin/colcon', 'build']
[0.164s] DEBUG:colcon:Parsed command line arguments: Namespace(log_base=None, log_level=None, verb_name='build', build_base='build', install_base='install', merge_install=False, symlink_install=False, test_result_base=None, continue_on_error=False, executor='parallel', parallel_workers=8, event_handlers=None, ignore_user_meta=False, metas=['./colcon.meta'], base_paths=['.'], packages_ignore=None, packages_ignore_regex=None, paths=None, packages_up_to=None, packages_up_to_regex=None, packages_above=None, packages_above_and_dependencies=None, packages_above_depth=None, packages_select_by_dep=None, packages_skip_by_dep=None, packages_skip_up_to=None, packages_select_build_failed=False, packages_skip_build_finished=False, packages_select_test_failures=False, packages_skip_test_passed=False, packages_select=None, packages_skip=None, packages_select_regex=None, packages_skip_regex=None, packages_start=None, packages_end=None, allow_overriding=[], cmake_args=None, cmake_target=None, cmake_target_skip_unavailable=False, cmake_clean_cache=False, cmake_clean_first=False, cmake_force_configure=False, ament_cmake_args=None, catkin_cmake_args=None, catkin_skip_building_tests=False, verb_parser=<colcon_defaults.argument_parser.defaults.DefaultArgumentsDecorator object at 0x734703fb8a90>, verb_extension=<colcon_core.verb.build.BuildVerb object at 0x7347040a2590>, main=<bound method BuildVerb.main of <colcon_core.verb.build.BuildVerb object at 0x7347040a2590>>)
[0.232s] Level 1:colcon.colcon_core.package_discovery:discover_packages(colcon_meta) check parameters
[0.232s] Level 1:colcon.colcon_core.package_discovery:discover_packages(recursive) check parameters
[0.232s] Level 1:colcon.colcon_core.package_discovery:discover_packages(ignore) check parameters
[0.232s] Level 1:colcon.colcon_core.package_discovery:discover_packages(path) check parameters
[0.232s] Level 1:colcon.colcon_core.package_discovery:discover_packages(colcon_meta) discover
[0.232s] Level 1:colcon.colcon_core.package_discovery:discover_packages(recursive) discover
[0.232s] INFO:colcon.colcon_core.package_discovery:Crawling recursively for packages in '/home/gadzz/Workspace/VTOL-MissionCenter'
[0.232s] Level 1:colcon.colcon_core.package_identification:_identify(.) by extensions ['ignore', 'ignore_ament_install']
[0.233s] Level 1:colcon.colcon_core.package_identification:_identify(.) by extension 'ignore'
[0.233s] Level 1:colcon.colcon_core.package_identification:_identify(.) by extension 'ignore_ament_install'
[0.233s] Level 1:colcon.colcon_core.package_identification:_identify(.) by extensions ['colcon_pkg']
[0.233s] Level 1:colcon.colcon_core.package_identification:_identify(.) by extension 'colcon_pkg'
[0.233s] Level 1:colcon.colcon_core.package_identification:_identify(.) by extensions ['colcon_meta']
[0.233s] Level 1:colcon.colcon_core.package_identification:_identify(.) by extension 'colcon_meta'
[0.233s] Level 1:colcon.colcon_core.package_identification:_identify(.) by extensions ['ros']
[0.233s] Level 1:colcon.colcon_core.package_identification:_identify(.) by extension 'ros'
[0.255s] Level 1:colcon.colcon_core.package_identification:_identify(.) by extensions ['cmake', 'python']
[0.255s] Level 1:colcon.colcon_core.package_identification:_identify(.) by extension 'cmake'
[0.255s] Level 1:colcon.colcon_core.package_identification:_identify(.) by extension 'python'
[0.255s] Level 1:colcon.colcon_core.package_identification:_identify(.) by extensions ['python_setup_py']
[0.255s] Level 1:colcon.colcon_core.package_identification:_identify(.) by extension 'python_setup_py'
[0.255s] Level 1:colcon.colcon_core.package_identification:_identify(build) by extensions ['ignore', 'ignore_ament_install']
[0.255s] Level 1:colcon.colcon_core.package_identification:_identify(build) by extension 'ignore'
[0.255s] Level 1:colcon.colcon_core.package_identification:_identify(build) ignored
[0.255s] Level 1:colcon.colcon_core.package_identification:_identify(install) by extensions ['ignore', 'ignore_ament_install']
[0.256s] Level 1:colcon.colcon_core.package_identification:_identify(install) by extension 'ignore'
[0.256s] Level 1:colcon.colcon_core.package_identification:_identify(install) ignored
[0.256s] Level 1:colcon.colcon_core.package_identification:_identify(log) by extensions ['ignore', 'ignore_ament_install']
[0.256s] Level 1:colcon.colcon_core.package_identification:_identify(log) by extension 'ignore'
[0.256s] Level 1:colcon.colcon_core.package_identification:_identify(log) ignored
[0.256s] Level 1:colcon.colcon_core.package_identification:_identify(src) by extensions ['ignore', 'ignore_ament_install']
[0.256s] Level 1:colcon.colcon_core.package_identification:_identify(src) by extension 'ignore'
[0.256s] Level 1:colcon.colcon_core.package_identification:_identify(src) by extension 'ignore_ament_install'
[0.256s] Level 1:colcon.colcon_core.package_identification:_identify(src) by extensions ['colcon_pkg']
[0.256s] Level 1:colcon.colcon_core.package_identification:_identify(src) by extension 'colcon_pkg'
[0.256s] Level 1:colcon.colcon_core.package_identification:_identify(src) by extensions ['colcon_meta']
[0.256s] Level 1:colcon.colcon_core.package_identification:_identify(src) by extension 'colcon_meta'
[0.256s] Level 1:colcon.colcon_core.package_identification:_identify(src) by extensions ['ros']
[0.256s] Level 1:colcon.colcon_core.package_identification:_identify(src) by extension 'ros'
[0.256s] Level 1:colcon.colcon_core.package_identification:_identify(src) by extensions ['cmake', 'python']
[0.257s] Level 1:colcon.colcon_core.package_identification:_identify(src) by extension 'cmake'
[0.257s] Level 1:colcon.colcon_core.package_identification:_identify(src) by extension 'python'
[0.257s] Level 1:colcon.colcon_core.package_identification:_identify(src) by extensions ['python_setup_py']
[0.257s] Level 1:colcon.colcon_core.package_identification:_identify(src) by extension 'python_setup_py'
[0.257s] Level 1:colcon.colcon_core.package_identification:_identify(src/mission_center) by extensions ['ignore', 'ignore_ament_install']
[0.257s] Level 1:colcon.colcon_core.package_identification:_identify(src/mission_center) by extension 'ignore'
[0.257s] Level 1:colcon.colcon_core.package_identification:_identify(src/mission_center) by extension 'ignore_ament_install'
[0.257s] Level 1:colcon.colcon_core.package_identification:_identify(src/mission_center) by extensions ['colcon_pkg']
[0.257s] Level 1:colcon.colcon_core.package_identification:_identify(src/mission_center) by extension 'colcon_pkg'
[0.257s] Level 1:colcon.colcon_core.package_identification:_identify(src/mission_center) by extensions ['colcon_meta']
[0.257s] Level 1:colcon.colcon_core.package_identification:_identify(src/mission_center) by extension 'colcon_meta'
[0.257s] Level 1:colcon.colcon_core.package_identification:_identify(src/mission_center) by extensions ['ros']
[0.257s] Level 1:colcon.colcon_core.package_identification:_identify(src/mission_center) by extension 'ros'
[0.262s] DEBUG:colcon.colcon_core.package_identification:Package 'src/mission_center' with type 'ros.ament_cmake' and name 'mission_center'
[0.262s] Level 1:colcon.colcon_core.package_identification:_identify(src/ros2-keyboard) by extensions ['ignore', 'ignore_ament_install']
[0.263s] Level 1:colcon.colcon_core.package_identification:_identify(src/ros2-keyboard) by extension 'ignore'
[0.263s] Level 1:colcon.colcon_core.package_identification:_identify(src/ros2-keyboard) by extension 'ignore_ament_install'
[0.263s] Level 1:colcon.colcon_core.package_identification:_identify(src/ros2-keyboard) by extensions ['colcon_pkg']
[0.263s] Level 1:colcon.colcon_core.package_identification:_identify(src/ros2-keyboard) by extension 'colcon_pkg'
[0.263s] Level 1:colcon.colcon_core.package_identification:_identify(src/ros2-keyboard) by extensions ['colcon_meta']
[0.263s] Level 1:colcon.colcon_core.package_identification:_identify(src/ros2-keyboard) by extension 'colcon_meta'
[0.263s] Level 1:colcon.colcon_core.package_identification:_identify(src/ros2-keyboard) by extensions ['ros']
[0.263s] Level 1:colcon.colcon_core.package_identification:_identify(src/ros2-keyboard) by extension 'ros'
[0.263s] Level 1:colcon.colcon_core.package_identification:_identify(src/ros2-keyboard) by extensions ['cmake', 'python']
[0.263s] Level 1:colcon.colcon_core.package_identification:_identify(src/ros2-keyboard) by extension 'cmake'
[0.263s] Level 1:colcon.colcon_core.package_identification:_identify(src/ros2-keyboard) by extension 'python'
[0.263s] Level 1:colcon.colcon_core.package_identification:_identify(src/ros2-keyboard) by extensions ['python_setup_py']
[0.263s] Level 1:colcon.colcon_core.package_identification:_identify(src/ros2-keyboard) by extension 'python_setup_py'
[0.263s] Level 1:colcon.colcon_core.package_identification:_identify(src/ros2-keyboard/keyboard) by extensions ['ignore', 'ignore_ament_install']
[0.263s] Level 1:colcon.colcon_core.package_identification:_identify(src/ros2-keyboard/keyboard) by extension 'ignore'
[0.263s] Level 1:colcon.colcon_core.package_identification:_identify(src/ros2-keyboard/keyboard) by extension 'ignore_ament_install'
[0.263s] Level 1:colcon.colcon_core.package_identification:_identify(src/ros2-keyboard/keyboard) by extensions ['colcon_pkg']
[0.264s] Level 1:colcon.colcon_core.package_identification:_identify(src/ros2-keyboard/keyboard) by extension 'colcon_pkg'
[0.264s] Level 1:colcon.colcon_core.package_identification:_identify(src/ros2-keyboard/keyboard) by extensions ['colcon_meta']
[0.264s] Level 1:colcon.colcon_core.package_identification:_identify(src/ros2-keyboard/keyboard) by extension 'colcon_meta'
[0.264s] Level 1:colcon.colcon_core.package_identification:_identify(src/ros2-keyboard/keyboard) by extensions ['ros']
[0.264s] Level 1:colcon.colcon_core.package_identification:_identify(src/ros2-keyboard/keyboard) by extension 'ros'
[0.265s] DEBUG:colcon.colcon_core.package_identification:Package 'src/ros2-keyboard/keyboard' with type 'ros.ament_cmake' and name 'keyboard'
[0.265s] Level 1:colcon.colcon_core.package_identification:_identify(src/ros2-keyboard/keyboard_msgs) by extensions ['ignore', 'ignore_ament_install']
[0.265s] Level 1:colcon.colcon_core.package_identification:_identify(src/ros2-keyboard/keyboard_msgs) by extension 'ignore'
[0.265s] Level 1:colcon.colcon_core.package_identification:_identify(src/ros2-keyboard/keyboard_msgs) by extension 'ignore_ament_install'
[0.265s] Level 1:colcon.colcon_core.package_identification:_identify(src/ros2-keyboard/keyboard_msgs) by extensions ['colcon_pkg']
[0.265s] Level 1:colcon.colcon_core.package_identification:_identify(src/ros2-keyboard/keyboard_msgs) by extension 'colcon_pkg'
[0.265s] Level 1:colcon.colcon_core.package_identification:_identify(src/ros2-keyboard/keyboard_msgs) by extensions ['colcon_meta']
[0.265s] Level 1:colcon.colcon_core.package_identification:_identify(src/ros2-keyboard/keyboard_msgs) by extension 'colcon_meta'
[0.265s] Level 1:colcon.colcon_core.package_identification:_identify(src/ros2-keyboard/keyboard_msgs) by extensions ['ros']
[0.266s] Level 1:colcon.colcon_core.package_identification:_identify(src/ros2-keyboard/keyboard_msgs) by extension 'ros'
[0.267s] DEBUG:colcon.colcon_core.package_identification:Package 'src/ros2-keyboard/keyboard_msgs' with type 'ros.ament_cmake' and name 'keyboard_msgs'
[0.267s] Level 1:colcon.colcon_core.package_identification:_identify(terrain) by extensions ['ignore', 'ignore_ament_install']
[0.268s] Level 1:colcon.colcon_core.package_identification:_identify(terrain) by extension 'ignore'
[0.268s] Level 1:colcon.colcon_core.package_identification:_identify(terrain) by extension 'ignore_ament_install'
[0.268s] Level 1:colcon.colcon_core.package_identification:_identify(terrain) by extensions ['colcon_pkg']
[0.268s] Level 1:colcon.colcon_core.package_identification:_identify(terrain) by extension 'colcon_pkg'
[0.268s] Level 1:colcon.colcon_core.package_identification:_identify(terrain) by extensions ['colcon_meta']
[0.268s] Level 1:colcon.colcon_core.package_identification:_identify(terrain) by extension 'colcon_meta'
[0.268s] Level 1:colcon.colcon_core.package_identification:_identify(terrain) by extensions ['ros']
[0.268s] Level 1:colcon.colcon_core.package_identification:_identify(terrain) by extension 'ros'
[0.268s] Level 1:colcon.colcon_core.package_identification:_identify(terrain) by extensions ['cmake', 'python']
[0.268s] Level 1:colcon.colcon_core.package_identification:_identify(terrain) by extension 'cmake'
[0.268s] Level 1:colcon.colcon_core.package_identification:_identify(terrain) by extension 'python'
[0.268s] Level 1:colcon.colcon_core.package_identification:_identify(terrain) by extensions ['python_setup_py']
[0.268s] Level 1:colcon.colcon_core.package_identification:_identify(terrain) by extension 'python_setup_py'
[0.268s] Level 1:colcon.colcon_core.package_discovery:discover_packages(recursive) using defaults
[0.269s] Level 1:colcon.colcon_core.package_discovery:discover_packages(ignore) discover
[0.269s] Level 1:colcon.colcon_core.package_discovery:discover_packages(ignore) using defaults
[0.269s] Level 1:colcon.colcon_core.package_discovery:discover_packages(path) discover
[0.269s] Level 1:colcon.colcon_core.package_discovery:discover_packages(path) using defaults
[0.302s] Level 1:colcon.colcon_core.package_discovery:discover_packages(prefix_path) check parameters
[0.302s] Level 1:colcon.colcon_core.package_discovery:discover_packages(prefix_path) discover
[0.304s] DEBUG:colcon.colcon_installed_package_information.package_discovery:Found 3 installed packages in /home/gadzz/Workspace/VTOL-MissionCenter/install
[0.306s] DEBUG:colcon.colcon_installed_package_information.package_discovery:Found 288 installed packages in /opt/ros/humble
[0.308s] Level 1:colcon.colcon_core.package_discovery:discover_packages(prefix_path) using defaults
[0.352s] Level 5:colcon.colcon_core.verb:set package 'keyboard_msgs' build argument 'cmake_args' from command line to 'None'
[0.353s] Level 5:colcon.colcon_core.verb:set package 'keyboard_msgs' build argument 'cmake_target' from command line to 'None'
[0.353s] Level 5:colcon.colcon_core.verb:set package 'keyboard_msgs' build argument 'cmake_target_skip_unavailable' from command line to 'False'
[0.353s] Level 5:colcon.colcon_core.verb:set package 'keyboard_msgs' build argument 'cmake_clean_cache' from command line to 'False'
[0.353s] Level 5:colcon.colcon_core.verb:set package 'keyboard_msgs' build argument 'cmake_clean_first' from command line to 'False'
[0.353s] Level 5:colcon.colcon_core.verb:set package 'keyboard_msgs' build argument 'cmake_force_configure' from command line to 'False'
[0.353s] Level 5:colcon.colcon_core.verb:set package 'keyboard_msgs' build argument 'ament_cmake_args' from command line to 'None'
[0.353s] Level 5:colcon.colcon_core.verb:set package 'keyboard_msgs' build argument 'catkin_cmake_args' from command line to 'None'
[0.353s] Level 5:colcon.colcon_core.verb:set package 'keyboard_msgs' build argument 'catkin_skip_building_tests' from command line to 'False'
[0.353s] DEBUG:colcon.colcon_core.verb:Building package 'keyboard_msgs' with the following arguments: {'ament_cmake_args': None, 'build_base': '/home/gadzz/Workspace/VTOL-MissionCenter/build/keyboard_msgs', 'catkin_cmake_args': None, 'catkin_skip_building_tests': False, 'cmake_args': None, 'cmake_clean_cache': False, 'cmake_clean_first': False, 'cmake_force_configure': False, 'cmake_target': None, 'cmake_target_skip_unavailable': False, 'install_base': '/home/gadzz/Workspace/VTOL-MissionCenter/install/keyboard_msgs', 'merge_install': False, 'path': '/home/gadzz/Workspace/VTOL-MissionCenter/src/ros2-keyboard/keyboard_msgs', 'symlink_install': False, 'test_result_base': None}
[0.354s] Level 5:colcon.colcon_core.verb:set package 'keyboard' build argument 'cmake_args' from command line to 'None'
[0.354s] Level 5:colcon.colcon_core.verb:set package 'keyboard' build argument 'cmake_target' from command line to 'None'
[0.354s] Level 5:colcon.colcon_core.verb:set package 'keyboard' build argument 'cmake_target_skip_unavailable' from command line to 'False'
[0.354s] Level 5:colcon.colcon_core.verb:set package 'keyboard' build argument 'cmake_clean_cache' from command line to 'False'
[0.354s] Level 5:colcon.colcon_core.verb:set package 'keyboard' build argument 'cmake_clean_first' from command line to 'False'
[0.354s] Level 5:colcon.colcon_core.verb:set package 'keyboard' build argument 'cmake_force_configure' from command line to 'False'
[0.354s] Level 5:colcon.colcon_core.verb:set package 'keyboard' build argument 'ament_cmake_args' from command line to 'None'
[0.354s] Level 5:colcon.colcon_core.verb:set package 'keyboard' build argument 'catkin_cmake_args' from command line to 'None'
[0.354s] Level 5:colcon.colcon_core.verb:set package 'keyboard' build argument 'catkin_skip_building_tests' from command line to 'False'
[0.354s] DEBUG:colcon.colcon_core.verb:Building package 'keyboard' with the following arguments: {'ament_cmake_args': None, 'build_base': '/home/gadzz/Workspace/VTOL-MissionCenter/build/keyboard', 'catkin_cmake_args': None, 'catkin_skip_building_tests': False, 'cmake_args': None, 'cmake_clean_cache': False, 'cmake_clean_first': False, 'cmake_force_configure': False, 'cmake_target': None, 'cmake_target_skip_unavailable': False, 'install_base': '/home/gadzz/Workspace/VTOL-MissionCenter/install/keyboard', 'merge_install': False, 'path': '/home/gadzz/Workspace/VTOL-MissionCenter/src/ros2-keyboard/keyboard', 'symlink_install': False, 'test_result_base': None}
[0.354s] Level 5:colcon.colcon_core.verb:set package 'mission_center' build argument 'cmake_args' from command line to 'None'
[0.354s] Level 5:colcon.colcon_core.verb:set package 'mission_center' build argument 'cmake_target' from command line to 'None'
[0.354s] Level 5:colcon.colcon_core.verb:set package 'mission_center' build argument 'cmake_target_skip_unavailable' from command line to 'False'
[0.355s] Level 5:colcon.colcon_core.verb:set package 'mission_center' build argument 'cmake_clean_cache' from command line to 'False'
[0.355s] Level 5:colcon.colcon_core.verb:set package 'mission_center' build argument 'cmake_clean_first' from command line to 'False'
[0.355s] Level 5:colcon.colcon_core.verb:set package 'mission_center' build argument 'cmake_force_configure' from command line to 'False'
[0.355s] Level 5:colcon.colcon_core.verb:set package 'mission_center' build argument 'ament_cmake_args' from command line to 'None'
[0.355s] Level 5:colcon.colcon_core.verb:set package 'mission_center' build argument 'catkin_cmake_args' from command line to 'None'
[0.355s] Level 5:colcon.colcon_core.verb:set package 'mission_center' build argument 'catkin_skip_building_tests' from command line to 'False'
[0.355s] DEBUG:colcon.colcon_core.verb:Building package 'mission_center' with the following arguments: {'ament_cmake_args': None, 'build_base': '/home/gadzz/Workspace/VTOL-MissionCenter/build/mission_center', 'catkin_cmake_args': None, 'catkin_skip_building_tests': False, 'cmake_args': None, 'cmake_clean_cache': False, 'cmake_clean_first': False, 'cmake_force_configure': False, 'cmake_target': None, 'cmake_target_skip_unavailable': False, 'install_base': '/home/gadzz/Workspace/VTOL-MissionCenter/install/mission_center', 'merge_install': False, 'path': '/home/gadzz/Workspace/VTOL-MissionCenter/src/mission_center', 'symlink_install': False, 'test_result_base': None}
[0.355s] INFO:colcon.colcon_core.executor:Executing jobs using 'parallel' executor
[0.356s] DEBUG:colcon.colcon_parallel_executor.executor.parallel:run_until_complete
[0.356s] INFO:colcon.colcon_ros.task.ament_cmake.build:Building ROS package in '/home/gadzz/Workspace/VTOL-MissionCenter/src/ros2-keyboard/keyboard_msgs' with build type 'ament_cmake'
[0.357s] INFO:colcon.colcon_cmake.task.cmake.build:Building CMake package in '/home/gadzz/Workspace/VTOL-MissionCenter/src/ros2-keyboard/keyboard_msgs'
[0.361s] INFO:colcon.colcon_core.plugin_system:Skipping extension 'colcon_core.shell.bat': Not used on non-Windows systems
[0.361s] INFO:colcon.colcon_core.shell:Skip shell extension 'powershell' for command environment: Not usable outside of PowerShell
[0.361s] DEBUG:colcon.colcon_core.shell:Skip shell extension 'dsv' for command environment
[0.374s] DEBUG:colcon.colcon_core.event_handler.log_command:Invoking command in '/home/gadzz/Workspace/VTOL-MissionCenter/build/keyboard_msgs': CMAKE_PREFIX_PATH=${CMAKE_PREFIX_PATH}:/opt/ros/humble /usr/bin/cmake --build /home/gadzz/Workspace/VTOL-MissionCenter/build/keyboard_msgs -- -j8 -l8
[1.534s] DEBUG:colcon.colcon_core.event_handler.log_command:Invoked command in '/home/gadzz/Workspace/VTOL-MissionCenter/build/keyboard_msgs' returned '0': CMAKE_PREFIX_PATH=${CMAKE_PREFIX_PATH}:/opt/ros/humble /usr/bin/cmake --build /home/gadzz/Workspace/VTOL-MissionCenter/build/keyboard_msgs -- -j8 -l8
[1.550s] DEBUG:colcon.colcon_core.event_handler.log_command:Invoking command in '/home/gadzz/Workspace/VTOL-MissionCenter/build/keyboard_msgs': CMAKE_PREFIX_PATH=${CMAKE_PREFIX_PATH}:/opt/ros/humble /usr/bin/cmake --install /home/gadzz/Workspace/VTOL-MissionCenter/build/keyboard_msgs
[1.637s] Level 1:colcon.colcon_core.environment:create_environment_scripts_only(keyboard_msgs)
[1.639s] DEBUG:colcon.colcon_core.event_handler.log_command:Invoked command in '/home/gadzz/Workspace/VTOL-MissionCenter/build/keyboard_msgs' returned '0': CMAKE_PREFIX_PATH=${CMAKE_PREFIX_PATH}:/opt/ros/humble /usr/bin/cmake --install /home/gadzz/Workspace/VTOL-MissionCenter/build/keyboard_msgs
[1.642s] Level 1:colcon.colcon_core.environment:checking '/home/gadzz/Workspace/VTOL-MissionCenter/install/keyboard_msgs' for CMake module files
[1.642s] Level 1:colcon.colcon_core.environment:checking '/home/gadzz/Workspace/VTOL-MissionCenter/install/keyboard_msgs' for CMake config files
[1.643s] Level 1:colcon.colcon_core.shell:create_environment_hook('keyboard_msgs', 'cmake_prefix_path')
[1.643s] INFO:colcon.colcon_core.shell:Creating environment hook '/home/gadzz/Workspace/VTOL-MissionCenter/install/keyboard_msgs/share/keyboard_msgs/hook/cmake_prefix_path.ps1'
[1.644s] INFO:colcon.colcon_core.shell:Creating environment descriptor '/home/gadzz/Workspace/VTOL-MissionCenter/install/keyboard_msgs/share/keyboard_msgs/hook/cmake_prefix_path.dsv'
[1.645s] INFO:colcon.colcon_core.shell:Creating environment hook '/home/gadzz/Workspace/VTOL-MissionCenter/install/keyboard_msgs/share/keyboard_msgs/hook/cmake_prefix_path.sh'
[1.647s] Level 1:colcon.colcon_core.environment:checking '/home/gadzz/Workspace/VTOL-MissionCenter/install/keyboard_msgs/lib'
[1.647s] Level 1:colcon.colcon_core.shell:create_environment_hook('keyboard_msgs', 'ld_library_path_lib')
[1.647s] INFO:colcon.colcon_core.shell:Creating environment hook '/home/gadzz/Workspace/VTOL-MissionCenter/install/keyboard_msgs/share/keyboard_msgs/hook/ld_library_path_lib.ps1'
[1.648s] INFO:colcon.colcon_core.shell:Creating environment descriptor '/home/gadzz/Workspace/VTOL-MissionCenter/install/keyboard_msgs/share/keyboard_msgs/hook/ld_library_path_lib.dsv'
[1.649s] INFO:colcon.colcon_core.shell:Creating environment hook '/home/gadzz/Workspace/VTOL-MissionCenter/install/keyboard_msgs/share/keyboard_msgs/hook/ld_library_path_lib.sh'
[1.649s] Level 1:colcon.colcon_core.environment:checking '/home/gadzz/Workspace/VTOL-MissionCenter/install/keyboard_msgs/bin'
[1.649s] Level 1:colcon.colcon_core.environment:checking '/home/gadzz/Workspace/VTOL-MissionCenter/install/keyboard_msgs/lib/pkgconfig/keyboard_msgs.pc'
[1.649s] Level 1:colcon.colcon_core.environment:checking '/home/gadzz/Workspace/VTOL-MissionCenter/install/keyboard_msgs/lib/python3.10/site-packages'
[1.650s] Level 1:colcon.colcon_core.environment:checking '/home/gadzz/Workspace/VTOL-MissionCenter/install/keyboard_msgs/bin'
[1.650s] INFO:colcon.colcon_core.shell:Creating package script '/home/gadzz/Workspace/VTOL-MissionCenter/install/keyboard_msgs/share/keyboard_msgs/package.ps1'
[1.651s] INFO:colcon.colcon_core.shell:Creating package descriptor '/home/gadzz/Workspace/VTOL-MissionCenter/install/keyboard_msgs/share/keyboard_msgs/package.dsv'
[1.652s] INFO:colcon.colcon_core.shell:Creating package script '/home/gadzz/Workspace/VTOL-MissionCenter/install/keyboard_msgs/share/keyboard_msgs/package.sh'
[1.653s] INFO:colcon.colcon_core.shell:Creating package script '/home/gadzz/Workspace/VTOL-MissionCenter/install/keyboard_msgs/share/keyboard_msgs/package.bash'
[1.654s] INFO:colcon.colcon_core.shell:Creating package script '/home/gadzz/Workspace/VTOL-MissionCenter/install/keyboard_msgs/share/keyboard_msgs/package.zsh'
[1.655s] Level 1:colcon.colcon_core.environment:create_file_with_runtime_dependencies(/home/gadzz/Workspace/VTOL-MissionCenter/install/keyboard_msgs/share/colcon-core/packages/keyboard_msgs)
[1.655s] Level 1:colcon.colcon_core.environment:create_environment_scripts_only(keyboard_msgs)
[1.656s] Level 1:colcon.colcon_core.environment:checking '/home/gadzz/Workspace/VTOL-MissionCenter/install/keyboard_msgs' for CMake module files
[1.656s] Level 1:colcon.colcon_core.environment:checking '/home/gadzz/Workspace/VTOL-MissionCenter/install/keyboard_msgs' for CMake config files
[1.656s] Level 1:colcon.colcon_core.shell:create_environment_hook('keyboard_msgs', 'cmake_prefix_path')
[1.657s] INFO:colcon.colcon_core.shell:Creating environment hook '/home/gadzz/Workspace/VTOL-MissionCenter/install/keyboard_msgs/share/keyboard_msgs/hook/cmake_prefix_path.ps1'
[1.658s] INFO:colcon.colcon_core.shell:Creating environment descriptor '/home/gadzz/Workspace/VTOL-MissionCenter/install/keyboard_msgs/share/keyboard_msgs/hook/cmake_prefix_path.dsv'
[1.658s] INFO:colcon.colcon_core.shell:Creating environment hook '/home/gadzz/Workspace/VTOL-MissionCenter/install/keyboard_msgs/share/keyboard_msgs/hook/cmake_prefix_path.sh'
[1.659s] Level 1:colcon.colcon_core.environment:checking '/home/gadzz/Workspace/VTOL-MissionCenter/install/keyboard_msgs/lib'
[1.660s] Level 1:colcon.colcon_core.shell:create_environment_hook('keyboard_msgs', 'ld_library_path_lib')
[1.661s] INFO:colcon.colcon_core.shell:Creating environment hook '/home/gadzz/Workspace/VTOL-MissionCenter/install/keyboard_msgs/share/keyboard_msgs/hook/ld_library_path_lib.ps1'
[1.662s] INFO:colcon.colcon_core.shell:Creating environment descriptor '/home/gadzz/Workspace/VTOL-MissionCenter/install/keyboard_msgs/share/keyboard_msgs/hook/ld_library_path_lib.dsv'
[1.663s] INFO:colcon.colcon_core.shell:Creating environment hook '/home/gadzz/Workspace/VTOL-MissionCenter/install/keyboard_msgs/share/keyboard_msgs/hook/ld_library_path_lib.sh'
[1.664s] Level 1:colcon.colcon_core.environment:checking '/home/gadzz/Workspace/VTOL-MissionCenter/install/keyboard_msgs/bin'
[1.664s] Level 1:colcon.colcon_core.environment:checking '/home/gadzz/Workspace/VTOL-MissionCenter/install/keyboard_msgs/lib/pkgconfig/keyboard_msgs.pc'
[1.664s] Level 1:colcon.colcon_core.environment:checking '/home/gadzz/Workspace/VTOL-MissionCenter/install/keyboard_msgs/lib/python3.10/site-packages'
[1.664s] Level 1:colcon.colcon_core.environment:checking '/home/gadzz/Workspace/VTOL-MissionCenter/install/keyboard_msgs/bin'
[1.665s] INFO:colcon.colcon_core.shell:Creating package script '/home/gadzz/Workspace/VTOL-MissionCenter/install/keyboard_msgs/share/keyboard_msgs/package.ps1'
[1.666s] INFO:colcon.colcon_core.shell:Creating package descriptor '/home/gadzz/Workspace/VTOL-MissionCenter/install/keyboard_msgs/share/keyboard_msgs/package.dsv'
[1.666s] INFO:colcon.colcon_core.shell:Creating package script '/home/gadzz/Workspace/VTOL-MissionCenter/install/keyboard_msgs/share/keyboard_msgs/package.sh'
[1.667s] INFO:colcon.colcon_core.shell:Creating package script '/home/gadzz/Workspace/VTOL-MissionCenter/install/keyboard_msgs/share/keyboard_msgs/package.bash'
[1.668s] INFO:colcon.colcon_core.shell:Creating package script '/home/gadzz/Workspace/VTOL-MissionCenter/install/keyboard_msgs/share/keyboard_msgs/package.zsh'
[1.668s] Level 1:colcon.colcon_core.environment:create_file_with_runtime_dependencies(/home/gadzz/Workspace/VTOL-MissionCenter/install/keyboard_msgs/share/colcon-core/packages/keyboard_msgs)
[1.668s] INFO:colcon.colcon_ros.task.ament_cmake.build:Building ROS package in '/home/gadzz/Workspace/VTOL-MissionCenter/src/ros2-keyboard/keyboard' with build type 'ament_cmake'
[1.669s] INFO:colcon.colcon_cmake.task.cmake.build:Building CMake package in '/home/gadzz/Workspace/VTOL-MissionCenter/src/ros2-keyboard/keyboard'
[1.669s] INFO:colcon.colcon_core.shell:Skip shell extension 'powershell' for command environment: Not usable outside of PowerShell
[1.670s] DEBUG:colcon.colcon_core.shell:Skip shell extension 'dsv' for command environment
[1.678s] INFO:colcon.colcon_ros.task.ament_cmake.build:Building ROS package in '/home/gadzz/Workspace/VTOL-MissionCenter/src/mission_center' with build type 'ament_cmake'
[1.678s] INFO:colcon.colcon_cmake.task.cmake.build:Building CMake package in '/home/gadzz/Workspace/VTOL-MissionCenter/src/mission_center'
[1.678s] INFO:colcon.colcon_core.shell:Skip shell extension 'powershell' for command environment: Not usable outside of PowerShell
[1.678s] DEBUG:colcon.colcon_core.shell:Skip shell extension 'dsv' for command environment
[1.691s] DEBUG:colcon.colcon_core.event_handler.log_command:Invoking command in '/home/gadzz/Workspace/VTOL-MissionCenter/build/keyboard': CMAKE_PREFIX_PATH=/home/gadzz/Workspace/VTOL-MissionCenter/install/keyboard_msgs:/home/gadzz/Workspace/VTOL-MissionCenter/install/mission_center:/home/gadzz/Workspace/VTOL-MissionCenter/install/keyboard:/opt/ros/humble LD_LIBRARY_PATH=/home/gadzz/Workspace/VTOL-MissionCenter/install/keyboard_msgs/lib:/home/gadzz/Workspace/VTOL-MissionCenter/install/mission_center/lib:/opt/ros/humble/opt/rviz_ogre_vendor/lib:/opt/ros/humble/lib/x86_64-linux-gnu:/opt/ros/humble/lib /usr/bin/cmake --build /home/gadzz/Workspace/VTOL-MissionCenter/build/keyboard -- -j8 -l8
[1.699s] DEBUG:colcon.colcon_core.event_handler.log_command:Invoking command in '/home/gadzz/Workspace/VTOL-MissionCenter/build/mission_center': CMAKE_PREFIX_PATH=/home/gadzz/Workspace/VTOL-MissionCenter/install/keyboard_msgs:/home/gadzz/Workspace/VTOL-MissionCenter/install/mission_center:/home/gadzz/Workspace/VTOL-MissionCenter/install/keyboard:/opt/ros/humble LD_LIBRARY_PATH=/home/gadzz/Workspace/VTOL-MissionCenter/install/keyboard_msgs/lib:/home/gadzz/Workspace/VTOL-MissionCenter/install/mission_center/lib:/opt/ros/humble/opt/rviz_ogre_vendor/lib:/opt/ros/humble/lib/x86_64-linux-gnu:/opt/ros/humble/lib /usr/bin/cmake --build /home/gadzz/Workspace/VTOL-MissionCenter/build/mission_center -- -j8 -l8
[1.820s] DEBUG:colcon.colcon_core.event_handler.log_command:Invoked command in '/home/gadzz/Workspace/VTOL-MissionCenter/build/keyboard' returned '0': CMAKE_PREFIX_PATH=/home/gadzz/Workspace/VTOL-MissionCenter/install/keyboard_msgs:/home/gadzz/Workspace/VTOL-MissionCenter/install/mission_center:/home/gadzz/Workspace/VTOL-MissionCenter/install/keyboard:/opt/ros/humble LD_LIBRARY_PATH=/home/gadzz/Workspace/VTOL-MissionCenter/install/keyboard_msgs/lib:/home/gadzz/Workspace/VTOL-MissionCenter/install/mission_center/lib:/opt/ros/humble/opt/rviz_ogre_vendor/lib:/opt/ros/humble/lib/x86_64-linux-gnu:/opt/ros/humble/lib /usr/bin/cmake --build /home/gadzz/Workspace/VTOL-MissionCenter/build/keyboard -- -j8 -l8
[1.824s] DEBUG:colcon.colcon_core.event_handler.log_command:Invoking command in '/home/gadzz/Workspace/VTOL-MissionCenter/build/keyboard': CMAKE_PREFIX_PATH=/home/gadzz/Workspace/VTOL-MissionCenter/install/keyboard_msgs:/home/gadzz/Workspace/VTOL-MissionCenter/install/mission_center:/home/gadzz/Workspace/VTOL-MissionCenter/install/keyboard:/opt/ros/humble LD_LIBRARY_PATH=/home/gadzz/Workspace/VTOL-MissionCenter/install/keyboard_msgs/lib:/home/gadzz/Workspace/VTOL-MissionCenter/install/mission_center/lib:/opt/ros/humble/opt/rviz_ogre_vendor/lib:/opt/ros/humble/lib/x86_64-linux-gnu:/opt/ros/humble/lib /usr/bin/cmake --install /home/gadzz/Workspace/VTOL-MissionCenter/build/keyboard
[1.841s] Level 1:colcon.colcon_core.environment:create_environment_scripts_only(keyboard)
[1.842s] Level 1:colcon.colcon_core.environment:checking '/home/gadzz/Workspace/VTOL-MissionCenter/install/keyboard' for CMake module files
[1.843s] DEBUG:colcon.colcon_core.event_handler.log_command:Invoked command in '/home/gadzz/Workspace/VTOL-MissionCenter/build/keyboard' returned '0': CMAKE_PREFIX_PATH=/home/gadzz/Workspace/VTOL-MissionCenter/install/keyboard_msgs:/home/gadzz/Workspace/VTOL-MissionCenter/install/mission_center:/home/gadzz/Workspace/VTOL-MissionCenter/install/keyboard:/opt/ros/humble LD_LIBRARY_PATH=/home/gadzz/Workspace/VTOL-MissionCenter/install/keyboard_msgs/lib:/home/gadzz/Workspace/VTOL-MissionCenter/install/mission_center/lib:/opt/ros/humble/opt/rviz_ogre_vendor/lib:/opt/ros/humble/lib/x86_64-linux-gnu:/opt/ros/humble/lib /usr/bin/cmake --install /home/gadzz/Workspace/VTOL-MissionCenter/build/keyboard
[1.843s] Level 1:colcon.colcon_core.environment:checking '/home/gadzz/Workspace/VTOL-MissionCenter/install/keyboard' for CMake config files
[1.844s] Level 1:colcon.colcon_core.shell:create_environment_hook('keyboard', 'cmake_prefix_path')
[1.845s] INFO:colcon.colcon_core.shell:Creating environment hook '/home/gadzz/Workspace/VTOL-MissionCenter/install/keyboard/share/keyboard/hook/cmake_prefix_path.ps1'
[1.846s] INFO:colcon.colcon_core.shell:Creating environment descriptor '/home/gadzz/Workspace/VTOL-MissionCenter/install/keyboard/share/keyboard/hook/cmake_prefix_path.dsv'
[1.848s] INFO:colcon.colcon_core.shell:Creating environment hook '/home/gadzz/Workspace/VTOL-MissionCenter/install/keyboard/share/keyboard/hook/cmake_prefix_path.sh'
[1.849s] Level 1:colcon.colcon_core.environment:checking '/home/gadzz/Workspace/VTOL-MissionCenter/install/keyboard/lib'
[1.849s] Level 1:colcon.colcon_core.environment:checking '/home/gadzz/Workspace/VTOL-MissionCenter/install/keyboard/bin'
[1.849s] Level 1:colcon.colcon_core.environment:checking '/home/gadzz/Workspace/VTOL-MissionCenter/install/keyboard/lib/pkgconfig/keyboard.pc'
[1.849s] Level 1:colcon.colcon_core.environment:checking '/home/gadzz/Workspace/VTOL-MissionCenter/install/keyboard/lib/python3.10/site-packages'
[1.850s] Level 1:colcon.colcon_core.environment:checking '/home/gadzz/Workspace/VTOL-MissionCenter/install/keyboard/bin'
[1.851s] INFO:colcon.colcon_core.shell:Creating package script '/home/gadzz/Workspace/VTOL-MissionCenter/install/keyboard/share/keyboard/package.ps1'
[1.852s] INFO:colcon.colcon_core.shell:Creating package descriptor '/home/gadzz/Workspace/VTOL-MissionCenter/install/keyboard/share/keyboard/package.dsv'
[1.853s] INFO:colcon.colcon_core.shell:Creating package script '/home/gadzz/Workspace/VTOL-MissionCenter/install/keyboard/share/keyboard/package.sh'
[1.854s] INFO:colcon.colcon_core.shell:Creating package script '/home/gadzz/Workspace/VTOL-MissionCenter/install/keyboard/share/keyboard/package.bash'
[1.854s] INFO:colcon.colcon_core.shell:Creating package script '/home/gadzz/Workspace/VTOL-MissionCenter/install/keyboard/share/keyboard/package.zsh'
[1.855s] Level 1:colcon.colcon_core.environment:create_file_with_runtime_dependencies(/home/gadzz/Workspace/VTOL-MissionCenter/install/keyboard/share/colcon-core/packages/keyboard)
[1.856s] Level 1:colcon.colcon_core.environment:create_environment_scripts_only(keyboard)
[1.856s] Level 1:colcon.colcon_core.environment:checking '/home/gadzz/Workspace/VTOL-MissionCenter/install/keyboard' for CMake module files
[1.857s] Level 1:colcon.colcon_core.environment:checking '/home/gadzz/Workspace/VTOL-MissionCenter/install/keyboard' for CMake config files
[1.857s] Level 1:colcon.colcon_core.shell:create_environment_hook('keyboard', 'cmake_prefix_path')
[1.857s] INFO:colcon.colcon_core.shell:Creating environment hook '/home/gadzz/Workspace/VTOL-MissionCenter/install/keyboard/share/keyboard/hook/cmake_prefix_path.ps1'
[1.858s] INFO:colcon.colcon_core.shell:Creating environment descriptor '/home/gadzz/Workspace/VTOL-MissionCenter/install/keyboard/share/keyboard/hook/cmake_prefix_path.dsv'
[1.859s] INFO:colcon.colcon_core.shell:Creating environment hook '/home/gadzz/Workspace/VTOL-MissionCenter/install/keyboard/share/keyboard/hook/cmake_prefix_path.sh'
[1.859s] Level 1:colcon.colcon_core.environment:checking '/home/gadzz/Workspace/VTOL-MissionCenter/install/keyboard/lib'
[1.859s] Level 1:colcon.colcon_core.environment:checking '/home/gadzz/Workspace/VTOL-MissionCenter/install/keyboard/bin'
[1.859s] Level 1:colcon.colcon_core.environment:checking '/home/gadzz/Workspace/VTOL-MissionCenter/install/keyboard/lib/pkgconfig/keyboard.pc'
[1.860s] Level 1:colcon.colcon_core.environment:checking '/home/gadzz/Workspace/VTOL-MissionCenter/install/keyboard/lib/python3.10/site-packages'
[1.860s] Level 1:colcon.colcon_core.environment:checking '/home/gadzz/Workspace/VTOL-MissionCenter/install/keyboard/bin'
[1.860s] INFO:colcon.colcon_core.shell:Creating package script '/home/gadzz/Workspace/VTOL-MissionCenter/install/keyboard/share/keyboard/package.ps1'
[1.863s] INFO:colcon.colcon_core.shell:Creating package descriptor '/home/gadzz/Workspace/VTOL-MissionCenter/install/keyboard/share/keyboard/package.dsv'
[1.864s] INFO:colcon.colcon_core.shell:Creating package script '/home/gadzz/Workspace/VTOL-MissionCenter/install/keyboard/share/keyboard/package.sh'
[1.867s] INFO:colcon.colcon_core.shell:Creating package script '/home/gadzz/Workspace/VTOL-MissionCenter/install/keyboard/share/keyboard/package.bash'
[1.868s] INFO:colcon.colcon_core.shell:Creating package script '/home/gadzz/Workspace/VTOL-MissionCenter/install/keyboard/share/keyboard/package.zsh'
[1.869s] Level 1:colcon.colcon_core.environment:create_file_with_runtime_dependencies(/home/gadzz/Workspace/VTOL-MissionCenter/install/keyboard/share/colcon-core/packages/keyboard)
[53.369s] DEBUG:colcon.colcon_core.event_handler.log_command:Invoked command in '/home/gadzz/Workspace/VTOL-MissionCenter/build/mission_center' returned '0': CMAKE_PREFIX_PATH=/home/gadzz/Workspace/VTOL-MissionCenter/install/keyboard_msgs:/home/gadzz/Workspace/VTOL-MissionCenter/install/mission_center:/home/gadzz/Workspace/VTOL-MissionCenter/install/keyboard:/opt/ros/humble LD_LIBRARY_PATH=/home/gadzz/Workspace/VTOL-MissionCenter/install/keyboard_msgs/lib:/home/gadzz/Workspace/VTOL-MissionCenter/install/mission_center/lib:/opt/ros/humble/opt/rviz_ogre_vendor/lib:/opt/ros/humble/lib/x86_64-linux-gnu:/opt/ros/humble/lib /usr/bin/cmake --build /home/gadzz/Workspace/VTOL-MissionCenter/build/mission_center -- -j8 -l8
[53.371s] DEBUG:colcon.colcon_core.event_handler.log_command:Invoking command in '/home/gadzz/Workspace/VTOL-MissionCenter/build/mission_center': CMAKE_PREFIX_PATH=/home/gadzz/Workspace/VTOL-MissionCenter/install/keyboard_msgs:/home/gadzz/Workspace/VTOL-MissionCenter/install/mission_center:/home/gadzz/Workspace/VTOL-MissionCenter/install/keyboard:/opt/ros/humble LD_LIBRARY_PATH=/home/gadzz/Workspace/VTOL-MissionCenter/install/keyboard_msgs/lib:/home/gadzz/Workspace/VTOL-MissionCenter/install/mission_center/lib:/opt/ros/humble/opt/rviz_ogre_vendor/lib:/opt/ros/humble/lib/x86_64-linux-gnu:/opt/ros/humble/lib /usr/bin/cmake --install /home/gadzz/Workspace/VTOL-MissionCenter/build/mission_center
[53.423s] Level 1:colcon.colcon_core.environment:create_environment_scripts_only(mission_center)
[53.424s] DEBUG:colcon.colcon_core.event_handler.log_command:Invoked command in '/home/gadzz/Workspace/VTOL-MissionCenter/build/mission_center' returned '0': CMAKE_PREFIX_PATH=/home/gadzz/Workspace/VTOL-MissionCenter/install/keyboard_msgs:/home/gadzz/Workspace/VTOL-MissionCenter/install/mission_center:/home/gadzz/Workspace/VTOL-MissionCenter/install/keyboard:/opt/ros/humble LD_LIBRARY_PATH=/home/gadzz/Workspace/VTOL-MissionCenter/install/keyboard_msgs/lib:/home/gadzz/Workspace/VTOL-MissionCenter/install/mission_center/lib:/opt/ros/humble/opt/rviz_ogre_vendor/lib:/opt/ros/humble/lib/x86_64-linux-gnu:/opt/ros/humble/lib /usr/bin/cmake --install /home/gadzz/Workspace/VTOL-MissionCenter/build/mission_center
[53.425s] Level 1:colcon.colcon_core.environment:checking '/home/gadzz/Workspace/VTOL-MissionCenter/install/mission_center' for CMake module files
[53.426s] Level 1:colcon.colcon_core.environment:checking '/home/gadzz/Workspace/VTOL-MissionCenter/install/mission_center' for CMake config files
[53.426s] Level 1:colcon.colcon_core.shell:create_environment_hook('mission_center', 'cmake_prefix_path')
[53.427s] INFO:colcon.colcon_core.shell:Creating environment hook '/home/gadzz/Workspace/VTOL-MissionCenter/install/mission_center/share/mission_center/hook/cmake_prefix_path.ps1'
[53.428s] INFO:colcon.colcon_core.shell:Creating environment descriptor '/home/gadzz/Workspace/VTOL-MissionCenter/install/mission_center/share/mission_center/hook/cmake_prefix_path.dsv'
[53.429s] INFO:colcon.colcon_core.shell:Creating environment hook '/home/gadzz/Workspace/VTOL-MissionCenter/install/mission_center/share/mission_center/hook/cmake_prefix_path.sh'
[53.430s] Level 1:colcon.colcon_core.environment:checking '/home/gadzz/Workspace/VTOL-MissionCenter/install/mission_center/lib'
[53.430s] Level 1:colcon.colcon_core.shell:create_environment_hook('mission_center', 'ld_library_path_lib')
[53.430s] INFO:colcon.colcon_core.shell:Creating environment hook '/home/gadzz/Workspace/VTOL-MissionCenter/install/mission_center/share/mission_center/hook/ld_library_path_lib.ps1'
[53.431s] INFO:colcon.colcon_core.shell:Creating environment descriptor '/home/gadzz/Workspace/VTOL-MissionCenter/install/mission_center/share/mission_center/hook/ld_library_path_lib.dsv'
[53.431s] INFO:colcon.colcon_core.shell:Creating environment hook '/home/gadzz/Workspace/VTOL-MissionCenter/install/mission_center/share/mission_center/hook/ld_library_path_lib.sh'
[53.432s] Level 1:colcon.colcon_core.environment:checking '/home/gadzz/Workspace/VTOL-MissionCenter/install/mission_center/bin'
[53.432s] Level 1:colcon.colcon_core.environment:checking '/home/gadzz/Workspace/VTOL-MissionCenter/install/mission_center/lib/pkgconfig/mission_center.pc'
[53.432s] Level 1:colcon.colcon_core.environment:checking '/home/gadzz/Workspace/VTOL-MissionCenter/install/mission_center/lib/python3.10/site-packages'
[53.432s] Level 1:colcon.colcon_core.environment:checking '/home/gadzz/Workspace/VTOL-MissionCenter/install/mission_center/bin'
[53.432s] INFO:colcon.colcon_core.shell:Creating package script '/home/gadzz/Workspace/VTOL-MissionCenter/install/mission_center/share/mission_center/package.ps1'
[53.433s] INFO:colcon.colcon_core.shell:Creating package descriptor '/home/gadzz/Workspace/VTOL-MissionCenter/install/mission_center/share/mission_center/package.dsv'
[53.434s] INFO:colcon.colcon_core.shell:Creating package script '/home/gadzz/Workspace/VTOL-MissionCenter/install/mission_center/share/mission_center/package.sh'
[53.434s] INFO:colcon.colcon_core.shell:Creating package script '/home/gadzz/Workspace/VTOL-MissionCenter/install/mission_center/share/mission_center/package.bash'
[53.435s] INFO:colcon.colcon_core.shell:Creating package script '/home/gadzz/Workspace/VTOL-MissionCenter/install/mission_center/share/mission_center/package.zsh'
[53.435s] Level 1:colcon.colcon_core.environment:create_file_with_runtime_dependencies(/home/gadzz/Workspace/VTOL-MissionCenter/install/mission_center/share/colcon-core/packages/mission_center)
[53.436s] Level 1:colcon.colcon_core.environment:create_environment_scripts_only(mission_center)
[53.436s] Level 1:colcon.colcon_core.environment:checking '/home/gadzz/Workspace/VTOL-MissionCenter/install/mission_center' for CMake module files
[53.437s] Level 1:colcon.colcon_core.environment:checking '/home/gadzz/Workspace/VTOL-MissionCenter/install/mission_center' for CMake config files
[53.437s] Level 1:colcon.colcon_core.shell:create_environment_hook('mission_center', 'cmake_prefix_path')
[53.438s] INFO:colcon.colcon_core.shell:Creating environment hook '/home/gadzz/Workspace/VTOL-MissionCenter/install/mission_center/share/mission_center/hook/cmake_prefix_path.ps1'
[53.439s] INFO:colcon.colcon_core.shell:Creating environment descriptor '/home/gadzz/Workspace/VTOL-MissionCenter/install/mission_center/share/mission_center/hook/cmake_prefix_path.dsv'
[53.439s] INFO:colcon.colcon_core.shell:Creating environment hook '/home/gadzz/Workspace/VTOL-MissionCenter/install/mission_center/share/mission_center/hook/cmake_prefix_path.sh'
[53.440s] Level 1:colcon.colcon_core.environment:checking '/home/gadzz/Workspace/VTOL-MissionCenter/install/mission_center/lib'
[53.440s] Level 1:colcon.colcon_core.shell:create_environment_hook('mission_center', 'ld_library_path_lib')
[53.440s] INFO:colcon.colcon_core.shell:Creating environment hook '/home/gadzz/Workspace/VTOL-MissionCenter/install/mission_center/share/mission_center/hook/ld_library_path_lib.ps1'
[53.441s] INFO:colcon.colcon_core.shell:Creating environment descriptor '/home/gadzz/Workspace/VTOL-MissionCenter/install/mission_center/share/mission_center/hook/ld_library_path_lib.dsv'
[53.441s] INFO:colcon.colcon_core.shell:Creating environment hook '/home/gadzz/Workspace/VTOL-MissionCenter/install/mission_center/share/mission_center/hook/ld_library_path_lib.sh'
[53.442s] Level 1:colcon.colcon_core.environment:checking '/home/gadzz/Workspace/VTOL-MissionCenter/install/mission_center/bin'
[53.442s] Level 1:colcon.colcon_core.environment:checking '/home/gadzz/Workspace/VTOL-MissionCenter/install/mission_center/lib/pkgconfig/mission_center.pc'
[53.442s] Level 1:colcon.colcon_core.environment:checking '/home/gadzz/Workspace/VTOL-MissionCenter/install/mission_center/lib/python3.10/site-packages'
[53.442s] Level 1:colcon.colcon_core.environment:checking '/home/gadzz/Workspace/VTOL-MissionCenter/install/mission_center/bin'
[53.443s] INFO:colcon.colcon_core.shell:Creating package script '/home/gadzz/Workspace/VTOL-MissionCenter/install/mission_center/share/mission_center/package.ps1'
[53.443s] INFO:colcon.colcon_core.shell:Creating package descriptor '/home/gadzz/Workspace/VTOL-MissionCenter/install/mission_center/share/mission_center/package.dsv'
[53.444s] INFO:colcon.colcon_core.shell:Creating package script '/home/gadzz/Workspace/VTOL-MissionCenter/install/mission_center/share/mission_center/package.sh'
[53.445s] INFO:colcon.colcon_core.shell:Creating package script '/home/gadzz/Workspace/VTOL-MissionCenter/install/mission_center/share/mission_center/package.bash'
[53.445s] INFO:colcon.colcon_core.shell:Creating package script '/home/gadzz/Workspace/VTOL-MissionCenter/install/mission_center/share/mission_center/package.zsh'
[53.446s] Level 1:colcon.colcon_core.environment:create_file_with_runtime_dependencies(/home/gadzz/Workspace/VTOL-MissionCenter/install/mission_center/share/colcon-core/packages/mission_center)
[53.446s] DEBUG:colcon.colcon_parallel_executor.executor.parallel:closing loop
[53.447s] DEBUG:colcon.colcon_parallel_executor.executor.parallel:loop closed
[53.448s] DEBUG:colcon.colcon_parallel_executor.executor.parallel:run_until_complete finished with '0'
[53.448s] DEBUG:colcon.colcon_core.event_reactor:joining thread
[53.459s] INFO:colcon.colcon_core.plugin_system:Skipping extension 'colcon_notification.desktop_notification.terminal_notifier': Not used on non-Darwin systems
[53.459s] INFO:colcon.colcon_core.plugin_system:Skipping extension 'colcon_notification.desktop_notification.win32': Not used on non-Windows systems
[53.460s] INFO:colcon.colcon_notification.desktop_notification:Sending desktop notification using 'notify2'
[53.553s] DEBUG:colcon.colcon_core.event_reactor:joined thread
[53.554s] INFO:colcon.colcon_core.shell:Creating prefix script '/home/gadzz/Workspace/VTOL-MissionCenter/install/local_setup.ps1'
[53.555s] INFO:colcon.colcon_core.shell:Creating prefix util module '/home/gadzz/Workspace/VTOL-MissionCenter/install/_local_setup_util_ps1.py'
[53.557s] INFO:colcon.colcon_core.shell:Creating prefix chain script '/home/gadzz/Workspace/VTOL-MissionCenter/install/setup.ps1'
[53.560s] INFO:colcon.colcon_core.shell:Creating prefix script '/home/gadzz/Workspace/VTOL-MissionCenter/install/local_setup.sh'
[53.561s] INFO:colcon.colcon_core.shell:Creating prefix util module '/home/gadzz/Workspace/VTOL-MissionCenter/install/_local_setup_util_sh.py'
[53.562s] INFO:colcon.colcon_core.shell:Creating prefix chain script '/home/gadzz/Workspace/VTOL-MissionCenter/install/setup.sh'
[53.563s] INFO:colcon.colcon_core.shell:Creating prefix script '/home/gadzz/Workspace/VTOL-MissionCenter/install/local_setup.bash'
[53.564s] INFO:colcon.colcon_core.shell:Creating prefix chain script '/home/gadzz/Workspace/VTOL-MissionCenter/install/setup.bash'
[53.565s] INFO:colcon.colcon_core.shell:Creating prefix script '/home/gadzz/Workspace/VTOL-MissionCenter/install/local_setup.zsh'
[53.566s] INFO:colcon.colcon_core.shell:Creating prefix chain script '/home/gadzz/Workspace/VTOL-MissionCenter/install/setup.zsh'
