[0.022s] Invoking command in '/home/gadzz/tubitak_ws/build/mission_center': AMENT_PREFIX_PATH=/home/gadzz/tubitak_ws/install/keyboard_msgs:${AMENT_PREFIX_PATH} CMAKE_PREFIX_PATH=/home/gadzz/tubitak_ws/install/keyboard_msgs:/home/gadzz/ardu_ws/install/test_ros_gz_bridge:/home/gadzz/ardu_ws/install/ros_ign:/home/gadzz/ardu_ws/install/ros_ign_gazebo_demos:/home/gadzz/ardu_ws/install/ros_gz:/home/gadzz/ardu_ws/install/ros_gz_sim_demos:/home/gadzz/ardu_ws/install/ardupilot_gz_bringup:/home/gadzz/ardu_ws/install/sdformat_urdf:/home/gadzz/ardu_ws/install/sdformat_test_files:/home/gadzz/ardu_ws/install/ros_ign_interfaces:/home/gadzz/ardu_ws/install/ros_ign_image:/home/gadzz/ardu_ws/install/ros_ign_gazebo:/home/gadzz/ardu_ws/install/ros_ign_bridge:/home/gadzz/ardu_ws/install/ros_gz_sim:/home/gadzz/ardu_ws/install/ros_gz_image:/home/gadzz/ardu_ws/install/ros_gz_bridge:/home/gadzz/ardu_ws/install/ros_gz_interfaces:/home/gadzz/ardu_ws/install/ardupilot_sitl:/home/gadzz/ardu_ws/install/micro_ros_agent:/home/gadzz/ardu_ws/install/keyboard:/home/gadzz/ardu_ws/install/keyboard_msgs:/home/gadzz/ardu_ws/install/ardupilot_sitl_models:/home/gadzz/ardu_ws/install/ardupilot_msgs:/home/gadzz/ardu_ws/install/ardupilot_gz_gazebo:/home/gadzz/ardu_ws/install/ardupilot_gz_description:/home/gadzz/ardu_ws/install/ardupilot_gz_application:/home/gadzz/ardu_ws/install/ardupilot_gazebo:/home/gadzz/ardu_ws/install/ardupilot_dds_tests:/opt/ros/humble LD_LIBRARY_PATH=/home/gadzz/tubitak_ws/install/keyboard_msgs/lib:${LD_LIBRARY_PATH} PYTHONPATH=/home/gadzz/tubitak_ws/install/keyboard_msgs/local/lib/python3.10/dist-packages:${PYTHONPATH} /usr/bin/cmake --build /home/gadzz/tubitak_ws/build/mission_center -- -j8 -l8
[0.079s] [35m[1mConsolidate compiler generated dependencies of target uav_mission[0m
[0.089s] [ 12%] Built target trajectory_streamer
[0.090s] [ 25%] Built target safety_node
[0.104s] [ 31%] [32mBuilding CXX object CMakeFiles/uav_mission.dir/src/uav_mission.cpp.o[0m
[12.954s] [01m[K/home/gadzz/tubitak_ws/src/mission_center/src/uav_mission.cpp:[m[K In constructor ‘[01m[KUAV_Mission::UAV_Mission(rclcpp::Node::SharedPtr)[m[K’:
[12.954s] [01m[K/home/gadzz/tubitak_ws/src/mission_center/src/uav_mission.cpp:26:3:[m[K [01;31m[Kerror: [m[K‘[01m[Kservice_[m[K’ was not declared in this scope
[12.954s]    26 |   [01;31m[Kservice_[m[K = nh->create_service<std_srvs::srv::Empty>(
[12.954s]       |   [01;31m[K^~~~~~~~[m[K
[12.954s] [01m[K/home/gadzz/tubitak_ws/src/mission_center/src/uav_mission.cpp:28:31:[m[K [01;31m[Kerror: [m[K‘[01m[KrestartMission[m[K’ is not a member of ‘[01m[KUAV_Mission[m[K’
[12.955s]    28 |       std::bind(&UAV_Mission::[01;31m[KrestartMission[m[K, this, std::placeholders::_1,
[12.955s]       |                               [01;31m[K^~~~~~~~~~~~~~[m[K
[12.955s] [01m[K/home/gadzz/tubitak_ws/src/mission_center/src/uav_mission.cpp:[m[K At global scope:
[12.955s] [01m[K/home/gadzz/tubitak_ws/src/mission_center/src/uav_mission.cpp:46:6:[m[K [01;31m[Kerror: [m[Kno declaration matches ‘[01m[Kbool UAV_Mission::restartMission(std::shared_ptr<std_srvs::srv::Empty_Request_<std::allocator<void> > >, std::shared_ptr<std_srvs::srv::Empty_Response_<std::allocator<void> > >)[m[K’
[12.955s]    46 | bool [01;31m[KUAV_Mission[m[K::restartMission(
[12.955s]       |      [01;31m[K^~~~~~~~~~~[m[K
[12.955s] [01m[K/home/gadzz/tubitak_ws/src/mission_center/src/uav_mission.cpp:46:6:[m[K [01;36m[Knote: [m[Kno functions named ‘[01m[Kbool UAV_Mission::restartMission(std::shared_ptr<std_srvs::srv::Empty_Request_<std::allocator<void> > >, std::shared_ptr<std_srvs::srv::Empty_Response_<std::allocator<void> > >)[m[K’
[12.955s] In file included from [01m[K/home/gadzz/tubitak_ws/src/mission_center/src/uav_mission.cpp:1[m[K:
[12.955s] [01m[K/home/gadzz/tubitak_ws/src/mission_center/include/mission_center/uav_mission.hpp:18:7:[m[K [01;36m[Knote: [m[K‘[01m[Kclass UAV_Mission[m[K’ defined here
[12.955s]    18 | class [01;36m[KUAV_Mission[m[K {
[12.955s]       |       [01;36m[K^~~~~~~~~~~[m[K
[12.956s] [01m[K/home/gadzz/tubitak_ws/src/mission_center/src/uav_mission.cpp:[m[K In member function ‘[01m[Kvoid UAV_Mission::switch_mode(std::string)[m[K’:
[12.956s] [01m[K/home/gadzz/tubitak_ws/src/mission_center/src/uav_mission.cpp:120:11:[m[K [01;35m[Kwarning: [m[Kunused variable ‘[01m[KgotTopic[m[K’ [[01;35m[K-Wunused-variable[m[K]
[12.956s]   120 |       int [01;35m[KgotTopic[m[K =
[12.956s]       |           [01;35m[K^~~~~~~~[m[K
[12.956s] [01m[K/home/gadzz/tubitak_ws/src/mission_center/src/uav_mission.cpp:[m[K In member function ‘[01m[Kvoid UAV_Mission::arm_throttle()[m[K’:
[12.956s] [01m[K/home/gadzz/tubitak_ws/src/mission_center/src/uav_mission.cpp:164:11:[m[K [01;35m[Kwarning: [m[Kunused variable ‘[01m[KgotTopic[m[K’ [[01;35m[K-Wunused-variable[m[K]
[12.956s]   164 |       int [01;35m[KgotTopic[m[K =
[12.956s]       |           [01;35m[K^~~~~~~~[m[K
[12.956s] gmake[2]: *** [CMakeFiles/uav_mission.dir/build.make:76: CMakeFiles/uav_mission.dir/src/uav_mission.cpp.o] Error 1
[12.957s] gmake[1]: *** [CMakeFiles/Makefile2:145: CMakeFiles/uav_mission.dir/all] Error 2
[12.958s] gmake: *** [Makefile:146: all] Error 2
[12.964s] Invoked command in '/home/gadzz/tubitak_ws/build/mission_center' returned '2': AMENT_PREFIX_PATH=/home/gadzz/tubitak_ws/install/keyboard_msgs:${AMENT_PREFIX_PATH} CMAKE_PREFIX_PATH=/home/gadzz/tubitak_ws/install/keyboard_msgs:/home/gadzz/ardu_ws/install/test_ros_gz_bridge:/home/gadzz/ardu_ws/install/ros_ign:/home/gadzz/ardu_ws/install/ros_ign_gazebo_demos:/home/gadzz/ardu_ws/install/ros_gz:/home/gadzz/ardu_ws/install/ros_gz_sim_demos:/home/gadzz/ardu_ws/install/ardupilot_gz_bringup:/home/gadzz/ardu_ws/install/sdformat_urdf:/home/gadzz/ardu_ws/install/sdformat_test_files:/home/gadzz/ardu_ws/install/ros_ign_interfaces:/home/gadzz/ardu_ws/install/ros_ign_image:/home/gadzz/ardu_ws/install/ros_ign_gazebo:/home/gadzz/ardu_ws/install/ros_ign_bridge:/home/gadzz/ardu_ws/install/ros_gz_sim:/home/gadzz/ardu_ws/install/ros_gz_image:/home/gadzz/ardu_ws/install/ros_gz_bridge:/home/gadzz/ardu_ws/install/ros_gz_interfaces:/home/gadzz/ardu_ws/install/ardupilot_sitl:/home/gadzz/ardu_ws/install/micro_ros_agent:/home/gadzz/ardu_ws/install/keyboard:/home/gadzz/ardu_ws/install/keyboard_msgs:/home/gadzz/ardu_ws/install/ardupilot_sitl_models:/home/gadzz/ardu_ws/install/ardupilot_msgs:/home/gadzz/ardu_ws/install/ardupilot_gz_gazebo:/home/gadzz/ardu_ws/install/ardupilot_gz_description:/home/gadzz/ardu_ws/install/ardupilot_gz_application:/home/gadzz/ardu_ws/install/ardupilot_gazebo:/home/gadzz/ardu_ws/install/ardupilot_dds_tests:/opt/ros/humble LD_LIBRARY_PATH=/home/gadzz/tubitak_ws/install/keyboard_msgs/lib:${LD_LIBRARY_PATH} PYTHONPATH=/home/gadzz/tubitak_ws/install/keyboard_msgs/local/lib/python3.10/dist-packages:${PYTHONPATH} /usr/bin/cmake --build /home/gadzz/tubitak_ws/build/mission_center -- -j8 -l8
