[33mCMake Warning (dev) at /usr/share/cmake-3.22/Modules/FindOpenGL.cmake:315 (message):
  Policy CMP0072 is not set: FindOpenGL prefers GLVND by default when
  available.  Run "cmake --help-policy CMP0072" for policy details.  Use the
  cmake_policy command to set the policy and suppress this warning.

  FindOpenGL found both a legacy GL library:

    OPENGL_gl_LIBRARY: /usr/lib/x86_64-linux-gnu/libGL.so

  and GLVND libraries for OpenGL and GLX:

    OPENGL_opengl_LIBRARY: /usr/lib/x86_64-linux-gnu/libOpenGL.so
    OPENGL_glx_LIBRARY: /usr/lib/x86_64-linux-gnu/libGLX.so

  OpenGL_GL_PREFERENCE has not been set to "GLVND" or "LEGACY", so for
  compatibility with CMake 3.10 and below the legacy GL library will be used.
Call Stack (most recent call first):
  CMakeLists.txt:20 (find_package)
This warning is for project developers.  Use -Wno-dev to suppress it.
[0m
[01m[K/home/gadzz/tubitak_ws/src/mission_center/src/safety_node.cpp:1:10:[m[K [01;31m[Kerror: [m[Kempty filename in #include
    1 | #include [01;31m[K<>[m[K
      |          [01;31m[K^~[m[K
[01m[K/home/gadzz/tubitak_ws/src/mission_center/src/safety_node.cpp:[m[K In function ‘[01m[Kint rcTrigger()[m[K’:
[01m[K/home/gadzz/tubitak_ws/src/mission_center/src/safety_node.cpp:49:18:[m[K [01;31m[Kerror: [m[K‘[01m[Kros[m[K’ has not been declared
   49 |   auto rcInPtr = [01;31m[Kros[m[K::topic::waitForMessage<mavros_msgs::msg::RCIn>(
      |                  [01;31m[K^~~[m[K
[01m[K/home/gadzz/tubitak_ws/src/mission_center/src/safety_node.cpp:49:45:[m[K [01;31m[Kerror: [m[K‘[01m[Kmavros_msgs[m[K’ has not been declared
   49 |   auto rcInPtr = ros::topic::waitForMessage<[01;31m[Kmavros_msgs[m[K::msg::RCIn>(
      |                                             [01;31m[K^~~~~~~~~~~[m[K
[01m[K/home/gadzz/tubitak_ws/src/mission_center/src/safety_node.cpp:50:24:[m[K [01;31m[Kerror: [m[K‘[01m[Kros[m[K’ has not been declared
   50 |       "/mavros/rc/in", [01;31m[Kros[m[K::Duration(WAIT_MSG_TIMEOUT));
      |                        [01;31m[K^~~[m[K
[01m[K/home/gadzz/tubitak_ws/src/mission_center/src/safety_node.cpp:50:38:[m[K [01;31m[Kerror: [m[K‘[01m[KWAIT_MSG_TIMEOUT[m[K’ was not declared in this scope
   50 |       "/mavros/rc/in", ros::Duration([01;31m[KWAIT_MSG_TIMEOUT[m[K));
      |                                      [01;31m[K^~~~~~~~~~~~~~~~[m[K
[01m[K/home/gadzz/tubitak_ws/src/mission_center/src/safety_node.cpp:52:5:[m[K [01;31m[Kerror: [m[K‘[01m[KROS_FATAL_STREAM[m[K’ was not declared in this scope; did you mean ‘[01m[KRCLCPP_FATAL_STREAM[m[K’?
   52 |     [01;31m[KROS_FATAL_STREAM[m[K("Is RC connected?");
      |     [01;31m[K^~~~~~~~~~~~~~~~[m[K
      |     [32m[KRCLCPP_FATAL_STREAM[m[K
[01m[K/home/gadzz/tubitak_ws/src/mission_center/src/safety_node.cpp:56:34:[m[K [01;31m[Kerror: [m[K‘[01m[KRC_N_LAND[m[K’ was not declared in this scope
   56 |   if (rcPWM(rcInPtr->channels.at([01;31m[KRC_N_LAND[m[K - 1), RC_LAND_PWM)) {
      |                                  [01;31m[K^~~~~~~~~[m[K
[01m[K/home/gadzz/tubitak_ws/src/mission_center/src/safety_node.cpp:56:50:[m[K [01;31m[Kerror: [m[K‘[01m[KRC_LAND_PWM[m[K’ was not declared in this scope
   56 |   if (rcPWM(rcInPtr->channels.at(RC_N_LAND - 1), [01;31m[KRC_LAND_PWM[m[K)) {
      |                                                  [01;31m[K^~~~~~~~~~~[m[K
[01m[K/home/gadzz/tubitak_ws/src/mission_center/src/safety_node.cpp:56:7:[m[K [01;31m[Kerror: [m[K‘[01m[KrcPWM[m[K’ was not declared in this scope
   56 |   if ([01;31m[KrcPWM[m[K(rcInPtr->channels.at(RC_N_LAND - 1), RC_LAND_PWM)) {
      |       [01;31m[K^~~~~[m[K
[01m[K/home/gadzz/tubitak_ws/src/mission_center/src/safety_node.cpp:57:5:[m[K [01;31m[Kerror: [m[K‘[01m[KROS_ERROR[m[K’ was not declared in this scope
   57 |     [01;31m[KROS_ERROR[m[K("RC LAND TRIGGERED");
      |     [01;31m[K^~~~~~~~~[m[K
[01m[K/home/gadzz/tubitak_ws/src/mission_center/src/safety_node.cpp:60:34:[m[K [01;31m[Kerror: [m[K‘[01m[KRC_N_STAB[m[K’ was not declared in this scope
   60 |   if (rcPWM(rcInPtr->channels.at([01;31m[KRC_N_STAB[m[K - 1), RC_STAB_PWM)) {
      |                                  [01;31m[K^~~~~~~~~[m[K
[01m[K/home/gadzz/tubitak_ws/src/mission_center/src/safety_node.cpp:60:50:[m[K [01;31m[Kerror: [m[K‘[01m[KRC_STAB_PWM[m[K’ was not declared in this scope
   60 |   if (rcPWM(rcInPtr->channels.at(RC_N_STAB - 1), [01;31m[KRC_STAB_PWM[m[K)) {
      |                                                  [01;31m[K^~~~~~~~~~~[m[K
[01m[K/home/gadzz/tubitak_ws/src/mission_center/src/safety_node.cpp:60:7:[m[K [01;31m[Kerror: [m[K‘[01m[KrcPWM[m[K’ was not declared in this scope
   60 |   if ([01;31m[KrcPWM[m[K(rcInPtr->channels.at(RC_N_STAB - 1), RC_STAB_PWM)) {
      |       [01;31m[K^~~~~[m[K
[01m[K/home/gadzz/tubitak_ws/src/mission_center/src/safety_node.cpp:61:5:[m[K [01;31m[Kerror: [m[K‘[01m[KROS_ERROR[m[K’ was not declared in this scope
   61 |     [01;31m[KROS_ERROR[m[K("RC STABILIZE TRIGGERED");
      |     [01;31m[K^~~~~~~~~[m[K
[01m[K/home/gadzz/tubitak_ws/src/mission_center/src/safety_node.cpp:64:34:[m[K [01;31m[Kerror: [m[K‘[01m[KRC_N_EMERGENCY_STOP_MOTOR[m[K’ was not declared in this scope
   64 |   if (rcPWM(rcInPtr->channels.at([01;31m[KRC_N_EMERGENCY_STOP_MOTOR[m[K - 1),
      |                                  [01;31m[K^~~~~~~~~~~~~~~~~~~~~~~~~[m[K
[01m[K/home/gadzz/tubitak_ws/src/mission_center/src/safety_node.cpp:65:13:[m[K [01;31m[Kerror: [m[K‘[01m[KRC_STAB_EMERGENCY_STOP_MOTOR[m[K’ was not declared in this scope
   65 |             [01;31m[KRC_STAB_EMERGENCY_STOP_MOTOR[m[K)) {
      |             [01;31m[K^~~~~~~~~~~~~~~~~~~~~~~~~~~~[m[K
[01m[K/home/gadzz/tubitak_ws/src/mission_center/src/safety_node.cpp:64:7:[m[K [01;31m[Kerror: [m[K‘[01m[KrcPWM[m[K’ was not declared in this scope
   64 |   if ([01;31m[KrcPWM[m[K(rcInPtr->channels.at(RC_N_EMERGENCY_STOP_MOTOR - 1),
      |       [01;31m[K^~~~~[m[K
[01m[K/home/gadzz/tubitak_ws/src/mission_center/src/safety_node.cpp:66:5:[m[K [01;31m[Kerror: [m[K‘[01m[KROS_ERROR[m[K’ was not declared in this scope
   66 |     [01;31m[KROS_ERROR[m[K("RC EMERGENCY STOP MOTOR TRIGGERED");
      |     [01;31m[K^~~~~~~~~[m[K
gmake[2]: *** [CMakeFiles/safety_node.dir/build.make:76: CMakeFiles/safety_node.dir/src/safety_node.cpp.o] Error 1
gmake[1]: *** [CMakeFiles/Makefile2:197: CMakeFiles/safety_node.dir/all] Error 2
gmake: *** [Makefile:146: all] Error 2
