[0.012s] Invoking command in '/home/gadzz/tubitak_ws/build/mission_center': CMAKE_PREFIX_PATH=${CMAKE_PREFIX_PATH}:/opt/ros/humble /usr/bin/cmake --build /home/gadzz/tubitak_ws/build/mission_center -- -j8 -l8
[0.039s] [35m[1mConsolidate compiler generated dependencies of target uav_mission[0m
[0.039s] [35m[1mConsolidate compiler generated dependencies of target safety_node[0m
[0.049s] [ 14%] Built target safety_node
[0.049s] [ 21%] [32mBuilding CXX object CMakeFiles/uav_mission.dir/src/uav_mission.cpp.o[0m
[2.536s] [ 28%] [32m[1mLinking CXX shared library libuav_mission.so[0m
[2.615s] [ 28%] Built target uav_mission
[2.622s] [35m[1mConsolidate compiler generated dependencies of target pilot_node[0m
[2.623s] [35m[1mConsolidate compiler generated dependencies of target ui_node[0m
[2.633s] [ 35%] [32m[1mLinking CXX executable pilot_node[0m
[2.635s] [ 42%] [32m[1mLinking CXX executable ui_node[0m
[2.771s] [ 50%] Built target pilot_node
[2.828s] [100%] Built target ui_node
[2.835s] Invoked command in '/home/gadzz/tubitak_ws/build/mission_center' returned '0': CMAKE_PREFIX_PATH=${CMAKE_PREFIX_PATH}:/opt/ros/humble /usr/bin/cmake --build /home/gadzz/tubitak_ws/build/mission_center -- -j8 -l8
[2.842s] Invoking command in '/home/gadzz/tubitak_ws/build/mission_center': CMAKE_PREFIX_PATH=${CMAKE_PREFIX_PATH}:/opt/ros/humble /usr/bin/cmake --install /home/gadzz/tubitak_ws/build/mission_center
[2.847s] -- Install configuration: ""
[2.847s] -- Installing: /home/gadzz/tubitak_ws/install/mission_center/lib/libuav_mission.so
[2.847s] -- Set runtime path of "/home/gadzz/tubitak_ws/install/mission_center/lib/libuav_mission.so" to ""
[2.847s] -- Installing: /home/gadzz/tubitak_ws/install/mission_center/lib/mission_center/pilot_node
[2.847s] -- Set runtime path of "/home/gadzz/tubitak_ws/install/mission_center/lib/mission_center/pilot_node" to ""
[2.848s] -- Installing: /home/gadzz/tubitak_ws/install/mission_center/lib/mission_center/safety_node
[2.848s] -- Set runtime path of "/home/gadzz/tubitak_ws/install/mission_center/lib/mission_center/safety_node" to ""
[2.848s] -- Installing: /home/gadzz/tubitak_ws/install/mission_center/lib/mission_center/ui_node
[2.849s] -- Set runtime path of "/home/gadzz/tubitak_ws/install/mission_center/lib/mission_center/ui_node" to ""
[2.849s] -- Installing: /home/gadzz/tubitak_ws/install/mission_center/share/mission_center/environment/library_path.sh
[2.849s] -- Installing: /home/gadzz/tubitak_ws/install/mission_center/share/mission_center/environment/library_path.dsv
[2.849s] -- Installing: /home/gadzz/tubitak_ws/install/mission_center/share/ament_index/resource_index/package_run_dependencies/mission_center
[2.849s] -- Installing: /home/gadzz/tubitak_ws/install/mission_center/share/ament_index/resource_index/parent_prefix_path/mission_center
[2.850s] -- Installing: /home/gadzz/tubitak_ws/install/mission_center/share/mission_center/environment/ament_prefix_path.sh
[2.850s] -- Installing: /home/gadzz/tubitak_ws/install/mission_center/share/mission_center/environment/ament_prefix_path.dsv
[2.850s] -- Installing: /home/gadzz/tubitak_ws/install/mission_center/share/mission_center/environment/path.sh
[2.850s] -- Installing: /home/gadzz/tubitak_ws/install/mission_center/share/mission_center/environment/path.dsv
[2.850s] -- Installing: /home/gadzz/tubitak_ws/install/mission_center/share/mission_center/local_setup.bash
[2.850s] -- Installing: /home/gadzz/tubitak_ws/install/mission_center/share/mission_center/local_setup.sh
[2.850s] -- Installing: /home/gadzz/tubitak_ws/install/mission_center/share/mission_center/local_setup.zsh
[2.850s] -- Installing: /home/gadzz/tubitak_ws/install/mission_center/share/mission_center/local_setup.dsv
[2.850s] -- Installing: /home/gadzz/tubitak_ws/install/mission_center/share/mission_center/package.dsv
[2.850s] -- Installing: /home/gadzz/tubitak_ws/install/mission_center/share/ament_index/resource_index/packages/mission_center
[2.850s] -- Installing: /home/gadzz/tubitak_ws/install/mission_center/share/mission_center/cmake/ament_cmake_export_include_directories-extras.cmake
[2.850s] -- Installing: /home/gadzz/tubitak_ws/install/mission_center/share/mission_center/cmake/ament_cmake_export_libraries-extras.cmake
[2.850s] -- Installing: /home/gadzz/tubitak_ws/install/mission_center/share/mission_center/cmake/mission_centerConfig.cmake
[2.850s] -- Installing: /home/gadzz/tubitak_ws/install/mission_center/share/mission_center/cmake/mission_centerConfig-version.cmake
[2.851s] -- Installing: /home/gadzz/tubitak_ws/install/mission_center/share/mission_center/package.xml
[2.852s] Invoked command in '/home/gadzz/tubitak_ws/build/mission_center' returned '0': CMAKE_PREFIX_PATH=${CMAKE_PREFIX_PATH}:/opt/ros/humble /usr/bin/cmake --install /home/gadzz/tubitak_ws/build/mission_center
