[0.035s] Invoking command in '/home/gadzz/vtol_ws/build/keyboard_msgs': CMAKE_PREFIX_PATH=${CMAKE_PREFIX_PATH}:/home/gadzz/ardu_ws/install/ardupilot_dds_tests:/opt/ros/humble /usr/bin/cmake --build /home/gadzz/vtol_ws/build/keyboard_msgs -- -j8 -l8
[0.157s] [  3%] Built target keyboard_msgs__cpp
[0.169s] [ 12%] Built target keyboard_msgs__rosidl_generator_c
[0.183s] [ 12%] Built target ament_cmake_python_copy_keyboard_msgs
[0.217s] [ 22%] Built target keyboard_msgs__rosidl_typesupport_introspection_cpp
[0.219s] [ 32%] Built target keyboard_msgs__rosidl_typesupport_fastrtps_cpp
[0.228s] [ 41%] Built target keyboard_msgs__rosidl_typesupport_cpp
[0.243s] [ 61%] Built target keyboard_msgs__rosidl_typesupport_fastrtps_c
[0.244s] [ 61%] Built target keyboard_msgs__rosidl_typesupport_c
[0.249s] [ 70%] Built target keyboard_msgs__rosidl_typesupport_introspection_c
[0.299s] [ 70%] Built target keyboard_msgs
[0.357s] [ 74%] Built target keyboard_msgs__py
[0.417s] [ 80%] Built target keyboard_msgs__rosidl_generator_py
[0.475s] [ 87%] Built target keyboard_msgs__rosidl_typesupport_introspection_c__pyext
[0.477s] [ 93%] Built target keyboard_msgs__rosidl_typesupport_c__pyext
[0.493s] [100%] Built target keyboard_msgs__rosidl_typesupport_fastrtps_c__pyext
[0.683s] running egg_info
[0.724s] writing keyboard_msgs.egg-info/PKG-INFO
[0.725s] writing dependency_links to keyboard_msgs.egg-info/dependency_links.txt
[0.727s] writing top-level names to keyboard_msgs.egg-info/top_level.txt
[0.923s] reading manifest file 'keyboard_msgs.egg-info/SOURCES.txt'
[0.925s] writing manifest file 'keyboard_msgs.egg-info/SOURCES.txt'
[1.050s] [100%] Built target ament_cmake_python_build_keyboard_msgs_egg
[1.074s] Invoked command in '/home/gadzz/vtol_ws/build/keyboard_msgs' returned '0': CMAKE_PREFIX_PATH=${CMAKE_PREFIX_PATH}:/home/gadzz/ardu_ws/install/ardupilot_dds_tests:/opt/ros/humble /usr/bin/cmake --build /home/gadzz/vtol_ws/build/keyboard_msgs -- -j8 -l8
[1.097s] Invoking command in '/home/gadzz/vtol_ws/build/keyboard_msgs': CMAKE_PREFIX_PATH=${CMAKE_PREFIX_PATH}:/home/gadzz/ardu_ws/install/ardupilot_dds_tests:/opt/ros/humble /usr/bin/cmake --install /home/gadzz/vtol_ws/build/keyboard_msgs
[1.114s] -- Install configuration: ""
[1.114s] -- Up-to-date: /home/gadzz/vtol_ws/install/keyboard_msgs/share/ament_index/resource_index/rosidl_interfaces/keyboard_msgs
[1.114s] -- Up-to-date: /home/gadzz/vtol_ws/install/keyboard_msgs/include/keyboard_msgs/keyboard_msgs
[1.114s] -- Up-to-date: /home/gadzz/vtol_ws/install/keyboard_msgs/include/keyboard_msgs/keyboard_msgs/msg
[1.114s] -- Up-to-date: /home/gadzz/vtol_ws/install/keyboard_msgs/include/keyboard_msgs/keyboard_msgs/msg/rosidl_generator_c__visibility_control.h
[1.114s] -- Up-to-date: /home/gadzz/vtol_ws/install/keyboard_msgs/include/keyboard_msgs/keyboard_msgs/msg/detail
[1.115s] -- Up-to-date: /home/gadzz/vtol_ws/install/keyboard_msgs/include/keyboard_msgs/keyboard_msgs/msg/detail/key__functions.c
[1.115s] -- Up-to-date: /home/gadzz/vtol_ws/install/keyboard_msgs/include/keyboard_msgs/keyboard_msgs/msg/detail/key__type_support.h
[1.115s] -- Up-to-date: /home/gadzz/vtol_ws/install/keyboard_msgs/include/keyboard_msgs/keyboard_msgs/msg/detail/key__functions.h
[1.115s] -- Up-to-date: /home/gadzz/vtol_ws/install/keyboard_msgs/include/keyboard_msgs/keyboard_msgs/msg/detail/key__struct.h
[1.115s] -- Up-to-date: /home/gadzz/vtol_ws/install/keyboard_msgs/include/keyboard_msgs/keyboard_msgs/msg/key.h
[1.115s] -- Up-to-date: /home/gadzz/vtol_ws/install/keyboard_msgs/share/keyboard_msgs/environment/library_path.sh
[1.115s] -- Up-to-date: /home/gadzz/vtol_ws/install/keyboard_msgs/share/keyboard_msgs/environment/library_path.dsv
[1.115s] -- Up-to-date: /home/gadzz/vtol_ws/install/keyboard_msgs/lib/libkeyboard_msgs__rosidl_generator_c.so
[1.115s] -- Up-to-date: /home/gadzz/vtol_ws/install/keyboard_msgs/include/keyboard_msgs/keyboard_msgs
[1.115s] -- Up-to-date: /home/gadzz/vtol_ws/install/keyboard_msgs/include/keyboard_msgs/keyboard_msgs/msg
[1.116s] -- Up-to-date: /home/gadzz/vtol_ws/install/keyboard_msgs/include/keyboard_msgs/keyboard_msgs/msg/detail
[1.116s] -- Up-to-date: /home/gadzz/vtol_ws/install/keyboard_msgs/include/keyboard_msgs/keyboard_msgs/msg/detail/key__rosidl_typesupport_fastrtps_c.h
[1.116s] -- Up-to-date: /home/gadzz/vtol_ws/install/keyboard_msgs/include/keyboard_msgs/keyboard_msgs/msg/rosidl_typesupport_fastrtps_c__visibility_control.h
[1.116s] -- Up-to-date: /home/gadzz/vtol_ws/install/keyboard_msgs/lib/libkeyboard_msgs__rosidl_typesupport_fastrtps_c.so
[1.116s] -- Up-to-date: /home/gadzz/vtol_ws/install/keyboard_msgs/include/keyboard_msgs/keyboard_msgs
[1.116s] -- Up-to-date: /home/gadzz/vtol_ws/install/keyboard_msgs/include/keyboard_msgs/keyboard_msgs/msg
[1.116s] -- Up-to-date: /home/gadzz/vtol_ws/install/keyboard_msgs/include/keyboard_msgs/keyboard_msgs/msg/key.hpp
[1.116s] -- Up-to-date: /home/gadzz/vtol_ws/install/keyboard_msgs/include/keyboard_msgs/keyboard_msgs/msg/detail
[1.117s] -- Up-to-date: /home/gadzz/vtol_ws/install/keyboard_msgs/include/keyboard_msgs/keyboard_msgs/msg/detail/key__traits.hpp
[1.117s] -- Up-to-date: /home/gadzz/vtol_ws/install/keyboard_msgs/include/keyboard_msgs/keyboard_msgs/msg/detail/key__struct.hpp
[1.117s] -- Up-to-date: /home/gadzz/vtol_ws/install/keyboard_msgs/include/keyboard_msgs/keyboard_msgs/msg/detail/key__type_support.hpp
[1.117s] -- Up-to-date: /home/gadzz/vtol_ws/install/keyboard_msgs/include/keyboard_msgs/keyboard_msgs/msg/detail/key__builder.hpp
[1.117s] -- Up-to-date: /home/gadzz/vtol_ws/install/keyboard_msgs/include/keyboard_msgs/keyboard_msgs/msg/rosidl_generator_cpp__visibility_control.hpp
[1.117s] -- Up-to-date: /home/gadzz/vtol_ws/install/keyboard_msgs/include/keyboard_msgs/keyboard_msgs
[1.117s] -- Up-to-date: /home/gadzz/vtol_ws/install/keyboard_msgs/include/keyboard_msgs/keyboard_msgs/msg
[1.117s] -- Up-to-date: /home/gadzz/vtol_ws/install/keyboard_msgs/include/keyboard_msgs/keyboard_msgs/msg/rosidl_typesupport_fastrtps_cpp__visibility_control.h
[1.118s] -- Up-to-date: /home/gadzz/vtol_ws/install/keyboard_msgs/include/keyboard_msgs/keyboard_msgs/msg/detail
[1.118s] -- Up-to-date: /home/gadzz/vtol_ws/install/keyboard_msgs/include/keyboard_msgs/keyboard_msgs/msg/detail/dds_fastrtps
[1.118s] -- Up-to-date: /home/gadzz/vtol_ws/install/keyboard_msgs/include/keyboard_msgs/keyboard_msgs/msg/detail/key__rosidl_typesupport_fastrtps_cpp.hpp
[1.118s] -- Up-to-date: /home/gadzz/vtol_ws/install/keyboard_msgs/lib/libkeyboard_msgs__rosidl_typesupport_fastrtps_cpp.so
[1.118s] -- Up-to-date: /home/gadzz/vtol_ws/install/keyboard_msgs/include/keyboard_msgs/keyboard_msgs
[1.118s] -- Up-to-date: /home/gadzz/vtol_ws/install/keyboard_msgs/include/keyboard_msgs/keyboard_msgs/msg
[1.118s] -- Up-to-date: /home/gadzz/vtol_ws/install/keyboard_msgs/include/keyboard_msgs/keyboard_msgs/msg/rosidl_typesupport_introspection_c__visibility_control.h
[1.118s] -- Up-to-date: /home/gadzz/vtol_ws/install/keyboard_msgs/include/keyboard_msgs/keyboard_msgs/msg/detail
[1.118s] -- Up-to-date: /home/gadzz/vtol_ws/install/keyboard_msgs/include/keyboard_msgs/keyboard_msgs/msg/detail/key__rosidl_typesupport_introspection_c.h
[1.118s] -- Up-to-date: /home/gadzz/vtol_ws/install/keyboard_msgs/include/keyboard_msgs/keyboard_msgs/msg/detail/key__type_support.c
[1.118s] -- Up-to-date: /home/gadzz/vtol_ws/install/keyboard_msgs/lib/libkeyboard_msgs__rosidl_typesupport_introspection_c.so
[1.119s] -- Up-to-date: /home/gadzz/vtol_ws/install/keyboard_msgs/lib/libkeyboard_msgs__rosidl_typesupport_c.so
[1.119s] -- Up-to-date: /home/gadzz/vtol_ws/install/keyboard_msgs/include/keyboard_msgs/keyboard_msgs
[1.119s] -- Up-to-date: /home/gadzz/vtol_ws/install/keyboard_msgs/include/keyboard_msgs/keyboard_msgs/msg
[1.119s] -- Up-to-date: /home/gadzz/vtol_ws/install/keyboard_msgs/include/keyboard_msgs/keyboard_msgs/msg/detail
[1.119s] -- Up-to-date: /home/gadzz/vtol_ws/install/keyboard_msgs/include/keyboard_msgs/keyboard_msgs/msg/detail/key__rosidl_typesupport_introspection_cpp.hpp
[1.119s] -- Up-to-date: /home/gadzz/vtol_ws/install/keyboard_msgs/include/keyboard_msgs/keyboard_msgs/msg/detail/key__type_support.cpp
[1.119s] -- Up-to-date: /home/gadzz/vtol_ws/install/keyboard_msgs/lib/libkeyboard_msgs__rosidl_typesupport_introspection_cpp.so
[1.119s] -- Up-to-date: /home/gadzz/vtol_ws/install/keyboard_msgs/lib/libkeyboard_msgs__rosidl_typesupport_cpp.so
[1.119s] -- Up-to-date: /home/gadzz/vtol_ws/install/keyboard_msgs/share/keyboard_msgs/environment/pythonpath.sh
[1.119s] -- Up-to-date: /home/gadzz/vtol_ws/install/keyboard_msgs/share/keyboard_msgs/environment/pythonpath.dsv
[1.120s] -- Up-to-date: /home/gadzz/vtol_ws/install/keyboard_msgs/local/lib/python3.10/dist-packages/keyboard_msgs-1.0.0-py3.10.egg-info
[1.120s] -- Installing: /home/gadzz/vtol_ws/install/keyboard_msgs/local/lib/python3.10/dist-packages/keyboard_msgs-1.0.0-py3.10.egg-info/top_level.txt
[1.121s] -- Installing: /home/gadzz/vtol_ws/install/keyboard_msgs/local/lib/python3.10/dist-packages/keyboard_msgs-1.0.0-py3.10.egg-info/dependency_links.txt
[1.121s] -- Installing: /home/gadzz/vtol_ws/install/keyboard_msgs/local/lib/python3.10/dist-packages/keyboard_msgs-1.0.0-py3.10.egg-info/PKG-INFO
[1.121s] -- Installing: /home/gadzz/vtol_ws/install/keyboard_msgs/local/lib/python3.10/dist-packages/keyboard_msgs-1.0.0-py3.10.egg-info/SOURCES.txt
[1.121s] -- Up-to-date: /home/gadzz/vtol_ws/install/keyboard_msgs/local/lib/python3.10/dist-packages/keyboard_msgs
[1.121s] -- Up-to-date: /home/gadzz/vtol_ws/install/keyboard_msgs/local/lib/python3.10/dist-packages/keyboard_msgs/_keyboard_msgs_s.ep.rosidl_typesupport_c.c
[1.121s] -- Up-to-date: /home/gadzz/vtol_ws/install/keyboard_msgs/local/lib/python3.10/dist-packages/keyboard_msgs/_keyboard_msgs_s.ep.rosidl_typesupport_introspection_c.c
[1.121s] -- Up-to-date: /home/gadzz/vtol_ws/install/keyboard_msgs/local/lib/python3.10/dist-packages/keyboard_msgs/__init__.py
[1.121s] -- Up-to-date: /home/gadzz/vtol_ws/install/keyboard_msgs/local/lib/python3.10/dist-packages/keyboard_msgs/keyboard_msgs_s__rosidl_typesupport_fastrtps_c.cpython-310-x86_64-linux-gnu.so
[1.121s] -- Up-to-date: /home/gadzz/vtol_ws/install/keyboard_msgs/local/lib/python3.10/dist-packages/keyboard_msgs/keyboard_msgs_s__rosidl_typesupport_introspection_c.cpython-310-x86_64-linux-gnu.so
[1.121s] -- Up-to-date: /home/gadzz/vtol_ws/install/keyboard_msgs/local/lib/python3.10/dist-packages/keyboard_msgs/keyboard_msgs_s__rosidl_typesupport_c.cpython-310-x86_64-linux-gnu.so
[1.121s] -- Up-to-date: /home/gadzz/vtol_ws/install/keyboard_msgs/local/lib/python3.10/dist-packages/keyboard_msgs/msg
[1.121s] -- Up-to-date: /home/gadzz/vtol_ws/install/keyboard_msgs/local/lib/python3.10/dist-packages/keyboard_msgs/msg/__init__.py
[1.122s] -- Up-to-date: /home/gadzz/vtol_ws/install/keyboard_msgs/local/lib/python3.10/dist-packages/keyboard_msgs/msg/_key_s.c
[1.122s] -- Up-to-date: /home/gadzz/vtol_ws/install/keyboard_msgs/local/lib/python3.10/dist-packages/keyboard_msgs/msg/_key.py
[1.122s] -- Up-to-date: /home/gadzz/vtol_ws/install/keyboard_msgs/local/lib/python3.10/dist-packages/keyboard_msgs/libkeyboard_msgs__rosidl_generator_py.so
[1.122s] -- Up-to-date: /home/gadzz/vtol_ws/install/keyboard_msgs/local/lib/python3.10/dist-packages/keyboard_msgs/_keyboard_msgs_s.ep.rosidl_typesupport_fastrtps_c.c
[1.182s] Listing '/home/gadzz/vtol_ws/install/keyboard_msgs/local/lib/python3.10/dist-packages/keyboard_msgs'...
[1.183s] Listing '/home/gadzz/vtol_ws/install/keyboard_msgs/local/lib/python3.10/dist-packages/keyboard_msgs/msg'...
[1.196s] -- Up-to-date: /home/gadzz/vtol_ws/install/keyboard_msgs/local/lib/python3.10/dist-packages/keyboard_msgs/keyboard_msgs_s__rosidl_typesupport_fastrtps_c.cpython-310-x86_64-linux-gnu.so
[1.196s] -- Up-to-date: /home/gadzz/vtol_ws/install/keyboard_msgs/local/lib/python3.10/dist-packages/keyboard_msgs/keyboard_msgs_s__rosidl_typesupport_introspection_c.cpython-310-x86_64-linux-gnu.so
[1.197s] -- Up-to-date: /home/gadzz/vtol_ws/install/keyboard_msgs/local/lib/python3.10/dist-packages/keyboard_msgs/keyboard_msgs_s__rosidl_typesupport_c.cpython-310-x86_64-linux-gnu.so
[1.197s] -- Up-to-date: /home/gadzz/vtol_ws/install/keyboard_msgs/lib/libkeyboard_msgs__rosidl_generator_py.so
[1.198s] -- Up-to-date: /home/gadzz/vtol_ws/install/keyboard_msgs/share/keyboard_msgs/msg/Key.idl
[1.198s] -- Up-to-date: /home/gadzz/vtol_ws/install/keyboard_msgs/share/keyboard_msgs/msg/Key.msg
[1.198s] -- Up-to-date: /home/gadzz/vtol_ws/install/keyboard_msgs/share/ament_index/resource_index/package_run_dependencies/keyboard_msgs
[1.198s] -- Up-to-date: /home/gadzz/vtol_ws/install/keyboard_msgs/share/ament_index/resource_index/parent_prefix_path/keyboard_msgs
[1.198s] -- Up-to-date: /home/gadzz/vtol_ws/install/keyboard_msgs/share/keyboard_msgs/environment/ament_prefix_path.sh
[1.198s] -- Up-to-date: /home/gadzz/vtol_ws/install/keyboard_msgs/share/keyboard_msgs/environment/ament_prefix_path.dsv
[1.198s] -- Up-to-date: /home/gadzz/vtol_ws/install/keyboard_msgs/share/keyboard_msgs/environment/path.sh
[1.198s] -- Up-to-date: /home/gadzz/vtol_ws/install/keyboard_msgs/share/keyboard_msgs/environment/path.dsv
[1.199s] -- Up-to-date: /home/gadzz/vtol_ws/install/keyboard_msgs/share/keyboard_msgs/local_setup.bash
[1.199s] -- Up-to-date: /home/gadzz/vtol_ws/install/keyboard_msgs/share/keyboard_msgs/local_setup.sh
[1.201s] -- Up-to-date: /home/gadzz/vtol_ws/install/keyboard_msgs/share/keyboard_msgs/local_setup.zsh
[1.201s] -- Up-to-date: /home/gadzz/vtol_ws/install/keyboard_msgs/share/keyboard_msgs/local_setup.dsv
[1.201s] -- Installing: /home/gadzz/vtol_ws/install/keyboard_msgs/share/keyboard_msgs/package.dsv
[1.201s] -- Up-to-date: /home/gadzz/vtol_ws/install/keyboard_msgs/share/ament_index/resource_index/packages/keyboard_msgs
[1.201s] -- Up-to-date: /home/gadzz/vtol_ws/install/keyboard_msgs/share/keyboard_msgs/cmake/export_keyboard_msgs__rosidl_generator_cExport.cmake
[1.201s] -- Up-to-date: /home/gadzz/vtol_ws/install/keyboard_msgs/share/keyboard_msgs/cmake/export_keyboard_msgs__rosidl_generator_cExport-noconfig.cmake
[1.201s] -- Up-to-date: /home/gadzz/vtol_ws/install/keyboard_msgs/share/keyboard_msgs/cmake/export_keyboard_msgs__rosidl_typesupport_fastrtps_cExport.cmake
[1.202s] -- Up-to-date: /home/gadzz/vtol_ws/install/keyboard_msgs/share/keyboard_msgs/cmake/export_keyboard_msgs__rosidl_typesupport_fastrtps_cExport-noconfig.cmake
[1.202s] -- Up-to-date: /home/gadzz/vtol_ws/install/keyboard_msgs/share/keyboard_msgs/cmake/export_keyboard_msgs__rosidl_generator_cppExport.cmake
[1.202s] -- Up-to-date: /home/gadzz/vtol_ws/install/keyboard_msgs/share/keyboard_msgs/cmake/export_keyboard_msgs__rosidl_typesupport_fastrtps_cppExport.cmake
[1.202s] -- Up-to-date: /home/gadzz/vtol_ws/install/keyboard_msgs/share/keyboard_msgs/cmake/export_keyboard_msgs__rosidl_typesupport_fastrtps_cppExport-noconfig.cmake
[1.202s] -- Up-to-date: /home/gadzz/vtol_ws/install/keyboard_msgs/share/keyboard_msgs/cmake/keyboard_msgs__rosidl_typesupport_introspection_cExport.cmake
[1.202s] -- Up-to-date: /home/gadzz/vtol_ws/install/keyboard_msgs/share/keyboard_msgs/cmake/keyboard_msgs__rosidl_typesupport_introspection_cExport-noconfig.cmake
[1.202s] -- Up-to-date: /home/gadzz/vtol_ws/install/keyboard_msgs/share/keyboard_msgs/cmake/keyboard_msgs__rosidl_typesupport_cExport.cmake
[1.202s] -- Up-to-date: /home/gadzz/vtol_ws/install/keyboard_msgs/share/keyboard_msgs/cmake/keyboard_msgs__rosidl_typesupport_cExport-noconfig.cmake
[1.202s] -- Up-to-date: /home/gadzz/vtol_ws/install/keyboard_msgs/share/keyboard_msgs/cmake/keyboard_msgs__rosidl_typesupport_introspection_cppExport.cmake
[1.202s] -- Up-to-date: /home/gadzz/vtol_ws/install/keyboard_msgs/share/keyboard_msgs/cmake/keyboard_msgs__rosidl_typesupport_introspection_cppExport-noconfig.cmake
[1.202s] -- Up-to-date: /home/gadzz/vtol_ws/install/keyboard_msgs/share/keyboard_msgs/cmake/keyboard_msgs__rosidl_typesupport_cppExport.cmake
[1.202s] -- Up-to-date: /home/gadzz/vtol_ws/install/keyboard_msgs/share/keyboard_msgs/cmake/keyboard_msgs__rosidl_typesupport_cppExport-noconfig.cmake
[1.202s] -- Up-to-date: /home/gadzz/vtol_ws/install/keyboard_msgs/share/keyboard_msgs/cmake/export_keyboard_msgs__rosidl_generator_pyExport.cmake
[1.202s] -- Up-to-date: /home/gadzz/vtol_ws/install/keyboard_msgs/share/keyboard_msgs/cmake/export_keyboard_msgs__rosidl_generator_pyExport-noconfig.cmake
[1.203s] -- Up-to-date: /home/gadzz/vtol_ws/install/keyboard_msgs/share/keyboard_msgs/cmake/rosidl_cmake-extras.cmake
[1.203s] -- Up-to-date: /home/gadzz/vtol_ws/install/keyboard_msgs/share/keyboard_msgs/cmake/ament_cmake_export_dependencies-extras.cmake
[1.203s] -- Up-to-date: /home/gadzz/vtol_ws/install/keyboard_msgs/share/keyboard_msgs/cmake/ament_cmake_export_include_directories-extras.cmake
[1.203s] -- Up-to-date: /home/gadzz/vtol_ws/install/keyboard_msgs/share/keyboard_msgs/cmake/ament_cmake_export_libraries-extras.cmake
[1.203s] -- Up-to-date: /home/gadzz/vtol_ws/install/keyboard_msgs/share/keyboard_msgs/cmake/ament_cmake_export_targets-extras.cmake
[1.203s] -- Up-to-date: /home/gadzz/vtol_ws/install/keyboard_msgs/share/keyboard_msgs/cmake/rosidl_cmake_export_typesupport_targets-extras.cmake
[1.203s] -- Up-to-date: /home/gadzz/vtol_ws/install/keyboard_msgs/share/keyboard_msgs/cmake/rosidl_cmake_export_typesupport_libraries-extras.cmake
[1.204s] -- Up-to-date: /home/gadzz/vtol_ws/install/keyboard_msgs/share/keyboard_msgs/cmake/keyboard_msgsConfig.cmake
[1.204s] -- Up-to-date: /home/gadzz/vtol_ws/install/keyboard_msgs/share/keyboard_msgs/cmake/keyboard_msgsConfig-version.cmake
[1.204s] -- Up-to-date: /home/gadzz/vtol_ws/install/keyboard_msgs/share/keyboard_msgs/package.xml
[1.207s] Invoked command in '/home/gadzz/vtol_ws/build/keyboard_msgs' returned '0': CMAKE_PREFIX_PATH=${CMAKE_PREFIX_PATH}:/home/gadzz/ardu_ws/install/ardupilot_dds_tests:/opt/ros/humble /usr/bin/cmake --install /home/gadzz/vtol_ws/build/keyboard_msgs
