[0.176s] DEBUG:colcon:Command line arguments: ['/usr/bin/colcon', 'build']
[0.177s] DEBUG:colcon:Parsed command line arguments: Namespace(log_base=None, log_level=None, verb_name='build', build_base='build', install_base='install', merge_install=False, symlink_install=False, test_result_base=None, continue_on_error=False, executor='parallel', parallel_workers=8, event_handlers=None, ignore_user_meta=False, metas=['./colcon.meta'], base_paths=['.'], packages_ignore=None, packages_ignore_regex=None, paths=None, packages_up_to=None, packages_up_to_regex=None, packages_above=None, packages_above_and_dependencies=None, packages_above_depth=None, packages_select_by_dep=None, packages_skip_by_dep=None, packages_skip_up_to=None, packages_select_build_failed=False, packages_skip_build_finished=False, packages_select_test_failures=False, packages_skip_test_passed=False, packages_select=None, packages_skip=None, packages_select_regex=None, packages_skip_regex=None, packages_start=None, packages_end=None, allow_overriding=[], cmake_args=None, cmake_target=None, cmake_target_skip_unavailable=False, cmake_clean_cache=False, cmake_clean_first=False, cmake_force_configure=False, ament_cmake_args=None, catkin_cmake_args=None, catkin_skip_building_tests=False, verb_parser=<colcon_defaults.argument_parser.defaults.DefaultArgumentsDecorator object at 0x715c0b3b8a90>, verb_extension=<colcon_core.verb.build.BuildVerb object at 0x715c0b4a2590>, main=<bound method BuildVerb.main of <colcon_core.verb.build.BuildVerb object at 0x715c0b4a2590>>)
[0.244s] Level 1:colcon.colcon_core.package_discovery:discover_packages(colcon_meta) check parameters
[0.244s] Level 1:colcon.colcon_core.package_discovery:discover_packages(recursive) check parameters
[0.244s] Level 1:colcon.colcon_core.package_discovery:discover_packages(ignore) check parameters
[0.244s] Level 1:colcon.colcon_core.package_discovery:discover_packages(path) check parameters
[0.244s] Level 1:colcon.colcon_core.package_discovery:discover_packages(colcon_meta) discover
[0.244s] Level 1:colcon.colcon_core.package_discovery:discover_packages(recursive) discover
[0.245s] INFO:colcon.colcon_core.package_discovery:Crawling recursively for packages in '/home/gadzz/Workspace/VTOL-MissionCenter'
[0.245s] Level 1:colcon.colcon_core.package_identification:_identify(.) by extensions ['ignore', 'ignore_ament_install']
[0.245s] Level 1:colcon.colcon_core.package_identification:_identify(.) by extension 'ignore'
[0.245s] Level 1:colcon.colcon_core.package_identification:_identify(.) by extension 'ignore_ament_install'
[0.245s] Level 1:colcon.colcon_core.package_identification:_identify(.) by extensions ['colcon_pkg']
[0.245s] Level 1:colcon.colcon_core.package_identification:_identify(.) by extension 'colcon_pkg'
[0.245s] Level 1:colcon.colcon_core.package_identification:_identify(.) by extensions ['colcon_meta']
[0.245s] Level 1:colcon.colcon_core.package_identification:_identify(.) by extension 'colcon_meta'
[0.245s] Level 1:colcon.colcon_core.package_identification:_identify(.) by extensions ['ros']
[0.245s] Level 1:colcon.colcon_core.package_identification:_identify(.) by extension 'ros'
[0.272s] Level 1:colcon.colcon_core.package_identification:_identify(.) by extensions ['cmake', 'python']
[0.272s] Level 1:colcon.colcon_core.package_identification:_identify(.) by extension 'cmake'
[0.272s] Level 1:colcon.colcon_core.package_identification:_identify(.) by extension 'python'
[0.272s] Level 1:colcon.colcon_core.package_identification:_identify(.) by extensions ['python_setup_py']
[0.273s] Level 1:colcon.colcon_core.package_identification:_identify(.) by extension 'python_setup_py'
[0.273s] Level 1:colcon.colcon_core.package_identification:_identify(build) by extensions ['ignore', 'ignore_ament_install']
[0.273s] Level 1:colcon.colcon_core.package_identification:_identify(build) by extension 'ignore'
[0.273s] Level 1:colcon.colcon_core.package_identification:_identify(build) ignored
[0.273s] Level 1:colcon.colcon_core.package_identification:_identify(install) by extensions ['ignore', 'ignore_ament_install']
[0.273s] Level 1:colcon.colcon_core.package_identification:_identify(install) by extension 'ignore'
[0.273s] Level 1:colcon.colcon_core.package_identification:_identify(install) ignored
[0.274s] Level 1:colcon.colcon_core.package_identification:_identify(log) by extensions ['ignore', 'ignore_ament_install']
[0.274s] Level 1:colcon.colcon_core.package_identification:_identify(log) by extension 'ignore'
[0.274s] Level 1:colcon.colcon_core.package_identification:_identify(log) ignored
[0.274s] Level 1:colcon.colcon_core.package_identification:_identify(src) by extensions ['ignore', 'ignore_ament_install']
[0.274s] Level 1:colcon.colcon_core.package_identification:_identify(src) by extension 'ignore'
[0.274s] Level 1:colcon.colcon_core.package_identification:_identify(src) by extension 'ignore_ament_install'
[0.274s] Level 1:colcon.colcon_core.package_identification:_identify(src) by extensions ['colcon_pkg']
[0.274s] Level 1:colcon.colcon_core.package_identification:_identify(src) by extension 'colcon_pkg'
[0.274s] Level 1:colcon.colcon_core.package_identification:_identify(src) by extensions ['colcon_meta']
[0.274s] Level 1:colcon.colcon_core.package_identification:_identify(src) by extension 'colcon_meta'
[0.274s] Level 1:colcon.colcon_core.package_identification:_identify(src) by extensions ['ros']
[0.274s] Level 1:colcon.colcon_core.package_identification:_identify(src) by extension 'ros'
[0.274s] Level 1:colcon.colcon_core.package_identification:_identify(src) by extensions ['cmake', 'python']
[0.274s] Level 1:colcon.colcon_core.package_identification:_identify(src) by extension 'cmake'
[0.274s] Level 1:colcon.colcon_core.package_identification:_identify(src) by extension 'python'
[0.274s] Level 1:colcon.colcon_core.package_identification:_identify(src) by extensions ['python_setup_py']
[0.274s] Level 1:colcon.colcon_core.package_identification:_identify(src) by extension 'python_setup_py'
[0.274s] Level 1:colcon.colcon_core.package_identification:_identify(src/mission_center) by extensions ['ignore', 'ignore_ament_install']
[0.275s] Level 1:colcon.colcon_core.package_identification:_identify(src/mission_center) by extension 'ignore'
[0.275s] Level 1:colcon.colcon_core.package_identification:_identify(src/mission_center) by extension 'ignore_ament_install'
[0.275s] Level 1:colcon.colcon_core.package_identification:_identify(src/mission_center) by extensions ['colcon_pkg']
[0.275s] Level 1:colcon.colcon_core.package_identification:_identify(src/mission_center) by extension 'colcon_pkg'
[0.275s] Level 1:colcon.colcon_core.package_identification:_identify(src/mission_center) by extensions ['colcon_meta']
[0.275s] Level 1:colcon.colcon_core.package_identification:_identify(src/mission_center) by extension 'colcon_meta'
[0.275s] Level 1:colcon.colcon_core.package_identification:_identify(src/mission_center) by extensions ['ros']
[0.275s] Level 1:colcon.colcon_core.package_identification:_identify(src/mission_center) by extension 'ros'
[0.280s] DEBUG:colcon.colcon_core.package_identification:Package 'src/mission_center' with type 'ros.ament_cmake' and name 'mission_center'
[0.281s] Level 1:colcon.colcon_core.package_identification:_identify(src/ros2-keyboard) by extensions ['ignore', 'ignore_ament_install']
[0.281s] Level 1:colcon.colcon_core.package_identification:_identify(src/ros2-keyboard) by extension 'ignore'
[0.281s] Level 1:colcon.colcon_core.package_identification:_identify(src/ros2-keyboard) by extension 'ignore_ament_install'
[0.281s] Level 1:colcon.colcon_core.package_identification:_identify(src/ros2-keyboard) by extensions ['colcon_pkg']
[0.281s] Level 1:colcon.colcon_core.package_identification:_identify(src/ros2-keyboard) by extension 'colcon_pkg'
[0.281s] Level 1:colcon.colcon_core.package_identification:_identify(src/ros2-keyboard) by extensions ['colcon_meta']
[0.281s] Level 1:colcon.colcon_core.package_identification:_identify(src/ros2-keyboard) by extension 'colcon_meta'
[0.281s] Level 1:colcon.colcon_core.package_identification:_identify(src/ros2-keyboard) by extensions ['ros']
[0.281s] Level 1:colcon.colcon_core.package_identification:_identify(src/ros2-keyboard) by extension 'ros'
[0.282s] Level 1:colcon.colcon_core.package_identification:_identify(src/ros2-keyboard) by extensions ['cmake', 'python']
[0.282s] Level 1:colcon.colcon_core.package_identification:_identify(src/ros2-keyboard) by extension 'cmake'
[0.282s] Level 1:colcon.colcon_core.package_identification:_identify(src/ros2-keyboard) by extension 'python'
[0.282s] Level 1:colcon.colcon_core.package_identification:_identify(src/ros2-keyboard) by extensions ['python_setup_py']
[0.282s] Level 1:colcon.colcon_core.package_identification:_identify(src/ros2-keyboard) by extension 'python_setup_py'
[0.282s] Level 1:colcon.colcon_core.package_identification:_identify(src/ros2-keyboard/keyboard) by extensions ['ignore', 'ignore_ament_install']
[0.282s] Level 1:colcon.colcon_core.package_identification:_identify(src/ros2-keyboard/keyboard) by extension 'ignore'
[0.282s] Level 1:colcon.colcon_core.package_identification:_identify(src/ros2-keyboard/keyboard) by extension 'ignore_ament_install'
[0.282s] Level 1:colcon.colcon_core.package_identification:_identify(src/ros2-keyboard/keyboard) by extensions ['colcon_pkg']
[0.282s] Level 1:colcon.colcon_core.package_identification:_identify(src/ros2-keyboard/keyboard) by extension 'colcon_pkg'
[0.282s] Level 1:colcon.colcon_core.package_identification:_identify(src/ros2-keyboard/keyboard) by extensions ['colcon_meta']
[0.282s] Level 1:colcon.colcon_core.package_identification:_identify(src/ros2-keyboard/keyboard) by extension 'colcon_meta'
[0.282s] Level 1:colcon.colcon_core.package_identification:_identify(src/ros2-keyboard/keyboard) by extensions ['ros']
[0.282s] Level 1:colcon.colcon_core.package_identification:_identify(src/ros2-keyboard/keyboard) by extension 'ros'
[0.284s] DEBUG:colcon.colcon_core.package_identification:Package 'src/ros2-keyboard/keyboard' with type 'ros.ament_cmake' and name 'keyboard'
[0.284s] Level 1:colcon.colcon_core.package_identification:_identify(src/ros2-keyboard/keyboard_msgs) by extensions ['ignore', 'ignore_ament_install']
[0.284s] Level 1:colcon.colcon_core.package_identification:_identify(src/ros2-keyboard/keyboard_msgs) by extension 'ignore'
[0.284s] Level 1:colcon.colcon_core.package_identification:_identify(src/ros2-keyboard/keyboard_msgs) by extension 'ignore_ament_install'
[0.285s] Level 1:colcon.colcon_core.package_identification:_identify(src/ros2-keyboard/keyboard_msgs) by extensions ['colcon_pkg']
[0.285s] Level 1:colcon.colcon_core.package_identification:_identify(src/ros2-keyboard/keyboard_msgs) by extension 'colcon_pkg'
[0.285s] Level 1:colcon.colcon_core.package_identification:_identify(src/ros2-keyboard/keyboard_msgs) by extensions ['colcon_meta']
[0.285s] Level 1:colcon.colcon_core.package_identification:_identify(src/ros2-keyboard/keyboard_msgs) by extension 'colcon_meta'
[0.285s] Level 1:colcon.colcon_core.package_identification:_identify(src/ros2-keyboard/keyboard_msgs) by extensions ['ros']
[0.285s] Level 1:colcon.colcon_core.package_identification:_identify(src/ros2-keyboard/keyboard_msgs) by extension 'ros'
[0.287s] DEBUG:colcon.colcon_core.package_identification:Package 'src/ros2-keyboard/keyboard_msgs' with type 'ros.ament_cmake' and name 'keyboard_msgs'
[0.287s] Level 1:colcon.colcon_core.package_identification:_identify(terrain) by extensions ['ignore', 'ignore_ament_install']
[0.287s] Level 1:colcon.colcon_core.package_identification:_identify(terrain) by extension 'ignore'
[0.288s] Level 1:colcon.colcon_core.package_identification:_identify(terrain) by extension 'ignore_ament_install'
[0.288s] Level 1:colcon.colcon_core.package_identification:_identify(terrain) by extensions ['colcon_pkg']
[0.288s] Level 1:colcon.colcon_core.package_identification:_identify(terrain) by extension 'colcon_pkg'
[0.288s] Level 1:colcon.colcon_core.package_identification:_identify(terrain) by extensions ['colcon_meta']
[0.288s] Level 1:colcon.colcon_core.package_identification:_identify(terrain) by extension 'colcon_meta'
[0.288s] Level 1:colcon.colcon_core.package_identification:_identify(terrain) by extensions ['ros']
[0.288s] Level 1:colcon.colcon_core.package_identification:_identify(terrain) by extension 'ros'
[0.288s] Level 1:colcon.colcon_core.package_identification:_identify(terrain) by extensions ['cmake', 'python']
[0.288s] Level 1:colcon.colcon_core.package_identification:_identify(terrain) by extension 'cmake'
[0.288s] Level 1:colcon.colcon_core.package_identification:_identify(terrain) by extension 'python'
[0.288s] Level 1:colcon.colcon_core.package_identification:_identify(terrain) by extensions ['python_setup_py']
[0.288s] Level 1:colcon.colcon_core.package_identification:_identify(terrain) by extension 'python_setup_py'
[0.289s] Level 1:colcon.colcon_core.package_discovery:discover_packages(recursive) using defaults
[0.289s] Level 1:colcon.colcon_core.package_discovery:discover_packages(ignore) discover
[0.289s] Level 1:colcon.colcon_core.package_discovery:discover_packages(ignore) using defaults
[0.289s] Level 1:colcon.colcon_core.package_discovery:discover_packages(path) discover
[0.289s] Level 1:colcon.colcon_core.package_discovery:discover_packages(path) using defaults
[0.333s] Level 1:colcon.colcon_core.package_discovery:discover_packages(prefix_path) check parameters
[0.333s] Level 1:colcon.colcon_core.package_discovery:discover_packages(prefix_path) discover
[0.337s] DEBUG:colcon.colcon_installed_package_information.package_discovery:Found 3 installed packages in /home/gadzz/Workspace/VTOL-MissionCenter/install
[0.339s] DEBUG:colcon.colcon_installed_package_information.package_discovery:Found 288 installed packages in /opt/ros/humble
[0.342s] Level 1:colcon.colcon_core.package_discovery:discover_packages(prefix_path) using defaults
[0.392s] Level 5:colcon.colcon_core.verb:set package 'keyboard_msgs' build argument 'cmake_args' from command line to 'None'
[0.392s] Level 5:colcon.colcon_core.verb:set package 'keyboard_msgs' build argument 'cmake_target' from command line to 'None'
[0.392s] Level 5:colcon.colcon_core.verb:set package 'keyboard_msgs' build argument 'cmake_target_skip_unavailable' from command line to 'False'
[0.392s] Level 5:colcon.colcon_core.verb:set package 'keyboard_msgs' build argument 'cmake_clean_cache' from command line to 'False'
[0.392s] Level 5:colcon.colcon_core.verb:set package 'keyboard_msgs' build argument 'cmake_clean_first' from command line to 'False'
[0.392s] Level 5:colcon.colcon_core.verb:set package 'keyboard_msgs' build argument 'cmake_force_configure' from command line to 'False'
[0.392s] Level 5:colcon.colcon_core.verb:set package 'keyboard_msgs' build argument 'ament_cmake_args' from command line to 'None'
[0.392s] Level 5:colcon.colcon_core.verb:set package 'keyboard_msgs' build argument 'catkin_cmake_args' from command line to 'None'
[0.392s] Level 5:colcon.colcon_core.verb:set package 'keyboard_msgs' build argument 'catkin_skip_building_tests' from command line to 'False'
[0.392s] DEBUG:colcon.colcon_core.verb:Building package 'keyboard_msgs' with the following arguments: {'ament_cmake_args': None, 'build_base': '/home/gadzz/Workspace/VTOL-MissionCenter/build/keyboard_msgs', 'catkin_cmake_args': None, 'catkin_skip_building_tests': False, 'cmake_args': None, 'cmake_clean_cache': False, 'cmake_clean_first': False, 'cmake_force_configure': False, 'cmake_target': None, 'cmake_target_skip_unavailable': False, 'install_base': '/home/gadzz/Workspace/VTOL-MissionCenter/install/keyboard_msgs', 'merge_install': False, 'path': '/home/gadzz/Workspace/VTOL-MissionCenter/src/ros2-keyboard/keyboard_msgs', 'symlink_install': False, 'test_result_base': None}
[0.393s] Level 5:colcon.colcon_core.verb:set package 'keyboard' build argument 'cmake_args' from command line to 'None'
[0.393s] Level 5:colcon.colcon_core.verb:set package 'keyboard' build argument 'cmake_target' from command line to 'None'
[0.393s] Level 5:colcon.colcon_core.verb:set package 'keyboard' build argument 'cmake_target_skip_unavailable' from command line to 'False'
[0.393s] Level 5:colcon.colcon_core.verb:set package 'keyboard' build argument 'cmake_clean_cache' from command line to 'False'
[0.393s] Level 5:colcon.colcon_core.verb:set package 'keyboard' build argument 'cmake_clean_first' from command line to 'False'
[0.393s] Level 5:colcon.colcon_core.verb:set package 'keyboard' build argument 'cmake_force_configure' from command line to 'False'
[0.393s] Level 5:colcon.colcon_core.verb:set package 'keyboard' build argument 'ament_cmake_args' from command line to 'None'
[0.393s] Level 5:colcon.colcon_core.verb:set package 'keyboard' build argument 'catkin_cmake_args' from command line to 'None'
[0.393s] Level 5:colcon.colcon_core.verb:set package 'keyboard' build argument 'catkin_skip_building_tests' from command line to 'False'
[0.393s] DEBUG:colcon.colcon_core.verb:Building package 'keyboard' with the following arguments: {'ament_cmake_args': None, 'build_base': '/home/gadzz/Workspace/VTOL-MissionCenter/build/keyboard', 'catkin_cmake_args': None, 'catkin_skip_building_tests': False, 'cmake_args': None, 'cmake_clean_cache': False, 'cmake_clean_first': False, 'cmake_force_configure': False, 'cmake_target': None, 'cmake_target_skip_unavailable': False, 'install_base': '/home/gadzz/Workspace/VTOL-MissionCenter/install/keyboard', 'merge_install': False, 'path': '/home/gadzz/Workspace/VTOL-MissionCenter/src/ros2-keyboard/keyboard', 'symlink_install': False, 'test_result_base': None}
[0.394s] Level 5:colcon.colcon_core.verb:set package 'mission_center' build argument 'cmake_args' from command line to 'None'
[0.394s] Level 5:colcon.colcon_core.verb:set package 'mission_center' build argument 'cmake_target' from command line to 'None'
[0.394s] Level 5:colcon.colcon_core.verb:set package 'mission_center' build argument 'cmake_target_skip_unavailable' from command line to 'False'
[0.394s] Level 5:colcon.colcon_core.verb:set package 'mission_center' build argument 'cmake_clean_cache' from command line to 'False'
[0.394s] Level 5:colcon.colcon_core.verb:set package 'mission_center' build argument 'cmake_clean_first' from command line to 'False'
[0.394s] Level 5:colcon.colcon_core.verb:set package 'mission_center' build argument 'cmake_force_configure' from command line to 'False'
[0.394s] Level 5:colcon.colcon_core.verb:set package 'mission_center' build argument 'ament_cmake_args' from command line to 'None'
[0.394s] Level 5:colcon.colcon_core.verb:set package 'mission_center' build argument 'catkin_cmake_args' from command line to 'None'
[0.394s] Level 5:colcon.colcon_core.verb:set package 'mission_center' build argument 'catkin_skip_building_tests' from command line to 'False'
[0.394s] DEBUG:colcon.colcon_core.verb:Building package 'mission_center' with the following arguments: {'ament_cmake_args': None, 'build_base': '/home/gadzz/Workspace/VTOL-MissionCenter/build/mission_center', 'catkin_cmake_args': None, 'catkin_skip_building_tests': False, 'cmake_args': None, 'cmake_clean_cache': False, 'cmake_clean_first': False, 'cmake_force_configure': False, 'cmake_target': None, 'cmake_target_skip_unavailable': False, 'install_base': '/home/gadzz/Workspace/VTOL-MissionCenter/install/mission_center', 'merge_install': False, 'path': '/home/gadzz/Workspace/VTOL-MissionCenter/src/mission_center', 'symlink_install': False, 'test_result_base': None}
[0.394s] INFO:colcon.colcon_core.executor:Executing jobs using 'parallel' executor
[0.397s] DEBUG:colcon.colcon_parallel_executor.executor.parallel:run_until_complete
[0.397s] INFO:colcon.colcon_ros.task.ament_cmake.build:Building ROS package in '/home/gadzz/Workspace/VTOL-MissionCenter/src/ros2-keyboard/keyboard_msgs' with build type 'ament_cmake'
[0.398s] INFO:colcon.colcon_cmake.task.cmake.build:Building CMake package in '/home/gadzz/Workspace/VTOL-MissionCenter/src/ros2-keyboard/keyboard_msgs'
[0.402s] INFO:colcon.colcon_core.plugin_system:Skipping extension 'colcon_core.shell.bat': Not used on non-Windows systems
[0.403s] INFO:colcon.colcon_core.shell:Skip shell extension 'powershell' for command environment: Not usable outside of PowerShell
[0.403s] DEBUG:colcon.colcon_core.shell:Skip shell extension 'dsv' for command environment
[0.427s] DEBUG:colcon.colcon_core.event_handler.log_command:Invoking command in '/home/gadzz/Workspace/VTOL-MissionCenter/build/keyboard_msgs': CMAKE_PREFIX_PATH=${CMAKE_PREFIX_PATH}:/opt/ros/humble /usr/bin/cmake --build /home/gadzz/Workspace/VTOL-MissionCenter/build/keyboard_msgs -- -j8 -l8
[1.731s] DEBUG:colcon.colcon_core.event_handler.log_command:Invoked command in '/home/gadzz/Workspace/VTOL-MissionCenter/build/keyboard_msgs' returned '0': CMAKE_PREFIX_PATH=${CMAKE_PREFIX_PATH}:/opt/ros/humble /usr/bin/cmake --build /home/gadzz/Workspace/VTOL-MissionCenter/build/keyboard_msgs -- -j8 -l8
[1.758s] DEBUG:colcon.colcon_core.event_handler.log_command:Invoking command in '/home/gadzz/Workspace/VTOL-MissionCenter/build/keyboard_msgs': CMAKE_PREFIX_PATH=${CMAKE_PREFIX_PATH}:/opt/ros/humble /usr/bin/cmake --install /home/gadzz/Workspace/VTOL-MissionCenter/build/keyboard_msgs
[1.851s] Level 1:colcon.colcon_core.environment:create_environment_scripts_only(keyboard_msgs)
[1.852s] DEBUG:colcon.colcon_core.event_handler.log_command:Invoked command in '/home/gadzz/Workspace/VTOL-MissionCenter/build/keyboard_msgs' returned '0': CMAKE_PREFIX_PATH=${CMAKE_PREFIX_PATH}:/opt/ros/humble /usr/bin/cmake --install /home/gadzz/Workspace/VTOL-MissionCenter/build/keyboard_msgs
[1.856s] Level 1:colcon.colcon_core.environment:checking '/home/gadzz/Workspace/VTOL-MissionCenter/install/keyboard_msgs' for CMake module files
[1.857s] Level 1:colcon.colcon_core.environment:checking '/home/gadzz/Workspace/VTOL-MissionCenter/install/keyboard_msgs' for CMake config files
[1.857s] Level 1:colcon.colcon_core.shell:create_environment_hook('keyboard_msgs', 'cmake_prefix_path')
[1.858s] INFO:colcon.colcon_core.shell:Creating environment hook '/home/gadzz/Workspace/VTOL-MissionCenter/install/keyboard_msgs/share/keyboard_msgs/hook/cmake_prefix_path.ps1'
[1.860s] INFO:colcon.colcon_core.shell:Creating environment descriptor '/home/gadzz/Workspace/VTOL-MissionCenter/install/keyboard_msgs/share/keyboard_msgs/hook/cmake_prefix_path.dsv'
[1.860s] INFO:colcon.colcon_core.shell:Creating environment hook '/home/gadzz/Workspace/VTOL-MissionCenter/install/keyboard_msgs/share/keyboard_msgs/hook/cmake_prefix_path.sh'
[1.862s] Level 1:colcon.colcon_core.environment:checking '/home/gadzz/Workspace/VTOL-MissionCenter/install/keyboard_msgs/lib'
[1.862s] Level 1:colcon.colcon_core.shell:create_environment_hook('keyboard_msgs', 'ld_library_path_lib')
[1.862s] INFO:colcon.colcon_core.shell:Creating environment hook '/home/gadzz/Workspace/VTOL-MissionCenter/install/keyboard_msgs/share/keyboard_msgs/hook/ld_library_path_lib.ps1'
[1.863s] INFO:colcon.colcon_core.shell:Creating environment descriptor '/home/gadzz/Workspace/VTOL-MissionCenter/install/keyboard_msgs/share/keyboard_msgs/hook/ld_library_path_lib.dsv'
[1.864s] INFO:colcon.colcon_core.shell:Creating environment hook '/home/gadzz/Workspace/VTOL-MissionCenter/install/keyboard_msgs/share/keyboard_msgs/hook/ld_library_path_lib.sh'
[1.865s] Level 1:colcon.colcon_core.environment:checking '/home/gadzz/Workspace/VTOL-MissionCenter/install/keyboard_msgs/bin'
[1.865s] Level 1:colcon.colcon_core.environment:checking '/home/gadzz/Workspace/VTOL-MissionCenter/install/keyboard_msgs/lib/pkgconfig/keyboard_msgs.pc'
[1.865s] Level 1:colcon.colcon_core.environment:checking '/home/gadzz/Workspace/VTOL-MissionCenter/install/keyboard_msgs/lib/python3.10/site-packages'
[1.865s] Level 1:colcon.colcon_core.environment:checking '/home/gadzz/Workspace/VTOL-MissionCenter/install/keyboard_msgs/bin'
[1.866s] INFO:colcon.colcon_core.shell:Creating package script '/home/gadzz/Workspace/VTOL-MissionCenter/install/keyboard_msgs/share/keyboard_msgs/package.ps1'
[1.868s] INFO:colcon.colcon_core.shell:Creating package descriptor '/home/gadzz/Workspace/VTOL-MissionCenter/install/keyboard_msgs/share/keyboard_msgs/package.dsv'
[1.869s] INFO:colcon.colcon_core.shell:Creating package script '/home/gadzz/Workspace/VTOL-MissionCenter/install/keyboard_msgs/share/keyboard_msgs/package.sh'
[1.871s] INFO:colcon.colcon_core.shell:Creating package script '/home/gadzz/Workspace/VTOL-MissionCenter/install/keyboard_msgs/share/keyboard_msgs/package.bash'
[1.872s] INFO:colcon.colcon_core.shell:Creating package script '/home/gadzz/Workspace/VTOL-MissionCenter/install/keyboard_msgs/share/keyboard_msgs/package.zsh'
[1.874s] Level 1:colcon.colcon_core.environment:create_file_with_runtime_dependencies(/home/gadzz/Workspace/VTOL-MissionCenter/install/keyboard_msgs/share/colcon-core/packages/keyboard_msgs)
[1.875s] Level 1:colcon.colcon_core.environment:create_environment_scripts_only(keyboard_msgs)
[1.875s] Level 1:colcon.colcon_core.environment:checking '/home/gadzz/Workspace/VTOL-MissionCenter/install/keyboard_msgs' for CMake module files
[1.876s] Level 1:colcon.colcon_core.environment:checking '/home/gadzz/Workspace/VTOL-MissionCenter/install/keyboard_msgs' for CMake config files
[1.876s] Level 1:colcon.colcon_core.shell:create_environment_hook('keyboard_msgs', 'cmake_prefix_path')
[1.876s] INFO:colcon.colcon_core.shell:Creating environment hook '/home/gadzz/Workspace/VTOL-MissionCenter/install/keyboard_msgs/share/keyboard_msgs/hook/cmake_prefix_path.ps1'
[1.877s] INFO:colcon.colcon_core.shell:Creating environment descriptor '/home/gadzz/Workspace/VTOL-MissionCenter/install/keyboard_msgs/share/keyboard_msgs/hook/cmake_prefix_path.dsv'
[1.878s] INFO:colcon.colcon_core.shell:Creating environment hook '/home/gadzz/Workspace/VTOL-MissionCenter/install/keyboard_msgs/share/keyboard_msgs/hook/cmake_prefix_path.sh'
[1.879s] Level 1:colcon.colcon_core.environment:checking '/home/gadzz/Workspace/VTOL-MissionCenter/install/keyboard_msgs/lib'
[1.879s] Level 1:colcon.colcon_core.shell:create_environment_hook('keyboard_msgs', 'ld_library_path_lib')
[1.879s] INFO:colcon.colcon_core.shell:Creating environment hook '/home/gadzz/Workspace/VTOL-MissionCenter/install/keyboard_msgs/share/keyboard_msgs/hook/ld_library_path_lib.ps1'
[1.880s] INFO:colcon.colcon_core.shell:Creating environment descriptor '/home/gadzz/Workspace/VTOL-MissionCenter/install/keyboard_msgs/share/keyboard_msgs/hook/ld_library_path_lib.dsv'
[1.881s] INFO:colcon.colcon_core.shell:Creating environment hook '/home/gadzz/Workspace/VTOL-MissionCenter/install/keyboard_msgs/share/keyboard_msgs/hook/ld_library_path_lib.sh'
[1.881s] Level 1:colcon.colcon_core.environment:checking '/home/gadzz/Workspace/VTOL-MissionCenter/install/keyboard_msgs/bin'
[1.882s] Level 1:colcon.colcon_core.environment:checking '/home/gadzz/Workspace/VTOL-MissionCenter/install/keyboard_msgs/lib/pkgconfig/keyboard_msgs.pc'
[1.882s] Level 1:colcon.colcon_core.environment:checking '/home/gadzz/Workspace/VTOL-MissionCenter/install/keyboard_msgs/lib/python3.10/site-packages'
[1.882s] Level 1:colcon.colcon_core.environment:checking '/home/gadzz/Workspace/VTOL-MissionCenter/install/keyboard_msgs/bin'
[1.883s] INFO:colcon.colcon_core.shell:Creating package script '/home/gadzz/Workspace/VTOL-MissionCenter/install/keyboard_msgs/share/keyboard_msgs/package.ps1'
[1.884s] INFO:colcon.colcon_core.shell:Creating package descriptor '/home/gadzz/Workspace/VTOL-MissionCenter/install/keyboard_msgs/share/keyboard_msgs/package.dsv'
[1.885s] INFO:colcon.colcon_core.shell:Creating package script '/home/gadzz/Workspace/VTOL-MissionCenter/install/keyboard_msgs/share/keyboard_msgs/package.sh'
[1.886s] INFO:colcon.colcon_core.shell:Creating package script '/home/gadzz/Workspace/VTOL-MissionCenter/install/keyboard_msgs/share/keyboard_msgs/package.bash'
[1.886s] INFO:colcon.colcon_core.shell:Creating package script '/home/gadzz/Workspace/VTOL-MissionCenter/install/keyboard_msgs/share/keyboard_msgs/package.zsh'
[1.887s] Level 1:colcon.colcon_core.environment:create_file_with_runtime_dependencies(/home/gadzz/Workspace/VTOL-MissionCenter/install/keyboard_msgs/share/colcon-core/packages/keyboard_msgs)
[1.887s] INFO:colcon.colcon_ros.task.ament_cmake.build:Building ROS package in '/home/gadzz/Workspace/VTOL-MissionCenter/src/ros2-keyboard/keyboard' with build type 'ament_cmake'
[1.887s] INFO:colcon.colcon_cmake.task.cmake.build:Building CMake package in '/home/gadzz/Workspace/VTOL-MissionCenter/src/ros2-keyboard/keyboard'
[1.888s] INFO:colcon.colcon_core.shell:Skip shell extension 'powershell' for command environment: Not usable outside of PowerShell
[1.888s] DEBUG:colcon.colcon_core.shell:Skip shell extension 'dsv' for command environment
[1.896s] INFO:colcon.colcon_ros.task.ament_cmake.build:Building ROS package in '/home/gadzz/Workspace/VTOL-MissionCenter/src/mission_center' with build type 'ament_cmake'
[1.897s] INFO:colcon.colcon_cmake.task.cmake.build:Building CMake package in '/home/gadzz/Workspace/VTOL-MissionCenter/src/mission_center'
[1.897s] INFO:colcon.colcon_core.shell:Skip shell extension 'powershell' for command environment: Not usable outside of PowerShell
[1.897s] DEBUG:colcon.colcon_core.shell:Skip shell extension 'dsv' for command environment
[1.918s] DEBUG:colcon.colcon_core.event_handler.log_command:Invoking command in '/home/gadzz/Workspace/VTOL-MissionCenter/build/keyboard': CMAKE_PREFIX_PATH=/home/gadzz/Workspace/VTOL-MissionCenter/install/keyboard_msgs:/home/gadzz/Workspace/VTOL-MissionCenter/install/mission_center:/home/gadzz/Workspace/VTOL-MissionCenter/install/keyboard:/opt/ros/humble LD_LIBRARY_PATH=/home/gadzz/Workspace/VTOL-MissionCenter/install/keyboard_msgs/lib:/home/gadzz/Workspace/VTOL-MissionCenter/install/mission_center/lib:/opt/ros/humble/opt/rviz_ogre_vendor/lib:/opt/ros/humble/lib/x86_64-linux-gnu:/opt/ros/humble/lib /usr/bin/cmake --build /home/gadzz/Workspace/VTOL-MissionCenter/build/keyboard -- -j8 -l8
[1.922s] DEBUG:colcon.colcon_core.event_handler.log_command:Invoking command in '/home/gadzz/Workspace/VTOL-MissionCenter/build/mission_center': CMAKE_PREFIX_PATH=/home/gadzz/Workspace/VTOL-MissionCenter/install/keyboard_msgs:/home/gadzz/Workspace/VTOL-MissionCenter/install/mission_center:/home/gadzz/Workspace/VTOL-MissionCenter/install/keyboard:/opt/ros/humble LD_LIBRARY_PATH=/home/gadzz/Workspace/VTOL-MissionCenter/install/keyboard_msgs/lib:/home/gadzz/Workspace/VTOL-MissionCenter/install/mission_center/lib:/opt/ros/humble/opt/rviz_ogre_vendor/lib:/opt/ros/humble/lib/x86_64-linux-gnu:/opt/ros/humble/lib /usr/bin/cmake --build /home/gadzz/Workspace/VTOL-MissionCenter/build/mission_center -- -j8 -l8
[2.040s] DEBUG:colcon.colcon_core.event_handler.log_command:Invoked command in '/home/gadzz/Workspace/VTOL-MissionCenter/build/keyboard' returned '0': CMAKE_PREFIX_PATH=/home/gadzz/Workspace/VTOL-MissionCenter/install/keyboard_msgs:/home/gadzz/Workspace/VTOL-MissionCenter/install/mission_center:/home/gadzz/Workspace/VTOL-MissionCenter/install/keyboard:/opt/ros/humble LD_LIBRARY_PATH=/home/gadzz/Workspace/VTOL-MissionCenter/install/keyboard_msgs/lib:/home/gadzz/Workspace/VTOL-MissionCenter/install/mission_center/lib:/opt/ros/humble/opt/rviz_ogre_vendor/lib:/opt/ros/humble/lib/x86_64-linux-gnu:/opt/ros/humble/lib /usr/bin/cmake --build /home/gadzz/Workspace/VTOL-MissionCenter/build/keyboard -- -j8 -l8
[2.043s] DEBUG:colcon.colcon_core.event_handler.log_command:Invoking command in '/home/gadzz/Workspace/VTOL-MissionCenter/build/keyboard': CMAKE_PREFIX_PATH=/home/gadzz/Workspace/VTOL-MissionCenter/install/keyboard_msgs:/home/gadzz/Workspace/VTOL-MissionCenter/install/mission_center:/home/gadzz/Workspace/VTOL-MissionCenter/install/keyboard:/opt/ros/humble LD_LIBRARY_PATH=/home/gadzz/Workspace/VTOL-MissionCenter/install/keyboard_msgs/lib:/home/gadzz/Workspace/VTOL-MissionCenter/install/mission_center/lib:/opt/ros/humble/opt/rviz_ogre_vendor/lib:/opt/ros/humble/lib/x86_64-linux-gnu:/opt/ros/humble/lib /usr/bin/cmake --install /home/gadzz/Workspace/VTOL-MissionCenter/build/keyboard
[2.066s] Level 1:colcon.colcon_core.environment:create_environment_scripts_only(keyboard)
[2.066s] Level 1:colcon.colcon_core.environment:checking '/home/gadzz/Workspace/VTOL-MissionCenter/install/keyboard' for CMake module files
[2.068s] Level 1:colcon.colcon_core.environment:checking '/home/gadzz/Workspace/VTOL-MissionCenter/install/keyboard' for CMake config files
[2.068s] Level 1:colcon.colcon_core.shell:create_environment_hook('keyboard', 'cmake_prefix_path')
[2.068s] INFO:colcon.colcon_core.shell:Creating environment hook '/home/gadzz/Workspace/VTOL-MissionCenter/install/keyboard/share/keyboard/hook/cmake_prefix_path.ps1'
[2.069s] DEBUG:colcon.colcon_core.event_handler.log_command:Invoked command in '/home/gadzz/Workspace/VTOL-MissionCenter/build/keyboard' returned '0': CMAKE_PREFIX_PATH=/home/gadzz/Workspace/VTOL-MissionCenter/install/keyboard_msgs:/home/gadzz/Workspace/VTOL-MissionCenter/install/mission_center:/home/gadzz/Workspace/VTOL-MissionCenter/install/keyboard:/opt/ros/humble LD_LIBRARY_PATH=/home/gadzz/Workspace/VTOL-MissionCenter/install/keyboard_msgs/lib:/home/gadzz/Workspace/VTOL-MissionCenter/install/mission_center/lib:/opt/ros/humble/opt/rviz_ogre_vendor/lib:/opt/ros/humble/lib/x86_64-linux-gnu:/opt/ros/humble/lib /usr/bin/cmake --install /home/gadzz/Workspace/VTOL-MissionCenter/build/keyboard
[2.069s] INFO:colcon.colcon_core.shell:Creating environment descriptor '/home/gadzz/Workspace/VTOL-MissionCenter/install/keyboard/share/keyboard/hook/cmake_prefix_path.dsv'
[2.071s] INFO:colcon.colcon_core.shell:Creating environment hook '/home/gadzz/Workspace/VTOL-MissionCenter/install/keyboard/share/keyboard/hook/cmake_prefix_path.sh'
[2.074s] Level 1:colcon.colcon_core.environment:checking '/home/gadzz/Workspace/VTOL-MissionCenter/install/keyboard/lib'
[2.074s] Level 1:colcon.colcon_core.environment:checking '/home/gadzz/Workspace/VTOL-MissionCenter/install/keyboard/bin'
[2.075s] Level 1:colcon.colcon_core.environment:checking '/home/gadzz/Workspace/VTOL-MissionCenter/install/keyboard/lib/pkgconfig/keyboard.pc'
[2.075s] Level 1:colcon.colcon_core.environment:checking '/home/gadzz/Workspace/VTOL-MissionCenter/install/keyboard/lib/python3.10/site-packages'
[2.075s] Level 1:colcon.colcon_core.environment:checking '/home/gadzz/Workspace/VTOL-MissionCenter/install/keyboard/bin'
[2.076s] INFO:colcon.colcon_core.shell:Creating package script '/home/gadzz/Workspace/VTOL-MissionCenter/install/keyboard/share/keyboard/package.ps1'
[2.078s] INFO:colcon.colcon_core.shell:Creating package descriptor '/home/gadzz/Workspace/VTOL-MissionCenter/install/keyboard/share/keyboard/package.dsv'
[2.079s] INFO:colcon.colcon_core.shell:Creating package script '/home/gadzz/Workspace/VTOL-MissionCenter/install/keyboard/share/keyboard/package.sh'
[2.080s] INFO:colcon.colcon_core.shell:Creating package script '/home/gadzz/Workspace/VTOL-MissionCenter/install/keyboard/share/keyboard/package.bash'
[2.081s] INFO:colcon.colcon_core.shell:Creating package script '/home/gadzz/Workspace/VTOL-MissionCenter/install/keyboard/share/keyboard/package.zsh'
[2.081s] Level 1:colcon.colcon_core.environment:create_file_with_runtime_dependencies(/home/gadzz/Workspace/VTOL-MissionCenter/install/keyboard/share/colcon-core/packages/keyboard)
[2.082s] Level 1:colcon.colcon_core.environment:create_environment_scripts_only(keyboard)
[2.083s] Level 1:colcon.colcon_core.environment:checking '/home/gadzz/Workspace/VTOL-MissionCenter/install/keyboard' for CMake module files
[2.083s] Level 1:colcon.colcon_core.environment:checking '/home/gadzz/Workspace/VTOL-MissionCenter/install/keyboard' for CMake config files
[2.085s] Level 1:colcon.colcon_core.shell:create_environment_hook('keyboard', 'cmake_prefix_path')
[2.086s] INFO:colcon.colcon_core.shell:Creating environment hook '/home/gadzz/Workspace/VTOL-MissionCenter/install/keyboard/share/keyboard/hook/cmake_prefix_path.ps1'
[2.088s] INFO:colcon.colcon_core.shell:Creating environment descriptor '/home/gadzz/Workspace/VTOL-MissionCenter/install/keyboard/share/keyboard/hook/cmake_prefix_path.dsv'
[2.091s] INFO:colcon.colcon_core.shell:Creating environment hook '/home/gadzz/Workspace/VTOL-MissionCenter/install/keyboard/share/keyboard/hook/cmake_prefix_path.sh'
[2.093s] Level 1:colcon.colcon_core.environment:checking '/home/gadzz/Workspace/VTOL-MissionCenter/install/keyboard/lib'
[2.093s] Level 1:colcon.colcon_core.environment:checking '/home/gadzz/Workspace/VTOL-MissionCenter/install/keyboard/bin'
[2.094s] Level 1:colcon.colcon_core.environment:checking '/home/gadzz/Workspace/VTOL-MissionCenter/install/keyboard/lib/pkgconfig/keyboard.pc'
[2.094s] Level 1:colcon.colcon_core.environment:checking '/home/gadzz/Workspace/VTOL-MissionCenter/install/keyboard/lib/python3.10/site-packages'
[2.094s] Level 1:colcon.colcon_core.environment:checking '/home/gadzz/Workspace/VTOL-MissionCenter/install/keyboard/bin'
[2.095s] INFO:colcon.colcon_core.shell:Creating package script '/home/gadzz/Workspace/VTOL-MissionCenter/install/keyboard/share/keyboard/package.ps1'
[2.096s] INFO:colcon.colcon_core.shell:Creating package descriptor '/home/gadzz/Workspace/VTOL-MissionCenter/install/keyboard/share/keyboard/package.dsv'
[2.098s] INFO:colcon.colcon_core.shell:Creating package script '/home/gadzz/Workspace/VTOL-MissionCenter/install/keyboard/share/keyboard/package.sh'
[2.099s] INFO:colcon.colcon_core.shell:Creating package script '/home/gadzz/Workspace/VTOL-MissionCenter/install/keyboard/share/keyboard/package.bash'
[2.099s] INFO:colcon.colcon_core.shell:Creating package script '/home/gadzz/Workspace/VTOL-MissionCenter/install/keyboard/share/keyboard/package.zsh'
[2.103s] Level 1:colcon.colcon_core.environment:create_file_with_runtime_dependencies(/home/gadzz/Workspace/VTOL-MissionCenter/install/keyboard/share/colcon-core/packages/keyboard)
[55.144s] DEBUG:colcon.colcon_core.event_handler.log_command:Invoked command in '/home/gadzz/Workspace/VTOL-MissionCenter/build/mission_center' returned '0': CMAKE_PREFIX_PATH=/home/gadzz/Workspace/VTOL-MissionCenter/install/keyboard_msgs:/home/gadzz/Workspace/VTOL-MissionCenter/install/mission_center:/home/gadzz/Workspace/VTOL-MissionCenter/install/keyboard:/opt/ros/humble LD_LIBRARY_PATH=/home/gadzz/Workspace/VTOL-MissionCenter/install/keyboard_msgs/lib:/home/gadzz/Workspace/VTOL-MissionCenter/install/mission_center/lib:/opt/ros/humble/opt/rviz_ogre_vendor/lib:/opt/ros/humble/lib/x86_64-linux-gnu:/opt/ros/humble/lib /usr/bin/cmake --build /home/gadzz/Workspace/VTOL-MissionCenter/build/mission_center -- -j8 -l8
[55.148s] DEBUG:colcon.colcon_core.event_handler.log_command:Invoking command in '/home/gadzz/Workspace/VTOL-MissionCenter/build/mission_center': CMAKE_PREFIX_PATH=/home/gadzz/Workspace/VTOL-MissionCenter/install/keyboard_msgs:/home/gadzz/Workspace/VTOL-MissionCenter/install/mission_center:/home/gadzz/Workspace/VTOL-MissionCenter/install/keyboard:/opt/ros/humble LD_LIBRARY_PATH=/home/gadzz/Workspace/VTOL-MissionCenter/install/keyboard_msgs/lib:/home/gadzz/Workspace/VTOL-MissionCenter/install/mission_center/lib:/opt/ros/humble/opt/rviz_ogre_vendor/lib:/opt/ros/humble/lib/x86_64-linux-gnu:/opt/ros/humble/lib /usr/bin/cmake --install /home/gadzz/Workspace/VTOL-MissionCenter/build/mission_center
[55.211s] Level 1:colcon.colcon_core.environment:create_environment_scripts_only(mission_center)
[55.211s] Level 1:colcon.colcon_core.environment:checking '/home/gadzz/Workspace/VTOL-MissionCenter/install/mission_center' for CMake module files
[55.212s] DEBUG:colcon.colcon_core.event_handler.log_command:Invoked command in '/home/gadzz/Workspace/VTOL-MissionCenter/build/mission_center' returned '0': CMAKE_PREFIX_PATH=/home/gadzz/Workspace/VTOL-MissionCenter/install/keyboard_msgs:/home/gadzz/Workspace/VTOL-MissionCenter/install/mission_center:/home/gadzz/Workspace/VTOL-MissionCenter/install/keyboard:/opt/ros/humble LD_LIBRARY_PATH=/home/gadzz/Workspace/VTOL-MissionCenter/install/keyboard_msgs/lib:/home/gadzz/Workspace/VTOL-MissionCenter/install/mission_center/lib:/opt/ros/humble/opt/rviz_ogre_vendor/lib:/opt/ros/humble/lib/x86_64-linux-gnu:/opt/ros/humble/lib /usr/bin/cmake --install /home/gadzz/Workspace/VTOL-MissionCenter/build/mission_center
[55.214s] Level 1:colcon.colcon_core.environment:checking '/home/gadzz/Workspace/VTOL-MissionCenter/install/mission_center' for CMake config files
[55.214s] Level 1:colcon.colcon_core.shell:create_environment_hook('mission_center', 'cmake_prefix_path')
[55.215s] INFO:colcon.colcon_core.shell:Creating environment hook '/home/gadzz/Workspace/VTOL-MissionCenter/install/mission_center/share/mission_center/hook/cmake_prefix_path.ps1'
[55.216s] INFO:colcon.colcon_core.shell:Creating environment descriptor '/home/gadzz/Workspace/VTOL-MissionCenter/install/mission_center/share/mission_center/hook/cmake_prefix_path.dsv'
[55.217s] INFO:colcon.colcon_core.shell:Creating environment hook '/home/gadzz/Workspace/VTOL-MissionCenter/install/mission_center/share/mission_center/hook/cmake_prefix_path.sh'
[55.218s] Level 1:colcon.colcon_core.environment:checking '/home/gadzz/Workspace/VTOL-MissionCenter/install/mission_center/lib'
[55.218s] Level 1:colcon.colcon_core.shell:create_environment_hook('mission_center', 'ld_library_path_lib')
[55.219s] INFO:colcon.colcon_core.shell:Creating environment hook '/home/gadzz/Workspace/VTOL-MissionCenter/install/mission_center/share/mission_center/hook/ld_library_path_lib.ps1'
[55.219s] INFO:colcon.colcon_core.shell:Creating environment descriptor '/home/gadzz/Workspace/VTOL-MissionCenter/install/mission_center/share/mission_center/hook/ld_library_path_lib.dsv'
[55.219s] INFO:colcon.colcon_core.shell:Creating environment hook '/home/gadzz/Workspace/VTOL-MissionCenter/install/mission_center/share/mission_center/hook/ld_library_path_lib.sh'
[55.220s] Level 1:colcon.colcon_core.environment:checking '/home/gadzz/Workspace/VTOL-MissionCenter/install/mission_center/bin'
[55.220s] Level 1:colcon.colcon_core.environment:checking '/home/gadzz/Workspace/VTOL-MissionCenter/install/mission_center/lib/pkgconfig/mission_center.pc'
[55.221s] Level 1:colcon.colcon_core.environment:checking '/home/gadzz/Workspace/VTOL-MissionCenter/install/mission_center/lib/python3.10/site-packages'
[55.221s] Level 1:colcon.colcon_core.environment:checking '/home/gadzz/Workspace/VTOL-MissionCenter/install/mission_center/bin'
[55.221s] INFO:colcon.colcon_core.shell:Creating package script '/home/gadzz/Workspace/VTOL-MissionCenter/install/mission_center/share/mission_center/package.ps1'
[55.222s] INFO:colcon.colcon_core.shell:Creating package descriptor '/home/gadzz/Workspace/VTOL-MissionCenter/install/mission_center/share/mission_center/package.dsv'
[55.222s] INFO:colcon.colcon_core.shell:Creating package script '/home/gadzz/Workspace/VTOL-MissionCenter/install/mission_center/share/mission_center/package.sh'
[55.223s] INFO:colcon.colcon_core.shell:Creating package script '/home/gadzz/Workspace/VTOL-MissionCenter/install/mission_center/share/mission_center/package.bash'
[55.223s] INFO:colcon.colcon_core.shell:Creating package script '/home/gadzz/Workspace/VTOL-MissionCenter/install/mission_center/share/mission_center/package.zsh'
[55.223s] Level 1:colcon.colcon_core.environment:create_file_with_runtime_dependencies(/home/gadzz/Workspace/VTOL-MissionCenter/install/mission_center/share/colcon-core/packages/mission_center)
[55.224s] Level 1:colcon.colcon_core.environment:create_environment_scripts_only(mission_center)
[55.225s] Level 1:colcon.colcon_core.environment:checking '/home/gadzz/Workspace/VTOL-MissionCenter/install/mission_center' for CMake module files
[55.226s] Level 1:colcon.colcon_core.environment:checking '/home/gadzz/Workspace/VTOL-MissionCenter/install/mission_center' for CMake config files
[55.226s] Level 1:colcon.colcon_core.shell:create_environment_hook('mission_center', 'cmake_prefix_path')
[55.227s] INFO:colcon.colcon_core.shell:Creating environment hook '/home/gadzz/Workspace/VTOL-MissionCenter/install/mission_center/share/mission_center/hook/cmake_prefix_path.ps1'
[55.227s] INFO:colcon.colcon_core.shell:Creating environment descriptor '/home/gadzz/Workspace/VTOL-MissionCenter/install/mission_center/share/mission_center/hook/cmake_prefix_path.dsv'
[55.228s] INFO:colcon.colcon_core.shell:Creating environment hook '/home/gadzz/Workspace/VTOL-MissionCenter/install/mission_center/share/mission_center/hook/cmake_prefix_path.sh'
[55.229s] Level 1:colcon.colcon_core.environment:checking '/home/gadzz/Workspace/VTOL-MissionCenter/install/mission_center/lib'
[55.229s] Level 1:colcon.colcon_core.shell:create_environment_hook('mission_center', 'ld_library_path_lib')
[55.229s] INFO:colcon.colcon_core.shell:Creating environment hook '/home/gadzz/Workspace/VTOL-MissionCenter/install/mission_center/share/mission_center/hook/ld_library_path_lib.ps1'
[55.230s] INFO:colcon.colcon_core.shell:Creating environment descriptor '/home/gadzz/Workspace/VTOL-MissionCenter/install/mission_center/share/mission_center/hook/ld_library_path_lib.dsv'
[55.230s] INFO:colcon.colcon_core.shell:Creating environment hook '/home/gadzz/Workspace/VTOL-MissionCenter/install/mission_center/share/mission_center/hook/ld_library_path_lib.sh'
[55.230s] Level 1:colcon.colcon_core.environment:checking '/home/gadzz/Workspace/VTOL-MissionCenter/install/mission_center/bin'
[55.230s] Level 1:colcon.colcon_core.environment:checking '/home/gadzz/Workspace/VTOL-MissionCenter/install/mission_center/lib/pkgconfig/mission_center.pc'
[55.230s] Level 1:colcon.colcon_core.environment:checking '/home/gadzz/Workspace/VTOL-MissionCenter/install/mission_center/lib/python3.10/site-packages'
[55.231s] Level 1:colcon.colcon_core.environment:checking '/home/gadzz/Workspace/VTOL-MissionCenter/install/mission_center/bin'
[55.231s] INFO:colcon.colcon_core.shell:Creating package script '/home/gadzz/Workspace/VTOL-MissionCenter/install/mission_center/share/mission_center/package.ps1'
[55.232s] INFO:colcon.colcon_core.shell:Creating package descriptor '/home/gadzz/Workspace/VTOL-MissionCenter/install/mission_center/share/mission_center/package.dsv'
[55.232s] INFO:colcon.colcon_core.shell:Creating package script '/home/gadzz/Workspace/VTOL-MissionCenter/install/mission_center/share/mission_center/package.sh'
[55.233s] INFO:colcon.colcon_core.shell:Creating package script '/home/gadzz/Workspace/VTOL-MissionCenter/install/mission_center/share/mission_center/package.bash'
[55.233s] INFO:colcon.colcon_core.shell:Creating package script '/home/gadzz/Workspace/VTOL-MissionCenter/install/mission_center/share/mission_center/package.zsh'
[55.234s] Level 1:colcon.colcon_core.environment:create_file_with_runtime_dependencies(/home/gadzz/Workspace/VTOL-MissionCenter/install/mission_center/share/colcon-core/packages/mission_center)
[55.234s] DEBUG:colcon.colcon_parallel_executor.executor.parallel:closing loop
[55.234s] DEBUG:colcon.colcon_parallel_executor.executor.parallel:loop closed
[55.234s] DEBUG:colcon.colcon_parallel_executor.executor.parallel:run_until_complete finished with '0'
[55.235s] DEBUG:colcon.colcon_core.event_reactor:joining thread
[55.245s] INFO:colcon.colcon_core.plugin_system:Skipping extension 'colcon_notification.desktop_notification.terminal_notifier': Not used on non-Darwin systems
[55.245s] INFO:colcon.colcon_core.plugin_system:Skipping extension 'colcon_notification.desktop_notification.win32': Not used on non-Windows systems
[55.246s] INFO:colcon.colcon_notification.desktop_notification:Sending desktop notification using 'notify2'
[55.293s] DEBUG:colcon.colcon_core.event_reactor:joined thread
[55.294s] INFO:colcon.colcon_core.shell:Creating prefix script '/home/gadzz/Workspace/VTOL-MissionCenter/install/local_setup.ps1'
[55.296s] INFO:colcon.colcon_core.shell:Creating prefix util module '/home/gadzz/Workspace/VTOL-MissionCenter/install/_local_setup_util_ps1.py'
[55.298s] INFO:colcon.colcon_core.shell:Creating prefix chain script '/home/gadzz/Workspace/VTOL-MissionCenter/install/setup.ps1'
[55.301s] INFO:colcon.colcon_core.shell:Creating prefix script '/home/gadzz/Workspace/VTOL-MissionCenter/install/local_setup.sh'
[55.305s] INFO:colcon.colcon_core.shell:Creating prefix util module '/home/gadzz/Workspace/VTOL-MissionCenter/install/_local_setup_util_sh.py'
[55.307s] INFO:colcon.colcon_core.shell:Creating prefix chain script '/home/gadzz/Workspace/VTOL-MissionCenter/install/setup.sh'
[55.309s] INFO:colcon.colcon_core.shell:Creating prefix script '/home/gadzz/Workspace/VTOL-MissionCenter/install/local_setup.bash'
[55.310s] INFO:colcon.colcon_core.shell:Creating prefix chain script '/home/gadzz/Workspace/VTOL-MissionCenter/install/setup.bash'
[55.312s] INFO:colcon.colcon_core.shell:Creating prefix script '/home/gadzz/Workspace/VTOL-MissionCenter/install/local_setup.zsh'
[55.312s] INFO:colcon.colcon_core.shell:Creating prefix chain script '/home/gadzz/Workspace/VTOL-MissionCenter/install/setup.zsh'
