[0.010s] Invoking command in '/home/gadzz/vtol_ws/build/px4_ros_com': AMENT_PREFIX_PATH=/home/gadzz/vtol_ws/install/px4_msgs:${AMENT_PREFIX_PATH} CMAKE_PREFIX_PATH=/home/gadzz/vtol_ws/install/px4_msgs:/home/gadzz/ardu_ws/install/test_ros_gz_bridge:/home/gadzz/ardu_ws/install/ros_ign:/home/gadzz/ardu_ws/install/ros_ign_gazebo_demos:/home/gadzz/ardu_ws/install/ros_gz:/home/gadzz/ardu_ws/install/ros_gz_sim_demos:/home/gadzz/ardu_ws/install/ardupilot_gz_bringup:/home/gadzz/ardu_ws/install/sdformat_urdf:/home/gadzz/ardu_ws/install/sdformat_test_files:/home/gadzz/ardu_ws/install/ros_ign_interfaces:/home/gadzz/ardu_ws/install/ros_ign_image:/home/gadzz/ardu_ws/install/ros_ign_gazebo:/home/gadzz/ardu_ws/install/ros_ign_bridge:/home/gadzz/ardu_ws/install/ros_gz_sim:/home/gadzz/ardu_ws/install/ros_gz_image:/home/gadzz/ardu_ws/install/ros_gz_bridge:/home/gadzz/ardu_ws/install/ros_gz_interfaces:/home/gadzz/ardu_ws/install/ardupilot_sitl:/home/gadzz/ardu_ws/install/micro_ros_agent:/home/gadzz/ardu_ws/install/keyboard:/home/gadzz/ardu_ws/install/keyboard_msgs:/home/gadzz/ardu_ws/install/ardupilot_sitl_models:/home/gadzz/ardu_ws/install/ardupilot_msgs:/home/gadzz/ardu_ws/install/ardupilot_gz_gazebo:/home/gadzz/ardu_ws/install/ardupilot_gz_description:/home/gadzz/ardu_ws/install/ardupilot_gz_application:/home/gadzz/ardu_ws/install/ardupilot_gazebo:/home/gadzz/ardu_ws/install/ardupilot_dds_tests:/opt/ros/humble LD_LIBRARY_PATH=/home/gadzz/vtol_ws/install/px4_msgs/lib:${LD_LIBRARY_PATH} PYTHONPATH=/home/gadzz/vtol_ws/install/px4_msgs/local/lib/python3.10/dist-packages:${PYTHONPATH} /usr/bin/cmake --build /home/gadzz/vtol_ws/build/px4_ros_com -- -j8 -l8
[0.029s] -- Found ament_cmake: 1.3.11 (/opt/ros/humble/share/ament_cmake/cmake)
[0.118s] -- Found builtin_interfaces: 1.2.1 (/opt/ros/humble/share/builtin_interfaces/cmake)
[0.135s] -- Found rosidl_generator_c: 3.1.6 (/opt/ros/humble/share/rosidl_generator_c/cmake)
[0.137s] -- Found rosidl_adapter: 3.1.6 (/opt/ros/humble/share/rosidl_adapter/cmake)
[0.140s] -- Found rosidl_generator_cpp: 3.1.6 (/opt/ros/humble/share/rosidl_generator_cpp/cmake)
[0.147s] -- Using all available rosidl_typesupport_c: rosidl_typesupport_fastrtps_c;rosidl_typesupport_introspection_c
[0.154s] -- Using all available rosidl_typesupport_cpp: rosidl_typesupport_fastrtps_cpp;rosidl_typesupport_introspection_cpp
[0.162s] -- Found eigen3_cmake_module: 0.1.1 (/opt/ros/humble/share/eigen3_cmake_module/cmake)
[0.163s] -- Found geometry_msgs: 4.2.4 (/opt/ros/humble/share/geometry_msgs/cmake)
[0.183s] -- Found px4_msgs: 2.0.1 (/home/gadzz/vtol_ws/install/px4_msgs/share/px4_msgs/cmake)
[0.191s] -- Found rclcpp: 16.0.11 (/opt/ros/humble/share/rclcpp/cmake)
[0.213s] -- Found rmw_implementation_cmake: 6.1.2 (/opt/ros/humble/share/rmw_implementation_cmake/cmake)
[0.215s] -- Found rmw_fastrtps_cpp: 6.2.7 (/opt/ros/humble/share/rmw_fastrtps_cpp/cmake)
[0.302s] -- Using RMW implementation 'rmw_fastrtps_cpp' as default
[0.332s] -- Found sensor_msgs: 4.2.4 (/opt/ros/humble/share/sensor_msgs/cmake)
[0.346s] -- Found rclpy: 3.3.15 (/opt/ros/humble/share/rclpy/cmake)
[0.353s] -- Found ament_lint_auto: 0.12.11 (/opt/ros/humble/share/ament_lint_auto/cmake)
[0.402s] -- Added test 'copyright' to check source files copyright and LICENSE
[0.403s] -- Added test 'cppcheck' to perform static code analysis on C / C++ code
[0.403s] -- Configured cppcheck include dirs: /home/gadzz/vtol_ws/src/px4_ros_com/include;$<BUILD_INTERFACE:/home/gadzz/vtol_ws/src/px4_ros_com/include/px4_ros_com>
[0.403s] -- Configured cppcheck exclude dirs and/or files: 
[0.404s] -- Added test 'cpplint' to check C / C++ code against the Google style
[0.404s] -- Configured cpplint exclude dirs and/or files: 
[0.405s] -- Added test 'flake8' to check Python code syntax and style conventions
[0.405s] -- Added test 'lint_cmake' to check CMake code style
[0.405s] -- Added test 'pep257' to check Python code against some of the docstring style conventions in PEP 257
[0.407s] -- Added test 'uncrustify' to check C / C++ code style
[0.407s] -- Configured uncrustify additional arguments: 
[0.407s] -- Added test 'xmllint' to check XML markup files
[0.408s] -- Configuring done
[0.423s] -- Generating done
[0.429s] -- Build files have been written to: /home/gadzz/vtol_ws/build/px4_ros_com
[0.453s] [35m[1mConsolidate compiler generated dependencies of target offboard_control[0m
[0.454s] [35m[1mConsolidate compiler generated dependencies of target frame_transforms[0m
[0.454s] [35m[1mConsolidate compiler generated dependencies of target sensor_combined_listener[0m
[0.455s] [35m[1mConsolidate compiler generated dependencies of target vehicle_gps_position_listener[0m
[0.455s] [35m[1mConsolidate compiler generated dependencies of target debug_vect_advertiser[0m
[0.455s] [35m[1mConsolidate compiler generated dependencies of target offboard_control_srv[0m
[0.469s] [ 16%] Built target frame_transforms
[0.470s] [ 25%] [32mBuilding CXX object CMakeFiles/sensor_combined_listener.dir/src/examples/listeners/sensor_combined_listener.cpp.o[0m
[0.470s] [ 33%] [32mBuilding CXX object CMakeFiles/vehicle_gps_position_listener.dir/src/examples/listeners/vehicle_gps_position_listener.cpp.o[0m
[0.471s] [ 41%] [32mBuilding CXX object CMakeFiles/debug_vect_advertiser.dir/src/examples/advertisers/debug_vect_advertiser.cpp.o[0m
[0.472s] [ 50%] [32mBuilding CXX object CMakeFiles/offboard_control.dir/src/examples/offboard/offboard_control.cpp.o[0m
[0.472s] [ 58%] [32mBuilding CXX object CMakeFiles/offboard_control_srv.dir/src/examples/offboard/offboard_control_srv.cpp.o[0m
[0.472s] [ 58%] Built target ament_cmake_python_copy_px4_ros_com
[0.496s] [ 66%] [32m[1mLinking CXX executable sensor_combined_listener[0m
[0.496s] [ 75%] [32m[1mLinking CXX executable debug_vect_advertiser[0m
[0.499s] [ 83%] [32m[1mLinking CXX executable vehicle_gps_position_listener[0m
[0.754s] [ 83%] Built target debug_vect_advertiser
[0.766s] running egg_info
[0.787s] writing px4_ros_com.egg-info/PKG-INFO
[0.787s] writing dependency_links to px4_ros_com.egg-info/dependency_links.txt
[0.788s] writing top-level names to px4_ros_com.egg-info/top_level.txt
[0.830s] reading manifest file 'px4_ros_com.egg-info/SOURCES.txt'
[0.831s] writing manifest file 'px4_ros_com.egg-info/SOURCES.txt'
[0.834s] [ 83%] Built target sensor_combined_listener
[0.857s] [ 83%] Built target ament_cmake_python_build_px4_ros_com_egg
[0.919s] [ 83%] Built target vehicle_gps_position_listener
[4.294s] [ 91%] [32m[1mLinking CXX executable offboard_control[0m
[4.458s] [ 91%] Built target offboard_control
[4.905s] [100%] [32m[1mLinking CXX executable offboard_control_srv[0m
[5.065s] [100%] Built target offboard_control_srv
[5.073s] Invoked command in '/home/gadzz/vtol_ws/build/px4_ros_com' returned '0': AMENT_PREFIX_PATH=/home/gadzz/vtol_ws/install/px4_msgs:${AMENT_PREFIX_PATH} CMAKE_PREFIX_PATH=/home/gadzz/vtol_ws/install/px4_msgs:/home/gadzz/ardu_ws/install/test_ros_gz_bridge:/home/gadzz/ardu_ws/install/ros_ign:/home/gadzz/ardu_ws/install/ros_ign_gazebo_demos:/home/gadzz/ardu_ws/install/ros_gz:/home/gadzz/ardu_ws/install/ros_gz_sim_demos:/home/gadzz/ardu_ws/install/ardupilot_gz_bringup:/home/gadzz/ardu_ws/install/sdformat_urdf:/home/gadzz/ardu_ws/install/sdformat_test_files:/home/gadzz/ardu_ws/install/ros_ign_interfaces:/home/gadzz/ardu_ws/install/ros_ign_image:/home/gadzz/ardu_ws/install/ros_ign_gazebo:/home/gadzz/ardu_ws/install/ros_ign_bridge:/home/gadzz/ardu_ws/install/ros_gz_sim:/home/gadzz/ardu_ws/install/ros_gz_image:/home/gadzz/ardu_ws/install/ros_gz_bridge:/home/gadzz/ardu_ws/install/ros_gz_interfaces:/home/gadzz/ardu_ws/install/ardupilot_sitl:/home/gadzz/ardu_ws/install/micro_ros_agent:/home/gadzz/ardu_ws/install/keyboard:/home/gadzz/ardu_ws/install/keyboard_msgs:/home/gadzz/ardu_ws/install/ardupilot_sitl_models:/home/gadzz/ardu_ws/install/ardupilot_msgs:/home/gadzz/ardu_ws/install/ardupilot_gz_gazebo:/home/gadzz/ardu_ws/install/ardupilot_gz_description:/home/gadzz/ardu_ws/install/ardupilot_gz_application:/home/gadzz/ardu_ws/install/ardupilot_gazebo:/home/gadzz/ardu_ws/install/ardupilot_dds_tests:/opt/ros/humble LD_LIBRARY_PATH=/home/gadzz/vtol_ws/install/px4_msgs/lib:${LD_LIBRARY_PATH} PYTHONPATH=/home/gadzz/vtol_ws/install/px4_msgs/local/lib/python3.10/dist-packages:${PYTHONPATH} /usr/bin/cmake --build /home/gadzz/vtol_ws/build/px4_ros_com -- -j8 -l8
[5.074s] Invoking command in '/home/gadzz/vtol_ws/build/px4_ros_com': AMENT_PREFIX_PATH=/home/gadzz/vtol_ws/install/px4_msgs:${AMENT_PREFIX_PATH} CMAKE_PREFIX_PATH=/home/gadzz/vtol_ws/install/px4_msgs:/home/gadzz/ardu_ws/install/test_ros_gz_bridge:/home/gadzz/ardu_ws/install/ros_ign:/home/gadzz/ardu_ws/install/ros_ign_gazebo_demos:/home/gadzz/ardu_ws/install/ros_gz:/home/gadzz/ardu_ws/install/ros_gz_sim_demos:/home/gadzz/ardu_ws/install/ardupilot_gz_bringup:/home/gadzz/ardu_ws/install/sdformat_urdf:/home/gadzz/ardu_ws/install/sdformat_test_files:/home/gadzz/ardu_ws/install/ros_ign_interfaces:/home/gadzz/ardu_ws/install/ros_ign_image:/home/gadzz/ardu_ws/install/ros_ign_gazebo:/home/gadzz/ardu_ws/install/ros_ign_bridge:/home/gadzz/ardu_ws/install/ros_gz_sim:/home/gadzz/ardu_ws/install/ros_gz_image:/home/gadzz/ardu_ws/install/ros_gz_bridge:/home/gadzz/ardu_ws/install/ros_gz_interfaces:/home/gadzz/ardu_ws/install/ardupilot_sitl:/home/gadzz/ardu_ws/install/micro_ros_agent:/home/gadzz/ardu_ws/install/keyboard:/home/gadzz/ardu_ws/install/keyboard_msgs:/home/gadzz/ardu_ws/install/ardupilot_sitl_models:/home/gadzz/ardu_ws/install/ardupilot_msgs:/home/gadzz/ardu_ws/install/ardupilot_gz_gazebo:/home/gadzz/ardu_ws/install/ardupilot_gz_description:/home/gadzz/ardu_ws/install/ardupilot_gz_application:/home/gadzz/ardu_ws/install/ardupilot_gazebo:/home/gadzz/ardu_ws/install/ardupilot_dds_tests:/opt/ros/humble LD_LIBRARY_PATH=/home/gadzz/vtol_ws/install/px4_msgs/lib:${LD_LIBRARY_PATH} PYTHONPATH=/home/gadzz/vtol_ws/install/px4_msgs/local/lib/python3.10/dist-packages:${PYTHONPATH} /usr/bin/cmake --install /home/gadzz/vtol_ws/build/px4_ros_com
[5.079s] -- Install configuration: ""
[5.079s] -- Installing: /home/gadzz/vtol_ws/install/px4_ros_com/lib/px4_ros_com/sensor_combined_listener
[5.080s] -- Set runtime path of "/home/gadzz/vtol_ws/install/px4_ros_com/lib/px4_ros_com/sensor_combined_listener" to ""
[5.080s] -- Installing: /home/gadzz/vtol_ws/install/px4_ros_com/lib/px4_ros_com/vehicle_gps_position_listener
[5.082s] -- Set runtime path of "/home/gadzz/vtol_ws/install/px4_ros_com/lib/px4_ros_com/vehicle_gps_position_listener" to ""
[5.082s] -- Installing: /home/gadzz/vtol_ws/install/px4_ros_com/lib/px4_ros_com/debug_vect_advertiser
[5.083s] -- Set runtime path of "/home/gadzz/vtol_ws/install/px4_ros_com/lib/px4_ros_com/debug_vect_advertiser" to ""
[5.083s] -- Installing: /home/gadzz/vtol_ws/install/px4_ros_com/lib/px4_ros_com/offboard_control
[5.083s] -- Set runtime path of "/home/gadzz/vtol_ws/install/px4_ros_com/lib/px4_ros_com/offboard_control" to ""
[5.083s] -- Installing: /home/gadzz/vtol_ws/install/px4_ros_com/lib/px4_ros_com/offboard_control_srv
[5.084s] -- Set runtime path of "/home/gadzz/vtol_ws/install/px4_ros_com/lib/px4_ros_com/offboard_control_srv" to ""
[5.084s] -- Up-to-date: /home/gadzz/vtol_ws/install/px4_ros_com/share/px4_ros_com/environment/library_path.sh
[5.084s] -- Installing: /home/gadzz/vtol_ws/install/px4_ros_com/share/px4_ros_com/environment/library_path.dsv
[5.084s] -- Up-to-date: /home/gadzz/vtol_ws/install/px4_ros_com/include/px4_ros_com
[5.085s] -- Up-to-date: /home/gadzz/vtol_ws/install/px4_ros_com/include/px4_ros_com/frame_transforms.h
[5.085s] -- Up-to-date: /home/gadzz/vtol_ws/install/px4_ros_com/lib/libframe_transforms.so
[5.085s] -- Up-to-date: /home/gadzz/vtol_ws/install/px4_ros_com/share/px4_ros_com//launch
[5.085s] -- Up-to-date: /home/gadzz/vtol_ws/install/px4_ros_com/share/px4_ros_com//launch/sensor_combined_listener.launch.py
[5.085s] -- Up-to-date: /home/gadzz/vtol_ws/install/px4_ros_com/share/px4_ros_com//launch/offboard_control_launch.yaml
[5.085s] -- Up-to-date: /home/gadzz/vtol_ws/install/px4_ros_com/share/px4_ros_com//test
[5.085s] -- Up-to-date: /home/gadzz/vtol_ws/install/px4_ros_com/share/px4_ros_com//test/test_input.py
[5.085s] -- Up-to-date: /home/gadzz/vtol_ws/install/px4_ros_com/share/px4_ros_com//test/__init__.py
[5.085s] -- Up-to-date: /home/gadzz/vtol_ws/install/px4_ros_com/share/px4_ros_com//test/pipeline_io_test.py
[5.085s] -- Up-to-date: /home/gadzz/vtol_ws/install/px4_ros_com/share/px4_ros_com//test/test_output.py
[5.085s] -- Up-to-date: /home/gadzz/vtol_ws/install/px4_ros_com/share/px4_ros_com/environment/pythonpath.sh
[5.085s] -- Installing: /home/gadzz/vtol_ws/install/px4_ros_com/share/px4_ros_com/environment/pythonpath.dsv
[5.085s] -- Up-to-date: /home/gadzz/vtol_ws/install/px4_ros_com/local/lib/python3.10/dist-packages/px4_ros_com-0.1.0-py3.10.egg-info
[5.085s] -- Installing: /home/gadzz/vtol_ws/install/px4_ros_com/local/lib/python3.10/dist-packages/px4_ros_com-0.1.0-py3.10.egg-info/top_level.txt
[5.085s] -- Installing: /home/gadzz/vtol_ws/install/px4_ros_com/local/lib/python3.10/dist-packages/px4_ros_com-0.1.0-py3.10.egg-info/dependency_links.txt
[5.085s] -- Installing: /home/gadzz/vtol_ws/install/px4_ros_com/local/lib/python3.10/dist-packages/px4_ros_com-0.1.0-py3.10.egg-info/PKG-INFO
[5.085s] -- Installing: /home/gadzz/vtol_ws/install/px4_ros_com/local/lib/python3.10/dist-packages/px4_ros_com-0.1.0-py3.10.egg-info/SOURCES.txt
[5.085s] -- Up-to-date: /home/gadzz/vtol_ws/install/px4_ros_com/local/lib/python3.10/dist-packages/px4_ros_com
[5.085s] -- Up-to-date: /home/gadzz/vtol_ws/install/px4_ros_com/local/lib/python3.10/dist-packages/px4_ros_com/__init__.py
[5.085s] -- Up-to-date: /home/gadzz/vtol_ws/install/px4_ros_com/local/lib/python3.10/dist-packages/px4_ros_com/module_to_import.py
[5.108s] Listing '/home/gadzz/vtol_ws/install/px4_ros_com/local/lib/python3.10/dist-packages/px4_ros_com'...
[5.110s] -- Up-to-date: /home/gadzz/vtol_ws/install/px4_ros_com/lib/px4_ros_com/offboard_control.py
[5.110s] -- Up-to-date: /home/gadzz/vtol_ws/install/px4_ros_com/share/ament_index/resource_index/package_run_dependencies/px4_ros_com
[5.110s] -- Installing: /home/gadzz/vtol_ws/install/px4_ros_com/share/ament_index/resource_index/parent_prefix_path/px4_ros_com
[5.110s] -- Up-to-date: /home/gadzz/vtol_ws/install/px4_ros_com/share/px4_ros_com/environment/ament_prefix_path.sh
[5.110s] -- Installing: /home/gadzz/vtol_ws/install/px4_ros_com/share/px4_ros_com/environment/ament_prefix_path.dsv
[5.110s] -- Up-to-date: /home/gadzz/vtol_ws/install/px4_ros_com/share/px4_ros_com/environment/path.sh
[5.110s] -- Installing: /home/gadzz/vtol_ws/install/px4_ros_com/share/px4_ros_com/environment/path.dsv
[5.111s] -- Up-to-date: /home/gadzz/vtol_ws/install/px4_ros_com/share/px4_ros_com/local_setup.bash
[5.111s] -- Up-to-date: /home/gadzz/vtol_ws/install/px4_ros_com/share/px4_ros_com/local_setup.sh
[5.111s] -- Up-to-date: /home/gadzz/vtol_ws/install/px4_ros_com/share/px4_ros_com/local_setup.zsh
[5.111s] -- Installing: /home/gadzz/vtol_ws/install/px4_ros_com/share/px4_ros_com/local_setup.dsv
[5.111s] -- Installing: /home/gadzz/vtol_ws/install/px4_ros_com/share/px4_ros_com/package.dsv
[5.111s] -- Up-to-date: /home/gadzz/vtol_ws/install/px4_ros_com/share/ament_index/resource_index/packages/px4_ros_com
[5.111s] -- Up-to-date: /home/gadzz/vtol_ws/install/px4_ros_com/share/px4_ros_com/cmake/export_frame_transformsExport.cmake
[5.111s] -- Up-to-date: /home/gadzz/vtol_ws/install/px4_ros_com/share/px4_ros_com/cmake/export_frame_transformsExport-noconfig.cmake
[5.111s] -- Up-to-date: /home/gadzz/vtol_ws/install/px4_ros_com/share/px4_ros_com/cmake/ament_cmake_export_dependencies-extras.cmake
[5.111s] -- Up-to-date: /home/gadzz/vtol_ws/install/px4_ros_com/share/px4_ros_com/cmake/ament_cmake_export_targets-extras.cmake
[5.111s] -- Up-to-date: /home/gadzz/vtol_ws/install/px4_ros_com/share/px4_ros_com/cmake/ament_cmake_export_include_directories-extras.cmake
[5.111s] -- Up-to-date: /home/gadzz/vtol_ws/install/px4_ros_com/share/px4_ros_com/cmake/ament_cmake_export_libraries-extras.cmake
[5.111s] -- Up-to-date: /home/gadzz/vtol_ws/install/px4_ros_com/share/px4_ros_com/cmake/px4_ros_comConfig.cmake
[5.111s] -- Up-to-date: /home/gadzz/vtol_ws/install/px4_ros_com/share/px4_ros_com/cmake/px4_ros_comConfig-version.cmake
[5.111s] -- Up-to-date: /home/gadzz/vtol_ws/install/px4_ros_com/share/px4_ros_com/package.xml
[5.112s] Invoked command in '/home/gadzz/vtol_ws/build/px4_ros_com' returned '0': AMENT_PREFIX_PATH=/home/gadzz/vtol_ws/install/px4_msgs:${AMENT_PREFIX_PATH} CMAKE_PREFIX_PATH=/home/gadzz/vtol_ws/install/px4_msgs:/home/gadzz/ardu_ws/install/test_ros_gz_bridge:/home/gadzz/ardu_ws/install/ros_ign:/home/gadzz/ardu_ws/install/ros_ign_gazebo_demos:/home/gadzz/ardu_ws/install/ros_gz:/home/gadzz/ardu_ws/install/ros_gz_sim_demos:/home/gadzz/ardu_ws/install/ardupilot_gz_bringup:/home/gadzz/ardu_ws/install/sdformat_urdf:/home/gadzz/ardu_ws/install/sdformat_test_files:/home/gadzz/ardu_ws/install/ros_ign_interfaces:/home/gadzz/ardu_ws/install/ros_ign_image:/home/gadzz/ardu_ws/install/ros_ign_gazebo:/home/gadzz/ardu_ws/install/ros_ign_bridge:/home/gadzz/ardu_ws/install/ros_gz_sim:/home/gadzz/ardu_ws/install/ros_gz_image:/home/gadzz/ardu_ws/install/ros_gz_bridge:/home/gadzz/ardu_ws/install/ros_gz_interfaces:/home/gadzz/ardu_ws/install/ardupilot_sitl:/home/gadzz/ardu_ws/install/micro_ros_agent:/home/gadzz/ardu_ws/install/keyboard:/home/gadzz/ardu_ws/install/keyboard_msgs:/home/gadzz/ardu_ws/install/ardupilot_sitl_models:/home/gadzz/ardu_ws/install/ardupilot_msgs:/home/gadzz/ardu_ws/install/ardupilot_gz_gazebo:/home/gadzz/ardu_ws/install/ardupilot_gz_description:/home/gadzz/ardu_ws/install/ardupilot_gz_application:/home/gadzz/ardu_ws/install/ardupilot_gazebo:/home/gadzz/ardu_ws/install/ardupilot_dds_tests:/opt/ros/humble LD_LIBRARY_PATH=/home/gadzz/vtol_ws/install/px4_msgs/lib:${LD_LIBRARY_PATH} PYTHONPATH=/home/gadzz/vtol_ws/install/px4_msgs/local/lib/python3.10/dist-packages:${PYTHONPATH} /usr/bin/cmake --install /home/gadzz/vtol_ws/build/px4_ros_com
