[0.146s] DEBUG:colcon:Command line arguments: ['/usr/bin/colcon', 'build']
[0.146s] DEBUG:colcon:Parsed command line arguments: Namespace(log_base=None, log_level=None, verb_name='build', build_base='build', install_base='install', merge_install=False, symlink_install=False, test_result_base=None, continue_on_error=False, executor='parallel', parallel_workers=8, event_handlers=None, ignore_user_meta=False, metas=['./colcon.meta'], base_paths=['.'], packages_ignore=None, packages_ignore_regex=None, paths=None, packages_up_to=None, packages_up_to_regex=None, packages_above=None, packages_above_and_dependencies=None, packages_above_depth=None, packages_select_by_dep=None, packages_skip_by_dep=None, packages_skip_up_to=None, packages_select_build_failed=False, packages_skip_build_finished=False, packages_select_test_failures=False, packages_skip_test_passed=False, packages_select=None, packages_skip=None, packages_select_regex=None, packages_skip_regex=None, packages_start=None, packages_end=None, allow_overriding=[], cmake_args=None, cmake_target=None, cmake_target_skip_unavailable=False, cmake_clean_cache=False, cmake_clean_first=False, cmake_force_configure=False, ament_cmake_args=None, catkin_cmake_args=None, catkin_skip_building_tests=False, verb_parser=<colcon_defaults.argument_parser.defaults.DefaultArgumentsDecorator object at 0x79bcfdab4a90>, verb_extension=<colcon_core.verb.build.BuildVerb object at 0x79bcfdb9e590>, main=<bound method BuildVerb.main of <colcon_core.verb.build.BuildVerb object at 0x79bcfdb9e590>>)
[0.207s] Level 1:colcon.colcon_core.package_discovery:discover_packages(colcon_meta) check parameters
[0.207s] Level 1:colcon.colcon_core.package_discovery:discover_packages(recursive) check parameters
[0.207s] Level 1:colcon.colcon_core.package_discovery:discover_packages(ignore) check parameters
[0.207s] Level 1:colcon.colcon_core.package_discovery:discover_packages(path) check parameters
[0.208s] Level 1:colcon.colcon_core.package_discovery:discover_packages(colcon_meta) discover
[0.208s] Level 1:colcon.colcon_core.package_discovery:discover_packages(recursive) discover
[0.208s] INFO:colcon.colcon_core.package_discovery:Crawling recursively for packages in '/home/gadzz/Workspace/VTOL-MissionCenter'
[0.208s] Level 1:colcon.colcon_core.package_identification:_identify(.) by extensions ['ignore', 'ignore_ament_install']
[0.208s] Level 1:colcon.colcon_core.package_identification:_identify(.) by extension 'ignore'
[0.208s] Level 1:colcon.colcon_core.package_identification:_identify(.) by extension 'ignore_ament_install'
[0.208s] Level 1:colcon.colcon_core.package_identification:_identify(.) by extensions ['colcon_pkg']
[0.208s] Level 1:colcon.colcon_core.package_identification:_identify(.) by extension 'colcon_pkg'
[0.208s] Level 1:colcon.colcon_core.package_identification:_identify(.) by extensions ['colcon_meta']
[0.208s] Level 1:colcon.colcon_core.package_identification:_identify(.) by extension 'colcon_meta'
[0.208s] Level 1:colcon.colcon_core.package_identification:_identify(.) by extensions ['ros']
[0.208s] Level 1:colcon.colcon_core.package_identification:_identify(.) by extension 'ros'
[0.229s] Level 1:colcon.colcon_core.package_identification:_identify(.) by extensions ['cmake', 'python']
[0.230s] Level 1:colcon.colcon_core.package_identification:_identify(.) by extension 'cmake'
[0.230s] Level 1:colcon.colcon_core.package_identification:_identify(.) by extension 'python'
[0.230s] Level 1:colcon.colcon_core.package_identification:_identify(.) by extensions ['python_setup_py']
[0.230s] Level 1:colcon.colcon_core.package_identification:_identify(.) by extension 'python_setup_py'
[0.230s] Level 1:colcon.colcon_core.package_identification:_identify(build) by extensions ['ignore', 'ignore_ament_install']
[0.231s] Level 1:colcon.colcon_core.package_identification:_identify(build) by extension 'ignore'
[0.231s] Level 1:colcon.colcon_core.package_identification:_identify(build) ignored
[0.231s] Level 1:colcon.colcon_core.package_identification:_identify(install) by extensions ['ignore', 'ignore_ament_install']
[0.231s] Level 1:colcon.colcon_core.package_identification:_identify(install) by extension 'ignore'
[0.231s] Level 1:colcon.colcon_core.package_identification:_identify(install) ignored
[0.231s] Level 1:colcon.colcon_core.package_identification:_identify(log) by extensions ['ignore', 'ignore_ament_install']
[0.231s] Level 1:colcon.colcon_core.package_identification:_identify(log) by extension 'ignore'
[0.231s] Level 1:colcon.colcon_core.package_identification:_identify(log) ignored
[0.231s] Level 1:colcon.colcon_core.package_identification:_identify(src) by extensions ['ignore', 'ignore_ament_install']
[0.231s] Level 1:colcon.colcon_core.package_identification:_identify(src) by extension 'ignore'
[0.231s] Level 1:colcon.colcon_core.package_identification:_identify(src) by extension 'ignore_ament_install'
[0.231s] Level 1:colcon.colcon_core.package_identification:_identify(src) by extensions ['colcon_pkg']
[0.232s] Level 1:colcon.colcon_core.package_identification:_identify(src) by extension 'colcon_pkg'
[0.232s] Level 1:colcon.colcon_core.package_identification:_identify(src) by extensions ['colcon_meta']
[0.232s] Level 1:colcon.colcon_core.package_identification:_identify(src) by extension 'colcon_meta'
[0.232s] Level 1:colcon.colcon_core.package_identification:_identify(src) by extensions ['ros']
[0.232s] Level 1:colcon.colcon_core.package_identification:_identify(src) by extension 'ros'
[0.232s] Level 1:colcon.colcon_core.package_identification:_identify(src) by extensions ['cmake', 'python']
[0.232s] Level 1:colcon.colcon_core.package_identification:_identify(src) by extension 'cmake'
[0.232s] Level 1:colcon.colcon_core.package_identification:_identify(src) by extension 'python'
[0.232s] Level 1:colcon.colcon_core.package_identification:_identify(src) by extensions ['python_setup_py']
[0.232s] Level 1:colcon.colcon_core.package_identification:_identify(src) by extension 'python_setup_py'
[0.232s] Level 1:colcon.colcon_core.package_identification:_identify(src/mission_center) by extensions ['ignore', 'ignore_ament_install']
[0.232s] Level 1:colcon.colcon_core.package_identification:_identify(src/mission_center) by extension 'ignore'
[0.232s] Level 1:colcon.colcon_core.package_identification:_identify(src/mission_center) by extension 'ignore_ament_install'
[0.232s] Level 1:colcon.colcon_core.package_identification:_identify(src/mission_center) by extensions ['colcon_pkg']
[0.232s] Level 1:colcon.colcon_core.package_identification:_identify(src/mission_center) by extension 'colcon_pkg'
[0.232s] Level 1:colcon.colcon_core.package_identification:_identify(src/mission_center) by extensions ['colcon_meta']
[0.232s] Level 1:colcon.colcon_core.package_identification:_identify(src/mission_center) by extension 'colcon_meta'
[0.232s] Level 1:colcon.colcon_core.package_identification:_identify(src/mission_center) by extensions ['ros']
[0.232s] Level 1:colcon.colcon_core.package_identification:_identify(src/mission_center) by extension 'ros'
[0.236s] DEBUG:colcon.colcon_core.package_identification:Package 'src/mission_center' with type 'ros.ament_cmake' and name 'mission_center'
[0.237s] Level 1:colcon.colcon_core.package_identification:_identify(src/ros2-keyboard) by extensions ['ignore', 'ignore_ament_install']
[0.237s] Level 1:colcon.colcon_core.package_identification:_identify(src/ros2-keyboard) by extension 'ignore'
[0.237s] Level 1:colcon.colcon_core.package_identification:_identify(src/ros2-keyboard) by extension 'ignore_ament_install'
[0.237s] Level 1:colcon.colcon_core.package_identification:_identify(src/ros2-keyboard) by extensions ['colcon_pkg']
[0.237s] Level 1:colcon.colcon_core.package_identification:_identify(src/ros2-keyboard) by extension 'colcon_pkg'
[0.237s] Level 1:colcon.colcon_core.package_identification:_identify(src/ros2-keyboard) by extensions ['colcon_meta']
[0.237s] Level 1:colcon.colcon_core.package_identification:_identify(src/ros2-keyboard) by extension 'colcon_meta'
[0.237s] Level 1:colcon.colcon_core.package_identification:_identify(src/ros2-keyboard) by extensions ['ros']
[0.237s] Level 1:colcon.colcon_core.package_identification:_identify(src/ros2-keyboard) by extension 'ros'
[0.237s] Level 1:colcon.colcon_core.package_identification:_identify(src/ros2-keyboard) by extensions ['cmake', 'python']
[0.237s] Level 1:colcon.colcon_core.package_identification:_identify(src/ros2-keyboard) by extension 'cmake'
[0.237s] Level 1:colcon.colcon_core.package_identification:_identify(src/ros2-keyboard) by extension 'python'
[0.237s] Level 1:colcon.colcon_core.package_identification:_identify(src/ros2-keyboard) by extensions ['python_setup_py']
[0.237s] Level 1:colcon.colcon_core.package_identification:_identify(src/ros2-keyboard) by extension 'python_setup_py'
[0.238s] Level 1:colcon.colcon_core.package_identification:_identify(src/ros2-keyboard/keyboard) by extensions ['ignore', 'ignore_ament_install']
[0.238s] Level 1:colcon.colcon_core.package_identification:_identify(src/ros2-keyboard/keyboard) by extension 'ignore'
[0.238s] Level 1:colcon.colcon_core.package_identification:_identify(src/ros2-keyboard/keyboard) by extension 'ignore_ament_install'
[0.238s] Level 1:colcon.colcon_core.package_identification:_identify(src/ros2-keyboard/keyboard) by extensions ['colcon_pkg']
[0.238s] Level 1:colcon.colcon_core.package_identification:_identify(src/ros2-keyboard/keyboard) by extension 'colcon_pkg'
[0.238s] Level 1:colcon.colcon_core.package_identification:_identify(src/ros2-keyboard/keyboard) by extensions ['colcon_meta']
[0.238s] Level 1:colcon.colcon_core.package_identification:_identify(src/ros2-keyboard/keyboard) by extension 'colcon_meta'
[0.238s] Level 1:colcon.colcon_core.package_identification:_identify(src/ros2-keyboard/keyboard) by extensions ['ros']
[0.238s] Level 1:colcon.colcon_core.package_identification:_identify(src/ros2-keyboard/keyboard) by extension 'ros'
[0.240s] DEBUG:colcon.colcon_core.package_identification:Package 'src/ros2-keyboard/keyboard' with type 'ros.ament_cmake' and name 'keyboard'
[0.240s] Level 1:colcon.colcon_core.package_identification:_identify(src/ros2-keyboard/keyboard_msgs) by extensions ['ignore', 'ignore_ament_install']
[0.240s] Level 1:colcon.colcon_core.package_identification:_identify(src/ros2-keyboard/keyboard_msgs) by extension 'ignore'
[0.240s] Level 1:colcon.colcon_core.package_identification:_identify(src/ros2-keyboard/keyboard_msgs) by extension 'ignore_ament_install'
[0.240s] Level 1:colcon.colcon_core.package_identification:_identify(src/ros2-keyboard/keyboard_msgs) by extensions ['colcon_pkg']
[0.240s] Level 1:colcon.colcon_core.package_identification:_identify(src/ros2-keyboard/keyboard_msgs) by extension 'colcon_pkg'
[0.240s] Level 1:colcon.colcon_core.package_identification:_identify(src/ros2-keyboard/keyboard_msgs) by extensions ['colcon_meta']
[0.240s] Level 1:colcon.colcon_core.package_identification:_identify(src/ros2-keyboard/keyboard_msgs) by extension 'colcon_meta'
[0.240s] Level 1:colcon.colcon_core.package_identification:_identify(src/ros2-keyboard/keyboard_msgs) by extensions ['ros']
[0.240s] Level 1:colcon.colcon_core.package_identification:_identify(src/ros2-keyboard/keyboard_msgs) by extension 'ros'
[0.241s] DEBUG:colcon.colcon_core.package_identification:Package 'src/ros2-keyboard/keyboard_msgs' with type 'ros.ament_cmake' and name 'keyboard_msgs'
[0.242s] Level 1:colcon.colcon_core.package_identification:_identify(terrain) by extensions ['ignore', 'ignore_ament_install']
[0.242s] Level 1:colcon.colcon_core.package_identification:_identify(terrain) by extension 'ignore'
[0.242s] Level 1:colcon.colcon_core.package_identification:_identify(terrain) by extension 'ignore_ament_install'
[0.242s] Level 1:colcon.colcon_core.package_identification:_identify(terrain) by extensions ['colcon_pkg']
[0.242s] Level 1:colcon.colcon_core.package_identification:_identify(terrain) by extension 'colcon_pkg'
[0.242s] Level 1:colcon.colcon_core.package_identification:_identify(terrain) by extensions ['colcon_meta']
[0.242s] Level 1:colcon.colcon_core.package_identification:_identify(terrain) by extension 'colcon_meta'
[0.242s] Level 1:colcon.colcon_core.package_identification:_identify(terrain) by extensions ['ros']
[0.242s] Level 1:colcon.colcon_core.package_identification:_identify(terrain) by extension 'ros'
[0.242s] Level 1:colcon.colcon_core.package_identification:_identify(terrain) by extensions ['cmake', 'python']
[0.242s] Level 1:colcon.colcon_core.package_identification:_identify(terrain) by extension 'cmake'
[0.242s] Level 1:colcon.colcon_core.package_identification:_identify(terrain) by extension 'python'
[0.242s] Level 1:colcon.colcon_core.package_identification:_identify(terrain) by extensions ['python_setup_py']
[0.242s] Level 1:colcon.colcon_core.package_identification:_identify(terrain) by extension 'python_setup_py'
[0.243s] Level 1:colcon.colcon_core.package_discovery:discover_packages(recursive) using defaults
[0.243s] Level 1:colcon.colcon_core.package_discovery:discover_packages(ignore) discover
[0.243s] Level 1:colcon.colcon_core.package_discovery:discover_packages(ignore) using defaults
[0.243s] Level 1:colcon.colcon_core.package_discovery:discover_packages(path) discover
[0.243s] Level 1:colcon.colcon_core.package_discovery:discover_packages(path) using defaults
[0.275s] Level 1:colcon.colcon_core.package_discovery:discover_packages(prefix_path) check parameters
[0.275s] Level 1:colcon.colcon_core.package_discovery:discover_packages(prefix_path) discover
[0.277s] DEBUG:colcon.colcon_installed_package_information.package_discovery:Found 3 installed packages in /home/gadzz/Workspace/VTOL-MissionCenter/install
[0.279s] DEBUG:colcon.colcon_installed_package_information.package_discovery:Found 288 installed packages in /opt/ros/humble
[0.281s] Level 1:colcon.colcon_core.package_discovery:discover_packages(prefix_path) using defaults
[0.325s] Level 5:colcon.colcon_core.verb:set package 'keyboard_msgs' build argument 'cmake_args' from command line to 'None'
[0.325s] Level 5:colcon.colcon_core.verb:set package 'keyboard_msgs' build argument 'cmake_target' from command line to 'None'
[0.325s] Level 5:colcon.colcon_core.verb:set package 'keyboard_msgs' build argument 'cmake_target_skip_unavailable' from command line to 'False'
[0.325s] Level 5:colcon.colcon_core.verb:set package 'keyboard_msgs' build argument 'cmake_clean_cache' from command line to 'False'
[0.325s] Level 5:colcon.colcon_core.verb:set package 'keyboard_msgs' build argument 'cmake_clean_first' from command line to 'False'
[0.325s] Level 5:colcon.colcon_core.verb:set package 'keyboard_msgs' build argument 'cmake_force_configure' from command line to 'False'
[0.325s] Level 5:colcon.colcon_core.verb:set package 'keyboard_msgs' build argument 'ament_cmake_args' from command line to 'None'
[0.325s] Level 5:colcon.colcon_core.verb:set package 'keyboard_msgs' build argument 'catkin_cmake_args' from command line to 'None'
[0.325s] Level 5:colcon.colcon_core.verb:set package 'keyboard_msgs' build argument 'catkin_skip_building_tests' from command line to 'False'
[0.326s] DEBUG:colcon.colcon_core.verb:Building package 'keyboard_msgs' with the following arguments: {'ament_cmake_args': None, 'build_base': '/home/gadzz/Workspace/VTOL-MissionCenter/build/keyboard_msgs', 'catkin_cmake_args': None, 'catkin_skip_building_tests': False, 'cmake_args': None, 'cmake_clean_cache': False, 'cmake_clean_first': False, 'cmake_force_configure': False, 'cmake_target': None, 'cmake_target_skip_unavailable': False, 'install_base': '/home/gadzz/Workspace/VTOL-MissionCenter/install/keyboard_msgs', 'merge_install': False, 'path': '/home/gadzz/Workspace/VTOL-MissionCenter/src/ros2-keyboard/keyboard_msgs', 'symlink_install': False, 'test_result_base': None}
[0.326s] Level 5:colcon.colcon_core.verb:set package 'keyboard' build argument 'cmake_args' from command line to 'None'
[0.326s] Level 5:colcon.colcon_core.verb:set package 'keyboard' build argument 'cmake_target' from command line to 'None'
[0.326s] Level 5:colcon.colcon_core.verb:set package 'keyboard' build argument 'cmake_target_skip_unavailable' from command line to 'False'
[0.326s] Level 5:colcon.colcon_core.verb:set package 'keyboard' build argument 'cmake_clean_cache' from command line to 'False'
[0.326s] Level 5:colcon.colcon_core.verb:set package 'keyboard' build argument 'cmake_clean_first' from command line to 'False'
[0.326s] Level 5:colcon.colcon_core.verb:set package 'keyboard' build argument 'cmake_force_configure' from command line to 'False'
[0.326s] Level 5:colcon.colcon_core.verb:set package 'keyboard' build argument 'ament_cmake_args' from command line to 'None'
[0.326s] Level 5:colcon.colcon_core.verb:set package 'keyboard' build argument 'catkin_cmake_args' from command line to 'None'
[0.326s] Level 5:colcon.colcon_core.verb:set package 'keyboard' build argument 'catkin_skip_building_tests' from command line to 'False'
[0.326s] DEBUG:colcon.colcon_core.verb:Building package 'keyboard' with the following arguments: {'ament_cmake_args': None, 'build_base': '/home/gadzz/Workspace/VTOL-MissionCenter/build/keyboard', 'catkin_cmake_args': None, 'catkin_skip_building_tests': False, 'cmake_args': None, 'cmake_clean_cache': False, 'cmake_clean_first': False, 'cmake_force_configure': False, 'cmake_target': None, 'cmake_target_skip_unavailable': False, 'install_base': '/home/gadzz/Workspace/VTOL-MissionCenter/install/keyboard', 'merge_install': False, 'path': '/home/gadzz/Workspace/VTOL-MissionCenter/src/ros2-keyboard/keyboard', 'symlink_install': False, 'test_result_base': None}
[0.327s] Level 5:colcon.colcon_core.verb:set package 'mission_center' build argument 'cmake_args' from command line to 'None'
[0.327s] Level 5:colcon.colcon_core.verb:set package 'mission_center' build argument 'cmake_target' from command line to 'None'
[0.327s] Level 5:colcon.colcon_core.verb:set package 'mission_center' build argument 'cmake_target_skip_unavailable' from command line to 'False'
[0.327s] Level 5:colcon.colcon_core.verb:set package 'mission_center' build argument 'cmake_clean_cache' from command line to 'False'
[0.327s] Level 5:colcon.colcon_core.verb:set package 'mission_center' build argument 'cmake_clean_first' from command line to 'False'
[0.327s] Level 5:colcon.colcon_core.verb:set package 'mission_center' build argument 'cmake_force_configure' from command line to 'False'
[0.327s] Level 5:colcon.colcon_core.verb:set package 'mission_center' build argument 'ament_cmake_args' from command line to 'None'
[0.327s] Level 5:colcon.colcon_core.verb:set package 'mission_center' build argument 'catkin_cmake_args' from command line to 'None'
[0.327s] Level 5:colcon.colcon_core.verb:set package 'mission_center' build argument 'catkin_skip_building_tests' from command line to 'False'
[0.327s] DEBUG:colcon.colcon_core.verb:Building package 'mission_center' with the following arguments: {'ament_cmake_args': None, 'build_base': '/home/gadzz/Workspace/VTOL-MissionCenter/build/mission_center', 'catkin_cmake_args': None, 'catkin_skip_building_tests': False, 'cmake_args': None, 'cmake_clean_cache': False, 'cmake_clean_first': False, 'cmake_force_configure': False, 'cmake_target': None, 'cmake_target_skip_unavailable': False, 'install_base': '/home/gadzz/Workspace/VTOL-MissionCenter/install/mission_center', 'merge_install': False, 'path': '/home/gadzz/Workspace/VTOL-MissionCenter/src/mission_center', 'symlink_install': False, 'test_result_base': None}
[0.327s] INFO:colcon.colcon_core.executor:Executing jobs using 'parallel' executor
[0.328s] DEBUG:colcon.colcon_parallel_executor.executor.parallel:run_until_complete
[0.329s] INFO:colcon.colcon_ros.task.ament_cmake.build:Building ROS package in '/home/gadzz/Workspace/VTOL-MissionCenter/src/ros2-keyboard/keyboard_msgs' with build type 'ament_cmake'
[0.329s] INFO:colcon.colcon_cmake.task.cmake.build:Building CMake package in '/home/gadzz/Workspace/VTOL-MissionCenter/src/ros2-keyboard/keyboard_msgs'
[0.332s] INFO:colcon.colcon_core.plugin_system:Skipping extension 'colcon_core.shell.bat': Not used on non-Windows systems
[0.332s] INFO:colcon.colcon_core.shell:Skip shell extension 'powershell' for command environment: Not usable outside of PowerShell
[0.332s] DEBUG:colcon.colcon_core.shell:Skip shell extension 'dsv' for command environment
[0.344s] DEBUG:colcon.colcon_core.event_handler.log_command:Invoking command in '/home/gadzz/Workspace/VTOL-MissionCenter/build/keyboard_msgs': CMAKE_PREFIX_PATH=${CMAKE_PREFIX_PATH}:/opt/ros/humble /usr/bin/cmake --build /home/gadzz/Workspace/VTOL-MissionCenter/build/keyboard_msgs -- -j8 -l8
[1.374s] DEBUG:colcon.colcon_core.event_handler.log_command:Invoked command in '/home/gadzz/Workspace/VTOL-MissionCenter/build/keyboard_msgs' returned '0': CMAKE_PREFIX_PATH=${CMAKE_PREFIX_PATH}:/opt/ros/humble /usr/bin/cmake --build /home/gadzz/Workspace/VTOL-MissionCenter/build/keyboard_msgs -- -j8 -l8
[1.389s] DEBUG:colcon.colcon_core.event_handler.log_command:Invoking command in '/home/gadzz/Workspace/VTOL-MissionCenter/build/keyboard_msgs': CMAKE_PREFIX_PATH=${CMAKE_PREFIX_PATH}:/opt/ros/humble /usr/bin/cmake --install /home/gadzz/Workspace/VTOL-MissionCenter/build/keyboard_msgs
[1.466s] Level 1:colcon.colcon_core.environment:create_environment_scripts_only(keyboard_msgs)
[1.467s] DEBUG:colcon.colcon_core.event_handler.log_command:Invoked command in '/home/gadzz/Workspace/VTOL-MissionCenter/build/keyboard_msgs' returned '0': CMAKE_PREFIX_PATH=${CMAKE_PREFIX_PATH}:/opt/ros/humble /usr/bin/cmake --install /home/gadzz/Workspace/VTOL-MissionCenter/build/keyboard_msgs
[1.470s] Level 1:colcon.colcon_core.environment:checking '/home/gadzz/Workspace/VTOL-MissionCenter/install/keyboard_msgs' for CMake module files
[1.471s] Level 1:colcon.colcon_core.environment:checking '/home/gadzz/Workspace/VTOL-MissionCenter/install/keyboard_msgs' for CMake config files
[1.472s] Level 1:colcon.colcon_core.shell:create_environment_hook('keyboard_msgs', 'cmake_prefix_path')
[1.473s] INFO:colcon.colcon_core.shell:Creating environment hook '/home/gadzz/Workspace/VTOL-MissionCenter/install/keyboard_msgs/share/keyboard_msgs/hook/cmake_prefix_path.ps1'
[1.475s] INFO:colcon.colcon_core.shell:Creating environment descriptor '/home/gadzz/Workspace/VTOL-MissionCenter/install/keyboard_msgs/share/keyboard_msgs/hook/cmake_prefix_path.dsv'
[1.475s] INFO:colcon.colcon_core.shell:Creating environment hook '/home/gadzz/Workspace/VTOL-MissionCenter/install/keyboard_msgs/share/keyboard_msgs/hook/cmake_prefix_path.sh'
[1.476s] Level 1:colcon.colcon_core.environment:checking '/home/gadzz/Workspace/VTOL-MissionCenter/install/keyboard_msgs/lib'
[1.477s] Level 1:colcon.colcon_core.shell:create_environment_hook('keyboard_msgs', 'ld_library_path_lib')
[1.477s] INFO:colcon.colcon_core.shell:Creating environment hook '/home/gadzz/Workspace/VTOL-MissionCenter/install/keyboard_msgs/share/keyboard_msgs/hook/ld_library_path_lib.ps1'
[1.477s] INFO:colcon.colcon_core.shell:Creating environment descriptor '/home/gadzz/Workspace/VTOL-MissionCenter/install/keyboard_msgs/share/keyboard_msgs/hook/ld_library_path_lib.dsv'
[1.478s] INFO:colcon.colcon_core.shell:Creating environment hook '/home/gadzz/Workspace/VTOL-MissionCenter/install/keyboard_msgs/share/keyboard_msgs/hook/ld_library_path_lib.sh'
[1.478s] Level 1:colcon.colcon_core.environment:checking '/home/gadzz/Workspace/VTOL-MissionCenter/install/keyboard_msgs/bin'
[1.478s] Level 1:colcon.colcon_core.environment:checking '/home/gadzz/Workspace/VTOL-MissionCenter/install/keyboard_msgs/lib/pkgconfig/keyboard_msgs.pc'
[1.478s] Level 1:colcon.colcon_core.environment:checking '/home/gadzz/Workspace/VTOL-MissionCenter/install/keyboard_msgs/lib/python3.10/site-packages'
[1.478s] Level 1:colcon.colcon_core.environment:checking '/home/gadzz/Workspace/VTOL-MissionCenter/install/keyboard_msgs/bin'
[1.479s] INFO:colcon.colcon_core.shell:Creating package script '/home/gadzz/Workspace/VTOL-MissionCenter/install/keyboard_msgs/share/keyboard_msgs/package.ps1'
[1.480s] INFO:colcon.colcon_core.shell:Creating package descriptor '/home/gadzz/Workspace/VTOL-MissionCenter/install/keyboard_msgs/share/keyboard_msgs/package.dsv'
[1.480s] INFO:colcon.colcon_core.shell:Creating package script '/home/gadzz/Workspace/VTOL-MissionCenter/install/keyboard_msgs/share/keyboard_msgs/package.sh'
[1.481s] INFO:colcon.colcon_core.shell:Creating package script '/home/gadzz/Workspace/VTOL-MissionCenter/install/keyboard_msgs/share/keyboard_msgs/package.bash'
[1.482s] INFO:colcon.colcon_core.shell:Creating package script '/home/gadzz/Workspace/VTOL-MissionCenter/install/keyboard_msgs/share/keyboard_msgs/package.zsh'
[1.483s] Level 1:colcon.colcon_core.environment:create_file_with_runtime_dependencies(/home/gadzz/Workspace/VTOL-MissionCenter/install/keyboard_msgs/share/colcon-core/packages/keyboard_msgs)
[1.484s] Level 1:colcon.colcon_core.environment:create_environment_scripts_only(keyboard_msgs)
[1.484s] Level 1:colcon.colcon_core.environment:checking '/home/gadzz/Workspace/VTOL-MissionCenter/install/keyboard_msgs' for CMake module files
[1.485s] Level 1:colcon.colcon_core.environment:checking '/home/gadzz/Workspace/VTOL-MissionCenter/install/keyboard_msgs' for CMake config files
[1.485s] Level 1:colcon.colcon_core.shell:create_environment_hook('keyboard_msgs', 'cmake_prefix_path')
[1.485s] INFO:colcon.colcon_core.shell:Creating environment hook '/home/gadzz/Workspace/VTOL-MissionCenter/install/keyboard_msgs/share/keyboard_msgs/hook/cmake_prefix_path.ps1'
[1.486s] INFO:colcon.colcon_core.shell:Creating environment descriptor '/home/gadzz/Workspace/VTOL-MissionCenter/install/keyboard_msgs/share/keyboard_msgs/hook/cmake_prefix_path.dsv'
[1.486s] INFO:colcon.colcon_core.shell:Creating environment hook '/home/gadzz/Workspace/VTOL-MissionCenter/install/keyboard_msgs/share/keyboard_msgs/hook/cmake_prefix_path.sh'
[1.487s] Level 1:colcon.colcon_core.environment:checking '/home/gadzz/Workspace/VTOL-MissionCenter/install/keyboard_msgs/lib'
[1.487s] Level 1:colcon.colcon_core.shell:create_environment_hook('keyboard_msgs', 'ld_library_path_lib')
[1.488s] INFO:colcon.colcon_core.shell:Creating environment hook '/home/gadzz/Workspace/VTOL-MissionCenter/install/keyboard_msgs/share/keyboard_msgs/hook/ld_library_path_lib.ps1'
[1.488s] INFO:colcon.colcon_core.shell:Creating environment descriptor '/home/gadzz/Workspace/VTOL-MissionCenter/install/keyboard_msgs/share/keyboard_msgs/hook/ld_library_path_lib.dsv'
[1.488s] INFO:colcon.colcon_core.shell:Creating environment hook '/home/gadzz/Workspace/VTOL-MissionCenter/install/keyboard_msgs/share/keyboard_msgs/hook/ld_library_path_lib.sh'
[1.489s] Level 1:colcon.colcon_core.environment:checking '/home/gadzz/Workspace/VTOL-MissionCenter/install/keyboard_msgs/bin'
[1.489s] Level 1:colcon.colcon_core.environment:checking '/home/gadzz/Workspace/VTOL-MissionCenter/install/keyboard_msgs/lib/pkgconfig/keyboard_msgs.pc'
[1.489s] Level 1:colcon.colcon_core.environment:checking '/home/gadzz/Workspace/VTOL-MissionCenter/install/keyboard_msgs/lib/python3.10/site-packages'
[1.489s] Level 1:colcon.colcon_core.environment:checking '/home/gadzz/Workspace/VTOL-MissionCenter/install/keyboard_msgs/bin'
[1.490s] INFO:colcon.colcon_core.shell:Creating package script '/home/gadzz/Workspace/VTOL-MissionCenter/install/keyboard_msgs/share/keyboard_msgs/package.ps1'
[1.490s] INFO:colcon.colcon_core.shell:Creating package descriptor '/home/gadzz/Workspace/VTOL-MissionCenter/install/keyboard_msgs/share/keyboard_msgs/package.dsv'
[1.491s] INFO:colcon.colcon_core.shell:Creating package script '/home/gadzz/Workspace/VTOL-MissionCenter/install/keyboard_msgs/share/keyboard_msgs/package.sh'
[1.491s] INFO:colcon.colcon_core.shell:Creating package script '/home/gadzz/Workspace/VTOL-MissionCenter/install/keyboard_msgs/share/keyboard_msgs/package.bash'
[1.492s] INFO:colcon.colcon_core.shell:Creating package script '/home/gadzz/Workspace/VTOL-MissionCenter/install/keyboard_msgs/share/keyboard_msgs/package.zsh'
[1.492s] Level 1:colcon.colcon_core.environment:create_file_with_runtime_dependencies(/home/gadzz/Workspace/VTOL-MissionCenter/install/keyboard_msgs/share/colcon-core/packages/keyboard_msgs)
[1.492s] INFO:colcon.colcon_ros.task.ament_cmake.build:Building ROS package in '/home/gadzz/Workspace/VTOL-MissionCenter/src/ros2-keyboard/keyboard' with build type 'ament_cmake'
[1.492s] INFO:colcon.colcon_cmake.task.cmake.build:Building CMake package in '/home/gadzz/Workspace/VTOL-MissionCenter/src/ros2-keyboard/keyboard'
[1.493s] INFO:colcon.colcon_core.shell:Skip shell extension 'powershell' for command environment: Not usable outside of PowerShell
[1.493s] DEBUG:colcon.colcon_core.shell:Skip shell extension 'dsv' for command environment
[1.499s] INFO:colcon.colcon_ros.task.ament_cmake.build:Building ROS package in '/home/gadzz/Workspace/VTOL-MissionCenter/src/mission_center' with build type 'ament_cmake'
[1.499s] INFO:colcon.colcon_cmake.task.cmake.build:Building CMake package in '/home/gadzz/Workspace/VTOL-MissionCenter/src/mission_center'
[1.499s] INFO:colcon.colcon_core.shell:Skip shell extension 'powershell' for command environment: Not usable outside of PowerShell
[1.500s] DEBUG:colcon.colcon_core.shell:Skip shell extension 'dsv' for command environment
[1.513s] DEBUG:colcon.colcon_core.event_handler.log_command:Invoking command in '/home/gadzz/Workspace/VTOL-MissionCenter/build/keyboard': CMAKE_PREFIX_PATH=/home/gadzz/Workspace/VTOL-MissionCenter/install/keyboard_msgs:/home/gadzz/Workspace/VTOL-MissionCenter/install/mission_center:/home/gadzz/Workspace/VTOL-MissionCenter/install/keyboard:/opt/ros/humble LD_LIBRARY_PATH=/home/gadzz/Workspace/VTOL-MissionCenter/install/keyboard_msgs/lib:/home/gadzz/Workspace/VTOL-MissionCenter/install/mission_center/lib:/opt/ros/humble/opt/rviz_ogre_vendor/lib:/opt/ros/humble/lib/x86_64-linux-gnu:/opt/ros/humble/lib /usr/bin/cmake --build /home/gadzz/Workspace/VTOL-MissionCenter/build/keyboard -- -j8 -l8
[1.514s] DEBUG:colcon.colcon_core.event_handler.log_command:Invoking command in '/home/gadzz/Workspace/VTOL-MissionCenter/build/mission_center': CMAKE_PREFIX_PATH=/home/gadzz/Workspace/VTOL-MissionCenter/install/keyboard_msgs:/home/gadzz/Workspace/VTOL-MissionCenter/install/mission_center:/home/gadzz/Workspace/VTOL-MissionCenter/install/keyboard:/opt/ros/humble LD_LIBRARY_PATH=/home/gadzz/Workspace/VTOL-MissionCenter/install/keyboard_msgs/lib:/home/gadzz/Workspace/VTOL-MissionCenter/install/mission_center/lib:/opt/ros/humble/opt/rviz_ogre_vendor/lib:/opt/ros/humble/lib/x86_64-linux-gnu:/opt/ros/humble/lib /usr/bin/cmake --build /home/gadzz/Workspace/VTOL-MissionCenter/build/mission_center -- -j8 -l8
[1.628s] DEBUG:colcon.colcon_core.event_handler.log_command:Invoked command in '/home/gadzz/Workspace/VTOL-MissionCenter/build/keyboard' returned '0': CMAKE_PREFIX_PATH=/home/gadzz/Workspace/VTOL-MissionCenter/install/keyboard_msgs:/home/gadzz/Workspace/VTOL-MissionCenter/install/mission_center:/home/gadzz/Workspace/VTOL-MissionCenter/install/keyboard:/opt/ros/humble LD_LIBRARY_PATH=/home/gadzz/Workspace/VTOL-MissionCenter/install/keyboard_msgs/lib:/home/gadzz/Workspace/VTOL-MissionCenter/install/mission_center/lib:/opt/ros/humble/opt/rviz_ogre_vendor/lib:/opt/ros/humble/lib/x86_64-linux-gnu:/opt/ros/humble/lib /usr/bin/cmake --build /home/gadzz/Workspace/VTOL-MissionCenter/build/keyboard -- -j8 -l8
[1.630s] DEBUG:colcon.colcon_core.event_handler.log_command:Invoking command in '/home/gadzz/Workspace/VTOL-MissionCenter/build/keyboard': CMAKE_PREFIX_PATH=/home/gadzz/Workspace/VTOL-MissionCenter/install/keyboard_msgs:/home/gadzz/Workspace/VTOL-MissionCenter/install/mission_center:/home/gadzz/Workspace/VTOL-MissionCenter/install/keyboard:/opt/ros/humble LD_LIBRARY_PATH=/home/gadzz/Workspace/VTOL-MissionCenter/install/keyboard_msgs/lib:/home/gadzz/Workspace/VTOL-MissionCenter/install/mission_center/lib:/opt/ros/humble/opt/rviz_ogre_vendor/lib:/opt/ros/humble/lib/x86_64-linux-gnu:/opt/ros/humble/lib /usr/bin/cmake --install /home/gadzz/Workspace/VTOL-MissionCenter/build/keyboard
[1.647s] Level 1:colcon.colcon_core.environment:create_environment_scripts_only(keyboard)
[1.647s] Level 1:colcon.colcon_core.environment:checking '/home/gadzz/Workspace/VTOL-MissionCenter/install/keyboard' for CMake module files
[1.648s] Level 1:colcon.colcon_core.environment:checking '/home/gadzz/Workspace/VTOL-MissionCenter/install/keyboard' for CMake config files
[1.648s] Level 1:colcon.colcon_core.shell:create_environment_hook('keyboard', 'cmake_prefix_path')
[1.649s] INFO:colcon.colcon_core.shell:Creating environment hook '/home/gadzz/Workspace/VTOL-MissionCenter/install/keyboard/share/keyboard/hook/cmake_prefix_path.ps1'
[1.650s] DEBUG:colcon.colcon_core.event_handler.log_command:Invoked command in '/home/gadzz/Workspace/VTOL-MissionCenter/build/keyboard' returned '0': CMAKE_PREFIX_PATH=/home/gadzz/Workspace/VTOL-MissionCenter/install/keyboard_msgs:/home/gadzz/Workspace/VTOL-MissionCenter/install/mission_center:/home/gadzz/Workspace/VTOL-MissionCenter/install/keyboard:/opt/ros/humble LD_LIBRARY_PATH=/home/gadzz/Workspace/VTOL-MissionCenter/install/keyboard_msgs/lib:/home/gadzz/Workspace/VTOL-MissionCenter/install/mission_center/lib:/opt/ros/humble/opt/rviz_ogre_vendor/lib:/opt/ros/humble/lib/x86_64-linux-gnu:/opt/ros/humble/lib /usr/bin/cmake --install /home/gadzz/Workspace/VTOL-MissionCenter/build/keyboard
[1.650s] INFO:colcon.colcon_core.shell:Creating environment descriptor '/home/gadzz/Workspace/VTOL-MissionCenter/install/keyboard/share/keyboard/hook/cmake_prefix_path.dsv'
[1.650s] INFO:colcon.colcon_core.shell:Creating environment hook '/home/gadzz/Workspace/VTOL-MissionCenter/install/keyboard/share/keyboard/hook/cmake_prefix_path.sh'
[1.651s] Level 1:colcon.colcon_core.environment:checking '/home/gadzz/Workspace/VTOL-MissionCenter/install/keyboard/lib'
[1.651s] Level 1:colcon.colcon_core.environment:checking '/home/gadzz/Workspace/VTOL-MissionCenter/install/keyboard/bin'
[1.651s] Level 1:colcon.colcon_core.environment:checking '/home/gadzz/Workspace/VTOL-MissionCenter/install/keyboard/lib/pkgconfig/keyboard.pc'
[1.652s] Level 1:colcon.colcon_core.environment:checking '/home/gadzz/Workspace/VTOL-MissionCenter/install/keyboard/lib/python3.10/site-packages'
[1.652s] Level 1:colcon.colcon_core.environment:checking '/home/gadzz/Workspace/VTOL-MissionCenter/install/keyboard/bin'
[1.652s] INFO:colcon.colcon_core.shell:Creating package script '/home/gadzz/Workspace/VTOL-MissionCenter/install/keyboard/share/keyboard/package.ps1'
[1.653s] INFO:colcon.colcon_core.shell:Creating package descriptor '/home/gadzz/Workspace/VTOL-MissionCenter/install/keyboard/share/keyboard/package.dsv'
[1.654s] INFO:colcon.colcon_core.shell:Creating package script '/home/gadzz/Workspace/VTOL-MissionCenter/install/keyboard/share/keyboard/package.sh'
[1.655s] INFO:colcon.colcon_core.shell:Creating package script '/home/gadzz/Workspace/VTOL-MissionCenter/install/keyboard/share/keyboard/package.bash'
[1.655s] INFO:colcon.colcon_core.shell:Creating package script '/home/gadzz/Workspace/VTOL-MissionCenter/install/keyboard/share/keyboard/package.zsh'
[1.656s] Level 1:colcon.colcon_core.environment:create_file_with_runtime_dependencies(/home/gadzz/Workspace/VTOL-MissionCenter/install/keyboard/share/colcon-core/packages/keyboard)
[1.656s] Level 1:colcon.colcon_core.environment:create_environment_scripts_only(keyboard)
[1.657s] Level 1:colcon.colcon_core.environment:checking '/home/gadzz/Workspace/VTOL-MissionCenter/install/keyboard' for CMake module files
[1.657s] Level 1:colcon.colcon_core.environment:checking '/home/gadzz/Workspace/VTOL-MissionCenter/install/keyboard' for CMake config files
[1.658s] Level 1:colcon.colcon_core.shell:create_environment_hook('keyboard', 'cmake_prefix_path')
[1.658s] INFO:colcon.colcon_core.shell:Creating environment hook '/home/gadzz/Workspace/VTOL-MissionCenter/install/keyboard/share/keyboard/hook/cmake_prefix_path.ps1'
[1.659s] INFO:colcon.colcon_core.shell:Creating environment descriptor '/home/gadzz/Workspace/VTOL-MissionCenter/install/keyboard/share/keyboard/hook/cmake_prefix_path.dsv'
[1.659s] INFO:colcon.colcon_core.shell:Creating environment hook '/home/gadzz/Workspace/VTOL-MissionCenter/install/keyboard/share/keyboard/hook/cmake_prefix_path.sh'
[1.660s] Level 1:colcon.colcon_core.environment:checking '/home/gadzz/Workspace/VTOL-MissionCenter/install/keyboard/lib'
[1.660s] Level 1:colcon.colcon_core.environment:checking '/home/gadzz/Workspace/VTOL-MissionCenter/install/keyboard/bin'
[1.660s] Level 1:colcon.colcon_core.environment:checking '/home/gadzz/Workspace/VTOL-MissionCenter/install/keyboard/lib/pkgconfig/keyboard.pc'
[1.661s] Level 1:colcon.colcon_core.environment:checking '/home/gadzz/Workspace/VTOL-MissionCenter/install/keyboard/lib/python3.10/site-packages'
[1.661s] Level 1:colcon.colcon_core.environment:checking '/home/gadzz/Workspace/VTOL-MissionCenter/install/keyboard/bin'
[1.662s] INFO:colcon.colcon_core.shell:Creating package script '/home/gadzz/Workspace/VTOL-MissionCenter/install/keyboard/share/keyboard/package.ps1'
[1.663s] INFO:colcon.colcon_core.shell:Creating package descriptor '/home/gadzz/Workspace/VTOL-MissionCenter/install/keyboard/share/keyboard/package.dsv'
[1.664s] INFO:colcon.colcon_core.shell:Creating package script '/home/gadzz/Workspace/VTOL-MissionCenter/install/keyboard/share/keyboard/package.sh'
[1.664s] INFO:colcon.colcon_core.shell:Creating package script '/home/gadzz/Workspace/VTOL-MissionCenter/install/keyboard/share/keyboard/package.bash'
[1.665s] INFO:colcon.colcon_core.shell:Creating package script '/home/gadzz/Workspace/VTOL-MissionCenter/install/keyboard/share/keyboard/package.zsh'
[1.665s] Level 1:colcon.colcon_core.environment:create_file_with_runtime_dependencies(/home/gadzz/Workspace/VTOL-MissionCenter/install/keyboard/share/colcon-core/packages/keyboard)
[44.213s] DEBUG:colcon.colcon_core.event_handler.log_command:Invoked command in '/home/gadzz/Workspace/VTOL-MissionCenter/build/mission_center' returned '0': CMAKE_PREFIX_PATH=/home/gadzz/Workspace/VTOL-MissionCenter/install/keyboard_msgs:/home/gadzz/Workspace/VTOL-MissionCenter/install/mission_center:/home/gadzz/Workspace/VTOL-MissionCenter/install/keyboard:/opt/ros/humble LD_LIBRARY_PATH=/home/gadzz/Workspace/VTOL-MissionCenter/install/keyboard_msgs/lib:/home/gadzz/Workspace/VTOL-MissionCenter/install/mission_center/lib:/opt/ros/humble/opt/rviz_ogre_vendor/lib:/opt/ros/humble/lib/x86_64-linux-gnu:/opt/ros/humble/lib /usr/bin/cmake --build /home/gadzz/Workspace/VTOL-MissionCenter/build/mission_center -- -j8 -l8
[44.214s] DEBUG:colcon.colcon_core.event_handler.log_command:Invoking command in '/home/gadzz/Workspace/VTOL-MissionCenter/build/mission_center': CMAKE_PREFIX_PATH=/home/gadzz/Workspace/VTOL-MissionCenter/install/keyboard_msgs:/home/gadzz/Workspace/VTOL-MissionCenter/install/mission_center:/home/gadzz/Workspace/VTOL-MissionCenter/install/keyboard:/opt/ros/humble LD_LIBRARY_PATH=/home/gadzz/Workspace/VTOL-MissionCenter/install/keyboard_msgs/lib:/home/gadzz/Workspace/VTOL-MissionCenter/install/mission_center/lib:/opt/ros/humble/opt/rviz_ogre_vendor/lib:/opt/ros/humble/lib/x86_64-linux-gnu:/opt/ros/humble/lib /usr/bin/cmake --install /home/gadzz/Workspace/VTOL-MissionCenter/build/mission_center
[44.263s] Level 1:colcon.colcon_core.environment:create_environment_scripts_only(mission_center)
[44.263s] Level 1:colcon.colcon_core.environment:checking '/home/gadzz/Workspace/VTOL-MissionCenter/install/mission_center' for CMake module files
[44.265s] Level 1:colcon.colcon_core.environment:checking '/home/gadzz/Workspace/VTOL-MissionCenter/install/mission_center' for CMake config files
[44.266s] Level 1:colcon.colcon_core.shell:create_environment_hook('mission_center', 'cmake_prefix_path')
[44.267s] INFO:colcon.colcon_core.shell:Creating environment hook '/home/gadzz/Workspace/VTOL-MissionCenter/install/mission_center/share/mission_center/hook/cmake_prefix_path.ps1'
[44.269s] DEBUG:colcon.colcon_core.event_handler.log_command:Invoked command in '/home/gadzz/Workspace/VTOL-MissionCenter/build/mission_center' returned '0': CMAKE_PREFIX_PATH=/home/gadzz/Workspace/VTOL-MissionCenter/install/keyboard_msgs:/home/gadzz/Workspace/VTOL-MissionCenter/install/mission_center:/home/gadzz/Workspace/VTOL-MissionCenter/install/keyboard:/opt/ros/humble LD_LIBRARY_PATH=/home/gadzz/Workspace/VTOL-MissionCenter/install/keyboard_msgs/lib:/home/gadzz/Workspace/VTOL-MissionCenter/install/mission_center/lib:/opt/ros/humble/opt/rviz_ogre_vendor/lib:/opt/ros/humble/lib/x86_64-linux-gnu:/opt/ros/humble/lib /usr/bin/cmake --install /home/gadzz/Workspace/VTOL-MissionCenter/build/mission_center
[44.270s] INFO:colcon.colcon_core.shell:Creating environment descriptor '/home/gadzz/Workspace/VTOL-MissionCenter/install/mission_center/share/mission_center/hook/cmake_prefix_path.dsv'
[44.271s] INFO:colcon.colcon_core.shell:Creating environment hook '/home/gadzz/Workspace/VTOL-MissionCenter/install/mission_center/share/mission_center/hook/cmake_prefix_path.sh'
[44.272s] Level 1:colcon.colcon_core.environment:checking '/home/gadzz/Workspace/VTOL-MissionCenter/install/mission_center/lib'
[44.272s] Level 1:colcon.colcon_core.shell:create_environment_hook('mission_center', 'ld_library_path_lib')
[44.273s] INFO:colcon.colcon_core.shell:Creating environment hook '/home/gadzz/Workspace/VTOL-MissionCenter/install/mission_center/share/mission_center/hook/ld_library_path_lib.ps1'
[44.273s] INFO:colcon.colcon_core.shell:Creating environment descriptor '/home/gadzz/Workspace/VTOL-MissionCenter/install/mission_center/share/mission_center/hook/ld_library_path_lib.dsv'
[44.274s] INFO:colcon.colcon_core.shell:Creating environment hook '/home/gadzz/Workspace/VTOL-MissionCenter/install/mission_center/share/mission_center/hook/ld_library_path_lib.sh'
[44.274s] Level 1:colcon.colcon_core.environment:checking '/home/gadzz/Workspace/VTOL-MissionCenter/install/mission_center/bin'
[44.274s] Level 1:colcon.colcon_core.environment:checking '/home/gadzz/Workspace/VTOL-MissionCenter/install/mission_center/lib/pkgconfig/mission_center.pc'
[44.275s] Level 1:colcon.colcon_core.environment:checking '/home/gadzz/Workspace/VTOL-MissionCenter/install/mission_center/lib/python3.10/site-packages'
[44.275s] Level 1:colcon.colcon_core.environment:checking '/home/gadzz/Workspace/VTOL-MissionCenter/install/mission_center/bin'
[44.276s] INFO:colcon.colcon_core.shell:Creating package script '/home/gadzz/Workspace/VTOL-MissionCenter/install/mission_center/share/mission_center/package.ps1'
[44.277s] INFO:colcon.colcon_core.shell:Creating package descriptor '/home/gadzz/Workspace/VTOL-MissionCenter/install/mission_center/share/mission_center/package.dsv'
[44.278s] INFO:colcon.colcon_core.shell:Creating package script '/home/gadzz/Workspace/VTOL-MissionCenter/install/mission_center/share/mission_center/package.sh'
[44.278s] INFO:colcon.colcon_core.shell:Creating package script '/home/gadzz/Workspace/VTOL-MissionCenter/install/mission_center/share/mission_center/package.bash'
[44.279s] INFO:colcon.colcon_core.shell:Creating package script '/home/gadzz/Workspace/VTOL-MissionCenter/install/mission_center/share/mission_center/package.zsh'
[44.279s] Level 1:colcon.colcon_core.environment:create_file_with_runtime_dependencies(/home/gadzz/Workspace/VTOL-MissionCenter/install/mission_center/share/colcon-core/packages/mission_center)
[44.280s] Level 1:colcon.colcon_core.environment:create_environment_scripts_only(mission_center)
[44.280s] Level 1:colcon.colcon_core.environment:checking '/home/gadzz/Workspace/VTOL-MissionCenter/install/mission_center' for CMake module files
[44.280s] Level 1:colcon.colcon_core.environment:checking '/home/gadzz/Workspace/VTOL-MissionCenter/install/mission_center' for CMake config files
[44.281s] Level 1:colcon.colcon_core.shell:create_environment_hook('mission_center', 'cmake_prefix_path')
[44.281s] INFO:colcon.colcon_core.shell:Creating environment hook '/home/gadzz/Workspace/VTOL-MissionCenter/install/mission_center/share/mission_center/hook/cmake_prefix_path.ps1'
[44.282s] INFO:colcon.colcon_core.shell:Creating environment descriptor '/home/gadzz/Workspace/VTOL-MissionCenter/install/mission_center/share/mission_center/hook/cmake_prefix_path.dsv'
[44.282s] INFO:colcon.colcon_core.shell:Creating environment hook '/home/gadzz/Workspace/VTOL-MissionCenter/install/mission_center/share/mission_center/hook/cmake_prefix_path.sh'
[44.283s] Level 1:colcon.colcon_core.environment:checking '/home/gadzz/Workspace/VTOL-MissionCenter/install/mission_center/lib'
[44.283s] Level 1:colcon.colcon_core.shell:create_environment_hook('mission_center', 'ld_library_path_lib')
[44.283s] INFO:colcon.colcon_core.shell:Creating environment hook '/home/gadzz/Workspace/VTOL-MissionCenter/install/mission_center/share/mission_center/hook/ld_library_path_lib.ps1'
[44.284s] INFO:colcon.colcon_core.shell:Creating environment descriptor '/home/gadzz/Workspace/VTOL-MissionCenter/install/mission_center/share/mission_center/hook/ld_library_path_lib.dsv'
[44.284s] INFO:colcon.colcon_core.shell:Creating environment hook '/home/gadzz/Workspace/VTOL-MissionCenter/install/mission_center/share/mission_center/hook/ld_library_path_lib.sh'
[44.285s] Level 1:colcon.colcon_core.environment:checking '/home/gadzz/Workspace/VTOL-MissionCenter/install/mission_center/bin'
[44.285s] Level 1:colcon.colcon_core.environment:checking '/home/gadzz/Workspace/VTOL-MissionCenter/install/mission_center/lib/pkgconfig/mission_center.pc'
[44.285s] Level 1:colcon.colcon_core.environment:checking '/home/gadzz/Workspace/VTOL-MissionCenter/install/mission_center/lib/python3.10/site-packages'
[44.285s] Level 1:colcon.colcon_core.environment:checking '/home/gadzz/Workspace/VTOL-MissionCenter/install/mission_center/bin'
[44.285s] INFO:colcon.colcon_core.shell:Creating package script '/home/gadzz/Workspace/VTOL-MissionCenter/install/mission_center/share/mission_center/package.ps1'
[44.286s] INFO:colcon.colcon_core.shell:Creating package descriptor '/home/gadzz/Workspace/VTOL-MissionCenter/install/mission_center/share/mission_center/package.dsv'
[44.287s] INFO:colcon.colcon_core.shell:Creating package script '/home/gadzz/Workspace/VTOL-MissionCenter/install/mission_center/share/mission_center/package.sh'
[44.287s] INFO:colcon.colcon_core.shell:Creating package script '/home/gadzz/Workspace/VTOL-MissionCenter/install/mission_center/share/mission_center/package.bash'
[44.288s] INFO:colcon.colcon_core.shell:Creating package script '/home/gadzz/Workspace/VTOL-MissionCenter/install/mission_center/share/mission_center/package.zsh'
[44.288s] Level 1:colcon.colcon_core.environment:create_file_with_runtime_dependencies(/home/gadzz/Workspace/VTOL-MissionCenter/install/mission_center/share/colcon-core/packages/mission_center)
[44.289s] DEBUG:colcon.colcon_parallel_executor.executor.parallel:closing loop
[44.290s] DEBUG:colcon.colcon_parallel_executor.executor.parallel:loop closed
[44.290s] DEBUG:colcon.colcon_parallel_executor.executor.parallel:run_until_complete finished with '0'
[44.290s] DEBUG:colcon.colcon_core.event_reactor:joining thread
[44.297s] INFO:colcon.colcon_core.plugin_system:Skipping extension 'colcon_notification.desktop_notification.terminal_notifier': Not used on non-Darwin systems
[44.297s] INFO:colcon.colcon_core.plugin_system:Skipping extension 'colcon_notification.desktop_notification.win32': Not used on non-Windows systems
[44.297s] INFO:colcon.colcon_notification.desktop_notification:Sending desktop notification using 'notify2'
[44.344s] DEBUG:colcon.colcon_core.event_reactor:joined thread
[44.344s] INFO:colcon.colcon_core.shell:Creating prefix script '/home/gadzz/Workspace/VTOL-MissionCenter/install/local_setup.ps1'
[44.346s] INFO:colcon.colcon_core.shell:Creating prefix util module '/home/gadzz/Workspace/VTOL-MissionCenter/install/_local_setup_util_ps1.py'
[44.348s] INFO:colcon.colcon_core.shell:Creating prefix chain script '/home/gadzz/Workspace/VTOL-MissionCenter/install/setup.ps1'
[44.350s] INFO:colcon.colcon_core.shell:Creating prefix script '/home/gadzz/Workspace/VTOL-MissionCenter/install/local_setup.sh'
[44.351s] INFO:colcon.colcon_core.shell:Creating prefix util module '/home/gadzz/Workspace/VTOL-MissionCenter/install/_local_setup_util_sh.py'
[44.352s] INFO:colcon.colcon_core.shell:Creating prefix chain script '/home/gadzz/Workspace/VTOL-MissionCenter/install/setup.sh'
[44.354s] INFO:colcon.colcon_core.shell:Creating prefix script '/home/gadzz/Workspace/VTOL-MissionCenter/install/local_setup.bash'
[44.354s] INFO:colcon.colcon_core.shell:Creating prefix chain script '/home/gadzz/Workspace/VTOL-MissionCenter/install/setup.bash'
[44.356s] INFO:colcon.colcon_core.shell:Creating prefix script '/home/gadzz/Workspace/VTOL-MissionCenter/install/local_setup.zsh'
[44.357s] INFO:colcon.colcon_core.shell:Creating prefix chain script '/home/gadzz/Workspace/VTOL-MissionCenter/install/setup.zsh'
