[0.028s] Invoking command in '/home/gadzz/vtol_ws/build/mission_center': AMENT_PREFIX_PATH=/home/gadzz/vtol_ws/install/keyboard_msgs:${AMENT_PREFIX_PATH} CMAKE_PREFIX_PATH=/home/gadzz/vtol_ws/install/keyboard_msgs:/home/gadzz/ardu_ws/install/test_ros_gz_bridge:/home/gadzz/ardu_ws/install/ros_ign:/home/gadzz/ardu_ws/install/ros_ign_gazebo_demos:/home/gadzz/ardu_ws/install/ros_gz:/home/gadzz/ardu_ws/install/ros_gz_sim_demos:/home/gadzz/ardu_ws/install/ardupilot_gz_bringup:/home/gadzz/ardu_ws/install/sdformat_urdf:/home/gadzz/ardu_ws/install/sdformat_test_files:/home/gadzz/ardu_ws/install/ros_ign_interfaces:/home/gadzz/ardu_ws/install/ros_ign_image:/home/gadzz/ardu_ws/install/ros_ign_gazebo:/home/gadzz/ardu_ws/install/ros_ign_bridge:/home/gadzz/ardu_ws/install/ros_gz_sim:/home/gadzz/ardu_ws/install/ros_gz_image:/home/gadzz/ardu_ws/install/ros_gz_bridge:/home/gadzz/ardu_ws/install/ros_gz_interfaces:/home/gadzz/ardu_ws/install/ardupilot_sitl:/home/gadzz/ardu_ws/install/micro_ros_agent:/home/gadzz/ardu_ws/install/keyboard:/home/gadzz/ardu_ws/install/keyboard_msgs:/home/gadzz/ardu_ws/install/ardupilot_sitl_models:/home/gadzz/ardu_ws/install/ardupilot_msgs:/home/gadzz/ardu_ws/install/ardupilot_gz_gazebo:/home/gadzz/ardu_ws/install/ardupilot_gz_description:/home/gadzz/ardu_ws/install/ardupilot_gz_application:/home/gadzz/ardu_ws/install/ardupilot_gazebo:/home/gadzz/ardu_ws/install/ardupilot_dds_tests:/opt/ros/humble LD_LIBRARY_PATH=/home/gadzz/vtol_ws/install/keyboard_msgs/lib:${LD_LIBRARY_PATH} PYTHONPATH=/home/gadzz/vtol_ws/install/keyboard_msgs/local/lib/python3.10/dist-packages:${PYTHONPATH} /usr/bin/cmake --build /home/gadzz/vtol_ws/build/mission_center -- -j8 -l8
[0.118s] -- Found ament_cmake: 1.3.11 (/opt/ros/humble/share/ament_cmake/cmake)
[0.439s] -- Found rclcpp: 16.0.11 (/opt/ros/humble/share/rclcpp/cmake)
[0.483s] -- Found rosidl_generator_c: 3.1.6 (/opt/ros/humble/share/rosidl_generator_c/cmake)
[0.486s] -- Found rosidl_adapter: 3.1.6 (/opt/ros/humble/share/rosidl_adapter/cmake)
[0.496s] -- Found rosidl_generator_cpp: 3.1.6 (/opt/ros/humble/share/rosidl_generator_cpp/cmake)
[0.517s] -- Using all available rosidl_typesupport_c: rosidl_typesupport_fastrtps_c;rosidl_typesupport_introspection_c
[0.539s] -- Using all available rosidl_typesupport_cpp: rosidl_typesupport_fastrtps_cpp;rosidl_typesupport_introspection_cpp
[0.587s] -- Found rmw_implementation_cmake: 6.1.2 (/opt/ros/humble/share/rmw_implementation_cmake/cmake)
[0.590s] -- Found rmw_fastrtps_cpp: 6.2.7 (/opt/ros/humble/share/rmw_fastrtps_cpp/cmake)
[0.776s] -- Using RMW implementation 'rmw_fastrtps_cpp' as default
[0.880s] -- Found std_srvs: 4.2.4 (/opt/ros/humble/share/std_srvs/cmake)
[0.945s] -- Found sensor_msgs: 4.2.4 (/opt/ros/humble/share/sensor_msgs/cmake)
[1.159s] [33mCMake Warning (dev) at /usr/share/cmake-3.22/Modules/FindOpenGL.cmake:315 (message):
[1.160s]   Policy CMP0072 is not set: FindOpenGL prefers GLVND by default when
[1.160s]   available.  Run "cmake --help-policy CMP0072" for policy details.  Use the
[1.160s]   cmake_policy command to set the policy and suppress this warning.
[1.160s] 
[1.160s]   FindOpenGL found both a legacy GL library:
[1.160s] 
[1.160s]     OPENGL_gl_LIBRARY: /usr/lib/x86_64-linux-gnu/libGL.so
[1.160s] 
[1.160s]   and GLVND libraries for OpenGL and GLX:
[1.160s] 
[1.161s]     OPENGL_opengl_LIBRARY: /usr/lib/x86_64-linux-gnu/libOpenGL.so
[1.161s]     OPENGL_glx_LIBRARY: /usr/lib/x86_64-linux-gnu/libGLX.so
[1.161s] 
[1.161s]   OpenGL_GL_PREFERENCE has not been set to "GLVND" or "LEGACY", so for
[1.161s]   compatibility with CMake 3.10 and below the legacy GL library will be used.
[1.161s] Call Stack (most recent call first):
[1.161s]   CMakeLists.txt:20 (find_package)
[1.161s] This warning is for project developers.  Use -Wno-dev to suppress it.
[1.161s] [0m
[1.164s] -- Found keyboard_msgs: 1.0.0 (/home/gadzz/vtol_ws/install/keyboard_msgs/share/keyboard_msgs/cmake)
[1.220s] -- Found px4_msgs: 2.0.1 (/home/gadzz/vtol_ws/install/px4_msgs/share/px4_msgs/cmake)
[1.264s] -- Found keyboard: 1.0.0 (/home/gadzz/vtol_ws/install/keyboard/share/keyboard/cmake)
[1.312s] -- Found ament_lint_auto: 0.12.11 (/opt/ros/humble/share/ament_lint_auto/cmake)
[1.331s] -- Added test 'cppcheck' to perform static code analysis on C / C++ code
[1.331s] -- Configured cppcheck include dirs: /home/gadzz/vtol_ws/src/mission_center/include;/home/gadzz/vtol_ws/src/mission_center/third_party/imgui
[1.331s] -- Configured cppcheck exclude dirs and/or files: 
[1.332s] -- Added test 'lint_cmake' to check CMake code style
[1.337s] -- Added test 'uncrustify' to check C / C++ code style
[1.338s] -- Configured uncrustify additional arguments: 
[1.338s] -- Added test 'xmllint' to check XML markup files
[1.341s] -- Configuring done
[1.347s] -- Generating done
[1.351s] -- Build files have been written to: /home/gadzz/vtol_ws/build/mission_center
[1.387s] [35m[1mConsolidate compiler generated dependencies of target uav_mission[0m
[1.404s] [35m[1mConsolidate compiler generated dependencies of target safety_node[0m
[1.445s] [  7%] [32mBuilding CXX object CMakeFiles/safety_node.dir/src/safety_node.cpp.o[0m
[1.445s] [ 14%] [32mBuilding CXX object CMakeFiles/uav_mission.dir/src/uav_mission.cpp.o[0m
[2.270s] [ 21%] [32m[1mLinking CXX executable safety_node[0m
[2.838s] [ 21%] Built target safety_node
[3.264s] In file included from [01m[K/home/gadzz/vtol_ws/src/mission_center/src/uav_mission.cpp:1[m[K:
[3.265s] [01m[K/home/gadzz/vtol_ws/src/mission_center/include/mission_center/uav_mission.hpp:[m[K In member function ‘[01m[Kbool UAV_Mission::killPilotCb(std::shared_ptr<std_srvs::srv::Empty_Request_<std::allocator<void> > >, std::shared_ptr<std_srvs::srv::Empty_Response_<std::allocator<void> > >)[m[K’:
[3.265s] [01m[K/home/gadzz/vtol_ws/src/mission_center/include/mission_center/uav_mission.hpp:158:73:[m[K [01;35m[Kwarning: [m[Kunused parameter ‘[01m[Krequest[m[K’ [[01;35m[K-Wunused-parameter[m[K]
[3.265s]   158 |   bool killPilotCb([01;35m[Kconst std::shared_ptr<std_srvs::srv::Empty::Request> request[m[K,
[3.265s]       |                    [01;35m[K~~~~~~~~~~~~~~~~~~~~~~~~~~~~~~~~~~~~~~~~~~~~~~~~~~~~~^~~~~~~[m[K
[3.265s] [01m[K/home/gadzz/vtol_ws/src/mission_center/include/mission_center/uav_mission.hpp:159:68:[m[K [01;35m[Kwarning: [m[Kunused parameter ‘[01m[Kresponse[m[K’ [[01;35m[K-Wunused-parameter[m[K]
[3.265s]   159 |                    [01;35m[Kstd::shared_ptr<std_srvs::srv::Empty::Response> response[m[K) {
[3.265s]       |                    [01;35m[K~~~~~~~~~~~~~~~~~~~~~~~~~~~~~~~~~~~~~~~~~~~~~~~~^~~~~~~~[m[K
[3.265s] [01m[K/home/gadzz/vtol_ws/src/mission_center/src/uav_mission.cpp:[m[K In member function ‘[01m[Kbool UAV_Mission::restartMission(std::shared_ptr<std_srvs::srv::Empty_Request_<std::allocator<void> > >, std::shared_ptr<std_srvs::srv::Empty_Response_<std::allocator<void> > >)[m[K’:
[3.265s] [01m[K/home/gadzz/vtol_ws/src/mission_center/src/uav_mission.cpp:105:58:[m[K [01;35m[Kwarning: [m[Kunused parameter ‘[01m[Krequest[m[K’ [[01;35m[K-Wunused-parameter[m[K]
[3.265s]   105 |     [01;35m[Kconst std::shared_ptr<std_srvs::srv::Empty::Request> request[m[K,
[3.265s]       |     [01;35m[K~~~~~~~~~~~~~~~~~~~~~~~~~~~~~~~~~~~~~~~~~~~~~~~~~~~~~^~~~~~~[m[K
[3.265s] [01m[K/home/gadzz/vtol_ws/src/mission_center/src/uav_mission.cpp:106:53:[m[K [01;35m[Kwarning: [m[Kunused parameter ‘[01m[Kresponse[m[K’ [[01;35m[K-Wunused-parameter[m[K]
[3.266s]   106 |     [01;35m[Kstd::shared_ptr<std_srvs::srv::Empty::Response> response[m[K) {
[3.266s]       |     [01;35m[K~~~~~~~~~~~~~~~~~~~~~~~~~~~~~~~~~~~~~~~~~~~~~~~~^~~~~~~~[m[K
[3.266s] [01m[K/home/gadzz/vtol_ws/src/mission_center/src/uav_mission.cpp:[m[K In member function ‘[01m[Kvoid UAV_Mission::switch_mode(std::string)[m[K’:
[3.266s] [01m[K/home/gadzz/vtol_ws/src/mission_center/src/uav_mission.cpp:248:11:[m[K [01;35m[Kwarning: [m[Kunused variable ‘[01m[Kcount[m[K’ [[01;35m[K-Wunused-variable[m[K]
[3.266s]   248 |   uint8_t [01;35m[Kcount[m[K = 0;
[3.266s]       |           [01;35m[K^~~~~[m[K
[3.266s] [01m[K/home/gadzz/vtol_ws/src/mission_center/src/uav_mission.cpp:235:43:[m[K [01;35m[Kwarning: [m[Kunused parameter ‘[01m[Kmode[m[K’ [[01;35m[K-Wunused-parameter[m[K]
[3.266s]   235 | void UAV_Mission::switch_mode([01;35m[Kstd::string mode[m[K) {
[3.266s]       |                               [01;35m[K~~~~~~~~~~~~^~~~[m[K
[3.266s] [01m[K/home/gadzz/vtol_ws/src/mission_center/src/uav_mission.cpp:[m[K In member function ‘[01m[Kvoid UAV_Mission::arm_throttle()[m[K’:
[3.266s] [01m[K/home/gadzz/vtol_ws/src/mission_center/src/uav_mission.cpp:331:9:[m[K [01;35m[Kwarning: [m[Kunused variable ‘[01m[KgotTopic[m[K’ [[01;35m[K-Wunused-variable[m[K]
[3.266s]   331 |     int [01;35m[KgotTopic[m[K = getTopicVal(flags, "/fmu/out/vehicle_control_mode",
[3.266s]       |         [01;35m[K^~~~~~~~[m[K
[3.266s] [01m[K/home/gadzz/vtol_ws/src/mission_center/src/uav_mission.cpp:[m[K In member function ‘[01m[Kbool UAV_Mission::init()[m[K’:
[3.266s] [01m[K/home/gadzz/vtol_ws/src/mission_center/src/uav_mission.cpp:429:8:[m[K [01;35m[Kwarning: [m[Kvariable ‘[01m[Kqos_profile[m[K’ set but not used [[01;35m[K-Wunused-but-set-variable[m[K]
[3.266s]   429 |   auto [01;35m[Kqos_profile[m[K = rclcpp::QoS(rclcpp::QoSInitialization::from_rmw(qos), qos);
[3.266s]       |        [01;35m[K^~~~~~~~~~~[m[K
[3.267s] /home/gadzz/vtol_ws/src/mission_center/src/uav_mission.cpp: In instantiation of ‘[01m[Kbool UAV_Mission::getTopicVal(T&, const string&, std::chrono::seconds) [with T = px4_msgs::msg::VehicleStatus_<std::allocator<void> >; std::string = std::__cxx11::basic_string<char>; std::chrono::seconds = std::chrono::duration<long int>][m[K’:
[3.267s] [01m[K/home/gadzz/vtol_ws/src/mission_center/src/uav_mission.cpp:192:21:[m[K   required from here
[3.267s] [01m[K/home/gadzz/vtol_ws/src/mission_center/src/uav_mission.cpp:118:21:[m[K [01;35m[Kwarning: [m[Kvariable ‘[01m[Kqos[m[K’ set but not used [[01;35m[K-Wunused-but-set-variable[m[K]
[3.267s]   118 |   rmw_qos_profile_t [01;35m[Kqos[m[K = rmw_qos_profile_default;
[3.267s]       |                     [01;35m[K^~~[m[K
[3.267s] /home/gadzz/vtol_ws/src/mission_center/src/uav_mission.cpp: In instantiation of ‘[01m[Kbool UAV_Mission::getTopicVal(T&, const string&, std::chrono::seconds) [with T = px4_msgs::msg::VehicleControlMode_<std::allocator<void> >; std::string = std::__cxx11::basic_string<char>; std::chrono::seconds = std::chrono::duration<long int>][m[K’:
[3.267s] [01m[K/home/gadzz/vtol_ws/src/mission_center/src/uav_mission.cpp:331:31:[m[K   required from here
[3.267s] [01m[K/home/gadzz/vtol_ws/src/mission_center/src/uav_mission.cpp:118:21:[m[K [01;35m[Kwarning: [m[Kvariable ‘[01m[Kqos[m[K’ set but not used [[01;35m[K-Wunused-but-set-variable[m[K]
[3.331s] [ 28%] [32m[1mLinking CXX shared library libuav_mission.so[0m
[5.668s] [ 28%] Built target uav_mission
[5.677s] [35m[1mConsolidate compiler generated dependencies of target pilot_node[0m
[5.678s] [35m[1mConsolidate compiler generated dependencies of target ui_node[0m
[5.692s] [ 35%] [32mBuilding CXX object CMakeFiles/pilot_node.dir/src/pilot_node.cpp.o[0m
[5.692s] [ 42%] [32m[1mLinking CXX executable ui_node[0m
[5.706s] In file included from [01m[K/home/gadzz/vtol_ws/src/mission_center/src/pilot_node.cpp:1[m[K:
[5.706s] [01m[K/home/gadzz/vtol_ws/src/mission_center/include/mission_center/uav_mission.hpp:[m[K In member function ‘[01m[Kbool UAV_Mission::killPilotCb(std::shared_ptr<std_srvs::srv::Empty_Request_<std::allocator<void> > >, std::shared_ptr<std_srvs::srv::Empty_Response_<std::allocator<void> > >)[m[K’:
[5.706s] [01m[K/home/gadzz/vtol_ws/src/mission_center/include/mission_center/uav_mission.hpp:158:73:[m[K [01;35m[Kwarning: [m[Kunused parameter ‘[01m[Krequest[m[K’ [[01;35m[K-Wunused-parameter[m[K]
[5.706s]   158 |   bool killPilotCb([01;35m[Kconst std::shared_ptr<std_srvs::srv::Empty::Request> request[m[K,
[5.706s]       |                    [01;35m[K~~~~~~~~~~~~~~~~~~~~~~~~~~~~~~~~~~~~~~~~~~~~~~~~~~~~~^~~~~~~[m[K
[5.706s] [01m[K/home/gadzz/vtol_ws/src/mission_center/include/mission_center/uav_mission.hpp:159:68:[m[K [01;35m[Kwarning: [m[Kunused parameter ‘[01m[Kresponse[m[K’ [[01;35m[K-Wunused-parameter[m[K]
[5.706s]   159 |                    [01;35m[Kstd::shared_ptr<std_srvs::srv::Empty::Response> response[m[K) {
[5.706s]       |                    [01;35m[K~~~~~~~~~~~~~~~~~~~~~~~~~~~~~~~~~~~~~~~~~~~~~~~~^~~~~~~~[m[K
[5.706s] [01m[K/home/gadzz/vtol_ws/src/mission_center/src/pilot_node.cpp:[m[K In member function ‘[01m[Kbool PilotNode::killPilotCb(std::shared_ptr<std_srvs::srv::Empty_Request_<std::allocator<void> > >, std::shared_ptr<std_srvs::srv::Empty_Response_<std::allocator<void> > >)[m[K’:
[5.706s] [01m[K/home/gadzz/vtol_ws/src/mission_center/src/pilot_node.cpp:24:73:[m[K [01;35m[Kwarning: [m[Kunused parameter ‘[01m[Krequest[m[K’ [[01;35m[K-Wunused-parameter[m[K]
[5.706s]    24 |   bool killPilotCb([01;35m[Kconst std::shared_ptr<std_srvs::srv::Empty::Request> request[m[K,
[5.706s]       |                    [01;35m[K~~~~~~~~~~~~~~~~~~~~~~~~~~~~~~~~~~~~~~~~~~~~~~~~~~~~~^~~~~~~[m[K
[5.706s] [01m[K/home/gadzz/vtol_ws/src/mission_center/src/pilot_node.cpp:25:68:[m[K [01;35m[Kwarning: [m[Kunused parameter ‘[01m[Kresponse[m[K’ [[01;35m[K-Wunused-parameter[m[K]
[5.706s]    25 |                    [01;35m[Kstd::shared_ptr<std_srvs::srv::Empty::Response> response[m[K) {
[5.706s]       |                    [01;35m[K~~~~~~~~~~~~~~~~~~~~~~~~~~~~~~~~~~~~~~~~~~~~~~~~^~~~~~~~[m[K
[5.714s] [ 50%] [32m[1mLinking CXX executable pilot_node[0m
[6.126s] [100%] Built target ui_node
[6.299s] [100%] Built target pilot_node
[6.339s] Invoked command in '/home/gadzz/vtol_ws/build/mission_center' returned '0': AMENT_PREFIX_PATH=/home/gadzz/vtol_ws/install/keyboard_msgs:${AMENT_PREFIX_PATH} CMAKE_PREFIX_PATH=/home/gadzz/vtol_ws/install/keyboard_msgs:/home/gadzz/ardu_ws/install/test_ros_gz_bridge:/home/gadzz/ardu_ws/install/ros_ign:/home/gadzz/ardu_ws/install/ros_ign_gazebo_demos:/home/gadzz/ardu_ws/install/ros_gz:/home/gadzz/ardu_ws/install/ros_gz_sim_demos:/home/gadzz/ardu_ws/install/ardupilot_gz_bringup:/home/gadzz/ardu_ws/install/sdformat_urdf:/home/gadzz/ardu_ws/install/sdformat_test_files:/home/gadzz/ardu_ws/install/ros_ign_interfaces:/home/gadzz/ardu_ws/install/ros_ign_image:/home/gadzz/ardu_ws/install/ros_ign_gazebo:/home/gadzz/ardu_ws/install/ros_ign_bridge:/home/gadzz/ardu_ws/install/ros_gz_sim:/home/gadzz/ardu_ws/install/ros_gz_image:/home/gadzz/ardu_ws/install/ros_gz_bridge:/home/gadzz/ardu_ws/install/ros_gz_interfaces:/home/gadzz/ardu_ws/install/ardupilot_sitl:/home/gadzz/ardu_ws/install/micro_ros_agent:/home/gadzz/ardu_ws/install/keyboard:/home/gadzz/ardu_ws/install/keyboard_msgs:/home/gadzz/ardu_ws/install/ardupilot_sitl_models:/home/gadzz/ardu_ws/install/ardupilot_msgs:/home/gadzz/ardu_ws/install/ardupilot_gz_gazebo:/home/gadzz/ardu_ws/install/ardupilot_gz_description:/home/gadzz/ardu_ws/install/ardupilot_gz_application:/home/gadzz/ardu_ws/install/ardupilot_gazebo:/home/gadzz/ardu_ws/install/ardupilot_dds_tests:/opt/ros/humble LD_LIBRARY_PATH=/home/gadzz/vtol_ws/install/keyboard_msgs/lib:${LD_LIBRARY_PATH} PYTHONPATH=/home/gadzz/vtol_ws/install/keyboard_msgs/local/lib/python3.10/dist-packages:${PYTHONPATH} /usr/bin/cmake --build /home/gadzz/vtol_ws/build/mission_center -- -j8 -l8
[6.341s] Invoking command in '/home/gadzz/vtol_ws/build/mission_center': AMENT_PREFIX_PATH=/home/gadzz/vtol_ws/install/keyboard_msgs:${AMENT_PREFIX_PATH} CMAKE_PREFIX_PATH=/home/gadzz/vtol_ws/install/keyboard_msgs:/home/gadzz/ardu_ws/install/test_ros_gz_bridge:/home/gadzz/ardu_ws/install/ros_ign:/home/gadzz/ardu_ws/install/ros_ign_gazebo_demos:/home/gadzz/ardu_ws/install/ros_gz:/home/gadzz/ardu_ws/install/ros_gz_sim_demos:/home/gadzz/ardu_ws/install/ardupilot_gz_bringup:/home/gadzz/ardu_ws/install/sdformat_urdf:/home/gadzz/ardu_ws/install/sdformat_test_files:/home/gadzz/ardu_ws/install/ros_ign_interfaces:/home/gadzz/ardu_ws/install/ros_ign_image:/home/gadzz/ardu_ws/install/ros_ign_gazebo:/home/gadzz/ardu_ws/install/ros_ign_bridge:/home/gadzz/ardu_ws/install/ros_gz_sim:/home/gadzz/ardu_ws/install/ros_gz_image:/home/gadzz/ardu_ws/install/ros_gz_bridge:/home/gadzz/ardu_ws/install/ros_gz_interfaces:/home/gadzz/ardu_ws/install/ardupilot_sitl:/home/gadzz/ardu_ws/install/micro_ros_agent:/home/gadzz/ardu_ws/install/keyboard:/home/gadzz/ardu_ws/install/keyboard_msgs:/home/gadzz/ardu_ws/install/ardupilot_sitl_models:/home/gadzz/ardu_ws/install/ardupilot_msgs:/home/gadzz/ardu_ws/install/ardupilot_gz_gazebo:/home/gadzz/ardu_ws/install/ardupilot_gz_description:/home/gadzz/ardu_ws/install/ardupilot_gz_application:/home/gadzz/ardu_ws/install/ardupilot_gazebo:/home/gadzz/ardu_ws/install/ardupilot_dds_tests:/opt/ros/humble LD_LIBRARY_PATH=/home/gadzz/vtol_ws/install/keyboard_msgs/lib:${LD_LIBRARY_PATH} PYTHONPATH=/home/gadzz/vtol_ws/install/keyboard_msgs/local/lib/python3.10/dist-packages:${PYTHONPATH} /usr/bin/cmake --install /home/gadzz/vtol_ws/build/mission_center
[6.348s] -- Install configuration: ""
[6.348s] -- Installing: /home/gadzz/vtol_ws/install/mission_center/lib/libuav_mission.so
[6.365s] -- Set runtime path of "/home/gadzz/vtol_ws/install/mission_center/lib/libuav_mission.so" to ""
[6.365s] -- Installing: /home/gadzz/vtol_ws/install/mission_center/lib/mission_center/pilot_node
[6.365s] -- Set runtime path of "/home/gadzz/vtol_ws/install/mission_center/lib/mission_center/pilot_node" to ""
[6.365s] -- Installing: /home/gadzz/vtol_ws/install/mission_center/lib/mission_center/safety_node
[6.366s] -- Set runtime path of "/home/gadzz/vtol_ws/install/mission_center/lib/mission_center/safety_node" to ""
[6.366s] -- Installing: /home/gadzz/vtol_ws/install/mission_center/lib/mission_center/ui_node
[6.368s] -- Set runtime path of "/home/gadzz/vtol_ws/install/mission_center/lib/mission_center/ui_node" to ""
[6.368s] -- Up-to-date: /home/gadzz/vtol_ws/install/mission_center/share/mission_center//launch
[6.368s] -- Up-to-date: /home/gadzz/vtol_ws/install/mission_center/share/mission_center//launch/real_apm.launch
[6.368s] -- Up-to-date: /home/gadzz/vtol_ws/install/mission_center/share/mission_center/environment/library_path.sh
[6.368s] -- Installing: /home/gadzz/vtol_ws/install/mission_center/share/mission_center/environment/library_path.dsv
[6.368s] -- Up-to-date: /home/gadzz/vtol_ws/install/mission_center/share/ament_index/resource_index/package_run_dependencies/mission_center
[6.368s] -- Up-to-date: /home/gadzz/vtol_ws/install/mission_center/share/ament_index/resource_index/parent_prefix_path/mission_center
[6.368s] -- Up-to-date: /home/gadzz/vtol_ws/install/mission_center/share/mission_center/environment/ament_prefix_path.sh
[6.368s] -- Installing: /home/gadzz/vtol_ws/install/mission_center/share/mission_center/environment/ament_prefix_path.dsv
[6.368s] -- Up-to-date: /home/gadzz/vtol_ws/install/mission_center/share/mission_center/environment/path.sh
[6.368s] -- Installing: /home/gadzz/vtol_ws/install/mission_center/share/mission_center/environment/path.dsv
[6.368s] -- Up-to-date: /home/gadzz/vtol_ws/install/mission_center/share/mission_center/local_setup.bash
[6.368s] -- Up-to-date: /home/gadzz/vtol_ws/install/mission_center/share/mission_center/local_setup.sh
[6.368s] -- Up-to-date: /home/gadzz/vtol_ws/install/mission_center/share/mission_center/local_setup.zsh
[6.368s] -- Installing: /home/gadzz/vtol_ws/install/mission_center/share/mission_center/local_setup.dsv
[6.369s] -- Installing: /home/gadzz/vtol_ws/install/mission_center/share/mission_center/package.dsv
[6.369s] -- Up-to-date: /home/gadzz/vtol_ws/install/mission_center/share/ament_index/resource_index/packages/mission_center
[6.369s] -- Up-to-date: /home/gadzz/vtol_ws/install/mission_center/share/mission_center/cmake/ament_cmake_export_include_directories-extras.cmake
[6.369s] -- Up-to-date: /home/gadzz/vtol_ws/install/mission_center/share/mission_center/cmake/ament_cmake_export_libraries-extras.cmake
[6.369s] -- Up-to-date: /home/gadzz/vtol_ws/install/mission_center/share/mission_center/cmake/mission_centerConfig.cmake
[6.369s] -- Up-to-date: /home/gadzz/vtol_ws/install/mission_center/share/mission_center/cmake/mission_centerConfig-version.cmake
[6.369s] -- Up-to-date: /home/gadzz/vtol_ws/install/mission_center/share/mission_center/package.xml
[6.370s] Invoked command in '/home/gadzz/vtol_ws/build/mission_center' returned '0': AMENT_PREFIX_PATH=/home/gadzz/vtol_ws/install/keyboard_msgs:${AMENT_PREFIX_PATH} CMAKE_PREFIX_PATH=/home/gadzz/vtol_ws/install/keyboard_msgs:/home/gadzz/ardu_ws/install/test_ros_gz_bridge:/home/gadzz/ardu_ws/install/ros_ign:/home/gadzz/ardu_ws/install/ros_ign_gazebo_demos:/home/gadzz/ardu_ws/install/ros_gz:/home/gadzz/ardu_ws/install/ros_gz_sim_demos:/home/gadzz/ardu_ws/install/ardupilot_gz_bringup:/home/gadzz/ardu_ws/install/sdformat_urdf:/home/gadzz/ardu_ws/install/sdformat_test_files:/home/gadzz/ardu_ws/install/ros_ign_interfaces:/home/gadzz/ardu_ws/install/ros_ign_image:/home/gadzz/ardu_ws/install/ros_ign_gazebo:/home/gadzz/ardu_ws/install/ros_ign_bridge:/home/gadzz/ardu_ws/install/ros_gz_sim:/home/gadzz/ardu_ws/install/ros_gz_image:/home/gadzz/ardu_ws/install/ros_gz_bridge:/home/gadzz/ardu_ws/install/ros_gz_interfaces:/home/gadzz/ardu_ws/install/ardupilot_sitl:/home/gadzz/ardu_ws/install/micro_ros_agent:/home/gadzz/ardu_ws/install/keyboard:/home/gadzz/ardu_ws/install/keyboard_msgs:/home/gadzz/ardu_ws/install/ardupilot_sitl_models:/home/gadzz/ardu_ws/install/ardupilot_msgs:/home/gadzz/ardu_ws/install/ardupilot_gz_gazebo:/home/gadzz/ardu_ws/install/ardupilot_gz_description:/home/gadzz/ardu_ws/install/ardupilot_gz_application:/home/gadzz/ardu_ws/install/ardupilot_gazebo:/home/gadzz/ardu_ws/install/ardupilot_dds_tests:/opt/ros/humble LD_LIBRARY_PATH=/home/gadzz/vtol_ws/install/keyboard_msgs/lib:${LD_LIBRARY_PATH} PYTHONPATH=/home/gadzz/vtol_ws/install/keyboard_msgs/local/lib/python3.10/dist-packages:${PYTHONPATH} /usr/bin/cmake --install /home/gadzz/vtol_ws/build/mission_center
