[0.046s] Invoking command in '/home/gadzz/vtol_ws/build/mission_center': AMENT_PREFIX_PATH=/home/gadzz/vtol_ws/install/keyboard_msgs:${AMENT_PREFIX_PATH} CMAKE_PREFIX_PATH=/home/gadzz/vtol_ws/install/keyboard_msgs:/home/gadzz/ardu_ws/install/test_ros_gz_bridge:/home/gadzz/ardu_ws/install/ros_ign:/home/gadzz/ardu_ws/install/ros_ign_gazebo_demos:/home/gadzz/ardu_ws/install/ros_gz:/home/gadzz/ardu_ws/install/ros_gz_sim_demos:/home/gadzz/ardu_ws/install/ardupilot_gz_bringup:/home/gadzz/ardu_ws/install/sdformat_urdf:/home/gadzz/ardu_ws/install/sdformat_test_files:/home/gadzz/ardu_ws/install/ros_ign_interfaces:/home/gadzz/ardu_ws/install/ros_ign_image:/home/gadzz/ardu_ws/install/ros_ign_gazebo:/home/gadzz/ardu_ws/install/ros_ign_bridge:/home/gadzz/ardu_ws/install/ros_gz_sim:/home/gadzz/ardu_ws/install/ros_gz_image:/home/gadzz/ardu_ws/install/ros_gz_bridge:/home/gadzz/ardu_ws/install/ros_gz_interfaces:/home/gadzz/ardu_ws/install/ardupilot_sitl:/home/gadzz/ardu_ws/install/micro_ros_agent:/home/gadzz/ardu_ws/install/keyboard:/home/gadzz/ardu_ws/install/keyboard_msgs:/home/gadzz/ardu_ws/install/ardupilot_sitl_models:/home/gadzz/ardu_ws/install/ardupilot_msgs:/home/gadzz/ardu_ws/install/ardupilot_gz_gazebo:/home/gadzz/ardu_ws/install/ardupilot_gz_description:/home/gadzz/ardu_ws/install/ardupilot_gz_application:/home/gadzz/ardu_ws/install/ardupilot_gazebo:/home/gadzz/ardu_ws/install/ardupilot_dds_tests:/opt/ros/humble LD_LIBRARY_PATH=/home/gadzz/vtol_ws/install/keyboard_msgs/lib:${LD_LIBRARY_PATH} PYTHONPATH=/home/gadzz/vtol_ws/install/keyboard_msgs/local/lib/python3.10/dist-packages:${PYTHONPATH} /usr/bin/cmake /home/gadzz/vtol_ws/src/mission_center -DCMAKE_INSTALL_PREFIX=/home/gadzz/vtol_ws/install/mission_center
[0.063s] -- Found ament_cmake: 1.3.11 (/opt/ros/humble/share/ament_cmake/cmake)
[0.272s] -- Found rclcpp: 16.0.11 (/opt/ros/humble/share/rclcpp/cmake)
[0.317s] -- Found rosidl_generator_c: 3.1.6 (/opt/ros/humble/share/rosidl_generator_c/cmake)
[0.320s] -- Found rosidl_adapter: 3.1.6 (/opt/ros/humble/share/rosidl_adapter/cmake)
[0.327s] -- Found rosidl_generator_cpp: 3.1.6 (/opt/ros/humble/share/rosidl_generator_cpp/cmake)
[0.339s] -- Using all available rosidl_typesupport_c: rosidl_typesupport_fastrtps_c;rosidl_typesupport_introspection_c
[0.354s] -- Using all available rosidl_typesupport_cpp: rosidl_typesupport_fastrtps_cpp;rosidl_typesupport_introspection_cpp
[0.393s] -- Found rmw_implementation_cmake: 6.1.2 (/opt/ros/humble/share/rmw_implementation_cmake/cmake)
[0.395s] -- Found rmw_fastrtps_cpp: 6.2.7 (/opt/ros/humble/share/rmw_fastrtps_cpp/cmake)
[0.554s] -- Using RMW implementation 'rmw_fastrtps_cpp' as default
[0.616s] -- Found std_srvs: 4.2.4 (/opt/ros/humble/share/std_srvs/cmake)
[0.631s] -- Found sensor_msgs: 4.2.4 (/opt/ros/humble/share/sensor_msgs/cmake)
[0.673s] [33mCMake Warning (dev) at /usr/share/cmake-3.22/Modules/FindOpenGL.cmake:315 (message):
[0.674s]   Policy CMP0072 is not set: FindOpenGL prefers GLVND by default when
[0.674s]   available.  Run "cmake --help-policy CMP0072" for policy details.  Use the
[0.674s]   cmake_policy command to set the policy and suppress this warning.
[0.674s] 
[0.674s]   FindOpenGL found both a legacy GL library:
[0.674s] 
[0.674s]     OPENGL_gl_LIBRARY: /usr/lib/x86_64-linux-gnu/libGL.so
[0.674s] 
[0.674s]   and GLVND libraries for OpenGL and GLX:
[0.674s] 
[0.674s]     OPENGL_opengl_LIBRARY: /usr/lib/x86_64-linux-gnu/libOpenGL.so
[0.674s]     OPENGL_glx_LIBRARY: /usr/lib/x86_64-linux-gnu/libGLX.so
[0.674s] 
[0.674s]   OpenGL_GL_PREFERENCE has not been set to "GLVND" or "LEGACY", so for
[0.674s]   compatibility with CMake 3.10 and below the legacy GL library will be used.
[0.674s] Call Stack (most recent call first):
[0.674s]   CMakeLists.txt:20 (find_package)
[0.675s] This warning is for project developers.  Use -Wno-dev to suppress it.
[0.675s] [0m
[0.679s] -- Found keyboard_msgs: 1.0.0 (/home/gadzz/vtol_ws/install/keyboard_msgs/share/keyboard_msgs/cmake)
[0.693s] -- Found px4_msgs: 2.0.1 (/home/gadzz/vtol_ws/install/px4_msgs/share/px4_msgs/cmake)
[0.711s] -- Found keyboard: 1.0.0 (/home/gadzz/vtol_ws/install/keyboard/share/keyboard/cmake)
[0.741s] -- Found ament_lint_auto: 0.12.11 (/opt/ros/humble/share/ament_lint_auto/cmake)
[0.870s] -- Added test 'cppcheck' to perform static code analysis on C / C++ code
[0.871s] -- Configured cppcheck include dirs: /home/gadzz/vtol_ws/src/mission_center/include;/home/gadzz/vtol_ws/src/mission_center/third_party/imgui
[0.871s] -- Configured cppcheck exclude dirs and/or files: 
[0.876s] -- Added test 'lint_cmake' to check CMake code style
[0.894s] -- Added test 'uncrustify' to check C / C++ code style
[0.895s] -- Configured uncrustify additional arguments: 
[0.898s] -- Added test 'xmllint' to check XML markup files
[0.899s] -- Configuring done
[0.942s] -- Generating done
[0.958s] -- Build files have been written to: /home/gadzz/vtol_ws/build/mission_center
[0.978s] Invoked command in '/home/gadzz/vtol_ws/build/mission_center' returned '0': AMENT_PREFIX_PATH=/home/gadzz/vtol_ws/install/keyboard_msgs:${AMENT_PREFIX_PATH} CMAKE_PREFIX_PATH=/home/gadzz/vtol_ws/install/keyboard_msgs:/home/gadzz/ardu_ws/install/test_ros_gz_bridge:/home/gadzz/ardu_ws/install/ros_ign:/home/gadzz/ardu_ws/install/ros_ign_gazebo_demos:/home/gadzz/ardu_ws/install/ros_gz:/home/gadzz/ardu_ws/install/ros_gz_sim_demos:/home/gadzz/ardu_ws/install/ardupilot_gz_bringup:/home/gadzz/ardu_ws/install/sdformat_urdf:/home/gadzz/ardu_ws/install/sdformat_test_files:/home/gadzz/ardu_ws/install/ros_ign_interfaces:/home/gadzz/ardu_ws/install/ros_ign_image:/home/gadzz/ardu_ws/install/ros_ign_gazebo:/home/gadzz/ardu_ws/install/ros_ign_bridge:/home/gadzz/ardu_ws/install/ros_gz_sim:/home/gadzz/ardu_ws/install/ros_gz_image:/home/gadzz/ardu_ws/install/ros_gz_bridge:/home/gadzz/ardu_ws/install/ros_gz_interfaces:/home/gadzz/ardu_ws/install/ardupilot_sitl:/home/gadzz/ardu_ws/install/micro_ros_agent:/home/gadzz/ardu_ws/install/keyboard:/home/gadzz/ardu_ws/install/keyboard_msgs:/home/gadzz/ardu_ws/install/ardupilot_sitl_models:/home/gadzz/ardu_ws/install/ardupilot_msgs:/home/gadzz/ardu_ws/install/ardupilot_gz_gazebo:/home/gadzz/ardu_ws/install/ardupilot_gz_description:/home/gadzz/ardu_ws/install/ardupilot_gz_application:/home/gadzz/ardu_ws/install/ardupilot_gazebo:/home/gadzz/ardu_ws/install/ardupilot_dds_tests:/opt/ros/humble LD_LIBRARY_PATH=/home/gadzz/vtol_ws/install/keyboard_msgs/lib:${LD_LIBRARY_PATH} PYTHONPATH=/home/gadzz/vtol_ws/install/keyboard_msgs/local/lib/python3.10/dist-packages:${PYTHONPATH} /usr/bin/cmake /home/gadzz/vtol_ws/src/mission_center -DCMAKE_INSTALL_PREFIX=/home/gadzz/vtol_ws/install/mission_center
[0.981s] Invoking command in '/home/gadzz/vtol_ws/build/mission_center': AMENT_PREFIX_PATH=/home/gadzz/vtol_ws/install/keyboard_msgs:${AMENT_PREFIX_PATH} CMAKE_PREFIX_PATH=/home/gadzz/vtol_ws/install/keyboard_msgs:/home/gadzz/ardu_ws/install/test_ros_gz_bridge:/home/gadzz/ardu_ws/install/ros_ign:/home/gadzz/ardu_ws/install/ros_ign_gazebo_demos:/home/gadzz/ardu_ws/install/ros_gz:/home/gadzz/ardu_ws/install/ros_gz_sim_demos:/home/gadzz/ardu_ws/install/ardupilot_gz_bringup:/home/gadzz/ardu_ws/install/sdformat_urdf:/home/gadzz/ardu_ws/install/sdformat_test_files:/home/gadzz/ardu_ws/install/ros_ign_interfaces:/home/gadzz/ardu_ws/install/ros_ign_image:/home/gadzz/ardu_ws/install/ros_ign_gazebo:/home/gadzz/ardu_ws/install/ros_ign_bridge:/home/gadzz/ardu_ws/install/ros_gz_sim:/home/gadzz/ardu_ws/install/ros_gz_image:/home/gadzz/ardu_ws/install/ros_gz_bridge:/home/gadzz/ardu_ws/install/ros_gz_interfaces:/home/gadzz/ardu_ws/install/ardupilot_sitl:/home/gadzz/ardu_ws/install/micro_ros_agent:/home/gadzz/ardu_ws/install/keyboard:/home/gadzz/ardu_ws/install/keyboard_msgs:/home/gadzz/ardu_ws/install/ardupilot_sitl_models:/home/gadzz/ardu_ws/install/ardupilot_msgs:/home/gadzz/ardu_ws/install/ardupilot_gz_gazebo:/home/gadzz/ardu_ws/install/ardupilot_gz_description:/home/gadzz/ardu_ws/install/ardupilot_gz_application:/home/gadzz/ardu_ws/install/ardupilot_gazebo:/home/gadzz/ardu_ws/install/ardupilot_dds_tests:/opt/ros/humble LD_LIBRARY_PATH=/home/gadzz/vtol_ws/install/keyboard_msgs/lib:${LD_LIBRARY_PATH} PYTHONPATH=/home/gadzz/vtol_ws/install/keyboard_msgs/local/lib/python3.10/dist-packages:${PYTHONPATH} /usr/bin/cmake --build /home/gadzz/vtol_ws/build/mission_center -- -j8 -l8
[1.038s] [35m[1mConsolidate compiler generated dependencies of target safety_node[0m
[1.038s] [35m[1mConsolidate compiler generated dependencies of target uav_mission[0m
[1.059s] [ 14%] Built target safety_node
[1.063s] [ 21%] [32mBuilding CXX object CMakeFiles/uav_mission.dir/src/uav_mission.cpp.o[0m
[48.448s] In file included from [01m[K/home/gadzz/vtol_ws/src/mission_center/src/uav_mission.cpp:1[m[K:
[48.449s] [01m[K/home/gadzz/vtol_ws/src/mission_center/include/mission_center/uav_mission.hpp:[m[K In member function ‘[01m[Kbool UAV_Mission::killPilotCb(std::shared_ptr<std_srvs::srv::Empty_Request_<std::allocator<void> > >, std::shared_ptr<std_srvs::srv::Empty_Response_<std::allocator<void> > >)[m[K’:
[48.449s] [01m[K/home/gadzz/vtol_ws/src/mission_center/include/mission_center/uav_mission.hpp:159:73:[m[K [01;35m[Kwarning: [m[Kunused parameter ‘[01m[Krequest[m[K’ [[01;35m[K-Wunused-parameter[m[K]
[48.449s]   159 |   bool killPilotCb([01;35m[Kconst std::shared_ptr<std_srvs::srv::Empty::Request> request[m[K,
[48.449s]       |                    [01;35m[K~~~~~~~~~~~~~~~~~~~~~~~~~~~~~~~~~~~~~~~~~~~~~~~~~~~~~^~~~~~~[m[K
[48.449s] [01m[K/home/gadzz/vtol_ws/src/mission_center/include/mission_center/uav_mission.hpp:160:68:[m[K [01;35m[Kwarning: [m[Kunused parameter ‘[01m[Kresponse[m[K’ [[01;35m[K-Wunused-parameter[m[K]
[48.449s]   160 |                    [01;35m[Kstd::shared_ptr<std_srvs::srv::Empty::Response> response[m[K) {
[48.449s]       |                    [01;35m[K~~~~~~~~~~~~~~~~~~~~~~~~~~~~~~~~~~~~~~~~~~~~~~~~^~~~~~~~[m[K
[48.449s] [01m[K/home/gadzz/vtol_ws/src/mission_center/src/uav_mission.cpp:[m[K In member function ‘[01m[Kbool UAV_Mission::restartMission(std::shared_ptr<std_srvs::srv::Empty_Request_<std::allocator<void> > >, std::shared_ptr<std_srvs::srv::Empty_Response_<std::allocator<void> > >)[m[K’:
[48.449s] [01m[K/home/gadzz/vtol_ws/src/mission_center/src/uav_mission.cpp:105:58:[m[K [01;35m[Kwarning: [m[Kunused parameter ‘[01m[Krequest[m[K’ [[01;35m[K-Wunused-parameter[m[K]
[48.449s]   105 |     [01;35m[Kconst std::shared_ptr<std_srvs::srv::Empty::Request> request[m[K,
[48.449s]       |     [01;35m[K~~~~~~~~~~~~~~~~~~~~~~~~~~~~~~~~~~~~~~~~~~~~~~~~~~~~~^~~~~~~[m[K
[48.450s] [01m[K/home/gadzz/vtol_ws/src/mission_center/src/uav_mission.cpp:106:53:[m[K [01;35m[Kwarning: [m[Kunused parameter ‘[01m[Kresponse[m[K’ [[01;35m[K-Wunused-parameter[m[K]
[48.450s]   106 |     [01;35m[Kstd::shared_ptr<std_srvs::srv::Empty::Response> response[m[K) {
[48.450s]       |     [01;35m[K~~~~~~~~~~~~~~~~~~~~~~~~~~~~~~~~~~~~~~~~~~~~~~~~^~~~~~~~[m[K
[48.450s] [01m[K/home/gadzz/vtol_ws/src/mission_center/src/uav_mission.cpp:[m[K In member function ‘[01m[Kvoid UAV_Mission::switch_mode(std::string)[m[K’:
[48.450s] [01m[K/home/gadzz/vtol_ws/src/mission_center/src/uav_mission.cpp:248:11:[m[K [01;35m[Kwarning: [m[Kunused variable ‘[01m[Kcount[m[K’ [[01;35m[K-Wunused-variable[m[K]
[48.450s]   248 |   uint8_t [01;35m[Kcount[m[K = 0;
[48.450s]       |           [01;35m[K^~~~~[m[K
[48.450s] [01m[K/home/gadzz/vtol_ws/src/mission_center/src/uav_mission.cpp:235:43:[m[K [01;35m[Kwarning: [m[Kunused parameter ‘[01m[Kmode[m[K’ [[01;35m[K-Wunused-parameter[m[K]
[48.450s]   235 | void UAV_Mission::switch_mode([01;35m[Kstd::string mode[m[K) {
[48.450s]       |                               [01;35m[K~~~~~~~~~~~~^~~~[m[K
[48.450s] [01m[K/home/gadzz/vtol_ws/src/mission_center/src/uav_mission.cpp:[m[K In member function ‘[01m[Kvoid UAV_Mission::arm_throttle()[m[K’:
[48.450s] [01m[K/home/gadzz/vtol_ws/src/mission_center/src/uav_mission.cpp:331:9:[m[K [01;35m[Kwarning: [m[Kunused variable ‘[01m[KgotTopic[m[K’ [[01;35m[K-Wunused-variable[m[K]
[48.450s]   331 |     int [01;35m[KgotTopic[m[K = getTopicVal(flags, "/fmu/out/vehicle_control_mode",
[48.450s]       |         [01;35m[K^~~~~~~~[m[K
[48.450s] [01m[K/home/gadzz/vtol_ws/src/mission_center/src/uav_mission.cpp:[m[K In member function ‘[01m[Kbool UAV_Mission::init()[m[K’:
[48.450s] [01m[K/home/gadzz/vtol_ws/src/mission_center/src/uav_mission.cpp:450:8:[m[K [01;35m[Kwarning: [m[Kvariable ‘[01m[Kqos_profile[m[K’ set but not used [[01;35m[K-Wunused-but-set-variable[m[K]
[48.450s]   450 |   auto [01;35m[Kqos_profile[m[K = rclcpp::QoS(rclcpp::QoSInitialization::from_rmw(qos), qos);
[48.450s]       |        [01;35m[K^~~~~~~~~~~[m[K
[48.451s] /home/gadzz/vtol_ws/src/mission_center/src/uav_mission.cpp: In instantiation of ‘[01m[Kbool UAV_Mission::getTopicVal(T&, const string&, std::chrono::seconds) [with T = px4_msgs::msg::VehicleStatus_<std::allocator<void> >; std::string = std::__cxx11::basic_string<char>; std::chrono::seconds = std::chrono::duration<long int>][m[K’:
[48.451s] [01m[K/home/gadzz/vtol_ws/src/mission_center/src/uav_mission.cpp:192:21:[m[K   required from here
[48.451s] [01m[K/home/gadzz/vtol_ws/src/mission_center/src/uav_mission.cpp:118:21:[m[K [01;35m[Kwarning: [m[Kvariable ‘[01m[Kqos[m[K’ set but not used [[01;35m[K-Wunused-but-set-variable[m[K]
[48.451s]   118 |   rmw_qos_profile_t [01;35m[Kqos[m[K = rmw_qos_profile_default;
[48.451s]       |                     [01;35m[K^~~[m[K
[48.451s] /home/gadzz/vtol_ws/src/mission_center/src/uav_mission.cpp: In instantiation of ‘[01m[Kbool UAV_Mission::getTopicVal(T&, const string&, std::chrono::seconds) [with T = px4_msgs::msg::VehicleControlMode_<std::allocator<void> >; std::string = std::__cxx11::basic_string<char>; std::chrono::seconds = std::chrono::duration<long int>][m[K’:
[48.451s] [01m[K/home/gadzz/vtol_ws/src/mission_center/src/uav_mission.cpp:331:31:[m[K   required from here
[48.451s] [01m[K/home/gadzz/vtol_ws/src/mission_center/src/uav_mission.cpp:118:21:[m[K [01;35m[Kwarning: [m[Kvariable ‘[01m[Kqos[m[K’ set but not used [[01;35m[K-Wunused-but-set-variable[m[K]
[48.472s] [ 28%] [32m[1mLinking CXX shared library libuav_mission.so[0m
[52.852s] [ 28%] Built target uav_mission
[52.877s] [35m[1mConsolidate compiler generated dependencies of target pilot_node[0m
[52.878s] [35m[1mConsolidate compiler generated dependencies of target ui_node[0m
[52.913s] [ 42%] [32m[1mLinking CXX executable ui_node[0m
[52.913s] [ 42%] [32mBuilding CXX object CMakeFiles/pilot_node.dir/src/pilot_node.cpp.o[0m
[54.136s] [ 92%] Built target ui_node
[64.223s] In file included from [01m[K/home/gadzz/vtol_ws/src/mission_center/src/pilot_node.cpp:1[m[K:
[64.224s] [01m[K/home/gadzz/vtol_ws/src/mission_center/include/mission_center/uav_mission.hpp:[m[K In member function ‘[01m[Kbool UAV_Mission::killPilotCb(std::shared_ptr<std_srvs::srv::Empty_Request_<std::allocator<void> > >, std::shared_ptr<std_srvs::srv::Empty_Response_<std::allocator<void> > >)[m[K’:
[64.224s] [01m[K/home/gadzz/vtol_ws/src/mission_center/include/mission_center/uav_mission.hpp:159:73:[m[K [01;35m[Kwarning: [m[Kunused parameter ‘[01m[Krequest[m[K’ [[01;35m[K-Wunused-parameter[m[K]
[64.224s]   159 |   bool killPilotCb([01;35m[Kconst std::shared_ptr<std_srvs::srv::Empty::Request> request[m[K,
[64.224s]       |                    [01;35m[K~~~~~~~~~~~~~~~~~~~~~~~~~~~~~~~~~~~~~~~~~~~~~~~~~~~~~^~~~~~~[m[K
[64.224s] [01m[K/home/gadzz/vtol_ws/src/mission_center/include/mission_center/uav_mission.hpp:160:68:[m[K [01;35m[Kwarning: [m[Kunused parameter ‘[01m[Kresponse[m[K’ [[01;35m[K-Wunused-parameter[m[K]
[64.224s]   160 |                    [01;35m[Kstd::shared_ptr<std_srvs::srv::Empty::Response> response[m[K) {
[64.224s]       |                    [01;35m[K~~~~~~~~~~~~~~~~~~~~~~~~~~~~~~~~~~~~~~~~~~~~~~~~^~~~~~~~[m[K
[64.224s] [01m[K/home/gadzz/vtol_ws/src/mission_center/src/pilot_node.cpp:[m[K In member function ‘[01m[Kbool PilotNode::killPilotCb(std::shared_ptr<std_srvs::srv::Empty_Request_<std::allocator<void> > >, std::shared_ptr<std_srvs::srv::Empty_Response_<std::allocator<void> > >)[m[K’:
[64.224s] [01m[K/home/gadzz/vtol_ws/src/mission_center/src/pilot_node.cpp:24:73:[m[K [01;35m[Kwarning: [m[Kunused parameter ‘[01m[Krequest[m[K’ [[01;35m[K-Wunused-parameter[m[K]
[64.224s]    24 |   bool killPilotCb([01;35m[Kconst std::shared_ptr<std_srvs::srv::Empty::Request> request[m[K,
[64.224s]       |                    [01;35m[K~~~~~~~~~~~~~~~~~~~~~~~~~~~~~~~~~~~~~~~~~~~~~~~~~~~~~^~~~~~~[m[K
[64.224s] [01m[K/home/gadzz/vtol_ws/src/mission_center/src/pilot_node.cpp:25:68:[m[K [01;35m[Kwarning: [m[Kunused parameter ‘[01m[Kresponse[m[K’ [[01;35m[K-Wunused-parameter[m[K]
[64.224s]    25 |                    [01;35m[Kstd::shared_ptr<std_srvs::srv::Empty::Response> response[m[K) {
[64.224s]       |                    [01;35m[K~~~~~~~~~~~~~~~~~~~~~~~~~~~~~~~~~~~~~~~~~~~~~~~~^~~~~~~~[m[K
[64.248s] [100%] [32m[1mLinking CXX executable pilot_node[0m
[66.355s] [100%] Built target pilot_node
[66.380s] Invoked command in '/home/gadzz/vtol_ws/build/mission_center' returned '0': AMENT_PREFIX_PATH=/home/gadzz/vtol_ws/install/keyboard_msgs:${AMENT_PREFIX_PATH} CMAKE_PREFIX_PATH=/home/gadzz/vtol_ws/install/keyboard_msgs:/home/gadzz/ardu_ws/install/test_ros_gz_bridge:/home/gadzz/ardu_ws/install/ros_ign:/home/gadzz/ardu_ws/install/ros_ign_gazebo_demos:/home/gadzz/ardu_ws/install/ros_gz:/home/gadzz/ardu_ws/install/ros_gz_sim_demos:/home/gadzz/ardu_ws/install/ardupilot_gz_bringup:/home/gadzz/ardu_ws/install/sdformat_urdf:/home/gadzz/ardu_ws/install/sdformat_test_files:/home/gadzz/ardu_ws/install/ros_ign_interfaces:/home/gadzz/ardu_ws/install/ros_ign_image:/home/gadzz/ardu_ws/install/ros_ign_gazebo:/home/gadzz/ardu_ws/install/ros_ign_bridge:/home/gadzz/ardu_ws/install/ros_gz_sim:/home/gadzz/ardu_ws/install/ros_gz_image:/home/gadzz/ardu_ws/install/ros_gz_bridge:/home/gadzz/ardu_ws/install/ros_gz_interfaces:/home/gadzz/ardu_ws/install/ardupilot_sitl:/home/gadzz/ardu_ws/install/micro_ros_agent:/home/gadzz/ardu_ws/install/keyboard:/home/gadzz/ardu_ws/install/keyboard_msgs:/home/gadzz/ardu_ws/install/ardupilot_sitl_models:/home/gadzz/ardu_ws/install/ardupilot_msgs:/home/gadzz/ardu_ws/install/ardupilot_gz_gazebo:/home/gadzz/ardu_ws/install/ardupilot_gz_description:/home/gadzz/ardu_ws/install/ardupilot_gz_application:/home/gadzz/ardu_ws/install/ardupilot_gazebo:/home/gadzz/ardu_ws/install/ardupilot_dds_tests:/opt/ros/humble LD_LIBRARY_PATH=/home/gadzz/vtol_ws/install/keyboard_msgs/lib:${LD_LIBRARY_PATH} PYTHONPATH=/home/gadzz/vtol_ws/install/keyboard_msgs/local/lib/python3.10/dist-packages:${PYTHONPATH} /usr/bin/cmake --build /home/gadzz/vtol_ws/build/mission_center -- -j8 -l8
[66.385s] Invoking command in '/home/gadzz/vtol_ws/build/mission_center': AMENT_PREFIX_PATH=/home/gadzz/vtol_ws/install/keyboard_msgs:${AMENT_PREFIX_PATH} CMAKE_PREFIX_PATH=/home/gadzz/vtol_ws/install/keyboard_msgs:/home/gadzz/ardu_ws/install/test_ros_gz_bridge:/home/gadzz/ardu_ws/install/ros_ign:/home/gadzz/ardu_ws/install/ros_ign_gazebo_demos:/home/gadzz/ardu_ws/install/ros_gz:/home/gadzz/ardu_ws/install/ros_gz_sim_demos:/home/gadzz/ardu_ws/install/ardupilot_gz_bringup:/home/gadzz/ardu_ws/install/sdformat_urdf:/home/gadzz/ardu_ws/install/sdformat_test_files:/home/gadzz/ardu_ws/install/ros_ign_interfaces:/home/gadzz/ardu_ws/install/ros_ign_image:/home/gadzz/ardu_ws/install/ros_ign_gazebo:/home/gadzz/ardu_ws/install/ros_ign_bridge:/home/gadzz/ardu_ws/install/ros_gz_sim:/home/gadzz/ardu_ws/install/ros_gz_image:/home/gadzz/ardu_ws/install/ros_gz_bridge:/home/gadzz/ardu_ws/install/ros_gz_interfaces:/home/gadzz/ardu_ws/install/ardupilot_sitl:/home/gadzz/ardu_ws/install/micro_ros_agent:/home/gadzz/ardu_ws/install/keyboard:/home/gadzz/ardu_ws/install/keyboard_msgs:/home/gadzz/ardu_ws/install/ardupilot_sitl_models:/home/gadzz/ardu_ws/install/ardupilot_msgs:/home/gadzz/ardu_ws/install/ardupilot_gz_gazebo:/home/gadzz/ardu_ws/install/ardupilot_gz_description:/home/gadzz/ardu_ws/install/ardupilot_gz_application:/home/gadzz/ardu_ws/install/ardupilot_gazebo:/home/gadzz/ardu_ws/install/ardupilot_dds_tests:/opt/ros/humble LD_LIBRARY_PATH=/home/gadzz/vtol_ws/install/keyboard_msgs/lib:${LD_LIBRARY_PATH} PYTHONPATH=/home/gadzz/vtol_ws/install/keyboard_msgs/local/lib/python3.10/dist-packages:${PYTHONPATH} /usr/bin/cmake --install /home/gadzz/vtol_ws/build/mission_center
[66.399s] -- Install configuration: ""
[66.399s] -- Installing: /home/gadzz/vtol_ws/install/mission_center/lib/libuav_mission.so
[66.433s] -- Set runtime path of "/home/gadzz/vtol_ws/install/mission_center/lib/libuav_mission.so" to ""
[66.433s] -- Installing: /home/gadzz/vtol_ws/install/mission_center/lib/mission_center/pilot_node
[66.435s] -- Set runtime path of "/home/gadzz/vtol_ws/install/mission_center/lib/mission_center/pilot_node" to ""
[66.435s] -- Up-to-date: /home/gadzz/vtol_ws/install/mission_center/lib/mission_center/safety_node
[66.436s] -- Installing: /home/gadzz/vtol_ws/install/mission_center/lib/mission_center/ui_node
[66.441s] -- Set runtime path of "/home/gadzz/vtol_ws/install/mission_center/lib/mission_center/ui_node" to ""
[66.441s] -- Up-to-date: /home/gadzz/vtol_ws/install/mission_center/share/mission_center//launch
[66.442s] -- Up-to-date: /home/gadzz/vtol_ws/install/mission_center/share/mission_center//launch/real_apm.launch
[66.442s] -- Up-to-date: /home/gadzz/vtol_ws/install/mission_center/share/mission_center/environment/library_path.sh
[66.442s] -- Installing: /home/gadzz/vtol_ws/install/mission_center/share/mission_center/environment/library_path.dsv
[66.443s] -- Up-to-date: /home/gadzz/vtol_ws/install/mission_center/share/ament_index/resource_index/package_run_dependencies/mission_center
[66.443s] -- Up-to-date: /home/gadzz/vtol_ws/install/mission_center/share/ament_index/resource_index/parent_prefix_path/mission_center
[66.443s] -- Up-to-date: /home/gadzz/vtol_ws/install/mission_center/share/mission_center/environment/ament_prefix_path.sh
[66.443s] -- Installing: /home/gadzz/vtol_ws/install/mission_center/share/mission_center/environment/ament_prefix_path.dsv
[66.443s] -- Up-to-date: /home/gadzz/vtol_ws/install/mission_center/share/mission_center/environment/path.sh
[66.443s] -- Installing: /home/gadzz/vtol_ws/install/mission_center/share/mission_center/environment/path.dsv
[66.443s] -- Up-to-date: /home/gadzz/vtol_ws/install/mission_center/share/mission_center/local_setup.bash
[66.443s] -- Up-to-date: /home/gadzz/vtol_ws/install/mission_center/share/mission_center/local_setup.sh
[66.443s] -- Up-to-date: /home/gadzz/vtol_ws/install/mission_center/share/mission_center/local_setup.zsh
[66.443s] -- Installing: /home/gadzz/vtol_ws/install/mission_center/share/mission_center/local_setup.dsv
[66.443s] -- Installing: /home/gadzz/vtol_ws/install/mission_center/share/mission_center/package.dsv
[66.443s] -- Up-to-date: /home/gadzz/vtol_ws/install/mission_center/share/ament_index/resource_index/packages/mission_center
[66.443s] -- Up-to-date: /home/gadzz/vtol_ws/install/mission_center/share/mission_center/cmake/ament_cmake_export_include_directories-extras.cmake
[66.444s] -- Up-to-date: /home/gadzz/vtol_ws/install/mission_center/share/mission_center/cmake/ament_cmake_export_libraries-extras.cmake
[66.444s] -- Up-to-date: /home/gadzz/vtol_ws/install/mission_center/share/mission_center/cmake/mission_centerConfig.cmake
[66.444s] -- Up-to-date: /home/gadzz/vtol_ws/install/mission_center/share/mission_center/cmake/mission_centerConfig-version.cmake
[66.444s] -- Up-to-date: /home/gadzz/vtol_ws/install/mission_center/share/mission_center/package.xml
[66.448s] Invoked command in '/home/gadzz/vtol_ws/build/mission_center' returned '0': AMENT_PREFIX_PATH=/home/gadzz/vtol_ws/install/keyboard_msgs:${AMENT_PREFIX_PATH} CMAKE_PREFIX_PATH=/home/gadzz/vtol_ws/install/keyboard_msgs:/home/gadzz/ardu_ws/install/test_ros_gz_bridge:/home/gadzz/ardu_ws/install/ros_ign:/home/gadzz/ardu_ws/install/ros_ign_gazebo_demos:/home/gadzz/ardu_ws/install/ros_gz:/home/gadzz/ardu_ws/install/ros_gz_sim_demos:/home/gadzz/ardu_ws/install/ardupilot_gz_bringup:/home/gadzz/ardu_ws/install/sdformat_urdf:/home/gadzz/ardu_ws/install/sdformat_test_files:/home/gadzz/ardu_ws/install/ros_ign_interfaces:/home/gadzz/ardu_ws/install/ros_ign_image:/home/gadzz/ardu_ws/install/ros_ign_gazebo:/home/gadzz/ardu_ws/install/ros_ign_bridge:/home/gadzz/ardu_ws/install/ros_gz_sim:/home/gadzz/ardu_ws/install/ros_gz_image:/home/gadzz/ardu_ws/install/ros_gz_bridge:/home/gadzz/ardu_ws/install/ros_gz_interfaces:/home/gadzz/ardu_ws/install/ardupilot_sitl:/home/gadzz/ardu_ws/install/micro_ros_agent:/home/gadzz/ardu_ws/install/keyboard:/home/gadzz/ardu_ws/install/keyboard_msgs:/home/gadzz/ardu_ws/install/ardupilot_sitl_models:/home/gadzz/ardu_ws/install/ardupilot_msgs:/home/gadzz/ardu_ws/install/ardupilot_gz_gazebo:/home/gadzz/ardu_ws/install/ardupilot_gz_description:/home/gadzz/ardu_ws/install/ardupilot_gz_application:/home/gadzz/ardu_ws/install/ardupilot_gazebo:/home/gadzz/ardu_ws/install/ardupilot_dds_tests:/opt/ros/humble LD_LIBRARY_PATH=/home/gadzz/vtol_ws/install/keyboard_msgs/lib:${LD_LIBRARY_PATH} PYTHONPATH=/home/gadzz/vtol_ws/install/keyboard_msgs/local/lib/python3.10/dist-packages:${PYTHONPATH} /usr/bin/cmake --install /home/gadzz/vtol_ws/build/mission_center
