[0.016s] Invoking command in '/home/gadzz/Workspace/VTOL-MissionCenter/build/keyboard_msgs': CMAKE_PREFIX_PATH=/opt/ros/humble /usr/bin/cmake --build /home/gadzz/Workspace/VTOL-MissionCenter/build/keyboard_msgs -- -j8 -l8
[0.083s] [  3%] Built target keyboard_msgs__cpp
[0.084s] [ 12%] Built target keyboard_msgs__rosidl_generator_c
[0.104s] [ 12%] Built target ament_cmake_python_copy_keyboard_msgs
[0.123s] [ 22%] Built target keyboard_msgs__rosidl_typesupport_fastrtps_c
[0.123s] [ 32%] Built target keyboard_msgs__rosidl_typesupport_introspection_cpp
[0.124s] [ 45%] Built target keyboard_msgs__rosidl_typesupport_cpp
[0.124s] [ 51%] Built target keyboard_msgs__rosidl_typesupport_introspection_c
[0.124s] [ 61%] Built target keyboard_msgs__rosidl_typesupport_c
[0.124s] [ 70%] Built target keyboard_msgs__rosidl_typesupport_fastrtps_cpp
[0.154s] [ 70%] Built target keyboard_msgs
[0.184s] [ 74%] Built target keyboard_msgs__py
[0.215s] [ 80%] Built target keyboard_msgs__rosidl_generator_py
[0.249s] [ 90%] Built target keyboard_msgs__rosidl_typesupport_fastrtps_c__pyext
[0.249s] [ 93%] Built target keyboard_msgs__rosidl_typesupport_c__pyext
[0.249s] [100%] Built target keyboard_msgs__rosidl_typesupport_introspection_c__pyext
[0.483s] running egg_info
[0.513s] writing keyboard_msgs.egg-info/PKG-INFO
[0.514s] writing dependency_links to keyboard_msgs.egg-info/dependency_links.txt
[0.514s] writing top-level names to keyboard_msgs.egg-info/top_level.txt
[0.601s] reading manifest file 'keyboard_msgs.egg-info/SOURCES.txt'
[0.603s] writing manifest file 'keyboard_msgs.egg-info/SOURCES.txt'
[0.646s] [100%] Built target ament_cmake_python_build_keyboard_msgs_egg
[0.663s] Invoked command in '/home/gadzz/Workspace/VTOL-MissionCenter/build/keyboard_msgs' returned '0': CMAKE_PREFIX_PATH=/opt/ros/humble /usr/bin/cmake --build /home/gadzz/Workspace/VTOL-MissionCenter/build/keyboard_msgs -- -j8 -l8
[0.678s] Invoking command in '/home/gadzz/Workspace/VTOL-MissionCenter/build/keyboard_msgs': CMAKE_PREFIX_PATH=/opt/ros/humble /usr/bin/cmake --install /home/gadzz/Workspace/VTOL-MissionCenter/build/keyboard_msgs
[0.689s] -- Install configuration: ""
[0.689s] -- Up-to-date: /home/gadzz/Workspace/VTOL-MissionCenter/install/keyboard_msgs/share/ament_index/resource_index/rosidl_interfaces/keyboard_msgs
[0.689s] -- Up-to-date: /home/gadzz/Workspace/VTOL-MissionCenter/install/keyboard_msgs/include/keyboard_msgs/keyboard_msgs
[0.690s] -- Up-to-date: /home/gadzz/Workspace/VTOL-MissionCenter/install/keyboard_msgs/include/keyboard_msgs/keyboard_msgs/msg
[0.690s] -- Up-to-date: /home/gadzz/Workspace/VTOL-MissionCenter/install/keyboard_msgs/include/keyboard_msgs/keyboard_msgs/msg/detail
[0.690s] -- Up-to-date: /home/gadzz/Workspace/VTOL-MissionCenter/install/keyboard_msgs/include/keyboard_msgs/keyboard_msgs/msg/detail/key__functions.c
[0.690s] -- Up-to-date: /home/gadzz/Workspace/VTOL-MissionCenter/install/keyboard_msgs/include/keyboard_msgs/keyboard_msgs/msg/detail/key__type_support.h
[0.690s] -- Up-to-date: /home/gadzz/Workspace/VTOL-MissionCenter/install/keyboard_msgs/include/keyboard_msgs/keyboard_msgs/msg/detail/key__functions.h
[0.690s] -- Up-to-date: /home/gadzz/Workspace/VTOL-MissionCenter/install/keyboard_msgs/include/keyboard_msgs/keyboard_msgs/msg/detail/key__struct.h
[0.690s] -- Up-to-date: /home/gadzz/Workspace/VTOL-MissionCenter/install/keyboard_msgs/include/keyboard_msgs/keyboard_msgs/msg/key.h
[0.690s] -- Up-to-date: /home/gadzz/Workspace/VTOL-MissionCenter/install/keyboard_msgs/include/keyboard_msgs/keyboard_msgs/msg/rosidl_generator_c__visibility_control.h
[0.691s] -- Up-to-date: /home/gadzz/Workspace/VTOL-MissionCenter/install/keyboard_msgs/share/keyboard_msgs/environment/library_path.sh
[0.691s] -- Up-to-date: /home/gadzz/Workspace/VTOL-MissionCenter/install/keyboard_msgs/share/keyboard_msgs/environment/library_path.dsv
[0.691s] -- Up-to-date: /home/gadzz/Workspace/VTOL-MissionCenter/install/keyboard_msgs/lib/libkeyboard_msgs__rosidl_generator_c.so
[0.691s] -- Up-to-date: /home/gadzz/Workspace/VTOL-MissionCenter/install/keyboard_msgs/include/keyboard_msgs/keyboard_msgs
[0.691s] -- Up-to-date: /home/gadzz/Workspace/VTOL-MissionCenter/install/keyboard_msgs/include/keyboard_msgs/keyboard_msgs/msg
[0.691s] -- Up-to-date: /home/gadzz/Workspace/VTOL-MissionCenter/install/keyboard_msgs/include/keyboard_msgs/keyboard_msgs/msg/detail
[0.691s] -- Up-to-date: /home/gadzz/Workspace/VTOL-MissionCenter/install/keyboard_msgs/include/keyboard_msgs/keyboard_msgs/msg/detail/key__rosidl_typesupport_fastrtps_c.h
[0.691s] -- Up-to-date: /home/gadzz/Workspace/VTOL-MissionCenter/install/keyboard_msgs/include/keyboard_msgs/keyboard_msgs/msg/rosidl_typesupport_fastrtps_c__visibility_control.h
[0.691s] -- Up-to-date: /home/gadzz/Workspace/VTOL-MissionCenter/install/keyboard_msgs/lib/libkeyboard_msgs__rosidl_typesupport_fastrtps_c.so
[0.691s] -- Up-to-date: /home/gadzz/Workspace/VTOL-MissionCenter/install/keyboard_msgs/include/keyboard_msgs/keyboard_msgs
[0.692s] -- Up-to-date: /home/gadzz/Workspace/VTOL-MissionCenter/install/keyboard_msgs/include/keyboard_msgs/keyboard_msgs/msg
[0.692s] -- Up-to-date: /home/gadzz/Workspace/VTOL-MissionCenter/install/keyboard_msgs/include/keyboard_msgs/keyboard_msgs/msg/detail
[0.692s] -- Up-to-date: /home/gadzz/Workspace/VTOL-MissionCenter/install/keyboard_msgs/include/keyboard_msgs/keyboard_msgs/msg/detail/key__struct.hpp
[0.692s] -- Up-to-date: /home/gadzz/Workspace/VTOL-MissionCenter/install/keyboard_msgs/include/keyboard_msgs/keyboard_msgs/msg/detail/key__type_support.hpp
[0.692s] -- Up-to-date: /home/gadzz/Workspace/VTOL-MissionCenter/install/keyboard_msgs/include/keyboard_msgs/keyboard_msgs/msg/detail/key__builder.hpp
[0.692s] -- Up-to-date: /home/gadzz/Workspace/VTOL-MissionCenter/install/keyboard_msgs/include/keyboard_msgs/keyboard_msgs/msg/detail/key__traits.hpp
[0.692s] -- Up-to-date: /home/gadzz/Workspace/VTOL-MissionCenter/install/keyboard_msgs/include/keyboard_msgs/keyboard_msgs/msg/key.hpp
[0.692s] -- Up-to-date: /home/gadzz/Workspace/VTOL-MissionCenter/install/keyboard_msgs/include/keyboard_msgs/keyboard_msgs/msg/rosidl_generator_cpp__visibility_control.hpp
[0.692s] -- Up-to-date: /home/gadzz/Workspace/VTOL-MissionCenter/install/keyboard_msgs/include/keyboard_msgs/keyboard_msgs
[0.692s] -- Up-to-date: /home/gadzz/Workspace/VTOL-MissionCenter/install/keyboard_msgs/include/keyboard_msgs/keyboard_msgs/msg
[0.693s] -- Up-to-date: /home/gadzz/Workspace/VTOL-MissionCenter/install/keyboard_msgs/include/keyboard_msgs/keyboard_msgs/msg/detail
[0.693s] -- Up-to-date: /home/gadzz/Workspace/VTOL-MissionCenter/install/keyboard_msgs/include/keyboard_msgs/keyboard_msgs/msg/detail/key__rosidl_typesupport_fastrtps_cpp.hpp
[0.693s] -- Up-to-date: /home/gadzz/Workspace/VTOL-MissionCenter/install/keyboard_msgs/include/keyboard_msgs/keyboard_msgs/msg/detail/dds_fastrtps
[0.693s] -- Up-to-date: /home/gadzz/Workspace/VTOL-MissionCenter/install/keyboard_msgs/include/keyboard_msgs/keyboard_msgs/msg/rosidl_typesupport_fastrtps_cpp__visibility_control.h
[0.693s] -- Up-to-date: /home/gadzz/Workspace/VTOL-MissionCenter/install/keyboard_msgs/lib/libkeyboard_msgs__rosidl_typesupport_fastrtps_cpp.so
[0.693s] -- Up-to-date: /home/gadzz/Workspace/VTOL-MissionCenter/install/keyboard_msgs/include/keyboard_msgs/keyboard_msgs
[0.693s] -- Up-to-date: /home/gadzz/Workspace/VTOL-MissionCenter/install/keyboard_msgs/include/keyboard_msgs/keyboard_msgs/msg
[0.693s] -- Up-to-date: /home/gadzz/Workspace/VTOL-MissionCenter/install/keyboard_msgs/include/keyboard_msgs/keyboard_msgs/msg/detail
[0.693s] -- Up-to-date: /home/gadzz/Workspace/VTOL-MissionCenter/install/keyboard_msgs/include/keyboard_msgs/keyboard_msgs/msg/detail/key__type_support.c
[0.693s] -- Up-to-date: /home/gadzz/Workspace/VTOL-MissionCenter/install/keyboard_msgs/include/keyboard_msgs/keyboard_msgs/msg/detail/key__rosidl_typesupport_introspection_c.h
[0.694s] -- Up-to-date: /home/gadzz/Workspace/VTOL-MissionCenter/install/keyboard_msgs/include/keyboard_msgs/keyboard_msgs/msg/rosidl_typesupport_introspection_c__visibility_control.h
[0.694s] -- Up-to-date: /home/gadzz/Workspace/VTOL-MissionCenter/install/keyboard_msgs/lib/libkeyboard_msgs__rosidl_typesupport_introspection_c.so
[0.694s] -- Up-to-date: /home/gadzz/Workspace/VTOL-MissionCenter/install/keyboard_msgs/lib/libkeyboard_msgs__rosidl_typesupport_c.so
[0.694s] -- Up-to-date: /home/gadzz/Workspace/VTOL-MissionCenter/install/keyboard_msgs/include/keyboard_msgs/keyboard_msgs
[0.694s] -- Up-to-date: /home/gadzz/Workspace/VTOL-MissionCenter/install/keyboard_msgs/include/keyboard_msgs/keyboard_msgs/msg
[0.694s] -- Up-to-date: /home/gadzz/Workspace/VTOL-MissionCenter/install/keyboard_msgs/include/keyboard_msgs/keyboard_msgs/msg/detail
[0.694s] -- Up-to-date: /home/gadzz/Workspace/VTOL-MissionCenter/install/keyboard_msgs/include/keyboard_msgs/keyboard_msgs/msg/detail/key__type_support.cpp
[0.694s] -- Up-to-date: /home/gadzz/Workspace/VTOL-MissionCenter/install/keyboard_msgs/include/keyboard_msgs/keyboard_msgs/msg/detail/key__rosidl_typesupport_introspection_cpp.hpp
[0.694s] -- Up-to-date: /home/gadzz/Workspace/VTOL-MissionCenter/install/keyboard_msgs/lib/libkeyboard_msgs__rosidl_typesupport_introspection_cpp.so
[0.694s] -- Up-to-date: /home/gadzz/Workspace/VTOL-MissionCenter/install/keyboard_msgs/lib/libkeyboard_msgs__rosidl_typesupport_cpp.so
[0.695s] -- Up-to-date: /home/gadzz/Workspace/VTOL-MissionCenter/install/keyboard_msgs/share/keyboard_msgs/environment/pythonpath.sh
[0.695s] -- Up-to-date: /home/gadzz/Workspace/VTOL-MissionCenter/install/keyboard_msgs/share/keyboard_msgs/environment/pythonpath.dsv
[0.695s] -- Up-to-date: /home/gadzz/Workspace/VTOL-MissionCenter/install/keyboard_msgs/local/lib/python3.10/dist-packages/keyboard_msgs-1.0.0-py3.10.egg-info
[0.695s] -- Installing: /home/gadzz/Workspace/VTOL-MissionCenter/install/keyboard_msgs/local/lib/python3.10/dist-packages/keyboard_msgs-1.0.0-py3.10.egg-info/top_level.txt
[0.695s] -- Installing: /home/gadzz/Workspace/VTOL-MissionCenter/install/keyboard_msgs/local/lib/python3.10/dist-packages/keyboard_msgs-1.0.0-py3.10.egg-info/PKG-INFO
[0.695s] -- Installing: /home/gadzz/Workspace/VTOL-MissionCenter/install/keyboard_msgs/local/lib/python3.10/dist-packages/keyboard_msgs-1.0.0-py3.10.egg-info/dependency_links.txt
[0.696s] -- Installing: /home/gadzz/Workspace/VTOL-MissionCenter/install/keyboard_msgs/local/lib/python3.10/dist-packages/keyboard_msgs-1.0.0-py3.10.egg-info/SOURCES.txt
[0.696s] -- Up-to-date: /home/gadzz/Workspace/VTOL-MissionCenter/install/keyboard_msgs/local/lib/python3.10/dist-packages/keyboard_msgs
[0.696s] -- Up-to-date: /home/gadzz/Workspace/VTOL-MissionCenter/install/keyboard_msgs/local/lib/python3.10/dist-packages/keyboard_msgs/_keyboard_msgs_s.ep.rosidl_typesupport_fastrtps_c.c
[0.696s] -- Up-to-date: /home/gadzz/Workspace/VTOL-MissionCenter/install/keyboard_msgs/local/lib/python3.10/dist-packages/keyboard_msgs/msg
[0.696s] -- Up-to-date: /home/gadzz/Workspace/VTOL-MissionCenter/install/keyboard_msgs/local/lib/python3.10/dist-packages/keyboard_msgs/msg/_key.py
[0.696s] -- Up-to-date: /home/gadzz/Workspace/VTOL-MissionCenter/install/keyboard_msgs/local/lib/python3.10/dist-packages/keyboard_msgs/msg/_key_s.c
[0.696s] -- Up-to-date: /home/gadzz/Workspace/VTOL-MissionCenter/install/keyboard_msgs/local/lib/python3.10/dist-packages/keyboard_msgs/msg/__init__.py
[0.696s] -- Up-to-date: /home/gadzz/Workspace/VTOL-MissionCenter/install/keyboard_msgs/local/lib/python3.10/dist-packages/keyboard_msgs/_keyboard_msgs_s.ep.rosidl_typesupport_c.c
[0.696s] -- Up-to-date: /home/gadzz/Workspace/VTOL-MissionCenter/install/keyboard_msgs/local/lib/python3.10/dist-packages/keyboard_msgs/libkeyboard_msgs__rosidl_generator_py.so
[0.696s] -- Up-to-date: /home/gadzz/Workspace/VTOL-MissionCenter/install/keyboard_msgs/local/lib/python3.10/dist-packages/keyboard_msgs/_keyboard_msgs_s.ep.rosidl_typesupport_introspection_c.c
[0.696s] -- Up-to-date: /home/gadzz/Workspace/VTOL-MissionCenter/install/keyboard_msgs/local/lib/python3.10/dist-packages/keyboard_msgs/keyboard_msgs_s__rosidl_typesupport_fastrtps_c.cpython-310-x86_64-linux-gnu.so
[0.696s] -- Up-to-date: /home/gadzz/Workspace/VTOL-MissionCenter/install/keyboard_msgs/local/lib/python3.10/dist-packages/keyboard_msgs/__init__.py
[0.697s] -- Up-to-date: /home/gadzz/Workspace/VTOL-MissionCenter/install/keyboard_msgs/local/lib/python3.10/dist-packages/keyboard_msgs/keyboard_msgs_s__rosidl_typesupport_c.cpython-310-x86_64-linux-gnu.so
[0.697s] -- Up-to-date: /home/gadzz/Workspace/VTOL-MissionCenter/install/keyboard_msgs/local/lib/python3.10/dist-packages/keyboard_msgs/keyboard_msgs_s__rosidl_typesupport_introspection_c.cpython-310-x86_64-linux-gnu.so
[0.758s] Listing '/home/gadzz/Workspace/VTOL-MissionCenter/install/keyboard_msgs/local/lib/python3.10/dist-packages/keyboard_msgs'...
[0.758s] Listing '/home/gadzz/Workspace/VTOL-MissionCenter/install/keyboard_msgs/local/lib/python3.10/dist-packages/keyboard_msgs/msg'...
[0.765s] -- Up-to-date: /home/gadzz/Workspace/VTOL-MissionCenter/install/keyboard_msgs/local/lib/python3.10/dist-packages/keyboard_msgs/keyboard_msgs_s__rosidl_typesupport_fastrtps_c.cpython-310-x86_64-linux-gnu.so
[0.766s] -- Up-to-date: /home/gadzz/Workspace/VTOL-MissionCenter/install/keyboard_msgs/local/lib/python3.10/dist-packages/keyboard_msgs/keyboard_msgs_s__rosidl_typesupport_introspection_c.cpython-310-x86_64-linux-gnu.so
[0.766s] -- Up-to-date: /home/gadzz/Workspace/VTOL-MissionCenter/install/keyboard_msgs/local/lib/python3.10/dist-packages/keyboard_msgs/keyboard_msgs_s__rosidl_typesupport_c.cpython-310-x86_64-linux-gnu.so
[0.767s] -- Up-to-date: /home/gadzz/Workspace/VTOL-MissionCenter/install/keyboard_msgs/lib/libkeyboard_msgs__rosidl_generator_py.so
[0.767s] -- Up-to-date: /home/gadzz/Workspace/VTOL-MissionCenter/install/keyboard_msgs/share/keyboard_msgs/msg/Key.idl
[0.767s] -- Up-to-date: /home/gadzz/Workspace/VTOL-MissionCenter/install/keyboard_msgs/share/keyboard_msgs/msg/Key.msg
[0.767s] -- Up-to-date: /home/gadzz/Workspace/VTOL-MissionCenter/install/keyboard_msgs/share/ament_index/resource_index/package_run_dependencies/keyboard_msgs
[0.767s] -- Up-to-date: /home/gadzz/Workspace/VTOL-MissionCenter/install/keyboard_msgs/share/ament_index/resource_index/parent_prefix_path/keyboard_msgs
[0.768s] -- Up-to-date: /home/gadzz/Workspace/VTOL-MissionCenter/install/keyboard_msgs/share/keyboard_msgs/environment/ament_prefix_path.sh
[0.768s] -- Up-to-date: /home/gadzz/Workspace/VTOL-MissionCenter/install/keyboard_msgs/share/keyboard_msgs/environment/ament_prefix_path.dsv
[0.768s] -- Up-to-date: /home/gadzz/Workspace/VTOL-MissionCenter/install/keyboard_msgs/share/keyboard_msgs/environment/path.sh
[0.768s] -- Up-to-date: /home/gadzz/Workspace/VTOL-MissionCenter/install/keyboard_msgs/share/keyboard_msgs/environment/path.dsv
[0.768s] -- Up-to-date: /home/gadzz/Workspace/VTOL-MissionCenter/install/keyboard_msgs/share/keyboard_msgs/local_setup.bash
[0.768s] -- Up-to-date: /home/gadzz/Workspace/VTOL-MissionCenter/install/keyboard_msgs/share/keyboard_msgs/local_setup.sh
[0.768s] -- Up-to-date: /home/gadzz/Workspace/VTOL-MissionCenter/install/keyboard_msgs/share/keyboard_msgs/local_setup.zsh
[0.768s] -- Up-to-date: /home/gadzz/Workspace/VTOL-MissionCenter/install/keyboard_msgs/share/keyboard_msgs/local_setup.dsv
[0.768s] -- Installing: /home/gadzz/Workspace/VTOL-MissionCenter/install/keyboard_msgs/share/keyboard_msgs/package.dsv
[0.769s] -- Up-to-date: /home/gadzz/Workspace/VTOL-MissionCenter/install/keyboard_msgs/share/ament_index/resource_index/packages/keyboard_msgs
[0.769s] -- Up-to-date: /home/gadzz/Workspace/VTOL-MissionCenter/install/keyboard_msgs/share/keyboard_msgs/cmake/export_keyboard_msgs__rosidl_generator_cExport.cmake
[0.769s] -- Up-to-date: /home/gadzz/Workspace/VTOL-MissionCenter/install/keyboard_msgs/share/keyboard_msgs/cmake/export_keyboard_msgs__rosidl_generator_cExport-noconfig.cmake
[0.769s] -- Up-to-date: /home/gadzz/Workspace/VTOL-MissionCenter/install/keyboard_msgs/share/keyboard_msgs/cmake/export_keyboard_msgs__rosidl_typesupport_fastrtps_cExport.cmake
[0.769s] -- Up-to-date: /home/gadzz/Workspace/VTOL-MissionCenter/install/keyboard_msgs/share/keyboard_msgs/cmake/export_keyboard_msgs__rosidl_typesupport_fastrtps_cExport-noconfig.cmake
[0.769s] -- Up-to-date: /home/gadzz/Workspace/VTOL-MissionCenter/install/keyboard_msgs/share/keyboard_msgs/cmake/export_keyboard_msgs__rosidl_generator_cppExport.cmake
[0.769s] -- Up-to-date: /home/gadzz/Workspace/VTOL-MissionCenter/install/keyboard_msgs/share/keyboard_msgs/cmake/export_keyboard_msgs__rosidl_typesupport_fastrtps_cppExport.cmake
[0.769s] -- Up-to-date: /home/gadzz/Workspace/VTOL-MissionCenter/install/keyboard_msgs/share/keyboard_msgs/cmake/export_keyboard_msgs__rosidl_typesupport_fastrtps_cppExport-noconfig.cmake
[0.770s] -- Up-to-date: /home/gadzz/Workspace/VTOL-MissionCenter/install/keyboard_msgs/share/keyboard_msgs/cmake/keyboard_msgs__rosidl_typesupport_introspection_cExport.cmake
[0.770s] -- Up-to-date: /home/gadzz/Workspace/VTOL-MissionCenter/install/keyboard_msgs/share/keyboard_msgs/cmake/keyboard_msgs__rosidl_typesupport_introspection_cExport-noconfig.cmake
[0.770s] -- Up-to-date: /home/gadzz/Workspace/VTOL-MissionCenter/install/keyboard_msgs/share/keyboard_msgs/cmake/keyboard_msgs__rosidl_typesupport_cExport.cmake
[0.770s] -- Up-to-date: /home/gadzz/Workspace/VTOL-MissionCenter/install/keyboard_msgs/share/keyboard_msgs/cmake/keyboard_msgs__rosidl_typesupport_cExport-noconfig.cmake
[0.770s] -- Up-to-date: /home/gadzz/Workspace/VTOL-MissionCenter/install/keyboard_msgs/share/keyboard_msgs/cmake/keyboard_msgs__rosidl_typesupport_introspection_cppExport.cmake
[0.770s] -- Up-to-date: /home/gadzz/Workspace/VTOL-MissionCenter/install/keyboard_msgs/share/keyboard_msgs/cmake/keyboard_msgs__rosidl_typesupport_introspection_cppExport-noconfig.cmake
[0.770s] -- Up-to-date: /home/gadzz/Workspace/VTOL-MissionCenter/install/keyboard_msgs/share/keyboard_msgs/cmake/keyboard_msgs__rosidl_typesupport_cppExport.cmake
[0.770s] -- Up-to-date: /home/gadzz/Workspace/VTOL-MissionCenter/install/keyboard_msgs/share/keyboard_msgs/cmake/keyboard_msgs__rosidl_typesupport_cppExport-noconfig.cmake
[0.770s] -- Up-to-date: /home/gadzz/Workspace/VTOL-MissionCenter/install/keyboard_msgs/share/keyboard_msgs/cmake/export_keyboard_msgs__rosidl_generator_pyExport.cmake
[0.770s] -- Up-to-date: /home/gadzz/Workspace/VTOL-MissionCenter/install/keyboard_msgs/share/keyboard_msgs/cmake/export_keyboard_msgs__rosidl_generator_pyExport-noconfig.cmake
[0.770s] -- Up-to-date: /home/gadzz/Workspace/VTOL-MissionCenter/install/keyboard_msgs/share/keyboard_msgs/cmake/rosidl_cmake-extras.cmake
[0.771s] -- Up-to-date: /home/gadzz/Workspace/VTOL-MissionCenter/install/keyboard_msgs/share/keyboard_msgs/cmake/ament_cmake_export_dependencies-extras.cmake
[0.771s] -- Up-to-date: /home/gadzz/Workspace/VTOL-MissionCenter/install/keyboard_msgs/share/keyboard_msgs/cmake/ament_cmake_export_include_directories-extras.cmake
[0.771s] -- Up-to-date: /home/gadzz/Workspace/VTOL-MissionCenter/install/keyboard_msgs/share/keyboard_msgs/cmake/ament_cmake_export_libraries-extras.cmake
[0.771s] -- Up-to-date: /home/gadzz/Workspace/VTOL-MissionCenter/install/keyboard_msgs/share/keyboard_msgs/cmake/ament_cmake_export_targets-extras.cmake
[0.771s] -- Up-to-date: /home/gadzz/Workspace/VTOL-MissionCenter/install/keyboard_msgs/share/keyboard_msgs/cmake/rosidl_cmake_export_typesupport_targets-extras.cmake
[0.771s] -- Up-to-date: /home/gadzz/Workspace/VTOL-MissionCenter/install/keyboard_msgs/share/keyboard_msgs/cmake/rosidl_cmake_export_typesupport_libraries-extras.cmake
[0.771s] -- Up-to-date: /home/gadzz/Workspace/VTOL-MissionCenter/install/keyboard_msgs/share/keyboard_msgs/cmake/keyboard_msgsConfig.cmake
[0.771s] -- Up-to-date: /home/gadzz/Workspace/VTOL-MissionCenter/install/keyboard_msgs/share/keyboard_msgs/cmake/keyboard_msgsConfig-version.cmake
[0.771s] -- Up-to-date: /home/gadzz/Workspace/VTOL-MissionCenter/install/keyboard_msgs/share/keyboard_msgs/package.xml
[0.773s] Invoked command in '/home/gadzz/Workspace/VTOL-MissionCenter/build/keyboard_msgs' returned '0': CMAKE_PREFIX_PATH=/opt/ros/humble /usr/bin/cmake --install /home/gadzz/Workspace/VTOL-MissionCenter/build/keyboard_msgs
