[0.025s] Invoking command in '/home/gadzz/vtol_ws/build/mission_center': CMAKE_PREFIX_PATH=/home/gadzz/vtol_ws/install/keyboard_msgs:/home/gadzz/vtol_ws/install/px4_ros_com:/home/gadzz/vtol_ws/install/px4_msgs:/home/gadzz/vtol_ws/install/mission_center:/home/gadzz/vtol_ws/install/keyboard:/home/gadzz/ardu_ws/install/test_ros_gz_bridge:/home/gadzz/ardu_ws/install/ros_ign:/home/gadzz/ardu_ws/install/ros_ign_gazebo_demos:/home/gadzz/ardu_ws/install/ros_gz:/home/gadzz/ardu_ws/install/ros_gz_sim_demos:/home/gadzz/ardu_ws/install/ardupilot_gz_bringup:/home/gadzz/ardu_ws/install/sdformat_urdf:/home/gadzz/ardu_ws/install/sdformat_test_files:/home/gadzz/ardu_ws/install/ros_ign_interfaces:/home/gadzz/ardu_ws/install/ros_ign_image:/home/gadzz/ardu_ws/install/ros_ign_gazebo:/home/gadzz/ardu_ws/install/ros_ign_bridge:/home/gadzz/ardu_ws/install/ros_gz_sim:/home/gadzz/ardu_ws/install/ros_gz_image:/home/gadzz/ardu_ws/install/ros_gz_bridge:/home/gadzz/ardu_ws/install/ros_gz_interfaces:/home/gadzz/ardu_ws/install/ardupilot_sitl:/home/gadzz/ardu_ws/install/micro_ros_agent:/home/gadzz/ardu_ws/install/keyboard:/home/gadzz/ardu_ws/install/keyboard_msgs:/home/gadzz/ardu_ws/install/ardupilot_sitl_models:/home/gadzz/ardu_ws/install/ardupilot_msgs:/home/gadzz/ardu_ws/install/ardupilot_gz_gazebo:/home/gadzz/ardu_ws/install/ardupilot_gz_description:/home/gadzz/ardu_ws/install/ardupilot_gz_application:/home/gadzz/ardu_ws/install/ardupilot_gazebo:/home/gadzz/ardu_ws/install/ardupilot_dds_tests:/opt/ros/humble LD_LIBRARY_PATH=/home/gadzz/vtol_ws/install/keyboard_msgs/lib:/home/gadzz/vtol_ws/install/px4_ros_com/lib:/home/gadzz/vtol_ws/install/px4_msgs/lib:/home/gadzz/vtol_ws/install/mission_center/lib:/home/gadzz/ardu_ws/install/sdformat_urdf/lib:/home/gadzz/ardu_ws/install/ros_ign_interfaces/lib:/home/gadzz/ardu_ws/install/ros_gz_sim/lib:/home/gadzz/ardu_ws/install/ros_gz_bridge/lib:/home/gadzz/ardu_ws/install/ros_gz_interfaces/lib:/home/gadzz/ardu_ws/install/micro_ros_agent/lib:/home/gadzz/ardu_ws/install/keyboard_msgs/lib:/home/gadzz/ardu_ws/install/ardupilot_msgs/lib:/opt/ros/humble/opt/rviz_ogre_vendor/lib:/opt/ros/humble/lib/x86_64-linux-gnu:/opt/ros/humble/lib /usr/bin/cmake /home/gadzz/vtol_ws/src/mission_center -DCMAKE_INSTALL_PREFIX=/home/gadzz/vtol_ws/install/mission_center
[0.105s] -- The C compiler identification is GNU 11.4.0
[0.177s] -- The CXX compiler identification is GNU 11.4.0
[0.193s] -- Detecting C compiler ABI info
[0.271s] -- Detecting C compiler ABI info - done
[0.278s] -- Check for working C compiler: /usr/lib/ccache/cc - skipped
[0.279s] -- Detecting C compile features
[0.279s] -- Detecting C compile features - done
[0.282s] -- Detecting CXX compiler ABI info
[0.362s] -- Detecting CXX compiler ABI info - done
[0.371s] -- Check for working CXX compiler: /usr/lib/ccache/c++ - skipped
[0.371s] -- Detecting CXX compile features
[0.372s] -- Detecting CXX compile features - done
[0.377s] -- Found ament_cmake: 1.3.11 (/opt/ros/humble/share/ament_cmake/cmake)
[0.903s] -- Found Python3: /usr/bin/python3 (found version "3.10.12") found components: Interpreter 
[1.031s] -- Found rclcpp: 16.0.11 (/opt/ros/humble/share/rclcpp/cmake)
[1.096s] -- Found rosidl_generator_c: 3.1.6 (/opt/ros/humble/share/rosidl_generator_c/cmake)
[1.107s] -- Found rosidl_adapter: 3.1.6 (/opt/ros/humble/share/rosidl_adapter/cmake)
[1.122s] -- Found rosidl_generator_cpp: 3.1.6 (/opt/ros/humble/share/rosidl_generator_cpp/cmake)
[1.142s] -- Using all available rosidl_typesupport_c: rosidl_typesupport_fastrtps_c;rosidl_typesupport_introspection_c
[1.170s] -- Using all available rosidl_typesupport_cpp: rosidl_typesupport_fastrtps_cpp;rosidl_typesupport_introspection_cpp
[1.250s] -- Found rmw_implementation_cmake: 6.1.2 (/opt/ros/humble/share/rmw_implementation_cmake/cmake)
[1.256s] -- Found rmw_fastrtps_cpp: 6.2.7 (/opt/ros/humble/share/rmw_fastrtps_cpp/cmake)
[1.394s] -- Found OpenSSL: /usr/lib/x86_64-linux-gnu/libcrypto.so (found version "3.0.2")  
[1.439s] -- Found FastRTPS: /opt/ros/humble/include  
[1.499s] -- Using RMW implementation 'rmw_fastrtps_cpp' as default
[1.519s] -- Looking for pthread.h
[1.595s] -- Looking for pthread.h - found
[1.596s] -- Performing Test CMAKE_HAVE_LIBC_PTHREAD
[1.669s] -- Performing Test CMAKE_HAVE_LIBC_PTHREAD - Success
[1.670s] -- Found Threads: TRUE  
[1.733s] -- Found std_srvs: 4.2.4 (/opt/ros/humble/share/std_srvs/cmake)
[1.747s] -- Found sensor_msgs: 4.2.4 (/opt/ros/humble/share/sensor_msgs/cmake)
[1.813s] [33mCMake Warning (dev) at /usr/share/cmake-3.22/Modules/FindOpenGL.cmake:315 (message):
[1.814s]   Policy CMP0072 is not set: FindOpenGL prefers GLVND by default when
[1.814s]   available.  Run "cmake --help-policy CMP0072" for policy details.  Use the
[1.814s]   cmake_policy command to set the policy and suppress this warning.
[1.814s] 
[1.814s]   FindOpenGL found both a legacy GL library:
[1.814s] 
[1.814s]     OPENGL_gl_LIBRARY: /usr/lib/x86_64-linux-gnu/libGL.so
[1.814s] 
[1.814s]   and GLVND libraries for OpenGL and GLX:
[1.814s] 
[1.814s]     OPENGL_opengl_LIBRARY: /usr/lib/x86_64-linux-gnu/libOpenGL.so
[1.814s]     OPENGL_glx_LIBRARY: /usr/lib/x86_64-linux-gnu/libGLX.so
[1.815s] 
[1.815s]   OpenGL_GL_PREFERENCE has not been set to "GLVND" or "LEGACY", so for
[1.815s]   compatibility with CMake 3.10 and below the legacy GL library will be used.
[1.815s] Call Stack (most recent call first):
[1.815s]   CMakeLists.txt:20 (find_package)
[1.815s] This warning is for project developers.  Use -Wno-dev to suppress it.
[1.815s] [0m
[1.815s] -- Found OpenGL: /usr/lib/x86_64-linux-gnu/libOpenGL.so   
[1.821s] -- Found keyboard_msgs: 1.0.0 (/home/gadzz/vtol_ws/install/keyboard_msgs/share/keyboard_msgs/cmake)
[1.833s] -- Found px4_msgs: 2.0.1 (/home/gadzz/vtol_ws/install/px4_msgs/share/px4_msgs/cmake)
[1.843s] -- Found keyboard: 1.0.0 (/home/gadzz/vtol_ws/install/keyboard/share/keyboard/cmake)
[1.855s] -- Found Boost: /usr/lib/x86_64-linux-gnu/cmake/Boost-1.74.0/BoostConfig.cmake (found version "1.74.0") found components: system 
[1.870s] [31mCMake Error at /opt/ros/humble/share/ament_cmake_target_dependencies/cmake/ament_target_dependencies.cmake:77 (message):
[1.870s]   ament_target_dependencies() the passed package name 'mavros_msgs' was not
[1.870s]   found before
[1.870s] Call Stack (most recent call first):
[1.870s]   CMakeLists.txt:92 (ament_target_dependencies)
[1.870s] 
[1.870s] [0m
[1.871s] -- Configuring incomplete, errors occurred!
[1.871s] See also "/home/gadzz/vtol_ws/build/mission_center/CMakeFiles/CMakeOutput.log".
[1.887s] Invoked command in '/home/gadzz/vtol_ws/build/mission_center' returned '1': CMAKE_PREFIX_PATH=/home/gadzz/vtol_ws/install/keyboard_msgs:/home/gadzz/vtol_ws/install/px4_ros_com:/home/gadzz/vtol_ws/install/px4_msgs:/home/gadzz/vtol_ws/install/mission_center:/home/gadzz/vtol_ws/install/keyboard:/home/gadzz/ardu_ws/install/test_ros_gz_bridge:/home/gadzz/ardu_ws/install/ros_ign:/home/gadzz/ardu_ws/install/ros_ign_gazebo_demos:/home/gadzz/ardu_ws/install/ros_gz:/home/gadzz/ardu_ws/install/ros_gz_sim_demos:/home/gadzz/ardu_ws/install/ardupilot_gz_bringup:/home/gadzz/ardu_ws/install/sdformat_urdf:/home/gadzz/ardu_ws/install/sdformat_test_files:/home/gadzz/ardu_ws/install/ros_ign_interfaces:/home/gadzz/ardu_ws/install/ros_ign_image:/home/gadzz/ardu_ws/install/ros_ign_gazebo:/home/gadzz/ardu_ws/install/ros_ign_bridge:/home/gadzz/ardu_ws/install/ros_gz_sim:/home/gadzz/ardu_ws/install/ros_gz_image:/home/gadzz/ardu_ws/install/ros_gz_bridge:/home/gadzz/ardu_ws/install/ros_gz_interfaces:/home/gadzz/ardu_ws/install/ardupilot_sitl:/home/gadzz/ardu_ws/install/micro_ros_agent:/home/gadzz/ardu_ws/install/keyboard:/home/gadzz/ardu_ws/install/keyboard_msgs:/home/gadzz/ardu_ws/install/ardupilot_sitl_models:/home/gadzz/ardu_ws/install/ardupilot_msgs:/home/gadzz/ardu_ws/install/ardupilot_gz_gazebo:/home/gadzz/ardu_ws/install/ardupilot_gz_description:/home/gadzz/ardu_ws/install/ardupilot_gz_application:/home/gadzz/ardu_ws/install/ardupilot_gazebo:/home/gadzz/ardu_ws/install/ardupilot_dds_tests:/opt/ros/humble LD_LIBRARY_PATH=/home/gadzz/vtol_ws/install/keyboard_msgs/lib:/home/gadzz/vtol_ws/install/px4_ros_com/lib:/home/gadzz/vtol_ws/install/px4_msgs/lib:/home/gadzz/vtol_ws/install/mission_center/lib:/home/gadzz/ardu_ws/install/sdformat_urdf/lib:/home/gadzz/ardu_ws/install/ros_ign_interfaces/lib:/home/gadzz/ardu_ws/install/ros_gz_sim/lib:/home/gadzz/ardu_ws/install/ros_gz_bridge/lib:/home/gadzz/ardu_ws/install/ros_gz_interfaces/lib:/home/gadzz/ardu_ws/install/micro_ros_agent/lib:/home/gadzz/ardu_ws/install/keyboard_msgs/lib:/home/gadzz/ardu_ws/install/ardupilot_msgs/lib:/opt/ros/humble/opt/rviz_ogre_vendor/lib:/opt/ros/humble/lib/x86_64-linux-gnu:/opt/ros/humble/lib /usr/bin/cmake /home/gadzz/vtol_ws/src/mission_center -DCMAKE_INSTALL_PREFIX=/home/gadzz/vtol_ws/install/mission_center
